{
  "status": "exploratory_not_validation",
  "root": "/media/yuan/8A0E24070E23EAC1/runs/tclb_pre2025_sphere_tableII_q27_geometric_200k_20260610/theta130",
  "theta_deg": 130,
  "frame_count": 11,
  "first_step": 0,
  "final_step": 200000,
  "final": {
    "status": "exploratory_not_validation",
    "step": 200000,
    "file": "/media/yuan/8A0E24070E23EAC1/runs/tclb_pre2025_sphere_tableII_q27_geometric_200k_20260610/theta130/output/case_VTK_P00_00200000.vti",
    "dims": "96x80x140",
    "phase_nonfinite_count": 0,
    "phase_min": -1.997885772459629e-06,
    "phase_max": 1.0,
    "phase_sum": 107961.23702997358,
    "phase_clipped_sum": 107961.23704860633,
    "fluid_cell_count": 954036,
    "fluid_phase_sum": 59987.74837052806,
    "fluid_phase_clipped_sum": 59987.74837052806,
    "boundary_cell_count": 121164,
    "wall_phase_sum": 47973.48865944558,
    "top_interface_z_lu": 95.25864147994622,
    "measured_Hmax_lu": 71.25864147994622,
    "measured_H1_minus_H2_lu": 47.25864147994622,
    "fit_contact_angle_deg": 160.25265214653825,
    "fit_contact_angle_x_slice_deg": 160.25043207553037,
    "fit_contact_angle_y_slice_deg": 160.25487221754616,
    "fit_x_point_count": 184,
    "fit_y_point_count": 184,
    "u_nonfinite_count": 0,
    "u_max_fluid": 1.2830787111288076e-05,
    "u_max_interface_band": 1.2830787111288076e-05,
    "u_max_contact_interface_band": 1.2796652378823023e-05,
    "mach_max_fluid": 2.2223575177850857e-05,
    "mach_max_interface_band": 2.2223575177850857e-05,
    "rho_nonfinite_count": 0,
    "rho_sum": 60881.79662215753,
    "fluid_rho_sum": 60881.796622157526,
    "target_expected_Hmax_lu": 67.69774327381867,
    "target_expected_H1_minus_H2_lu": 43.69774327381867,
    "target_liquid_spherical_cap_radius_lu": 24.102264741583603,
    "target_liquid_solid_center_distance_lu": 43.59547853223507,
    "Hmax_relative_error_percent": 5.2599954354825345,
    "H1_minus_H2_relative_error_percent": 8.14892930239957,
    "phase_sum_rel_change": 0.0001290208842276113,
    "phase_clipped_sum_rel_change": 0.000129021056837309,
    "fluid_phase_sum_rel_change": -5.798807615689053e-07,
    "fluid_phase_clipped_sum_rel_change": -5.798807615689053e-07,
    "rho_sum_rel_change": -5.707938617408595e-07,
    "fluid_rho_sum_rel_change": -5.707938619798784e-07
  },
  "fit_payload_final": {
    "x_slice": {
      "slice_axis": "x",
      "fit_point_count": 184,
      "contact_angle_deg": 160.25043207553037,
      "liquid_fit_radius_lu": 23.989408692216347,
      "liquid_fit_center_tangent_lu": 39.5000000000003,
      "liquid_fit_center_z_lu": 71.275796720878,
      "liquid_solid_center_distance_lu": 47.27844070603195
    },
    "y_slice": {
      "slice_axis": "y",
      "fit_point_count": 184,
      "contact_angle_deg": 160.25487221754616,
      "liquid_fit_radius_lu": 23.989016804843462,
      "liquid_fit_center_tangent_lu": 39.51575647710308,
      "liquid_fit_center_z_lu": 71.27589350969934,
      "liquid_solid_center_distance_lu": 47.27837348016427
    }
  },
  "log_payload": {
    "log_csv": "/media/yuan/8A0E24070E23EAC1/runs/tclb_pre2025_sphere_tableII_q27_geometric_200k_20260610/theta130/output/case_Log_P00_00000000.csv",
    "log_final_iteration": 200000.0,
    "log_final_NumSpecialPoints": 392.0,
    "log_final_NumWallBoundaryPoints": 73292.0,
    "log_final_NumBoundaryPoints": 121164.0,
    "log_final_NumFluidCells": 954036.0,
    "log_final_TotalDensity": 60881.796623483,
    "log_final_LiqTotalVelocity": 0.063740399213943,
    "log_final_LiqTotalVelocityX": 0.0057549731393294,
    "log_final_LiqTotalVelocityY": 4.643174596562e-13,
    "log_final_LiqTotalVelocityZ": -0.034081444592601,
    "log_final_LiqTotalPhase": 51414.678607846,
    "log_max_NumSpecialPoints": 392.0,
    "log_max_NumWallBoundaryPoints": 73292.0,
    "log_max_NumBoundaryPoints": 121164.0
  },
  "max_abs_fluid_phase_sum_rel_change": 1.777939067837198e-05,
  "max_abs_fluid_phase_clipped_sum_rel_change": 1.777939067837198e-05,
  "max_abs_rho_sum_rel_change": 1.750078245608334e-05,
  "max_abs_fluid_rho_sum_rel_change": 1.750078245608334e-05,
  "max_mach_fluid": 2.3677235172927126e-05,
  "max_nonfinite_count": 0,
  "claim_limit": "Postprocessing output for TCLB analogue only. Requires read-only audit before any validation_candidate promotion."
}
