{
  "status": "exploratory_not_validation",
  "root": "/media/yuan/8A0E24070E23EAC1/runs/tclb_pre2025_sphere_tableII_q27_geometric_200k_20260610/theta100",
  "theta_deg": 100,
  "frame_count": 11,
  "first_step": 0,
  "final_step": 200000,
  "final": {
    "status": "exploratory_not_validation",
    "step": 200000,
    "file": "/media/yuan/8A0E24070E23EAC1/runs/tclb_pre2025_sphere_tableII_q27_geometric_200k_20260610/theta100/output/case_VTK_P00_00200000.vti",
    "dims": "96x80x140",
    "phase_nonfinite_count": 0,
    "phase_min": 1.613818099669323e-08,
    "phase_max": 1.0,
    "phase_sum": 108541.08201832008,
    "phase_clipped_sum": 108541.08201832008,
    "fluid_cell_count": 954036,
    "fluid_phase_sum": 59885.18371171987,
    "fluid_phase_clipped_sum": 59885.18371171987,
    "boundary_cell_count": 121164,
    "wall_phase_sum": 48655.89830660023,
    "top_interface_z_lu": 88.76579308046792,
    "measured_Hmax_lu": 64.76579308046792,
    "measured_H1_minus_H2_lu": 40.765793080467915,
    "fit_contact_angle_deg": 113.41422118299363,
    "fit_contact_angle_x_slice_deg": 113.41434108963858,
    "fit_contact_angle_y_slice_deg": 113.41410127634866,
    "fit_x_point_count": 160,
    "fit_y_point_count": 160,
    "u_nonfinite_count": 0,
    "u_max_fluid": 1.9444660397037815e-05,
    "u_max_interface_band": 1.1391679573068894e-05,
    "u_max_contact_interface_band": 1.1385211319961735e-05,
    "mach_max_fluid": 3.3679139743591916e-05,
    "mach_max_interface_band": 1.9730967804099864e-05,
    "rho_nonfinite_count": 0,
    "rho_sum": 60779.334528008134,
    "fluid_rho_sum": 60779.33452800815,
    "target_expected_Hmax_lu": 61.85471018961866,
    "target_expected_H1_minus_H2_lu": 37.85471018961866,
    "target_liquid_spherical_cap_radius_lu": 24.61294762521191,
    "target_liquid_solid_center_distance_lu": 37.24176256440675,
    "Hmax_relative_error_percent": 4.706323709100229,
    "H1_minus_H2_relative_error_percent": 7.690147081478909,
    "phase_sum_rel_change": 0.005251129889909177,
    "phase_clipped_sum_rel_change": 0.005251129889909177,
    "fluid_phase_sum_rel_change": -0.0017103389918955345,
    "fluid_phase_clipped_sum_rel_change": -0.0017103389918955345,
    "rho_sum_rel_change": -0.0016835374825841742,
    "fluid_rho_sum_rel_change": -0.0016835374825840545
  },
  "fit_payload_final": {
    "x_slice": {
      "slice_axis": "x",
      "fit_point_count": 160,
      "contact_angle_deg": 113.41434108963858,
      "liquid_fit_radius_lu": 24.312763328819933,
      "liquid_fit_center_tangent_lu": 39.50000000000479,
      "liquid_fit_center_z_lu": 64.38075200755482,
      "liquid_solid_center_distance_lu": 40.383847423142306
    },
    "y_slice": {
      "slice_axis": "y",
      "fit_point_count": 160,
      "contact_angle_deg": 113.41410127634866,
      "liquid_fit_radius_lu": 24.310132644600024,
      "liquid_fit_center_tangent_lu": 39.69604447920886,
      "liquid_fit_center_z_lu": 64.38044294439347,
      "liquid_solid_center_distance_lu": 40.38158690967995
    }
  },
  "log_payload": {
    "log_csv": "/media/yuan/8A0E24070E23EAC1/runs/tclb_pre2025_sphere_tableII_q27_geometric_200k_20260610/theta100/output/case_Log_P00_00000000.csv",
    "log_final_iteration": 200000.0,
    "log_final_NumSpecialPoints": 392.0,
    "log_final_NumWallBoundaryPoints": 73292.0,
    "log_final_NumBoundaryPoints": 121164.0,
    "log_final_NumFluidCells": 954036.0,
    "log_final_TotalDensity": 60779.334659953,
    "log_final_LiqTotalVelocity": 0.47267139812452,
    "log_final_LiqTotalVelocityX": 0.042223894858081,
    "log_final_LiqTotalVelocityY": 1.0252223336673e-12,
    "log_final_LiqTotalVelocityZ": -0.45540297440085,
    "log_final_LiqTotalPhase": 51713.49467111,
    "log_max_NumSpecialPoints": 392.0,
    "log_max_NumWallBoundaryPoints": 73292.0,
    "log_max_NumBoundaryPoints": 121164.0
  },
  "max_abs_fluid_phase_sum_rel_change": 0.0017103389918955345,
  "max_abs_fluid_phase_clipped_sum_rel_change": 0.0017103389918955345,
  "max_abs_rho_sum_rel_change": 0.0016835374825841742,
  "max_abs_fluid_rho_sum_rel_change": 0.0016835374825840545,
  "max_mach_fluid": 0.0002486727852314472,
  "max_nonfinite_count": 0,
  "claim_limit": "Postprocessing output for TCLB analogue only. Requires read-only audit before any validation_candidate promotion."
}
