MPMD: TCLB: local:0/1 work:0/1 ---  connected to:
[  ]    ---- : Using std::chrono::steady_clock::now() for walltime
[  ]    #### : -------------------------------------------------------------------------
[  ]    #### : -  CLB version:                   ded67cd                               -
[  ]    #### : -        Model: d3q27_pf_velocity_q27_geometric                               -
[  ]    #### : -------------------------------------------------------------------------
[  ]    #### : Setting output path to: case
[  ]    ---- : Discarding 1 comments
[ 0]    ---- : Selecting device 0/1
[  ]    ---- :   Threads  |      Action
[  ]    ==== :    32x4    | BorderExecutor<(eOperationType)0, (eCalculateGlobals)0, (eStage)0> --- Reduced from maximum 1024
[  ]    ==== :    32x4    | BorderExecutor<(eOperationType)0, (eCalculateGlobals)0, (eStage)1> --- Reduced from maximum 384
[  ]    ==== :    32x4    | BorderExecutor<(eOperationType)0, (eCalculateGlobals)0, (eStage)2> --- Reduced from maximum 384
[  ]    ==== :    32x4    | BorderExecutor<(eOperationType)0, (eCalculateGlobals)0, (eStage)3> --- Reduced from maximum 256
[  ]    ==== :    32x4    | BorderExecutor<(eOperationType)0, (eCalculateGlobals)0, (eStage)4> --- Reduced from maximum 1024
[  ]    ==== :    32x4    | BorderExecutor<(eOperationType)0, (eCalculateGlobals)0, (eStage)5> --- Reduced from maximum 512
[  ]    ==== :    32x4    | BorderExecutor<(eOperationType)0, (eCalculateGlobals)0, (eStage)6> --- Reduced from maximum 512
[  ]    ==== :    32x4    | BorderExecutor<(eOperationType)0, (eCalculateGlobals)0, (eStage)7> --- Reduced from maximum 640
[  ]    ==== :    32x4    | BorderExecutor<(eOperationType)0, (eCalculateGlobals)0, (eStage)8> --- Reduced from maximum 640
[  ]    ==== :    32x4    | BorderExecutor<(eOperationType)0, (eCalculateGlobals)0, (eStage)9> --- Reduced from maximum 512
[  ]    ==== :    32x4    | BorderExecutor<(eOperationType)0, (eCalculateGlobals)1, (eStage)0> --- Reduced from maximum 896
[  ]    ==== :    32x4    | BorderExecutor<(eOperationType)0, (eCalculateGlobals)1, (eStage)1> --- Reduced from maximum 384
[  ]    ==== :    32x4    | BorderExecutor<(eOperationType)0, (eCalculateGlobals)1, (eStage)2> --- Reduced from maximum 256
[  ]    ==== :    32x4    | BorderExecutor<(eOperationType)0, (eCalculateGlobals)1, (eStage)3> --- Reduced from maximum 256
[  ]    ==== :    32x4    | BorderExecutor<(eOperationType)0, (eCalculateGlobals)1, (eStage)4> --- Reduced from maximum 1024
[  ]    ==== :    32x4    | BorderExecutor<(eOperationType)0, (eCalculateGlobals)1, (eStage)5> --- Reduced from maximum 512
[  ]    ==== :    32x4    | BorderExecutor<(eOperationType)0, (eCalculateGlobals)1, (eStage)6> --- Reduced from maximum 512
[  ]    ==== :    32x4    | BorderExecutor<(eOperationType)0, (eCalculateGlobals)1, (eStage)7> --- Reduced from maximum 640
[  ]    ==== :    32x4    | BorderExecutor<(eOperationType)0, (eCalculateGlobals)1, (eStage)8> --- Reduced from maximum 640
[  ]    ==== :    32x4    | BorderExecutor<(eOperationType)0, (eCalculateGlobals)1, (eStage)9> --- Reduced from maximum 768
[  ]    ==== :    32x4    | BorderExecutor<(eOperationType)0, (eCalculateGlobals)2, (eStage)0> --- Reduced from maximum 1024
[  ]    ==== :    32x4    | BorderExecutor<(eOperationType)0, (eCalculateGlobals)2, (eStage)1> --- Reduced from maximum 1024
[  ]    ==== :    32x4    | BorderExecutor<(eOperationType)0, (eCalculateGlobals)2, (eStage)2> --- Reduced from maximum 1024
[  ]    ==== :    32x4    | BorderExecutor<(eOperationType)0, (eCalculateGlobals)2, (eStage)3> --- Reduced from maximum 1024
[  ]    ==== :    32x4    | BorderExecutor<(eOperationType)0, (eCalculateGlobals)2, (eStage)4> --- Reduced from maximum 1024
[  ]    ==== :    32x4    | BorderExecutor<(eOperationType)0, (eCalculateGlobals)2, (eStage)5> --- Reduced from maximum 1024
[  ]    ==== :    32x4    | BorderExecutor<(eOperationType)0, (eCalculateGlobals)2, (eStage)6> --- Reduced from maximum 1024
[  ]    ==== :    32x4    | BorderExecutor<(eOperationType)0, (eCalculateGlobals)2, (eStage)7> --- Reduced from maximum 1024
[  ]    ==== :    32x4    | BorderExecutor<(eOperationType)0, (eCalculateGlobals)2, (eStage)8> --- Reduced from maximum 1024
[  ]    ==== :    32x4    | BorderExecutor<(eOperationType)0, (eCalculateGlobals)2, (eStage)9> --- Reduced from maximum 1024
[  ]    ==== :    32x4    | BorderExecutor<(eOperationType)1, (eCalculateGlobals)0, (eStage)0> --- Reduced from maximum 1024
[  ]    ==== :    32x4    | BorderExecutor<(eOperationType)1, (eCalculateGlobals)0, (eStage)1> --- Reduced from maximum 1024
[  ]    ==== :    32x4    | BorderExecutor<(eOperationType)1, (eCalculateGlobals)0, (eStage)2> --- Reduced from maximum 1024
[  ]    ==== :    32x4    | BorderExecutor<(eOperationType)1, (eCalculateGlobals)0, (eStage)3> --- Reduced from maximum 1024
[  ]    ==== :    32x4    | BorderExecutor<(eOperationType)1, (eCalculateGlobals)0, (eStage)4> --- Reduced from maximum 1024
[  ]    ==== :    32x4    | BorderExecutor<(eOperationType)1, (eCalculateGlobals)0, (eStage)5> --- Reduced from maximum 1024
[  ]    ==== :    32x4    | BorderExecutor<(eOperationType)1, (eCalculateGlobals)0, (eStage)6> --- Reduced from maximum 1024
[  ]    ==== :    32x4    | BorderExecutor<(eOperationType)1, (eCalculateGlobals)0, (eStage)7> --- Reduced from maximum 1024
[  ]    ==== :    32x4    | BorderExecutor<(eOperationType)1, (eCalculateGlobals)0, (eStage)8> --- Reduced from maximum 1024
[  ]    ==== :    32x4    | BorderExecutor<(eOperationType)1, (eCalculateGlobals)0, (eStage)9> --- Reduced from maximum 1024
[  ]    ==== :    32x4    | BorderExecutor<(eOperationType)1, (eCalculateGlobals)1, (eStage)0> --- Reduced from maximum 1024
[  ]    ==== :    32x4    | BorderExecutor<(eOperationType)1, (eCalculateGlobals)1, (eStage)1> --- Reduced from maximum 1024
[  ]    ==== :    32x4    | BorderExecutor<(eOperationType)1, (eCalculateGlobals)1, (eStage)2> --- Reduced from maximum 1024
[  ]    ==== :    32x4    | BorderExecutor<(eOperationType)1, (eCalculateGlobals)1, (eStage)3> --- Reduced from maximum 1024
[  ]    ==== :    32x4    | BorderExecutor<(eOperationType)1, (eCalculateGlobals)1, (eStage)4> --- Reduced from maximum 1024
[  ]    ==== :    32x4    | BorderExecutor<(eOperationType)1, (eCalculateGlobals)1, (eStage)5> --- Reduced from maximum 1024
[  ]    ==== :    32x4    | BorderExecutor<(eOperationType)1, (eCalculateGlobals)1, (eStage)6> --- Reduced from maximum 1024
[  ]    ==== :    32x4    | BorderExecutor<(eOperationType)1, (eCalculateGlobals)1, (eStage)7> --- Reduced from maximum 1024
[  ]    ==== :    32x4    | BorderExecutor<(eOperationType)1, (eCalculateGlobals)1, (eStage)8> --- Reduced from maximum 1024
[  ]    ==== :    32x4    | BorderExecutor<(eOperationType)1, (eCalculateGlobals)1, (eStage)9> --- Reduced from maximum 1024
[  ]    ==== :    32x4    | BorderExecutor<(eOperationType)1, (eCalculateGlobals)2, (eStage)0> --- Reduced from maximum 1024
[  ]    ==== :    32x4    | BorderExecutor<(eOperationType)1, (eCalculateGlobals)2, (eStage)1> --- Reduced from maximum 1024
[  ]    ==== :    32x4    | BorderExecutor<(eOperationType)1, (eCalculateGlobals)2, (eStage)2> --- Reduced from maximum 1024
[  ]    ==== :    32x4    | BorderExecutor<(eOperationType)1, (eCalculateGlobals)2, (eStage)3> --- Reduced from maximum 1024
[  ]    ==== :    32x4    | BorderExecutor<(eOperationType)1, (eCalculateGlobals)2, (eStage)4> --- Reduced from maximum 1024
[  ]    ==== :    32x4    | BorderExecutor<(eOperationType)1, (eCalculateGlobals)2, (eStage)5> --- Reduced from maximum 1024
[  ]    ==== :    32x4    | BorderExecutor<(eOperationType)1, (eCalculateGlobals)2, (eStage)6> --- Reduced from maximum 1024
[  ]    ==== :    32x4    | BorderExecutor<(eOperationType)1, (eCalculateGlobals)2, (eStage)7> --- Reduced from maximum 1024
[  ]    ==== :    32x4    | BorderExecutor<(eOperationType)1, (eCalculateGlobals)2, (eStage)8> --- Reduced from maximum 1024
[  ]    ==== :    32x4    | BorderExecutor<(eOperationType)1, (eCalculateGlobals)2, (eStage)9> --- Reduced from maximum 1024
[  ]    ==== :    32x4    | BorderExecutor<(eOperationType)3, (eCalculateGlobals)0, (eStage)0> --- Reduced from maximum 1024
[  ]    ==== :    32x4    | BorderExecutor<(eOperationType)3, (eCalculateGlobals)0, (eStage)1> --- Reduced from maximum 1024
[  ]    ==== :    32x4    | BorderExecutor<(eOperationType)3, (eCalculateGlobals)0, (eStage)2> --- Reduced from maximum 1024
[  ]    ==== :    32x4    | BorderExecutor<(eOperationType)3, (eCalculateGlobals)0, (eStage)3> --- Reduced from maximum 1024
[  ]    ==== :    32x4    | BorderExecutor<(eOperationType)3, (eCalculateGlobals)0, (eStage)4> --- Reduced from maximum 1024
[  ]    ==== :    32x4    | BorderExecutor<(eOperationType)3, (eCalculateGlobals)0, (eStage)5> --- Reduced from maximum 1024
[  ]    ==== :    32x4    | BorderExecutor<(eOperationType)3, (eCalculateGlobals)0, (eStage)6> --- Reduced from maximum 1024
[  ]    ==== :    32x4    | BorderExecutor<(eOperationType)3, (eCalculateGlobals)0, (eStage)7> --- Reduced from maximum 1024
[  ]    ==== :    32x4    | BorderExecutor<(eOperationType)3, (eCalculateGlobals)0, (eStage)8> --- Reduced from maximum 1024
[  ]    ==== :    32x4    | BorderExecutor<(eOperationType)3, (eCalculateGlobals)0, (eStage)9> --- Reduced from maximum 1024
[  ]    ==== :    32x4    | BorderExecutor<(eOperationType)3, (eCalculateGlobals)1, (eStage)0> --- Reduced from maximum 1024
[  ]    ==== :    32x4    | BorderExecutor<(eOperationType)3, (eCalculateGlobals)1, (eStage)1> --- Reduced from maximum 1024
[  ]    ==== :    32x4    | BorderExecutor<(eOperationType)3, (eCalculateGlobals)1, (eStage)2> --- Reduced from maximum 1024
[  ]    ==== :    32x4    | BorderExecutor<(eOperationType)3, (eCalculateGlobals)1, (eStage)3> --- Reduced from maximum 1024
[  ]    ==== :    32x4    | BorderExecutor<(eOperationType)3, (eCalculateGlobals)1, (eStage)4> --- Reduced from maximum 1024
[  ]    ==== :    32x4    | BorderExecutor<(eOperationType)3, (eCalculateGlobals)1, (eStage)5> --- Reduced from maximum 1024
[  ]    ==== :    32x4    | BorderExecutor<(eOperationType)3, (eCalculateGlobals)1, (eStage)6> --- Reduced from maximum 1024
[  ]    ==== :    32x4    | BorderExecutor<(eOperationType)3, (eCalculateGlobals)1, (eStage)7> --- Reduced from maximum 1024
[  ]    ==== :    32x4    | BorderExecutor<(eOperationType)3, (eCalculateGlobals)1, (eStage)8> --- Reduced from maximum 1024
[  ]    ==== :    32x4    | BorderExecutor<(eOperationType)3, (eCalculateGlobals)1, (eStage)9> --- Reduced from maximum 1024
[  ]    ==== :    32x4    | BorderExecutor<(eOperationType)3, (eCalculateGlobals)2, (eStage)0> --- Reduced from maximum 1024
[  ]    ==== :    32x4    | BorderExecutor<(eOperationType)3, (eCalculateGlobals)2, (eStage)1> --- Reduced from maximum 1024
[  ]    ==== :    32x4    | BorderExecutor<(eOperationType)3, (eCalculateGlobals)2, (eStage)2> --- Reduced from maximum 1024
[  ]    ==== :    32x4    | BorderExecutor<(eOperationType)3, (eCalculateGlobals)2, (eStage)3> --- Reduced from maximum 1024
[  ]    ==== :    32x4    | BorderExecutor<(eOperationType)3, (eCalculateGlobals)2, (eStage)4> --- Reduced from maximum 1024
[  ]    ==== :    32x4    | BorderExecutor<(eOperationType)3, (eCalculateGlobals)2, (eStage)5> --- Reduced from maximum 1024
[  ]    ==== :    32x4    | BorderExecutor<(eOperationType)3, (eCalculateGlobals)2, (eStage)6> --- Reduced from maximum 1024
[  ]    ==== :    32x4    | BorderExecutor<(eOperationType)3, (eCalculateGlobals)2, (eStage)7> --- Reduced from maximum 1024
[  ]    ==== :    32x4    | BorderExecutor<(eOperationType)3, (eCalculateGlobals)2, (eStage)8> --- Reduced from maximum 1024
[  ]    ==== :    32x4    | BorderExecutor<(eOperationType)3, (eCalculateGlobals)2, (eStage)9> --- Reduced from maximum 1024
[  ]    ==== :    32x4    | BorderExecutor<(eOperationType)4, (eCalculateGlobals)0, (eStage)0> --- Reduced from maximum 1024
[  ]    ==== :    32x4    | BorderExecutor<(eOperationType)4, (eCalculateGlobals)0, (eStage)1> --- Reduced from maximum 1024
[  ]    ==== :    32x4    | BorderExecutor<(eOperationType)4, (eCalculateGlobals)0, (eStage)2> --- Reduced from maximum 1024
[  ]    ==== :    32x4    | BorderExecutor<(eOperationType)4, (eCalculateGlobals)0, (eStage)3> --- Reduced from maximum 1024
[  ]    ==== :    32x4    | BorderExecutor<(eOperationType)4, (eCalculateGlobals)0, (eStage)4> --- Reduced from maximum 1024
[  ]    ==== :    32x4    | BorderExecutor<(eOperationType)4, (eCalculateGlobals)0, (eStage)5> --- Reduced from maximum 1024
[  ]    ==== :    32x4    | BorderExecutor<(eOperationType)4, (eCalculateGlobals)0, (eStage)6> --- Reduced from maximum 1024
[  ]    ==== :    32x4    | BorderExecutor<(eOperationType)4, (eCalculateGlobals)0, (eStage)7> --- Reduced from maximum 1024
[  ]    ==== :    32x4    | BorderExecutor<(eOperationType)4, (eCalculateGlobals)0, (eStage)8> --- Reduced from maximum 1024
[  ]    ==== :    32x4    | BorderExecutor<(eOperationType)4, (eCalculateGlobals)0, (eStage)9> --- Reduced from maximum 1024
[  ]    ==== :    32x4    | BorderExecutor<(eOperationType)4, (eCalculateGlobals)1, (eStage)0> --- Reduced from maximum 1024
[  ]    ==== :    32x4    | BorderExecutor<(eOperationType)4, (eCalculateGlobals)1, (eStage)1> --- Reduced from maximum 1024
[  ]    ==== :    32x4    | BorderExecutor<(eOperationType)4, (eCalculateGlobals)1, (eStage)2> --- Reduced from maximum 1024
[  ]    ==== :    32x4    | BorderExecutor<(eOperationType)4, (eCalculateGlobals)1, (eStage)3> --- Reduced from maximum 1024
[  ]    ==== :    32x4    | BorderExecutor<(eOperationType)4, (eCalculateGlobals)1, (eStage)4> --- Reduced from maximum 1024
[  ]    ==== :    32x4    | BorderExecutor<(eOperationType)4, (eCalculateGlobals)1, (eStage)5> --- Reduced from maximum 1024
[  ]    ==== :    32x4    | BorderExecutor<(eOperationType)4, (eCalculateGlobals)1, (eStage)6> --- Reduced from maximum 1024
[  ]    ==== :    32x4    | BorderExecutor<(eOperationType)4, (eCalculateGlobals)1, (eStage)7> --- Reduced from maximum 1024
[  ]    ==== :    32x4    | BorderExecutor<(eOperationType)4, (eCalculateGlobals)1, (eStage)8> --- Reduced from maximum 1024
[  ]    ==== :    32x4    | BorderExecutor<(eOperationType)4, (eCalculateGlobals)1, (eStage)9> --- Reduced from maximum 1024
[  ]    ==== :    32x4    | BorderExecutor<(eOperationType)4, (eCalculateGlobals)2, (eStage)0> --- Reduced from maximum 1024
[  ]    ==== :    32x4    | BorderExecutor<(eOperationType)4, (eCalculateGlobals)2, (eStage)1> --- Reduced from maximum 1024
[  ]    ==== :    32x4    | BorderExecutor<(eOperationType)4, (eCalculateGlobals)2, (eStage)2> --- Reduced from maximum 1024
[  ]    ==== :    32x4    | BorderExecutor<(eOperationType)4, (eCalculateGlobals)2, (eStage)3> --- Reduced from maximum 1024
[  ]    ==== :    32x4    | BorderExecutor<(eOperationType)4, (eCalculateGlobals)2, (eStage)4> --- Reduced from maximum 1024
[  ]    ==== :    32x4    | BorderExecutor<(eOperationType)4, (eCalculateGlobals)2, (eStage)5> --- Reduced from maximum 1024
[  ]    ==== :    32x4    | BorderExecutor<(eOperationType)4, (eCalculateGlobals)2, (eStage)6> --- Reduced from maximum 1024
[  ]    ==== :    32x4    | BorderExecutor<(eOperationType)4, (eCalculateGlobals)2, (eStage)7> --- Reduced from maximum 1024
[  ]    ==== :    32x4    | BorderExecutor<(eOperationType)4, (eCalculateGlobals)2, (eStage)8> --- Reduced from maximum 1024
[  ]    ==== :    32x4    | BorderExecutor<(eOperationType)4, (eCalculateGlobals)2, (eStage)9> --- Reduced from maximum 1024
[  ]    ==== :    32x4    | InteriorExecutor<(eOperationType)0, (eCalculateGlobals)0, (eStage)0> --- Reduced from maximum 1024
[  ]    ==== :    32x4    | InteriorExecutor<(eOperationType)0, (eCalculateGlobals)0, (eStage)1> --- Reduced from maximum 640
[  ]    ==== :    32x4    | InteriorExecutor<(eOperationType)0, (eCalculateGlobals)0, (eStage)2> --- Reduced from maximum 384
[  ]    ==== :    32x4    | InteriorExecutor<(eOperationType)0, (eCalculateGlobals)0, (eStage)3> --- Reduced from maximum 256
[  ]    ==== :    32x4    | InteriorExecutor<(eOperationType)0, (eCalculateGlobals)0, (eStage)4> --- Reduced from maximum 1024
[  ]    ==== :    32x4    | InteriorExecutor<(eOperationType)0, (eCalculateGlobals)0, (eStage)5> --- Reduced from maximum 640
[  ]    ==== :    32x4    | InteriorExecutor<(eOperationType)0, (eCalculateGlobals)0, (eStage)6> --- Reduced from maximum 768
[  ]    ==== :    32x4    | InteriorExecutor<(eOperationType)0, (eCalculateGlobals)0, (eStage)7> --- Reduced from maximum 1024
[  ]    ==== :    32x4    | InteriorExecutor<(eOperationType)0, (eCalculateGlobals)0, (eStage)8> --- Reduced from maximum 1024
[  ]    ==== :    32x4    | InteriorExecutor<(eOperationType)0, (eCalculateGlobals)0, (eStage)9> --- Reduced from maximum 896
[  ]    ==== :    32x4    | InteriorExecutor<(eOperationType)0, (eCalculateGlobals)1, (eStage)0> --- Reduced from maximum 1024
[  ]    ==== :    32x4    | InteriorExecutor<(eOperationType)0, (eCalculateGlobals)1, (eStage)1> --- Reduced from maximum 256
[  ]    ==== :    32x4    | InteriorExecutor<(eOperationType)0, (eCalculateGlobals)1, (eStage)2> --- Reduced from maximum 256
[  ]    ==== :    32x4    | InteriorExecutor<(eOperationType)0, (eCalculateGlobals)1, (eStage)3> --- Reduced from maximum 256
[  ]    ==== :    32x4    | InteriorExecutor<(eOperationType)0, (eCalculateGlobals)1, (eStage)4> --- Reduced from maximum 1024
[  ]    ==== :    32x4    | InteriorExecutor<(eOperationType)0, (eCalculateGlobals)1, (eStage)5> --- Reduced from maximum 768
[  ]    ==== :    32x4    | InteriorExecutor<(eOperationType)0, (eCalculateGlobals)1, (eStage)6> --- Reduced from maximum 768
[  ]    ==== :    32x4    | InteriorExecutor<(eOperationType)0, (eCalculateGlobals)1, (eStage)7> --- Reduced from maximum 1024
[  ]    ==== :    32x4    | InteriorExecutor<(eOperationType)0, (eCalculateGlobals)1, (eStage)8> --- Reduced from maximum 896
[  ]    ==== :    32x4    | InteriorExecutor<(eOperationType)0, (eCalculateGlobals)1, (eStage)9> --- Reduced from maximum 768
[  ]    ==== :    32x4    | InteriorExecutor<(eOperationType)0, (eCalculateGlobals)2, (eStage)0> --- Reduced from maximum 1024
[  ]    ==== :    32x4    | InteriorExecutor<(eOperationType)0, (eCalculateGlobals)2, (eStage)1> --- Reduced from maximum 1024
[  ]    ==== :    32x4    | InteriorExecutor<(eOperationType)0, (eCalculateGlobals)2, (eStage)2> --- Reduced from maximum 1024
[  ]    ==== :    32x4    | InteriorExecutor<(eOperationType)0, (eCalculateGlobals)2, (eStage)3> --- Reduced from maximum 1024
[  ]    ==== :    32x4    | InteriorExecutor<(eOperationType)0, (eCalculateGlobals)2, (eStage)4> --- Reduced from maximum 1024
[  ]    ==== :    32x4    | InteriorExecutor<(eOperationType)0, (eCalculateGlobals)2, (eStage)5> --- Reduced from maximum 1024
[  ]    ==== :    32x4    | InteriorExecutor<(eOperationType)0, (eCalculateGlobals)2, (eStage)6> --- Reduced from maximum 1024
[  ]    ==== :    32x4    | InteriorExecutor<(eOperationType)0, (eCalculateGlobals)2, (eStage)7> --- Reduced from maximum 1024
[  ]    ==== :    32x4    | InteriorExecutor<(eOperationType)0, (eCalculateGlobals)2, (eStage)8> --- Reduced from maximum 1024
[  ]    ==== :    32x4    | InteriorExecutor<(eOperationType)0, (eCalculateGlobals)2, (eStage)9> --- Reduced from maximum 1024
[  ]    ==== :    32x4    | InteriorExecutor<(eOperationType)1, (eCalculateGlobals)0, (eStage)0> --- Reduced from maximum 1024
[  ]    ==== :    32x4    | InteriorExecutor<(eOperationType)1, (eCalculateGlobals)0, (eStage)1> --- Reduced from maximum 1024
[  ]    ==== :    32x4    | InteriorExecutor<(eOperationType)1, (eCalculateGlobals)0, (eStage)2> --- Reduced from maximum 1024
[  ]    ==== :    32x4    | InteriorExecutor<(eOperationType)1, (eCalculateGlobals)0, (eStage)3> --- Reduced from maximum 1024
[  ]    ==== :    32x4    | InteriorExecutor<(eOperationType)1, (eCalculateGlobals)0, (eStage)4> --- Reduced from maximum 1024
[  ]    ==== :    32x4    | InteriorExecutor<(eOperationType)1, (eCalculateGlobals)0, (eStage)5> --- Reduced from maximum 1024
[  ]    ==== :    32x4    | InteriorExecutor<(eOperationType)1, (eCalculateGlobals)0, (eStage)6> --- Reduced from maximum 1024
[  ]    ==== :    32x4    | InteriorExecutor<(eOperationType)1, (eCalculateGlobals)0, (eStage)7> --- Reduced from maximum 1024
[  ]    ==== :    32x4    | InteriorExecutor<(eOperationType)1, (eCalculateGlobals)0, (eStage)8> --- Reduced from maximum 1024
[  ]    ==== :    32x4    | InteriorExecutor<(eOperationType)1, (eCalculateGlobals)0, (eStage)9> --- Reduced from maximum 1024
[  ]    ==== :    32x4    | InteriorExecutor<(eOperationType)1, (eCalculateGlobals)1, (eStage)0> --- Reduced from maximum 1024
[  ]    ==== :    32x4    | InteriorExecutor<(eOperationType)1, (eCalculateGlobals)1, (eStage)1> --- Reduced from maximum 1024
[  ]    ==== :    32x4    | InteriorExecutor<(eOperationType)1, (eCalculateGlobals)1, (eStage)2> --- Reduced from maximum 1024
[  ]    ==== :    32x4    | InteriorExecutor<(eOperationType)1, (eCalculateGlobals)1, (eStage)3> --- Reduced from maximum 1024
[  ]    ==== :    32x4    | InteriorExecutor<(eOperationType)1, (eCalculateGlobals)1, (eStage)4> --- Reduced from maximum 1024
[  ]    ==== :    32x4    | InteriorExecutor<(eOperationType)1, (eCalculateGlobals)1, (eStage)5> --- Reduced from maximum 1024
[  ]    ==== :    32x4    | InteriorExecutor<(eOperationType)1, (eCalculateGlobals)1, (eStage)6> --- Reduced from maximum 1024
[  ]    ==== :    32x4    | InteriorExecutor<(eOperationType)1, (eCalculateGlobals)1, (eStage)7> --- Reduced from maximum 1024
[  ]    ==== :    32x4    | InteriorExecutor<(eOperationType)1, (eCalculateGlobals)1, (eStage)8> --- Reduced from maximum 1024
[  ]    ==== :    32x4    | InteriorExecutor<(eOperationType)1, (eCalculateGlobals)1, (eStage)9> --- Reduced from maximum 1024
[  ]    ==== :    32x4    | InteriorExecutor<(eOperationType)1, (eCalculateGlobals)2, (eStage)0> --- Reduced from maximum 1024
[  ]    ==== :    32x4    | InteriorExecutor<(eOperationType)1, (eCalculateGlobals)2, (eStage)1> --- Reduced from maximum 1024
[  ]    ==== :    32x4    | InteriorExecutor<(eOperationType)1, (eCalculateGlobals)2, (eStage)2> --- Reduced from maximum 1024
[  ]    ==== :    32x4    | InteriorExecutor<(eOperationType)1, (eCalculateGlobals)2, (eStage)3> --- Reduced from maximum 1024
[  ]    ==== :    32x4    | InteriorExecutor<(eOperationType)1, (eCalculateGlobals)2, (eStage)4> --- Reduced from maximum 1024
[  ]    ==== :    32x4    | InteriorExecutor<(eOperationType)1, (eCalculateGlobals)2, (eStage)5> --- Reduced from maximum 1024
[  ]    ==== :    32x4    | InteriorExecutor<(eOperationType)1, (eCalculateGlobals)2, (eStage)6> --- Reduced from maximum 1024
[  ]    ==== :    32x4    | InteriorExecutor<(eOperationType)1, (eCalculateGlobals)2, (eStage)7> --- Reduced from maximum 1024
[  ]    ==== :    32x4    | InteriorExecutor<(eOperationType)1, (eCalculateGlobals)2, (eStage)8> --- Reduced from maximum 1024
[  ]    ==== :    32x4    | InteriorExecutor<(eOperationType)1, (eCalculateGlobals)2, (eStage)9> --- Reduced from maximum 1024
[  ]    ==== :    32x4    | InteriorExecutor<(eOperationType)3, (eCalculateGlobals)0, (eStage)0> --- Reduced from maximum 1024
[  ]    ==== :    32x4    | InteriorExecutor<(eOperationType)3, (eCalculateGlobals)0, (eStage)1> --- Reduced from maximum 1024
[  ]    ==== :    32x4    | InteriorExecutor<(eOperationType)3, (eCalculateGlobals)0, (eStage)2> --- Reduced from maximum 1024
[  ]    ==== :    32x4    | InteriorExecutor<(eOperationType)3, (eCalculateGlobals)0, (eStage)3> --- Reduced from maximum 1024
[  ]    ==== :    32x4    | InteriorExecutor<(eOperationType)3, (eCalculateGlobals)0, (eStage)4> --- Reduced from maximum 1024
[  ]    ==== :    32x4    | InteriorExecutor<(eOperationType)3, (eCalculateGlobals)0, (eStage)5> --- Reduced from maximum 1024
[  ]    ==== :    32x4    | InteriorExecutor<(eOperationType)3, (eCalculateGlobals)0, (eStage)6> --- Reduced from maximum 1024
[  ]    ==== :    32x4    | InteriorExecutor<(eOperationType)3, (eCalculateGlobals)0, (eStage)7> --- Reduced from maximum 1024
[  ]    ==== :    32x4    | InteriorExecutor<(eOperationType)3, (eCalculateGlobals)0, (eStage)8> --- Reduced from maximum 1024
[  ]    ==== :    32x4    | InteriorExecutor<(eOperationType)3, (eCalculateGlobals)0, (eStage)9> --- Reduced from maximum 1024
[  ]    ==== :    32x4    | InteriorExecutor<(eOperationType)3, (eCalculateGlobals)1, (eStage)0> --- Reduced from maximum 1024
[  ]    ==== :    32x4    | InteriorExecutor<(eOperationType)3, (eCalculateGlobals)1, (eStage)1> --- Reduced from maximum 1024
[  ]    ==== :    32x4    | InteriorExecutor<(eOperationType)3, (eCalculateGlobals)1, (eStage)2> --- Reduced from maximum 1024
[  ]    ==== :    32x4    | InteriorExecutor<(eOperationType)3, (eCalculateGlobals)1, (eStage)3> --- Reduced from maximum 1024
[  ]    ==== :    32x4    | InteriorExecutor<(eOperationType)3, (eCalculateGlobals)1, (eStage)4> --- Reduced from maximum 1024
[  ]    ==== :    32x4    | InteriorExecutor<(eOperationType)3, (eCalculateGlobals)1, (eStage)5> --- Reduced from maximum 1024
[  ]    ==== :    32x4    | InteriorExecutor<(eOperationType)3, (eCalculateGlobals)1, (eStage)6> --- Reduced from maximum 1024
[  ]    ==== :    32x4    | InteriorExecutor<(eOperationType)3, (eCalculateGlobals)1, (eStage)7> --- Reduced from maximum 1024
[  ]    ==== :    32x4    | InteriorExecutor<(eOperationType)3, (eCalculateGlobals)1, (eStage)8> --- Reduced from maximum 1024
[  ]    ==== :    32x4    | InteriorExecutor<(eOperationType)3, (eCalculateGlobals)1, (eStage)9> --- Reduced from maximum 1024
[  ]    ==== :    32x4    | InteriorExecutor<(eOperationType)3, (eCalculateGlobals)2, (eStage)0> --- Reduced from maximum 1024
[  ]    ==== :    32x4    | InteriorExecutor<(eOperationType)3, (eCalculateGlobals)2, (eStage)1> --- Reduced from maximum 1024
[  ]    ==== :    32x4    | InteriorExecutor<(eOperationType)3, (eCalculateGlobals)2, (eStage)2> --- Reduced from maximum 1024
[  ]    ==== :    32x4    | InteriorExecutor<(eOperationType)3, (eCalculateGlobals)2, (eStage)3> --- Reduced from maximum 1024
[  ]    ==== :    32x4    | InteriorExecutor<(eOperationType)3, (eCalculateGlobals)2, (eStage)4> --- Reduced from maximum 1024
[  ]    ==== :    32x4    | InteriorExecutor<(eOperationType)3, (eCalculateGlobals)2, (eStage)5> --- Reduced from maximum 1024
[  ]    ==== :    32x4    | InteriorExecutor<(eOperationType)3, (eCalculateGlobals)2, (eStage)6> --- Reduced from maximum 1024
[  ]    ==== :    32x4    | InteriorExecutor<(eOperationType)3, (eCalculateGlobals)2, (eStage)7> --- Reduced from maximum 1024
[  ]    ==== :    32x4    | InteriorExecutor<(eOperationType)3, (eCalculateGlobals)2, (eStage)8> --- Reduced from maximum 1024
[  ]    ==== :    32x4    | InteriorExecutor<(eOperationType)3, (eCalculateGlobals)2, (eStage)9> --- Reduced from maximum 1024
[  ]    ==== :    32x4    | InteriorExecutor<(eOperationType)4, (eCalculateGlobals)0, (eStage)0> --- Reduced from maximum 1024
[  ]    ==== :    32x4    | InteriorExecutor<(eOperationType)4, (eCalculateGlobals)0, (eStage)1> --- Reduced from maximum 1024
[  ]    ==== :    32x4    | InteriorExecutor<(eOperationType)4, (eCalculateGlobals)0, (eStage)2> --- Reduced from maximum 1024
[  ]    ==== :    32x4    | InteriorExecutor<(eOperationType)4, (eCalculateGlobals)0, (eStage)3> --- Reduced from maximum 1024
[  ]    ==== :    32x4    | InteriorExecutor<(eOperationType)4, (eCalculateGlobals)0, (eStage)4> --- Reduced from maximum 1024
[  ]    ==== :    32x4    | InteriorExecutor<(eOperationType)4, (eCalculateGlobals)0, (eStage)5> --- Reduced from maximum 1024
[  ]    ==== :    32x4    | InteriorExecutor<(eOperationType)4, (eCalculateGlobals)0, (eStage)6> --- Reduced from maximum 1024
[  ]    ==== :    32x4    | InteriorExecutor<(eOperationType)4, (eCalculateGlobals)0, (eStage)7> --- Reduced from maximum 1024
[  ]    ==== :    32x4    | InteriorExecutor<(eOperationType)4, (eCalculateGlobals)0, (eStage)8> --- Reduced from maximum 1024
[  ]    ==== :    32x4    | InteriorExecutor<(eOperationType)4, (eCalculateGlobals)0, (eStage)9> --- Reduced from maximum 1024
[  ]    ==== :    32x4    | InteriorExecutor<(eOperationType)4, (eCalculateGlobals)1, (eStage)0> --- Reduced from maximum 1024
[  ]    ==== :    32x4    | InteriorExecutor<(eOperationType)4, (eCalculateGlobals)1, (eStage)1> --- Reduced from maximum 1024
[  ]    ==== :    32x4    | InteriorExecutor<(eOperationType)4, (eCalculateGlobals)1, (eStage)2> --- Reduced from maximum 1024
[  ]    ==== :    32x4    | InteriorExecutor<(eOperationType)4, (eCalculateGlobals)1, (eStage)3> --- Reduced from maximum 1024
[  ]    ==== :    32x4    | InteriorExecutor<(eOperationType)4, (eCalculateGlobals)1, (eStage)4> --- Reduced from maximum 1024
[  ]    ==== :    32x4    | InteriorExecutor<(eOperationType)4, (eCalculateGlobals)1, (eStage)5> --- Reduced from maximum 1024
[  ]    ==== :    32x4    | InteriorExecutor<(eOperationType)4, (eCalculateGlobals)1, (eStage)6> --- Reduced from maximum 1024
[  ]    ==== :    32x4    | InteriorExecutor<(eOperationType)4, (eCalculateGlobals)1, (eStage)7> --- Reduced from maximum 1024
[  ]    ==== :    32x4    | InteriorExecutor<(eOperationType)4, (eCalculateGlobals)1, (eStage)8> --- Reduced from maximum 1024
[  ]    ==== :    32x4    | InteriorExecutor<(eOperationType)4, (eCalculateGlobals)1, (eStage)9> --- Reduced from maximum 1024
[  ]    ==== :    32x4    | InteriorExecutor<(eOperationType)4, (eCalculateGlobals)2, (eStage)0> --- Reduced from maximum 1024
[  ]    ==== :    32x4    | InteriorExecutor<(eOperationType)4, (eCalculateGlobals)2, (eStage)1> --- Reduced from maximum 1024
[  ]    ==== :    32x4    | InteriorExecutor<(eOperationType)4, (eCalculateGlobals)2, (eStage)2> --- Reduced from maximum 1024
[  ]    ==== :    32x4    | InteriorExecutor<(eOperationType)4, (eCalculateGlobals)2, (eStage)3> --- Reduced from maximum 1024
[  ]    ==== :    32x4    | InteriorExecutor<(eOperationType)4, (eCalculateGlobals)2, (eStage)4> --- Reduced from maximum 1024
[  ]    ==== :    32x4    | InteriorExecutor<(eOperationType)4, (eCalculateGlobals)2, (eStage)5> --- Reduced from maximum 1024
[  ]    ==== :    32x4    | InteriorExecutor<(eOperationType)4, (eCalculateGlobals)2, (eStage)6> --- Reduced from maximum 1024
[  ]    ==== :    32x4    | InteriorExecutor<(eOperationType)4, (eCalculateGlobals)2, (eStage)7> --- Reduced from maximum 1024
[  ]    ==== :    32x4    | InteriorExecutor<(eOperationType)4, (eCalculateGlobals)2, (eStage)8> --- Reduced from maximum 1024
[  ]    ==== :    32x4    | InteriorExecutor<(eOperationType)4, (eCalculateGlobals)2, (eStage)9> --- Reduced from maximum 1024
[ 0] warning ! No "Units" element in config file
[  ]    ==== : Mesh size in config file: 128x96x128
[  ]    ---- : Global lattice size: 128x96x128
[  ]    ==== : Max region size: 1572864. Mesh size 1572864. Overhead:  0%
[  ]    ---- : Local lattice size: 128x96x128
[  ]    #### : [0] Cumulative allocation of 1850564608 b (1.9 GB)
[  ]    ---- : Creating geom size:1572864
[  ]    #### : Setting output path to: case
[  ]    #### : Setting output path to: /mnt/8A0E24070E23EAC1/runs/tclb_flat_wall_cap_stage7b_wall011_modes_20260612/cap_theta030_wall011_mode3/output/case
[  ]    ---- : loading geometry ...
[  ]    ---- : overwriting all flags
[  ]    ---- : Setting number of zones to 3
[  ]    ---- : Setting Density_h to 1 (1.000000)
[  ]    ---- : Setting Density_l to 0.001 (0.001000)
[  ]    ---- : Setting Viscosity_h to 0.09 (0.090000)
[  ]    ---- : Setting Viscosity_l to 0.1 (0.100000)
[  ]    ---- : Setting tauUpdate to 3 (3.000000)
[  ]    ---- : Setting sigma to 5e-05 (0.000050)
[  ]    ---- : Setting M to 0.1 (0.100000)
[  ]    ---- : Setting IntWidth to 6 (6.000000)
[  ]    ---- : Setting Radius to 0 (0.000000)
[  ]    ---- : Setting BubbleType to 1 (1.000000)
[  ]    ---- : Setting CapInit to 1 (1.000000)
[  ]    ---- : Setting CapInitRadius to 102.4368595766759 (102.436860)
[  ]    ---- : Setting CapInitTheta to 0.5235987755982988 (0.523599)
[  ]    ---- : Setting CapInitCenterX to 64 (64.000000)
[  ]    ---- : Setting CapInitCenterY to -88.71292267730063 (-88.712923)
[  ]    ---- : Setting CapInitCenterZ to 64 (64.000000)
[  ]    ---- : Setting VelocityX in zone  (-1) to 0.0 (0.000000)
[  ]    ---- : Setting VelocityY in zone  (-1) to 0.0 (0.000000)
[  ]    ---- : Setting VelocityZ in zone  (-1) to 0.0 (0.000000)
[  ]    ---- : Setting GravitationX to 0.0 (0.000000)
[  ]    ---- : Setting GravitationY to 0.0 (0.000000)
[  ]    ---- : Setting GravitationZ to 0.0 (0.000000)
[  ]    ---- : Setting BuoyancyX to 0.0 (0.000000)
[  ]    ---- : Setting BuoyancyY to 0.0 (0.000000)
[  ]    ---- : Setting BuoyancyZ to 0.0 (0.000000)
[  ]    ---- : Setting radAngle in zone  (-1) to 90d (1.570796)
[ 0] WARNING ! Zone-specific settings in zone 0 were overwritten from 1.570796 to 1.570796
[  ]    ---- : Setting radAngle in zone OuterDomain (1) to 90d (1.570796)
[  ]    ---- : Setting radAngle in zone FlatLowerY (2) to 11d (0.191986)
[  ]    ---- : Setting minGradient to 1e-08 (0.000000)
[  ]    ---- : Setting Stage7SignedMode to 3 (3.000000)
[  ]    ---- : Setting Stage7DeltaQScale to 1 (1.000000)
[  ]    ---- : Setting Stage7DeltaQAbsCap to 6 (6.000000)
[  ]    ---- : Setting Stage7DenomFloor to 0.05 (0.050000)
[  ]    ---- : Setting Stage7ActiveCMin to 0.02 (0.020000)
[  ]    ---- : Setting Stage7ActiveGradMin to 1e-06 (0.000001)
[  ]    ---- : Setting Stage7ActiveTangentMin to 1e-08 (0.000000)
[  ]    ---- : Setting Stage7RelaxationTau to 1 (1.000000)
[  ]    ---- : Initializing Lattice ...
[  ]    122.3 MLBUps    141.17 GB/s [====================]  0s
[  ]    ---- : Callback VTK with no Iterations attribute
[  ]    ---- :        0 it writing vtk
[  ]    ---- : Setting callback Log at 1000.000000 iterations
[  ]    ---- : Adding Log to the solver hands
[  ]    ---- : Setting callback Failcheck at 1000.000000 iterations
[  ]    ---- : Adding Failcheck to the solver hands
[  ]    ---- : Setting action Solve at 50000.000000 iterations
[  ]    ---- : Setting callback VTK at 10000.000000 iterations
[  ]    ---- : Adding VTK to the solver hands
[  ]    ---- : Setting callback Log at 1000.000000 iterations
[  ]    ---- : Adding Log to the solver hands
[  ]    ---- : Setting callback Failcheck at 1000.000000 iterations
[  ]    ---- : Adding Failcheck to the solver hands
[  ]     20.8 MLBUps     23.95 GB/s [=                   ]  5s
[  ]    227.8 MLBUps    262.91 GB/s [=                   ]  6s
[  ]    227.9 MLBUps    262.95 GB/s [====                ]  7s
[  ]    227.9 MLBUps    263.00 GB/s [=======             ]  8s
[  ]    228.0 MLBUps    263.13 GB/s [==========          ]  9s
[  ]    228.2 MLBUps    263.30 GB/s [=============       ]  9s
[  ]    228.2 MLBUps    263.30 GB/s [================    ] 11s
[  ]    228.0 MLBUps    263.17 GB/s [=================== ] 12s
[  ]    ---- :    214.5 MLBUps    247.51 GB/s [====================]
[  ]    226.4 MLBUps    261.23 GB/s [=                   ]  0s
[  ]    228.1 MLBUps    263.20 GB/s [====                ]  1s
[  ]    228.0 MLBUps    263.14 GB/s [=======             ]  2s
[  ]    228.1 MLBUps    263.18 GB/s [==========          ]  3s
[  ]    228.2 MLBUps    263.37 GB/s [=============       ]  4s
[  ]    228.1 MLBUps    263.25 GB/s [================    ]  5s
[  ]    228.1 MLBUps    263.28 GB/s [=================== ]  6s
[  ]    ---- :    216.9 MLBUps    250.29 GB/s [====================]
[  ]    228.0 MLBUps    263.16 GB/s [==                  ]  0s
[  ]    228.1 MLBUps    263.28 GB/s [=====               ]  1s
[  ]    228.1 MLBUps    263.23 GB/s [========            ]  2s
[  ]    228.2 MLBUps    263.30 GB/s [===========         ]  3s
[  ]    228.0 MLBUps    263.17 GB/s [==============      ]  5s
[  ]    228.2 MLBUps    263.37 GB/s [=================   ]  5s
[  ]    ---- :    223.8 MLBUps    258.29 GB/s [====================]
[  ]    227.9 MLBUps    263.02 GB/s [==                  ]  0s
[  ]    228.1 MLBUps    263.26 GB/s [=====               ]  1s
[  ]    228.1 MLBUps    263.18 GB/s [========            ]  2s
[  ]    228.1 MLBUps    263.28 GB/s [===========         ]  3s
[  ]    228.1 MLBUps    263.23 GB/s [==============      ]  4s
[  ]    228.3 MLBUps    263.45 GB/s [=================   ]  5s
[  ]    ---- :    223.8 MLBUps    258.27 GB/s [====================]
[  ]    228.0 MLBUps    263.10 GB/s [==                  ]  0s
[  ]    228.1 MLBUps    263.23 GB/s [=====               ]  1s
[  ]    228.2 MLBUps    263.34 GB/s [========            ]  2s
[  ]    228.2 MLBUps    263.39 GB/s [===========         ]  3s
[  ]    228.2 MLBUps    263.34 GB/s [==============      ]  5s
[  ]    228.0 MLBUps    263.16 GB/s [=================   ]  6s
[  ]    ---- :    223.6 MLBUps    258.09 GB/s [====================]
[  ]    228.1 MLBUps    263.17 GB/s [==                  ]  0s
[  ]    228.0 MLBUps    263.10 GB/s [=====               ]  1s
[  ]    228.1 MLBUps    263.22 GB/s [========            ]  2s
[  ]    228.1 MLBUps    263.27 GB/s [===========         ]  3s
[  ]    228.1 MLBUps    263.19 GB/s [==============      ]  4s
[  ]    228.2 MLBUps    263.35 GB/s [=================   ]  5s
[  ]    ---- :    223.9 MLBUps    258.38 GB/s [====================]
[  ]    228.0 MLBUps    263.06 GB/s [==                  ]  0s
[  ]    228.0 MLBUps    263.06 GB/s [=====               ]  1s
[  ]    228.2 MLBUps    263.38 GB/s [========            ]  2s
[  ]    228.2 MLBUps    263.37 GB/s [===========         ]  3s
[  ]    228.2 MLBUps    263.35 GB/s [==============      ]  4s
[  ]    228.1 MLBUps    263.27 GB/s [=================   ]  5s
[  ]    ---- :    223.9 MLBUps    258.39 GB/s [====================]
[  ]    227.9 MLBUps    263.03 GB/s [==                  ]  0s
[  ]    228.2 MLBUps    263.37 GB/s [=====               ]  1s
[  ]    228.2 MLBUps    263.33 GB/s [========            ]  2s
[  ]    228.1 MLBUps    263.23 GB/s [===========         ]  3s
[  ]    228.0 MLBUps    263.15 GB/s [==============      ]  5s
[  ]    228.0 MLBUps    263.11 GB/s [=================   ]  5s
[  ]    ---- :    223.8 MLBUps    258.24 GB/s [====================]
[  ]    228.1 MLBUps    263.22 GB/s [==                  ]  0s
[  ]    228.0 MLBUps    263.16 GB/s [=====               ]  2s
[  ]    228.0 MLBUps    263.16 GB/s [========            ]  2s
[  ]    228.2 MLBUps    263.34 GB/s [===========         ]  3s
[  ]    228.2 MLBUps    263.32 GB/s [==============      ]  4s
[  ]    228.1 MLBUps    263.23 GB/s [=================   ]  5s
[  ]    ---- :    223.8 MLBUps    258.27 GB/s [====================]
[  ]    228.0 MLBUps    263.06 GB/s [==                  ]  0s
[  ]    228.2 MLBUps    263.38 GB/s [=====               ]  1s
[  ]    228.2 MLBUps    263.30 GB/s [========            ]  2s
[  ]    228.2 MLBUps    263.32 GB/s [===========         ]  3s
[  ]    228.1 MLBUps    263.18 GB/s [==============      ]  5s
[  ]    228.1 MLBUps    263.21 GB/s [=================   ]  5s
[  ]    ---- :    223.7 MLBUps    258.11 GB/s [====================]
[  ]    ---- :    10000 it writing vtk
[  ]     34.6 MLBUps     39.88 GB/s [==                  ]  6s
[  ]    228.0 MLBUps    263.13 GB/s [===                 ]  6s
[  ]    228.1 MLBUps    263.28 GB/s [======              ]  7s
[  ]    228.1 MLBUps    263.24 GB/s [=========           ]  8s
[  ]    228.2 MLBUps    263.31 GB/s [============        ]  9s
[  ]    228.2 MLBUps    263.33 GB/s [==============      ] 10s
[  ]    228.2 MLBUps    263.34 GB/s [=================   ] 11s
[  ]    ---- :    222.9 MLBUps    257.22 GB/s [====================]
[  ]    227.8 MLBUps    262.85 GB/s [=                   ]  0s
[  ]    228.2 MLBUps    263.35 GB/s [====                ]  1s
[  ]    228.2 MLBUps    263.29 GB/s [=======             ]  2s
[  ]    228.1 MLBUps    263.27 GB/s [==========          ]  3s
[  ]    228.2 MLBUps    263.37 GB/s [=============       ]  4s
[  ]    228.3 MLBUps    263.43 GB/s [================    ]  5s
[  ]    228.3 MLBUps    263.42 GB/s [=================== ]  6s
[  ]    ---- :    216.5 MLBUps    249.81 GB/s [====================]
[  ]    228.0 MLBUps    263.16 GB/s [==                  ]  0s
[  ]    228.0 MLBUps    263.13 GB/s [=====               ]  1s
[  ]    228.1 MLBUps    263.23 GB/s [========            ]  2s
[  ]    228.2 MLBUps    263.36 GB/s [===========         ]  3s
[  ]    228.2 MLBUps    263.36 GB/s [==============      ]  4s
[  ]    228.3 MLBUps    263.41 GB/s [=================   ]  5s
[  ]    ---- :    223.8 MLBUps    258.32 GB/s [====================]
[  ]    228.0 MLBUps    263.15 GB/s [==                  ]  0s
[  ]    228.1 MLBUps    263.24 GB/s [=====               ]  1s
[  ]    228.0 MLBUps    263.13 GB/s [========            ]  2s
[  ]    228.1 MLBUps    263.19 GB/s [===========         ]  3s
[  ]    228.2 MLBUps    263.34 GB/s [==============      ]  4s
[  ]    228.2 MLBUps    263.35 GB/s [=================   ]  5s
[  ]    ---- :    223.9 MLBUps    258.38 GB/s [====================]
[  ]    228.1 MLBUps    263.25 GB/s [==                  ]  0s
[  ]    228.2 MLBUps    263.34 GB/s [=====               ]  1s
[  ]    228.2 MLBUps    263.32 GB/s [========            ]  3s
[  ]    228.1 MLBUps    263.23 GB/s [===========         ]  4s
[  ]    228.1 MLBUps    263.22 GB/s [==============      ]  5s
[  ]    228.2 MLBUps    263.29 GB/s [=================   ]  6s
[  ]    ---- :    223.7 MLBUps    258.12 GB/s [====================]
[  ]    227.9 MLBUps    262.98 GB/s [==                  ]  0s
[  ]    228.1 MLBUps    263.28 GB/s [=====               ]  1s
[  ]    228.2 MLBUps    263.34 GB/s [========            ]  2s
[  ]    228.2 MLBUps    263.32 GB/s [===========         ]  3s
[  ]    228.1 MLBUps    263.22 GB/s [==============      ]  5s
[  ]    228.2 MLBUps    263.29 GB/s [=================   ]  6s
[  ]    ---- :    223.8 MLBUps    258.29 GB/s [====================]
[  ]    228.1 MLBUps    263.28 GB/s [==                  ]  0s
[  ]    228.1 MLBUps    263.26 GB/s [=====               ]  1s
[  ]    228.3 MLBUps    263.40 GB/s [========            ]  3s
[  ]    228.1 MLBUps    263.26 GB/s [===========         ]  4s
[  ]    228.1 MLBUps    263.28 GB/s [==============      ]  5s
[  ]    228.1 MLBUps    263.25 GB/s [=================   ]  6s
[  ]    ---- :    223.7 MLBUps    258.18 GB/s [====================]
[  ]    228.0 MLBUps    263.14 GB/s [==                  ]  0s
[  ]    228.2 MLBUps    263.40 GB/s [=====               ]  1s
[  ]    228.2 MLBUps    263.30 GB/s [========            ]  2s
[  ]    228.2 MLBUps    263.29 GB/s [===========         ]  3s
[  ]    228.2 MLBUps    263.38 GB/s [==============      ]  5s
[  ]    228.1 MLBUps    263.26 GB/s [=================   ]  6s
[  ]    ---- :    223.8 MLBUps    258.31 GB/s [====================]
[  ]    228.2 MLBUps    263.33 GB/s [==                  ]  0s
[  ]    228.2 MLBUps    263.32 GB/s [=====               ]  1s
[  ]    228.1 MLBUps    263.28 GB/s [========            ]  3s
[  ]    228.4 MLBUps    263.53 GB/s [===========         ]  4s
[  ]    228.4 MLBUps    263.54 GB/s [==============      ]  5s
[  ]    228.2 MLBUps    263.33 GB/s [=================   ]  6s
[  ]    ---- :    223.7 MLBUps    258.17 GB/s [====================]
[  ]    228.1 MLBUps    263.21 GB/s [==                  ]  0s
[  ]    228.2 MLBUps    263.39 GB/s [=====               ]  1s
[  ]    228.4 MLBUps    263.53 GB/s [========            ]  3s
[  ]    228.3 MLBUps    263.41 GB/s [===========         ]  4s
[  ]    228.3 MLBUps    263.44 GB/s [==============      ]  5s
[  ]    228.3 MLBUps    263.47 GB/s [=================   ]  6s
[  ]    ---- :    223.7 MLBUps    258.12 GB/s [====================]
[  ]    ---- :    20000 it writing vtk
[  ]     34.2 MLBUps     39.52 GB/s [==                  ]  6s
[  ]    228.2 MLBUps    263.31 GB/s [===                 ]  6s
[  ]    228.2 MLBUps    263.32 GB/s [======              ]  7s
[  ]    228.2 MLBUps    263.40 GB/s [=========           ]  8s
[  ]    228.2 MLBUps    263.38 GB/s [============        ]  9s
[  ]    228.3 MLBUps    263.44 GB/s [===============     ] 10s
[  ]    228.2 MLBUps    263.38 GB/s [=================   ] 11s
[  ]    ---- :    222.9 MLBUps    257.25 GB/s [====================]
[  ]    228.1 MLBUps    263.19 GB/s [=                   ]  0s
[  ]    228.2 MLBUps    263.38 GB/s [====                ]  1s
[  ]    228.3 MLBUps    263.49 GB/s [=======             ]  2s
[  ]    228.2 MLBUps    263.37 GB/s [==========          ]  3s
[  ]    228.2 MLBUps    263.38 GB/s [=============       ]  4s
[  ]    228.3 MLBUps    263.41 GB/s [================    ]  5s
[  ]    228.3 MLBUps    263.45 GB/s [=================== ]  6s
[  ]    ---- :    215.8 MLBUps    249.09 GB/s [====================]
[  ]    228.1 MLBUps    263.27 GB/s [==                  ]  0s
[  ]    228.3 MLBUps    263.45 GB/s [=====               ]  1s
[  ]    228.2 MLBUps    263.30 GB/s [========            ]  3s
[  ]    228.3 MLBUps    263.43 GB/s [===========         ]  4s
[  ]    228.2 MLBUps    263.30 GB/s [==============      ]  5s
[  ]    228.2 MLBUps    263.38 GB/s [=================   ]  6s
[  ]    ---- :    223.9 MLBUps    258.39 GB/s [====================]
[  ]    228.2 MLBUps    263.38 GB/s [==                  ]  0s
[  ]    228.3 MLBUps    263.41 GB/s [=====               ]  1s
[  ]    228.2 MLBUps    263.31 GB/s [========            ]  3s
[  ]    228.1 MLBUps    263.28 GB/s [===========         ]  4s
[  ]    228.3 MLBUps    263.51 GB/s [==============      ]  5s
[  ]    228.2 MLBUps    263.40 GB/s [=================   ]  6s
[  ]    ---- :    223.7 MLBUps    258.16 GB/s [====================]
[  ]    228.1 MLBUps    263.19 GB/s [==                  ]  0s
[  ]    228.3 MLBUps    263.44 GB/s [=====               ]  1s
[  ]    228.3 MLBUps    263.45 GB/s [========            ]  3s
[  ]    228.1 MLBUps    263.28 GB/s [===========         ]  4s
[  ]    228.1 MLBUps    263.26 GB/s [==============      ]  5s
[  ]    228.3 MLBUps    263.45 GB/s [=================   ]  6s
[  ]    ---- :    223.8 MLBUps    258.27 GB/s [====================]
[  ]    228.1 MLBUps    263.28 GB/s [==                  ]  0s
[  ]    228.3 MLBUps    263.48 GB/s [=====               ]  1s
[  ]    228.3 MLBUps    263.45 GB/s [========            ]  3s
[  ]    228.2 MLBUps    263.29 GB/s [===========         ]  4s
[  ]    228.2 MLBUps    263.34 GB/s [==============      ]  5s
[  ]    228.2 MLBUps    263.36 GB/s [=================   ]  6s
[  ]    ---- :    223.8 MLBUps    258.24 GB/s [====================]
[  ]    228.2 MLBUps    263.40 GB/s [==                  ]  0s
[  ]    228.2 MLBUps    263.30 GB/s [=====               ]  1s
[  ]    228.4 MLBUps    263.55 GB/s [========            ]  3s
[  ]    228.3 MLBUps    263.40 GB/s [===========         ]  4s
[  ]    228.2 MLBUps    263.30 GB/s [==============      ]  5s
[  ]    228.3 MLBUps    263.47 GB/s [=================   ]  6s
[  ]    ---- :    221.5 MLBUps    255.65 GB/s [====================]
[  ]    225.1 MLBUps    259.75 GB/s [==                  ]  1s
[  ]    225.3 MLBUps    260.00 GB/s [=====               ]  2s
[  ]    225.1 MLBUps    259.77 GB/s [========            ]  3s
[  ]    224.9 MLBUps    259.59 GB/s [===========         ]  4s
[  ]    225.2 MLBUps    259.89 GB/s [==============      ]  5s
[  ]    225.3 MLBUps    260.05 GB/s [=================   ]  6s
[  ]    ---- :    220.8 MLBUps    254.80 GB/s [====================]
[  ]    224.8 MLBUps    259.46 GB/s [==                  ]  0s
[  ]    224.7 MLBUps    259.30 GB/s [=====               ]  1s
[  ]    224.7 MLBUps    259.29 GB/s [========            ]  2s
[  ]    225.0 MLBUps    259.67 GB/s [===========         ]  3s
[  ]    224.9 MLBUps    259.52 GB/s [==============      ]  4s
[  ]    224.9 MLBUps    259.52 GB/s [=================   ]  5s
[  ]    225.2 MLBUps    259.93 GB/s [=================== ]  6s
[  ]    ---- :    138.8 MLBUps    160.21 GB/s [====================]
[  ]    225.0 MLBUps    259.64 GB/s [==                  ]  0s
[  ]    225.4 MLBUps    260.15 GB/s [=====               ]  1s
[  ]    225.2 MLBUps    259.85 GB/s [========            ]  3s
[  ]    225.3 MLBUps    260.02 GB/s [===========         ]  4s
[  ]    224.5 MLBUps    259.06 GB/s [==============      ]  5s
[  ]    225.1 MLBUps    259.74 GB/s [=================   ]  6s
[  ]    ---- :    221.2 MLBUps    255.26 GB/s [====================]
[  ]    ---- :    30000 it writing vtk
[  ]     33.4 MLBUps     38.58 GB/s [==                  ]  6s
[  ]    228.3 MLBUps    263.51 GB/s [===                 ]  6s
[  ]    228.3 MLBUps    263.43 GB/s [======              ]  7s
[  ]    228.2 MLBUps    263.35 GB/s [=========           ]  8s
[  ]    228.0 MLBUps    263.16 GB/s [============        ]  9s
[  ]    228.2 MLBUps    263.39 GB/s [==============      ] 10s
[  ]    228.2 MLBUps    263.39 GB/s [=================   ] 11s
[  ]    ---- :    222.9 MLBUps    257.27 GB/s [====================]
[  ]    228.1 MLBUps    263.19 GB/s [=                   ]  0s
[  ]    228.2 MLBUps    263.38 GB/s [====                ]  1s
[  ]    228.3 MLBUps    263.41 GB/s [=======             ]  2s
[  ]    228.1 MLBUps    263.17 GB/s [==========          ]  3s
[  ]    228.2 MLBUps    263.39 GB/s [=============       ]  4s
[  ]    228.2 MLBUps    263.36 GB/s [================    ]  5s
[  ]    226.2 MLBUps    261.07 GB/s [=================== ]  6s
[  ]    ---- :    214.0 MLBUps    246.94 GB/s [====================]
[  ]    225.5 MLBUps    260.19 GB/s [==                  ]  1s
[  ]    225.8 MLBUps    260.54 GB/s [=====               ]  2s
[  ]    225.8 MLBUps    260.58 GB/s [========            ]  3s
[  ]    225.4 MLBUps    260.14 GB/s [===========         ]  4s
[  ]    225.6 MLBUps    260.33 GB/s [==============      ]  5s
[  ]    225.9 MLBUps    260.71 GB/s [=================   ]  6s
[  ]    ---- :    221.5 MLBUps    255.63 GB/s [====================]
[  ]    225.4 MLBUps    260.13 GB/s [==                  ]  1s
[  ]    225.7 MLBUps    260.44 GB/s [=====               ]  2s
[  ]    225.5 MLBUps    260.25 GB/s [========            ]  3s
[  ]    225.3 MLBUps    260.05 GB/s [===========         ]  4s
[  ]    222.2 MLBUps    256.42 GB/s [==============      ]  5s
[  ]    220.9 MLBUps    254.91 GB/s [=================   ]  6s
[  ]    ---- :    217.0 MLBUps    250.44 GB/s [====================]
[  ]    221.0 MLBUps    255.05 GB/s [==                  ]  1s
[  ]    221.1 MLBUps    255.19 GB/s [=====               ]  2s
[  ]    220.6 MLBUps    254.61 GB/s [========            ]  3s
[  ]    220.6 MLBUps    254.63 GB/s [===========         ]  4s
[  ]    221.0 MLBUps    255.04 GB/s [==============      ]  4s
[  ]    221.0 MLBUps    255.02 GB/s [================    ]  5s
[  ]    220.9 MLBUps    254.97 GB/s [=================== ]  6s
[  ]    ---- :    195.0 MLBUps    225.06 GB/s [====================]
[  ]    220.7 MLBUps    254.70 GB/s [==                  ]  0s
[  ]    220.9 MLBUps    254.95 GB/s [=====               ]  1s
[  ]    220.7 MLBUps    254.67 GB/s [========            ]  2s
[  ]    220.9 MLBUps    254.97 GB/s [===========         ]  3s
[  ]    221.0 MLBUps    255.00 GB/s [==============      ]  4s
[  ]    221.0 MLBUps    254.99 GB/s [================    ]  5s
[  ]    221.0 MLBUps    255.04 GB/s [=================== ]  6s
[  ]    ---- :    197.1 MLBUps    227.51 GB/s [====================]
[  ]    221.4 MLBUps    255.48 GB/s [==                  ]  0s
[  ]    220.9 MLBUps    254.96 GB/s [=====               ]  1s
[  ]    220.8 MLBUps    254.82 GB/s [========            ]  2s
[  ]    220.8 MLBUps    254.83 GB/s [===========         ]  3s
[  ]    221.2 MLBUps    255.24 GB/s [==============      ]  4s
[  ]    221.0 MLBUps    255.01 GB/s [================    ]  5s
[  ]    221.3 MLBUps    255.38 GB/s [=================== ]  6s
[  ]    ---- :    197.0 MLBUps    227.33 GB/s [====================]
[  ]    221.1 MLBUps    255.19 GB/s [==                  ]  0s
[  ]    220.9 MLBUps    254.92 GB/s [=====               ]  1s
[  ]    221.1 MLBUps    255.17 GB/s [========            ]  2s
[  ]    221.1 MLBUps    255.21 GB/s [===========         ]  3s
[  ]    220.9 MLBUps    254.90 GB/s [==============      ]  4s
[  ]    220.7 MLBUps    254.65 GB/s [================    ]  5s
[  ]    220.5 MLBUps    254.50 GB/s [=================== ]  6s
[  ]    ---- :    196.7 MLBUps    226.98 GB/s [====================]
[  ]    220.8 MLBUps    254.80 GB/s [==                  ]  0s
[  ]    220.7 MLBUps    254.71 GB/s [=====               ]  1s
[  ]    221.1 MLBUps    255.11 GB/s [========            ]  2s
[  ]    220.9 MLBUps    254.95 GB/s [===========         ]  3s
[  ]    220.8 MLBUps    254.79 GB/s [==============      ]  4s
[  ]    221.1 MLBUps    255.09 GB/s [================    ]  5s
[  ]    221.1 MLBUps    255.18 GB/s [=================== ]  6s
[  ]    ---- :    197.9 MLBUps    228.43 GB/s [====================]
[  ]    221.1 MLBUps    255.15 GB/s [==                  ]  0s
[  ]    221.1 MLBUps    255.13 GB/s [=====               ]  1s
[  ]    220.8 MLBUps    254.83 GB/s [========            ]  2s
[  ]    220.9 MLBUps    254.97 GB/s [===========         ]  3s
[  ]    221.0 MLBUps    255.07 GB/s [==============      ]  4s
[  ]    220.8 MLBUps    254.78 GB/s [================    ]  5s
[  ]    220.8 MLBUps    254.76 GB/s [=================== ]  6s
[  ]    ---- :    196.7 MLBUps    226.96 GB/s [====================]
[  ]    ---- :    40000 it writing vtk
[  ]     33.1 MLBUps     38.17 GB/s [==                  ]  6s
[  ]    228.1 MLBUps    263.27 GB/s [===                 ]  6s
[  ]    228.3 MLBUps    263.48 GB/s [======              ]  7s
[  ]    228.3 MLBUps    263.41 GB/s [=========           ]  8s
[  ]    228.3 MLBUps    263.41 GB/s [============        ]  9s
[  ]    228.2 MLBUps    263.31 GB/s [==============      ] 10s
[  ]    228.2 MLBUps    263.39 GB/s [=================   ] 11s
[  ]    ---- :    223.0 MLBUps    257.35 GB/s [====================]
[  ]    228.2 MLBUps    263.35 GB/s [=                   ]  0s
[  ]    226.3 MLBUps    261.12 GB/s [====                ]  1s
[  ]    225.5 MLBUps    260.23 GB/s [=======             ]  2s
[  ]    225.4 MLBUps    260.13 GB/s [==========          ]  3s
[  ]    225.6 MLBUps    260.34 GB/s [=============       ]  4s
[  ]    225.1 MLBUps    259.77 GB/s [================    ]  5s
[  ]    225.3 MLBUps    259.96 GB/s [==================  ]  6s
[  ]    ---- :    215.5 MLBUps    248.69 GB/s [====================]
[  ]    225.3 MLBUps    260.02 GB/s [==                  ]  1s
[  ]    225.5 MLBUps    260.18 GB/s [=====               ]  2s
[  ]    225.5 MLBUps    260.22 GB/s [========            ]  3s
[  ]    225.2 MLBUps    259.88 GB/s [===========         ]  4s
[  ]    225.5 MLBUps    260.26 GB/s [==============      ]  5s
[  ]    225.3 MLBUps    260.00 GB/s [=================   ]  6s
[  ]    ---- :    221.4 MLBUps    255.44 GB/s [====================]
[  ]    225.1 MLBUps    259.76 GB/s [==                  ]  0s
[  ]    225.3 MLBUps    260.01 GB/s [=====               ]  1s
[  ]    225.3 MLBUps    260.04 GB/s [========            ]  3s
[  ]    221.5 MLBUps    255.61 GB/s [===========         ]  4s
[  ]    221.0 MLBUps    255.02 GB/s [==============      ]  5s
[  ]    220.8 MLBUps    254.85 GB/s [=================   ]  6s
[  ]    220.5 MLBUps    254.46 GB/s [=================== ]  7s
[  ]    ---- :    156.8 MLBUps    180.94 GB/s [====================]
[  ]    220.5 MLBUps    254.46 GB/s [==                  ]  1s
[  ]    220.5 MLBUps    254.49 GB/s [=====               ]  2s
[  ]    220.5 MLBUps    254.45 GB/s [========            ]  3s
[  ]    221.0 MLBUps    255.04 GB/s [===========         ]  4s
[  ]    220.4 MLBUps    254.38 GB/s [==============      ]  5s
[  ]    220.6 MLBUps    254.56 GB/s [================    ]  6s
[  ]    220.6 MLBUps    254.62 GB/s [=================== ]  7s
[  ]    ---- :    195.5 MLBUps    225.65 GB/s [====================]
[  ]    221.1 MLBUps    255.13 GB/s [==                  ]  0s
[  ]    220.9 MLBUps    254.86 GB/s [=====               ]  1s
[  ]    220.9 MLBUps    254.92 GB/s [========            ]  2s
[  ]    220.8 MLBUps    254.77 GB/s [===========         ]  3s
[  ]    220.8 MLBUps    254.86 GB/s [==============      ]  4s
[  ]    220.6 MLBUps    254.52 GB/s [================    ]  5s
[  ]    220.6 MLBUps    254.58 GB/s [=================== ]  6s
[  ]    ---- :    197.3 MLBUps    227.64 GB/s [====================]
[  ]    221.0 MLBUps    254.99 GB/s [==                  ]  0s
[  ]    220.7 MLBUps    254.69 GB/s [=====               ]  1s
[  ]    221.0 MLBUps    254.99 GB/s [========            ]  2s
[  ]    221.2 MLBUps    255.21 GB/s [===========         ]  3s
[  ]    221.1 MLBUps    255.14 GB/s [==============      ]  4s
[  ]    221.1 MLBUps    255.20 GB/s [================    ]  5s
[  ]    220.9 MLBUps    254.98 GB/s [=================== ]  6s
[  ]    ---- :    197.6 MLBUps    227.97 GB/s [====================]
[  ]    220.9 MLBUps    254.90 GB/s [==                  ]  0s
[  ]    220.9 MLBUps    254.93 GB/s [=====               ]  1s
[  ]    220.8 MLBUps    254.81 GB/s [========            ]  2s
[  ]    220.8 MLBUps    254.85 GB/s [===========         ]  3s
[  ]    220.7 MLBUps    254.74 GB/s [==============      ]  4s
[  ]    221.0 MLBUps    255.01 GB/s [================    ]  5s
[  ]    221.2 MLBUps    255.23 GB/s [=================== ]  6s
[  ]    ---- :    196.2 MLBUps    226.40 GB/s [====================]
[  ]    221.2 MLBUps    255.29 GB/s [==                  ]  0s
[  ]    220.9 MLBUps    254.96 GB/s [=====               ]  1s
[  ]    221.1 MLBUps    255.10 GB/s [========            ]  2s
[  ]    221.1 MLBUps    255.20 GB/s [===========         ]  3s
[  ]    221.2 MLBUps    255.22 GB/s [==============      ]  4s
[  ]    221.0 MLBUps    255.08 GB/s [================    ]  5s
[  ]    221.0 MLBUps    255.01 GB/s [=================== ]  6s
[  ]    ---- :    197.6 MLBUps    227.98 GB/s [====================]
[  ]    220.8 MLBUps    254.77 GB/s [==                  ]  0s
[  ]    220.7 MLBUps    254.71 GB/s [=====               ]  1s
[  ]    221.0 MLBUps    255.06 GB/s [========            ]  2s
[  ]    221.1 MLBUps    255.11 GB/s [===========         ]  3s
[  ]    221.2 MLBUps    255.32 GB/s [==============      ]  4s
[  ]    221.2 MLBUps    255.28 GB/s [================    ]  5s
[  ]    221.1 MLBUps    255.20 GB/s [=================== ]  6s
[  ]    ---- :    196.3 MLBUps    226.54 GB/s [====================]
[  ]    ---- :    50000 it writing vtk
[  ]    ---- : Total duration: 383.625173 s = 6.393753 min = 0.106563 h
