QUEUE_START 2026-06-13T21:15:25+08:00 queue=sphere_b gpu=GPU-2abee638-4460-b364-cd98-08cb6eaf11f7 kind=sphere
status=runtime_sanity
claim_limit=exploratory_not_validation
run_root=/media/yuan/新加卷1/RUNS/runs/stage8/stage8h_contact_relation_and_profile_path_audit_20260613/sphere
case_staging=/tmp/pre2025_sphere_stage8h_shadow_cases
case_list=/media/yuan/新加卷1/RUNS/runs/stage8/stage8h_contact_relation_and_profile_path_audit_20260613/sphere/case_queue_b.txt
binary=/home/yuan/src/TCLB_stage8h_contact_relation_and_profile_path_audit_20260613/CLB/d3q27_pf_velocity_q27_geometric/main
cuda_device_order=PCI_BUS_ID
cuda_visible_devices=GPU-2abee638-4460-b364-cd98-08cb6eaf11f7
f083f1b436b137165a7dec2b49cdb77529a37c05de0105f7616bc2288eadf2e5  /home/yuan/src/TCLB_stage8h_contact_relation_and_profile_path_audit_20260613/CLB/d3q27_pf_velocity_q27_geometric/main
CASE_START 2026-06-13T21:15:25+08:00 queue=sphere_b gpu=GPU-2abee638-4460-b364-cd98-08cb6eaf11f7 case=theta030_cap_on_sphere_stage8h_mode1
CASE_END 2026-06-13T21:15:55+08:00 queue=sphere_b gpu=GPU-2abee638-4460-b364-cd98-08cb6eaf11f7 case=theta030_cap_on_sphere_stage8h_mode1 rc=0
POSTPROCESS_DEFERRED 2026-06-13T21:15:55+08:00 queue=sphere_b gpu=GPU-2abee638-4460-b364-cd98-08cb6eaf11f7 case=theta030_cap_on_sphere_stage8h_mode1
CASE_START 2026-06-13T21:15:55+08:00 queue=sphere_b gpu=GPU-2abee638-4460-b364-cd98-08cb6eaf11f7 case=theta030_cap_on_sphere_stage8h_mode3
CASE_END 2026-06-13T21:16:23+08:00 queue=sphere_b gpu=GPU-2abee638-4460-b364-cd98-08cb6eaf11f7 case=theta030_cap_on_sphere_stage8h_mode3 rc=0
POSTPROCESS_DEFERRED 2026-06-13T21:16:23+08:00 queue=sphere_b gpu=GPU-2abee638-4460-b364-cd98-08cb6eaf11f7 case=theta030_cap_on_sphere_stage8h_mode3
CASE_START 2026-06-13T21:16:23+08:00 queue=sphere_b gpu=GPU-2abee638-4460-b364-cd98-08cb6eaf11f7 case=theta030_free_sphere_stage8h_mode0
CASE_END 2026-06-13T21:17:57+08:00 queue=sphere_b gpu=GPU-2abee638-4460-b364-cd98-08cb6eaf11f7 case=theta030_free_sphere_stage8h_mode0 rc=0
POSTPROCESS_DEFERRED 2026-06-13T21:17:57+08:00 queue=sphere_b gpu=GPU-2abee638-4460-b364-cd98-08cb6eaf11f7 case=theta030_free_sphere_stage8h_mode0
CASE_START 2026-06-13T21:17:57+08:00 queue=sphere_b gpu=GPU-2abee638-4460-b364-cd98-08cb6eaf11f7 case=theta030_free_sphere_stage8h_mode2
CASE_END 2026-06-13T21:18:58+08:00 queue=sphere_b gpu=GPU-2abee638-4460-b364-cd98-08cb6eaf11f7 case=theta030_free_sphere_stage8h_mode2 rc=0
POSTPROCESS_DEFERRED 2026-06-13T21:18:58+08:00 queue=sphere_b gpu=GPU-2abee638-4460-b364-cd98-08cb6eaf11f7 case=theta030_free_sphere_stage8h_mode2
CASE_START 2026-06-13T21:18:58+08:00 queue=sphere_b gpu=GPU-2abee638-4460-b364-cd98-08cb6eaf11f7 case=theta030_free_sphere_stage8h_mode4
CASE_END 2026-06-13T21:19:55+08:00 queue=sphere_b gpu=GPU-2abee638-4460-b364-cd98-08cb6eaf11f7 case=theta030_free_sphere_stage8h_mode4 rc=0
POSTPROCESS_DEFERRED 2026-06-13T21:19:55+08:00 queue=sphere_b gpu=GPU-2abee638-4460-b364-cd98-08cb6eaf11f7 case=theta030_free_sphere_stage8h_mode4
QUEUE_END 2026-06-13T21:19:55+08:00 queue=sphere_b gpu=GPU-2abee638-4460-b364-cd98-08cb6eaf11f7 kind=sphere
