MPMD: TCLB: local:0/1 work:0/1 ---  connected to:
[  ]    ---- : Using std::chrono::steady_clock::now() for walltime
[  ]    #### : -------------------------------------------------------------------------
[  ]    #### : -  CLB version:                   ded67cd                               -
[  ]    #### : -        Model: d3q27_pf_velocity_q27_geometric                               -
[  ]    #### : -------------------------------------------------------------------------
[  ]    #### : Setting output path to: case
[  ]    ---- : Discarding 1 comments
[ 0]    ---- : Selecting device 0/1
[  ]    ---- :   Threads  |      Action
[  ]    ==== :    32x4    | BorderExecutor<(eOperationType)0, (eCalculateGlobals)0, (eStage)0> --- Reduced from maximum 1024
[  ]    ==== :    32x4    | BorderExecutor<(eOperationType)0, (eCalculateGlobals)0, (eStage)1> --- Reduced from maximum 384
[  ]    ==== :    32x4    | BorderExecutor<(eOperationType)0, (eCalculateGlobals)0, (eStage)2> --- Reduced from maximum 384
[  ]    ==== :    32x4    | BorderExecutor<(eOperationType)0, (eCalculateGlobals)0, (eStage)3> --- Reduced from maximum 256
[  ]    ==== :    32x4    | BorderExecutor<(eOperationType)0, (eCalculateGlobals)0, (eStage)4> --- Reduced from maximum 1024
[  ]    ==== :    32x4    | BorderExecutor<(eOperationType)0, (eCalculateGlobals)0, (eStage)5> --- Reduced from maximum 512
[  ]    ==== :    32x4    | BorderExecutor<(eOperationType)0, (eCalculateGlobals)0, (eStage)6> --- Reduced from maximum 512
[  ]    ==== :    32x4    | BorderExecutor<(eOperationType)0, (eCalculateGlobals)0, (eStage)7> --- Reduced from maximum 640
[  ]    ==== :    32x4    | BorderExecutor<(eOperationType)0, (eCalculateGlobals)0, (eStage)8> --- Reduced from maximum 640
[  ]    ==== :    32x4    | BorderExecutor<(eOperationType)0, (eCalculateGlobals)0, (eStage)9> --- Reduced from maximum 512
[  ]    ==== :    32x4    | BorderExecutor<(eOperationType)0, (eCalculateGlobals)1, (eStage)0> --- Reduced from maximum 896
[  ]    ==== :    32x4    | BorderExecutor<(eOperationType)0, (eCalculateGlobals)1, (eStage)1> --- Reduced from maximum 384
[  ]    ==== :    32x4    | BorderExecutor<(eOperationType)0, (eCalculateGlobals)1, (eStage)2> --- Reduced from maximum 256
[  ]    ==== :    32x4    | BorderExecutor<(eOperationType)0, (eCalculateGlobals)1, (eStage)3> --- Reduced from maximum 256
[  ]    ==== :    32x4    | BorderExecutor<(eOperationType)0, (eCalculateGlobals)1, (eStage)4> --- Reduced from maximum 1024
[  ]    ==== :    32x4    | BorderExecutor<(eOperationType)0, (eCalculateGlobals)1, (eStage)5> --- Reduced from maximum 512
[  ]    ==== :    32x4    | BorderExecutor<(eOperationType)0, (eCalculateGlobals)1, (eStage)6> --- Reduced from maximum 512
[  ]    ==== :    32x4    | BorderExecutor<(eOperationType)0, (eCalculateGlobals)1, (eStage)7> --- Reduced from maximum 640
[  ]    ==== :    32x4    | BorderExecutor<(eOperationType)0, (eCalculateGlobals)1, (eStage)8> --- Reduced from maximum 640
[  ]    ==== :    32x4    | BorderExecutor<(eOperationType)0, (eCalculateGlobals)1, (eStage)9> --- Reduced from maximum 768
[  ]    ==== :    32x4    | BorderExecutor<(eOperationType)0, (eCalculateGlobals)2, (eStage)0> --- Reduced from maximum 1024
[  ]    ==== :    32x4    | BorderExecutor<(eOperationType)0, (eCalculateGlobals)2, (eStage)1> --- Reduced from maximum 1024
[  ]    ==== :    32x4    | BorderExecutor<(eOperationType)0, (eCalculateGlobals)2, (eStage)2> --- Reduced from maximum 1024
[  ]    ==== :    32x4    | BorderExecutor<(eOperationType)0, (eCalculateGlobals)2, (eStage)3> --- Reduced from maximum 1024
[  ]    ==== :    32x4    | BorderExecutor<(eOperationType)0, (eCalculateGlobals)2, (eStage)4> --- Reduced from maximum 1024
[  ]    ==== :    32x4    | BorderExecutor<(eOperationType)0, (eCalculateGlobals)2, (eStage)5> --- Reduced from maximum 1024
[  ]    ==== :    32x4    | BorderExecutor<(eOperationType)0, (eCalculateGlobals)2, (eStage)6> --- Reduced from maximum 1024
[  ]    ==== :    32x4    | BorderExecutor<(eOperationType)0, (eCalculateGlobals)2, (eStage)7> --- Reduced from maximum 1024
[  ]    ==== :    32x4    | BorderExecutor<(eOperationType)0, (eCalculateGlobals)2, (eStage)8> --- Reduced from maximum 1024
[  ]    ==== :    32x4    | BorderExecutor<(eOperationType)0, (eCalculateGlobals)2, (eStage)9> --- Reduced from maximum 1024
[  ]    ==== :    32x4    | BorderExecutor<(eOperationType)1, (eCalculateGlobals)0, (eStage)0> --- Reduced from maximum 1024
[  ]    ==== :    32x4    | BorderExecutor<(eOperationType)1, (eCalculateGlobals)0, (eStage)1> --- Reduced from maximum 1024
[  ]    ==== :    32x4    | BorderExecutor<(eOperationType)1, (eCalculateGlobals)0, (eStage)2> --- Reduced from maximum 1024
[  ]    ==== :    32x4    | BorderExecutor<(eOperationType)1, (eCalculateGlobals)0, (eStage)3> --- Reduced from maximum 1024
[  ]    ==== :    32x4    | BorderExecutor<(eOperationType)1, (eCalculateGlobals)0, (eStage)4> --- Reduced from maximum 1024
[  ]    ==== :    32x4    | BorderExecutor<(eOperationType)1, (eCalculateGlobals)0, (eStage)5> --- Reduced from maximum 1024
[  ]    ==== :    32x4    | BorderExecutor<(eOperationType)1, (eCalculateGlobals)0, (eStage)6> --- Reduced from maximum 1024
[  ]    ==== :    32x4    | BorderExecutor<(eOperationType)1, (eCalculateGlobals)0, (eStage)7> --- Reduced from maximum 1024
[  ]    ==== :    32x4    | BorderExecutor<(eOperationType)1, (eCalculateGlobals)0, (eStage)8> --- Reduced from maximum 1024
[  ]    ==== :    32x4    | BorderExecutor<(eOperationType)1, (eCalculateGlobals)0, (eStage)9> --- Reduced from maximum 1024
[  ]    ==== :    32x4    | BorderExecutor<(eOperationType)1, (eCalculateGlobals)1, (eStage)0> --- Reduced from maximum 1024
[  ]    ==== :    32x4    | BorderExecutor<(eOperationType)1, (eCalculateGlobals)1, (eStage)1> --- Reduced from maximum 1024
[  ]    ==== :    32x4    | BorderExecutor<(eOperationType)1, (eCalculateGlobals)1, (eStage)2> --- Reduced from maximum 1024
[  ]    ==== :    32x4    | BorderExecutor<(eOperationType)1, (eCalculateGlobals)1, (eStage)3> --- Reduced from maximum 1024
[  ]    ==== :    32x4    | BorderExecutor<(eOperationType)1, (eCalculateGlobals)1, (eStage)4> --- Reduced from maximum 1024
[  ]    ==== :    32x4    | BorderExecutor<(eOperationType)1, (eCalculateGlobals)1, (eStage)5> --- Reduced from maximum 1024
[  ]    ==== :    32x4    | BorderExecutor<(eOperationType)1, (eCalculateGlobals)1, (eStage)6> --- Reduced from maximum 1024
[  ]    ==== :    32x4    | BorderExecutor<(eOperationType)1, (eCalculateGlobals)1, (eStage)7> --- Reduced from maximum 1024
[  ]    ==== :    32x4    | BorderExecutor<(eOperationType)1, (eCalculateGlobals)1, (eStage)8> --- Reduced from maximum 1024
[  ]    ==== :    32x4    | BorderExecutor<(eOperationType)1, (eCalculateGlobals)1, (eStage)9> --- Reduced from maximum 1024
[  ]    ==== :    32x4    | BorderExecutor<(eOperationType)1, (eCalculateGlobals)2, (eStage)0> --- Reduced from maximum 1024
[  ]    ==== :    32x4    | BorderExecutor<(eOperationType)1, (eCalculateGlobals)2, (eStage)1> --- Reduced from maximum 1024
[  ]    ==== :    32x4    | BorderExecutor<(eOperationType)1, (eCalculateGlobals)2, (eStage)2> --- Reduced from maximum 1024
[  ]    ==== :    32x4    | BorderExecutor<(eOperationType)1, (eCalculateGlobals)2, (eStage)3> --- Reduced from maximum 1024
[  ]    ==== :    32x4    | BorderExecutor<(eOperationType)1, (eCalculateGlobals)2, (eStage)4> --- Reduced from maximum 1024
[  ]    ==== :    32x4    | BorderExecutor<(eOperationType)1, (eCalculateGlobals)2, (eStage)5> --- Reduced from maximum 1024
[  ]    ==== :    32x4    | BorderExecutor<(eOperationType)1, (eCalculateGlobals)2, (eStage)6> --- Reduced from maximum 1024
[  ]    ==== :    32x4    | BorderExecutor<(eOperationType)1, (eCalculateGlobals)2, (eStage)7> --- Reduced from maximum 1024
[  ]    ==== :    32x4    | BorderExecutor<(eOperationType)1, (eCalculateGlobals)2, (eStage)8> --- Reduced from maximum 1024
[  ]    ==== :    32x4    | BorderExecutor<(eOperationType)1, (eCalculateGlobals)2, (eStage)9> --- Reduced from maximum 1024
[  ]    ==== :    32x4    | BorderExecutor<(eOperationType)3, (eCalculateGlobals)0, (eStage)0> --- Reduced from maximum 1024
[  ]    ==== :    32x4    | BorderExecutor<(eOperationType)3, (eCalculateGlobals)0, (eStage)1> --- Reduced from maximum 1024
[  ]    ==== :    32x4    | BorderExecutor<(eOperationType)3, (eCalculateGlobals)0, (eStage)2> --- Reduced from maximum 1024
[  ]    ==== :    32x4    | BorderExecutor<(eOperationType)3, (eCalculateGlobals)0, (eStage)3> --- Reduced from maximum 1024
[  ]    ==== :    32x4    | BorderExecutor<(eOperationType)3, (eCalculateGlobals)0, (eStage)4> --- Reduced from maximum 1024
[  ]    ==== :    32x4    | BorderExecutor<(eOperationType)3, (eCalculateGlobals)0, (eStage)5> --- Reduced from maximum 1024
[  ]    ==== :    32x4    | BorderExecutor<(eOperationType)3, (eCalculateGlobals)0, (eStage)6> --- Reduced from maximum 1024
[  ]    ==== :    32x4    | BorderExecutor<(eOperationType)3, (eCalculateGlobals)0, (eStage)7> --- Reduced from maximum 1024
[  ]    ==== :    32x4    | BorderExecutor<(eOperationType)3, (eCalculateGlobals)0, (eStage)8> --- Reduced from maximum 1024
[  ]    ==== :    32x4    | BorderExecutor<(eOperationType)3, (eCalculateGlobals)0, (eStage)9> --- Reduced from maximum 1024
[  ]    ==== :    32x4    | BorderExecutor<(eOperationType)3, (eCalculateGlobals)1, (eStage)0> --- Reduced from maximum 1024
[  ]    ==== :    32x4    | BorderExecutor<(eOperationType)3, (eCalculateGlobals)1, (eStage)1> --- Reduced from maximum 1024
[  ]    ==== :    32x4    | BorderExecutor<(eOperationType)3, (eCalculateGlobals)1, (eStage)2> --- Reduced from maximum 1024
[  ]    ==== :    32x4    | BorderExecutor<(eOperationType)3, (eCalculateGlobals)1, (eStage)3> --- Reduced from maximum 1024
[  ]    ==== :    32x4    | BorderExecutor<(eOperationType)3, (eCalculateGlobals)1, (eStage)4> --- Reduced from maximum 1024
[  ]    ==== :    32x4    | BorderExecutor<(eOperationType)3, (eCalculateGlobals)1, (eStage)5> --- Reduced from maximum 1024
[  ]    ==== :    32x4    | BorderExecutor<(eOperationType)3, (eCalculateGlobals)1, (eStage)6> --- Reduced from maximum 1024
[  ]    ==== :    32x4    | BorderExecutor<(eOperationType)3, (eCalculateGlobals)1, (eStage)7> --- Reduced from maximum 1024
[  ]    ==== :    32x4    | BorderExecutor<(eOperationType)3, (eCalculateGlobals)1, (eStage)8> --- Reduced from maximum 1024
[  ]    ==== :    32x4    | BorderExecutor<(eOperationType)3, (eCalculateGlobals)1, (eStage)9> --- Reduced from maximum 1024
[  ]    ==== :    32x4    | BorderExecutor<(eOperationType)3, (eCalculateGlobals)2, (eStage)0> --- Reduced from maximum 1024
[  ]    ==== :    32x4    | BorderExecutor<(eOperationType)3, (eCalculateGlobals)2, (eStage)1> --- Reduced from maximum 1024
[  ]    ==== :    32x4    | BorderExecutor<(eOperationType)3, (eCalculateGlobals)2, (eStage)2> --- Reduced from maximum 1024
[  ]    ==== :    32x4    | BorderExecutor<(eOperationType)3, (eCalculateGlobals)2, (eStage)3> --- Reduced from maximum 1024
[  ]    ==== :    32x4    | BorderExecutor<(eOperationType)3, (eCalculateGlobals)2, (eStage)4> --- Reduced from maximum 1024
[  ]    ==== :    32x4    | BorderExecutor<(eOperationType)3, (eCalculateGlobals)2, (eStage)5> --- Reduced from maximum 1024
[  ]    ==== :    32x4    | BorderExecutor<(eOperationType)3, (eCalculateGlobals)2, (eStage)6> --- Reduced from maximum 1024
[  ]    ==== :    32x4    | BorderExecutor<(eOperationType)3, (eCalculateGlobals)2, (eStage)7> --- Reduced from maximum 1024
[  ]    ==== :    32x4    | BorderExecutor<(eOperationType)3, (eCalculateGlobals)2, (eStage)8> --- Reduced from maximum 1024
[  ]    ==== :    32x4    | BorderExecutor<(eOperationType)3, (eCalculateGlobals)2, (eStage)9> --- Reduced from maximum 1024
[  ]    ==== :    32x4    | BorderExecutor<(eOperationType)4, (eCalculateGlobals)0, (eStage)0> --- Reduced from maximum 1024
[  ]    ==== :    32x4    | BorderExecutor<(eOperationType)4, (eCalculateGlobals)0, (eStage)1> --- Reduced from maximum 1024
[  ]    ==== :    32x4    | BorderExecutor<(eOperationType)4, (eCalculateGlobals)0, (eStage)2> --- Reduced from maximum 1024
[  ]    ==== :    32x4    | BorderExecutor<(eOperationType)4, (eCalculateGlobals)0, (eStage)3> --- Reduced from maximum 1024
[  ]    ==== :    32x4    | BorderExecutor<(eOperationType)4, (eCalculateGlobals)0, (eStage)4> --- Reduced from maximum 1024
[  ]    ==== :    32x4    | BorderExecutor<(eOperationType)4, (eCalculateGlobals)0, (eStage)5> --- Reduced from maximum 1024
[  ]    ==== :    32x4    | BorderExecutor<(eOperationType)4, (eCalculateGlobals)0, (eStage)6> --- Reduced from maximum 1024
[  ]    ==== :    32x4    | BorderExecutor<(eOperationType)4, (eCalculateGlobals)0, (eStage)7> --- Reduced from maximum 1024
[  ]    ==== :    32x4    | BorderExecutor<(eOperationType)4, (eCalculateGlobals)0, (eStage)8> --- Reduced from maximum 1024
[  ]    ==== :    32x4    | BorderExecutor<(eOperationType)4, (eCalculateGlobals)0, (eStage)9> --- Reduced from maximum 1024
[  ]    ==== :    32x4    | BorderExecutor<(eOperationType)4, (eCalculateGlobals)1, (eStage)0> --- Reduced from maximum 1024
[  ]    ==== :    32x4    | BorderExecutor<(eOperationType)4, (eCalculateGlobals)1, (eStage)1> --- Reduced from maximum 1024
[  ]    ==== :    32x4    | BorderExecutor<(eOperationType)4, (eCalculateGlobals)1, (eStage)2> --- Reduced from maximum 1024
[  ]    ==== :    32x4    | BorderExecutor<(eOperationType)4, (eCalculateGlobals)1, (eStage)3> --- Reduced from maximum 1024
[  ]    ==== :    32x4    | BorderExecutor<(eOperationType)4, (eCalculateGlobals)1, (eStage)4> --- Reduced from maximum 1024
[  ]    ==== :    32x4    | BorderExecutor<(eOperationType)4, (eCalculateGlobals)1, (eStage)5> --- Reduced from maximum 1024
[  ]    ==== :    32x4    | BorderExecutor<(eOperationType)4, (eCalculateGlobals)1, (eStage)6> --- Reduced from maximum 1024
[  ]    ==== :    32x4    | BorderExecutor<(eOperationType)4, (eCalculateGlobals)1, (eStage)7> --- Reduced from maximum 1024
[  ]    ==== :    32x4    | BorderExecutor<(eOperationType)4, (eCalculateGlobals)1, (eStage)8> --- Reduced from maximum 1024
[  ]    ==== :    32x4    | BorderExecutor<(eOperationType)4, (eCalculateGlobals)1, (eStage)9> --- Reduced from maximum 1024
[  ]    ==== :    32x4    | BorderExecutor<(eOperationType)4, (eCalculateGlobals)2, (eStage)0> --- Reduced from maximum 1024
[  ]    ==== :    32x4    | BorderExecutor<(eOperationType)4, (eCalculateGlobals)2, (eStage)1> --- Reduced from maximum 1024
[  ]    ==== :    32x4    | BorderExecutor<(eOperationType)4, (eCalculateGlobals)2, (eStage)2> --- Reduced from maximum 1024
[  ]    ==== :    32x4    | BorderExecutor<(eOperationType)4, (eCalculateGlobals)2, (eStage)3> --- Reduced from maximum 1024
[  ]    ==== :    32x4    | BorderExecutor<(eOperationType)4, (eCalculateGlobals)2, (eStage)4> --- Reduced from maximum 1024
[  ]    ==== :    32x4    | BorderExecutor<(eOperationType)4, (eCalculateGlobals)2, (eStage)5> --- Reduced from maximum 1024
[  ]    ==== :    32x4    | BorderExecutor<(eOperationType)4, (eCalculateGlobals)2, (eStage)6> --- Reduced from maximum 1024
[  ]    ==== :    32x4    | BorderExecutor<(eOperationType)4, (eCalculateGlobals)2, (eStage)7> --- Reduced from maximum 1024
[  ]    ==== :    32x4    | BorderExecutor<(eOperationType)4, (eCalculateGlobals)2, (eStage)8> --- Reduced from maximum 1024
[  ]    ==== :    32x4    | BorderExecutor<(eOperationType)4, (eCalculateGlobals)2, (eStage)9> --- Reduced from maximum 1024
[  ]    ==== :    32x4    | InteriorExecutor<(eOperationType)0, (eCalculateGlobals)0, (eStage)0> --- Reduced from maximum 1024
[  ]    ==== :    32x4    | InteriorExecutor<(eOperationType)0, (eCalculateGlobals)0, (eStage)1> --- Reduced from maximum 640
[  ]    ==== :    32x4    | InteriorExecutor<(eOperationType)0, (eCalculateGlobals)0, (eStage)2> --- Reduced from maximum 384
[  ]    ==== :    32x4    | InteriorExecutor<(eOperationType)0, (eCalculateGlobals)0, (eStage)3> --- Reduced from maximum 256
[  ]    ==== :    32x4    | InteriorExecutor<(eOperationType)0, (eCalculateGlobals)0, (eStage)4> --- Reduced from maximum 1024
[  ]    ==== :    32x4    | InteriorExecutor<(eOperationType)0, (eCalculateGlobals)0, (eStage)5> --- Reduced from maximum 640
[  ]    ==== :    32x4    | InteriorExecutor<(eOperationType)0, (eCalculateGlobals)0, (eStage)6> --- Reduced from maximum 768
[  ]    ==== :    32x4    | InteriorExecutor<(eOperationType)0, (eCalculateGlobals)0, (eStage)7> --- Reduced from maximum 1024
[  ]    ==== :    32x4    | InteriorExecutor<(eOperationType)0, (eCalculateGlobals)0, (eStage)8> --- Reduced from maximum 1024
[  ]    ==== :    32x4    | InteriorExecutor<(eOperationType)0, (eCalculateGlobals)0, (eStage)9> --- Reduced from maximum 896
[  ]    ==== :    32x4    | InteriorExecutor<(eOperationType)0, (eCalculateGlobals)1, (eStage)0> --- Reduced from maximum 1024
[  ]    ==== :    32x4    | InteriorExecutor<(eOperationType)0, (eCalculateGlobals)1, (eStage)1> --- Reduced from maximum 256
[  ]    ==== :    32x4    | InteriorExecutor<(eOperationType)0, (eCalculateGlobals)1, (eStage)2> --- Reduced from maximum 256
[  ]    ==== :    32x4    | InteriorExecutor<(eOperationType)0, (eCalculateGlobals)1, (eStage)3> --- Reduced from maximum 256
[  ]    ==== :    32x4    | InteriorExecutor<(eOperationType)0, (eCalculateGlobals)1, (eStage)4> --- Reduced from maximum 1024
[  ]    ==== :    32x4    | InteriorExecutor<(eOperationType)0, (eCalculateGlobals)1, (eStage)5> --- Reduced from maximum 768
[  ]    ==== :    32x4    | InteriorExecutor<(eOperationType)0, (eCalculateGlobals)1, (eStage)6> --- Reduced from maximum 768
[  ]    ==== :    32x4    | InteriorExecutor<(eOperationType)0, (eCalculateGlobals)1, (eStage)7> --- Reduced from maximum 1024
[  ]    ==== :    32x4    | InteriorExecutor<(eOperationType)0, (eCalculateGlobals)1, (eStage)8> --- Reduced from maximum 896
[  ]    ==== :    32x4    | InteriorExecutor<(eOperationType)0, (eCalculateGlobals)1, (eStage)9> --- Reduced from maximum 768
[  ]    ==== :    32x4    | InteriorExecutor<(eOperationType)0, (eCalculateGlobals)2, (eStage)0> --- Reduced from maximum 1024
[  ]    ==== :    32x4    | InteriorExecutor<(eOperationType)0, (eCalculateGlobals)2, (eStage)1> --- Reduced from maximum 1024
[  ]    ==== :    32x4    | InteriorExecutor<(eOperationType)0, (eCalculateGlobals)2, (eStage)2> --- Reduced from maximum 1024
[  ]    ==== :    32x4    | InteriorExecutor<(eOperationType)0, (eCalculateGlobals)2, (eStage)3> --- Reduced from maximum 1024
[  ]    ==== :    32x4    | InteriorExecutor<(eOperationType)0, (eCalculateGlobals)2, (eStage)4> --- Reduced from maximum 1024
[  ]    ==== :    32x4    | InteriorExecutor<(eOperationType)0, (eCalculateGlobals)2, (eStage)5> --- Reduced from maximum 1024
[  ]    ==== :    32x4    | InteriorExecutor<(eOperationType)0, (eCalculateGlobals)2, (eStage)6> --- Reduced from maximum 1024
[  ]    ==== :    32x4    | InteriorExecutor<(eOperationType)0, (eCalculateGlobals)2, (eStage)7> --- Reduced from maximum 1024
[  ]    ==== :    32x4    | InteriorExecutor<(eOperationType)0, (eCalculateGlobals)2, (eStage)8> --- Reduced from maximum 1024
[  ]    ==== :    32x4    | InteriorExecutor<(eOperationType)0, (eCalculateGlobals)2, (eStage)9> --- Reduced from maximum 1024
[  ]    ==== :    32x4    | InteriorExecutor<(eOperationType)1, (eCalculateGlobals)0, (eStage)0> --- Reduced from maximum 1024
[  ]    ==== :    32x4    | InteriorExecutor<(eOperationType)1, (eCalculateGlobals)0, (eStage)1> --- Reduced from maximum 1024
[  ]    ==== :    32x4    | InteriorExecutor<(eOperationType)1, (eCalculateGlobals)0, (eStage)2> --- Reduced from maximum 1024
[  ]    ==== :    32x4    | InteriorExecutor<(eOperationType)1, (eCalculateGlobals)0, (eStage)3> --- Reduced from maximum 1024
[  ]    ==== :    32x4    | InteriorExecutor<(eOperationType)1, (eCalculateGlobals)0, (eStage)4> --- Reduced from maximum 1024
[  ]    ==== :    32x4    | InteriorExecutor<(eOperationType)1, (eCalculateGlobals)0, (eStage)5> --- Reduced from maximum 1024
[  ]    ==== :    32x4    | InteriorExecutor<(eOperationType)1, (eCalculateGlobals)0, (eStage)6> --- Reduced from maximum 1024
[  ]    ==== :    32x4    | InteriorExecutor<(eOperationType)1, (eCalculateGlobals)0, (eStage)7> --- Reduced from maximum 1024
[  ]    ==== :    32x4    | InteriorExecutor<(eOperationType)1, (eCalculateGlobals)0, (eStage)8> --- Reduced from maximum 1024
[  ]    ==== :    32x4    | InteriorExecutor<(eOperationType)1, (eCalculateGlobals)0, (eStage)9> --- Reduced from maximum 1024
[  ]    ==== :    32x4    | InteriorExecutor<(eOperationType)1, (eCalculateGlobals)1, (eStage)0> --- Reduced from maximum 1024
[  ]    ==== :    32x4    | InteriorExecutor<(eOperationType)1, (eCalculateGlobals)1, (eStage)1> --- Reduced from maximum 1024
[  ]    ==== :    32x4    | InteriorExecutor<(eOperationType)1, (eCalculateGlobals)1, (eStage)2> --- Reduced from maximum 1024
[  ]    ==== :    32x4    | InteriorExecutor<(eOperationType)1, (eCalculateGlobals)1, (eStage)3> --- Reduced from maximum 1024
[  ]    ==== :    32x4    | InteriorExecutor<(eOperationType)1, (eCalculateGlobals)1, (eStage)4> --- Reduced from maximum 1024
[  ]    ==== :    32x4    | InteriorExecutor<(eOperationType)1, (eCalculateGlobals)1, (eStage)5> --- Reduced from maximum 1024
[  ]    ==== :    32x4    | InteriorExecutor<(eOperationType)1, (eCalculateGlobals)1, (eStage)6> --- Reduced from maximum 1024
[  ]    ==== :    32x4    | InteriorExecutor<(eOperationType)1, (eCalculateGlobals)1, (eStage)7> --- Reduced from maximum 1024
[  ]    ==== :    32x4    | InteriorExecutor<(eOperationType)1, (eCalculateGlobals)1, (eStage)8> --- Reduced from maximum 1024
[  ]    ==== :    32x4    | InteriorExecutor<(eOperationType)1, (eCalculateGlobals)1, (eStage)9> --- Reduced from maximum 1024
[  ]    ==== :    32x4    | InteriorExecutor<(eOperationType)1, (eCalculateGlobals)2, (eStage)0> --- Reduced from maximum 1024
[  ]    ==== :    32x4    | InteriorExecutor<(eOperationType)1, (eCalculateGlobals)2, (eStage)1> --- Reduced from maximum 1024
[  ]    ==== :    32x4    | InteriorExecutor<(eOperationType)1, (eCalculateGlobals)2, (eStage)2> --- Reduced from maximum 1024
[  ]    ==== :    32x4    | InteriorExecutor<(eOperationType)1, (eCalculateGlobals)2, (eStage)3> --- Reduced from maximum 1024
[  ]    ==== :    32x4    | InteriorExecutor<(eOperationType)1, (eCalculateGlobals)2, (eStage)4> --- Reduced from maximum 1024
[  ]    ==== :    32x4    | InteriorExecutor<(eOperationType)1, (eCalculateGlobals)2, (eStage)5> --- Reduced from maximum 1024
[  ]    ==== :    32x4    | InteriorExecutor<(eOperationType)1, (eCalculateGlobals)2, (eStage)6> --- Reduced from maximum 1024
[  ]    ==== :    32x4    | InteriorExecutor<(eOperationType)1, (eCalculateGlobals)2, (eStage)7> --- Reduced from maximum 1024
[  ]    ==== :    32x4    | InteriorExecutor<(eOperationType)1, (eCalculateGlobals)2, (eStage)8> --- Reduced from maximum 1024
[  ]    ==== :    32x4    | InteriorExecutor<(eOperationType)1, (eCalculateGlobals)2, (eStage)9> --- Reduced from maximum 1024
[  ]    ==== :    32x4    | InteriorExecutor<(eOperationType)3, (eCalculateGlobals)0, (eStage)0> --- Reduced from maximum 1024
[  ]    ==== :    32x4    | InteriorExecutor<(eOperationType)3, (eCalculateGlobals)0, (eStage)1> --- Reduced from maximum 1024
[  ]    ==== :    32x4    | InteriorExecutor<(eOperationType)3, (eCalculateGlobals)0, (eStage)2> --- Reduced from maximum 1024
[  ]    ==== :    32x4    | InteriorExecutor<(eOperationType)3, (eCalculateGlobals)0, (eStage)3> --- Reduced from maximum 1024
[  ]    ==== :    32x4    | InteriorExecutor<(eOperationType)3, (eCalculateGlobals)0, (eStage)4> --- Reduced from maximum 1024
[  ]    ==== :    32x4    | InteriorExecutor<(eOperationType)3, (eCalculateGlobals)0, (eStage)5> --- Reduced from maximum 1024
[  ]    ==== :    32x4    | InteriorExecutor<(eOperationType)3, (eCalculateGlobals)0, (eStage)6> --- Reduced from maximum 1024
[  ]    ==== :    32x4    | InteriorExecutor<(eOperationType)3, (eCalculateGlobals)0, (eStage)7> --- Reduced from maximum 1024
[  ]    ==== :    32x4    | InteriorExecutor<(eOperationType)3, (eCalculateGlobals)0, (eStage)8> --- Reduced from maximum 1024
[  ]    ==== :    32x4    | InteriorExecutor<(eOperationType)3, (eCalculateGlobals)0, (eStage)9> --- Reduced from maximum 1024
[  ]    ==== :    32x4    | InteriorExecutor<(eOperationType)3, (eCalculateGlobals)1, (eStage)0> --- Reduced from maximum 1024
[  ]    ==== :    32x4    | InteriorExecutor<(eOperationType)3, (eCalculateGlobals)1, (eStage)1> --- Reduced from maximum 1024
[  ]    ==== :    32x4    | InteriorExecutor<(eOperationType)3, (eCalculateGlobals)1, (eStage)2> --- Reduced from maximum 1024
[  ]    ==== :    32x4    | InteriorExecutor<(eOperationType)3, (eCalculateGlobals)1, (eStage)3> --- Reduced from maximum 1024
[  ]    ==== :    32x4    | InteriorExecutor<(eOperationType)3, (eCalculateGlobals)1, (eStage)4> --- Reduced from maximum 1024
[  ]    ==== :    32x4    | InteriorExecutor<(eOperationType)3, (eCalculateGlobals)1, (eStage)5> --- Reduced from maximum 1024
[  ]    ==== :    32x4    | InteriorExecutor<(eOperationType)3, (eCalculateGlobals)1, (eStage)6> --- Reduced from maximum 1024
[  ]    ==== :    32x4    | InteriorExecutor<(eOperationType)3, (eCalculateGlobals)1, (eStage)7> --- Reduced from maximum 1024
[  ]    ==== :    32x4    | InteriorExecutor<(eOperationType)3, (eCalculateGlobals)1, (eStage)8> --- Reduced from maximum 1024
[  ]    ==== :    32x4    | InteriorExecutor<(eOperationType)3, (eCalculateGlobals)1, (eStage)9> --- Reduced from maximum 1024
[  ]    ==== :    32x4    | InteriorExecutor<(eOperationType)3, (eCalculateGlobals)2, (eStage)0> --- Reduced from maximum 1024
[  ]    ==== :    32x4    | InteriorExecutor<(eOperationType)3, (eCalculateGlobals)2, (eStage)1> --- Reduced from maximum 1024
[  ]    ==== :    32x4    | InteriorExecutor<(eOperationType)3, (eCalculateGlobals)2, (eStage)2> --- Reduced from maximum 1024
[  ]    ==== :    32x4    | InteriorExecutor<(eOperationType)3, (eCalculateGlobals)2, (eStage)3> --- Reduced from maximum 1024
[  ]    ==== :    32x4    | InteriorExecutor<(eOperationType)3, (eCalculateGlobals)2, (eStage)4> --- Reduced from maximum 1024
[  ]    ==== :    32x4    | InteriorExecutor<(eOperationType)3, (eCalculateGlobals)2, (eStage)5> --- Reduced from maximum 1024
[  ]    ==== :    32x4    | InteriorExecutor<(eOperationType)3, (eCalculateGlobals)2, (eStage)6> --- Reduced from maximum 1024
[  ]    ==== :    32x4    | InteriorExecutor<(eOperationType)3, (eCalculateGlobals)2, (eStage)7> --- Reduced from maximum 1024
[  ]    ==== :    32x4    | InteriorExecutor<(eOperationType)3, (eCalculateGlobals)2, (eStage)8> --- Reduced from maximum 1024
[  ]    ==== :    32x4    | InteriorExecutor<(eOperationType)3, (eCalculateGlobals)2, (eStage)9> --- Reduced from maximum 1024
[  ]    ==== :    32x4    | InteriorExecutor<(eOperationType)4, (eCalculateGlobals)0, (eStage)0> --- Reduced from maximum 1024
[  ]    ==== :    32x4    | InteriorExecutor<(eOperationType)4, (eCalculateGlobals)0, (eStage)1> --- Reduced from maximum 1024
[  ]    ==== :    32x4    | InteriorExecutor<(eOperationType)4, (eCalculateGlobals)0, (eStage)2> --- Reduced from maximum 1024
[  ]    ==== :    32x4    | InteriorExecutor<(eOperationType)4, (eCalculateGlobals)0, (eStage)3> --- Reduced from maximum 1024
[  ]    ==== :    32x4    | InteriorExecutor<(eOperationType)4, (eCalculateGlobals)0, (eStage)4> --- Reduced from maximum 1024
[  ]    ==== :    32x4    | InteriorExecutor<(eOperationType)4, (eCalculateGlobals)0, (eStage)5> --- Reduced from maximum 1024
[  ]    ==== :    32x4    | InteriorExecutor<(eOperationType)4, (eCalculateGlobals)0, (eStage)6> --- Reduced from maximum 1024
[  ]    ==== :    32x4    | InteriorExecutor<(eOperationType)4, (eCalculateGlobals)0, (eStage)7> --- Reduced from maximum 1024
[  ]    ==== :    32x4    | InteriorExecutor<(eOperationType)4, (eCalculateGlobals)0, (eStage)8> --- Reduced from maximum 1024
[  ]    ==== :    32x4    | InteriorExecutor<(eOperationType)4, (eCalculateGlobals)0, (eStage)9> --- Reduced from maximum 1024
[  ]    ==== :    32x4    | InteriorExecutor<(eOperationType)4, (eCalculateGlobals)1, (eStage)0> --- Reduced from maximum 1024
[  ]    ==== :    32x4    | InteriorExecutor<(eOperationType)4, (eCalculateGlobals)1, (eStage)1> --- Reduced from maximum 1024
[  ]    ==== :    32x4    | InteriorExecutor<(eOperationType)4, (eCalculateGlobals)1, (eStage)2> --- Reduced from maximum 1024
[  ]    ==== :    32x4    | InteriorExecutor<(eOperationType)4, (eCalculateGlobals)1, (eStage)3> --- Reduced from maximum 1024
[  ]    ==== :    32x4    | InteriorExecutor<(eOperationType)4, (eCalculateGlobals)1, (eStage)4> --- Reduced from maximum 1024
[  ]    ==== :    32x4    | InteriorExecutor<(eOperationType)4, (eCalculateGlobals)1, (eStage)5> --- Reduced from maximum 1024
[  ]    ==== :    32x4    | InteriorExecutor<(eOperationType)4, (eCalculateGlobals)1, (eStage)6> --- Reduced from maximum 1024
[  ]    ==== :    32x4    | InteriorExecutor<(eOperationType)4, (eCalculateGlobals)1, (eStage)7> --- Reduced from maximum 1024
[  ]    ==== :    32x4    | InteriorExecutor<(eOperationType)4, (eCalculateGlobals)1, (eStage)8> --- Reduced from maximum 1024
[  ]    ==== :    32x4    | InteriorExecutor<(eOperationType)4, (eCalculateGlobals)1, (eStage)9> --- Reduced from maximum 1024
[  ]    ==== :    32x4    | InteriorExecutor<(eOperationType)4, (eCalculateGlobals)2, (eStage)0> --- Reduced from maximum 1024
[  ]    ==== :    32x4    | InteriorExecutor<(eOperationType)4, (eCalculateGlobals)2, (eStage)1> --- Reduced from maximum 1024
[  ]    ==== :    32x4    | InteriorExecutor<(eOperationType)4, (eCalculateGlobals)2, (eStage)2> --- Reduced from maximum 1024
[  ]    ==== :    32x4    | InteriorExecutor<(eOperationType)4, (eCalculateGlobals)2, (eStage)3> --- Reduced from maximum 1024
[  ]    ==== :    32x4    | InteriorExecutor<(eOperationType)4, (eCalculateGlobals)2, (eStage)4> --- Reduced from maximum 1024
[  ]    ==== :    32x4    | InteriorExecutor<(eOperationType)4, (eCalculateGlobals)2, (eStage)5> --- Reduced from maximum 1024
[  ]    ==== :    32x4    | InteriorExecutor<(eOperationType)4, (eCalculateGlobals)2, (eStage)6> --- Reduced from maximum 1024
[  ]    ==== :    32x4    | InteriorExecutor<(eOperationType)4, (eCalculateGlobals)2, (eStage)7> --- Reduced from maximum 1024
[  ]    ==== :    32x4    | InteriorExecutor<(eOperationType)4, (eCalculateGlobals)2, (eStage)8> --- Reduced from maximum 1024
[  ]    ==== :    32x4    | InteriorExecutor<(eOperationType)4, (eCalculateGlobals)2, (eStage)9> --- Reduced from maximum 1024
[ 0] warning ! No "Units" element in config file
[  ]    ==== : Mesh size in config file: 128x96x128
[  ]    ---- : Global lattice size: 128x96x128
[  ]    ==== : Max region size: 1572864. Mesh size 1572864. Overhead:  0%
[  ]    ---- : Local lattice size: 128x96x128
[  ]    #### : [0] Cumulative allocation of 1850564608 b (1.9 GB)
[  ]    ---- : Creating geom size:1572864
[  ]    #### : Setting output path to: case
[  ]    #### : Setting output path to: /mnt/8A0E24070E23EAC1/runs/tclb_flat_wall_cap_stage7b_low_angle_20260612/cap_theta030_wall030/output/case
[  ]    ---- : loading geometry ...
[  ]    ---- : overwriting all flags
[  ]    ---- : Setting number of zones to 3
[  ]    ---- : Setting Density_h to 1 (1.000000)
[  ]    ---- : Setting Density_l to 0.001 (0.001000)
[  ]    ---- : Setting Viscosity_h to 0.09 (0.090000)
[  ]    ---- : Setting Viscosity_l to 0.1 (0.100000)
[  ]    ---- : Setting tauUpdate to 3 (3.000000)
[  ]    ---- : Setting sigma to 5e-05 (0.000050)
[  ]    ---- : Setting M to 0.1 (0.100000)
[  ]    ---- : Setting IntWidth to 6 (6.000000)
[  ]    ---- : Setting Radius to 0 (0.000000)
[  ]    ---- : Setting BubbleType to 1 (1.000000)
[  ]    ---- : Setting CapInit to 1 (1.000000)
[  ]    ---- : Setting CapInitRadius to 102.4368595766759 (102.436860)
[  ]    ---- : Setting CapInitTheta to 0.5235987755982988 (0.523599)
[  ]    ---- : Setting CapInitCenterX to 64 (64.000000)
[  ]    ---- : Setting CapInitCenterY to -88.71292267730063 (-88.712923)
[  ]    ---- : Setting CapInitCenterZ to 64 (64.000000)
[  ]    ---- : Setting VelocityX in zone  (-1) to 0.0 (0.000000)
[  ]    ---- : Setting VelocityY in zone  (-1) to 0.0 (0.000000)
[  ]    ---- : Setting VelocityZ in zone  (-1) to 0.0 (0.000000)
[  ]    ---- : Setting GravitationX to 0.0 (0.000000)
[  ]    ---- : Setting GravitationY to 0.0 (0.000000)
[  ]    ---- : Setting GravitationZ to 0.0 (0.000000)
[  ]    ---- : Setting BuoyancyX to 0.0 (0.000000)
[  ]    ---- : Setting BuoyancyY to 0.0 (0.000000)
[  ]    ---- : Setting BuoyancyZ to 0.0 (0.000000)
[  ]    ---- : Setting radAngle in zone  (-1) to 90d (1.570796)
[ 0] WARNING ! Zone-specific settings in zone 0 were overwritten from 1.570796 to 1.570796
[  ]    ---- : Setting radAngle in zone OuterDomain (1) to 90d (1.570796)
[  ]    ---- : Setting radAngle in zone FlatLowerY (2) to 30d (0.523599)
[  ]    ---- : Setting minGradient to 1e-08 (0.000000)
[  ]    ---- : Setting Stage7SignedMode to 3 (3.000000)
[  ]    ---- : Setting Stage7DeltaQScale to 1 (1.000000)
[  ]    ---- : Setting Stage7DeltaQAbsCap to 6 (6.000000)
[  ]    ---- : Setting Stage7DenomFloor to 0.05 (0.050000)
[  ]    ---- : Setting Stage7ActiveCMin to 0.02 (0.020000)
[  ]    ---- : Setting Stage7ActiveGradMin to 1e-06 (0.000001)
[  ]    ---- : Setting Stage7ActiveTangentMin to 1e-08 (0.000000)
[  ]    ---- : Setting Stage7RelaxationTau to 1 (1.000000)
[  ]    ---- : Initializing Lattice ...
[  ]    122.1 MLBUps    140.92 GB/s [====================]  0s
[  ]    ---- : Callback VTK with no Iterations attribute
[  ]    ---- :        0 it writing vtk
[  ]    ---- : Setting callback Log at 1000.000000 iterations
[  ]    ---- : Adding Log to the solver hands
[  ]    ---- : Setting callback Failcheck at 1000.000000 iterations
[  ]    ---- : Adding Failcheck to the solver hands
[  ]    ---- : Setting action Solve at 50000.000000 iterations
[  ]    ---- : Setting callback VTK at 10000.000000 iterations
[  ]    ---- : Adding VTK to the solver hands
[  ]    ---- : Setting callback Log at 1000.000000 iterations
[  ]    ---- : Adding Log to the solver hands
[  ]    ---- : Setting callback Failcheck at 1000.000000 iterations
[  ]    ---- : Adding Failcheck to the solver hands
[  ]     17.4 MLBUps     20.13 GB/s [=                   ]  7s
[  ]    227.6 MLBUps    262.70 GB/s [=                   ]  7s
[  ]    227.9 MLBUps    262.95 GB/s [====                ]  8s
[  ]    227.9 MLBUps    262.98 GB/s [=======             ]  9s
[  ]    228.1 MLBUps    263.24 GB/s [==========          ] 10s
[  ]    228.0 MLBUps    263.13 GB/s [=============       ] 11s
[  ]    227.9 MLBUps    263.03 GB/s [================    ] 12s
[  ]    228.0 MLBUps    263.11 GB/s [=================== ] 13s
[  ]    ---- :    215.7 MLBUps    248.86 GB/s [====================]
[  ]    226.1 MLBUps    260.88 GB/s [=                   ]  0s
[  ]    228.1 MLBUps    263.24 GB/s [====                ]  1s
[  ]    228.1 MLBUps    263.27 GB/s [=======             ]  2s
[  ]    228.1 MLBUps    263.25 GB/s [==========          ]  3s
[  ]    228.0 MLBUps    263.12 GB/s [=============       ]  4s
[  ]    228.1 MLBUps    263.26 GB/s [================    ]  5s
[  ]    228.1 MLBUps    263.19 GB/s [==================  ]  6s
[  ]    ---- :    218.0 MLBUps    251.53 GB/s [====================]
[  ]    228.1 MLBUps    263.21 GB/s [==                  ]  0s
[  ]    228.2 MLBUps    263.34 GB/s [=====               ]  1s
[  ]    228.1 MLBUps    263.25 GB/s [========            ]  3s
[  ]    228.1 MLBUps    263.20 GB/s [===========         ]  4s
[  ]    228.1 MLBUps    263.18 GB/s [==============      ]  5s
[  ]    228.0 MLBUps    263.15 GB/s [=================   ]  6s
[  ]    ---- :    223.6 MLBUps    258.02 GB/s [====================]
[  ]    228.0 MLBUps    263.13 GB/s [==                  ]  0s
[  ]    228.0 MLBUps    263.08 GB/s [=====               ]  1s
[  ]    228.0 MLBUps    263.14 GB/s [========            ]  2s
[  ]    228.1 MLBUps    263.25 GB/s [===========         ]  3s
[  ]    228.2 MLBUps    263.31 GB/s [==============      ]  4s
[  ]    228.1 MLBUps    263.24 GB/s [=================   ]  5s
[  ]    ---- :    223.7 MLBUps    258.20 GB/s [====================]
[  ]    228.0 MLBUps    263.06 GB/s [==                  ]  0s
[  ]    228.1 MLBUps    263.19 GB/s [=====               ]  1s
[  ]    228.1 MLBUps    263.24 GB/s [========            ]  2s
[  ]    228.1 MLBUps    263.26 GB/s [===========         ]  3s
[  ]    228.1 MLBUps    263.19 GB/s [==============      ]  5s
[  ]    228.0 MLBUps    263.13 GB/s [=================   ]  6s
[  ]    ---- :    223.7 MLBUps    258.11 GB/s [====================]
[  ]    227.9 MLBUps    262.97 GB/s [==                  ]  0s
[  ]    228.0 MLBUps    263.12 GB/s [=====               ]  1s
[  ]    228.1 MLBUps    263.22 GB/s [========            ]  2s
[  ]    228.2 MLBUps    263.32 GB/s [===========         ]  3s
[  ]    228.1 MLBUps    263.26 GB/s [==============      ]  4s
[  ]    228.1 MLBUps    263.24 GB/s [=================   ]  5s
[  ]    ---- :    223.6 MLBUps    258.03 GB/s [====================]
[  ]    228.0 MLBUps    263.15 GB/s [==                  ]  0s
[  ]    228.1 MLBUps    263.22 GB/s [=====               ]  1s
[  ]    228.0 MLBUps    263.13 GB/s [========            ]  2s
[  ]    228.1 MLBUps    263.26 GB/s [===========         ]  3s
[  ]    228.1 MLBUps    263.18 GB/s [==============      ]  4s
[  ]    228.0 MLBUps    263.14 GB/s [=================   ]  5s
[  ]    ---- :    223.8 MLBUps    258.25 GB/s [====================]
[  ]    228.1 MLBUps    263.28 GB/s [==                  ]  0s
[  ]    228.1 MLBUps    263.23 GB/s [=====               ]  1s
[  ]    228.1 MLBUps    263.23 GB/s [========            ]  3s
[  ]    228.1 MLBUps    263.25 GB/s [===========         ]  4s
[  ]    228.1 MLBUps    263.20 GB/s [==============      ]  5s
[  ]    228.1 MLBUps    263.19 GB/s [=================   ]  6s
[  ]    ---- :    223.7 MLBUps    258.10 GB/s [====================]
[  ]    228.0 MLBUps    263.14 GB/s [==                  ]  0s
[  ]    228.0 MLBUps    263.15 GB/s [=====               ]  1s
[  ]    228.2 MLBUps    263.34 GB/s [========            ]  2s
[  ]    228.1 MLBUps    263.23 GB/s [===========         ]  3s
[  ]    228.1 MLBUps    263.21 GB/s [==============      ]  4s
[  ]    228.2 MLBUps    263.30 GB/s [=================   ]  5s
[  ]    ---- :    223.8 MLBUps    258.23 GB/s [====================]
[  ]    228.0 MLBUps    263.10 GB/s [==                  ]  0s
[  ]    228.2 MLBUps    263.29 GB/s [=====               ]  1s
[  ]    228.1 MLBUps    263.27 GB/s [========            ]  2s
[  ]    228.1 MLBUps    263.20 GB/s [===========         ]  3s
[  ]    228.0 MLBUps    263.15 GB/s [==============      ]  5s
[  ]    228.1 MLBUps    263.26 GB/s [=================   ]  5s
[  ]    ---- :    223.9 MLBUps    258.32 GB/s [====================]
[  ]    ---- :    10000 it writing vtk
[  ]     31.8 MLBUps     36.74 GB/s [==                  ]  7s
[  ]    228.0 MLBUps    263.09 GB/s [===                 ]  7s
[  ]    228.2 MLBUps    263.32 GB/s [======              ]  8s
[  ]    228.1 MLBUps    263.21 GB/s [=========           ]  9s
[  ]    228.0 MLBUps    263.08 GB/s [============        ] 10s
[  ]    228.0 MLBUps    263.15 GB/s [==============      ] 11s
[  ]    228.1 MLBUps    263.22 GB/s [=================   ] 12s
[  ]    ---- :    223.0 MLBUps    257.37 GB/s [====================]
[  ]    228.1 MLBUps    263.27 GB/s [=                   ]  0s
[  ]    228.2 MLBUps    263.36 GB/s [====                ]  1s
[  ]    228.2 MLBUps    263.34 GB/s [=======             ]  2s
[  ]    228.0 MLBUps    263.17 GB/s [==========          ]  3s
[  ]    228.0 MLBUps    263.16 GB/s [=============       ]  4s
[  ]    228.1 MLBUps    263.19 GB/s [================    ]  5s
[  ]    228.0 MLBUps    263.15 GB/s [==================  ]  6s
[  ]    ---- :    217.5 MLBUps    251.03 GB/s [====================]
[  ]    228.0 MLBUps    263.11 GB/s [==                  ]  0s
[  ]    228.1 MLBUps    263.24 GB/s [=====               ]  1s
[  ]    228.1 MLBUps    263.19 GB/s [========            ]  2s
[  ]    228.2 MLBUps    263.32 GB/s [===========         ]  3s
[  ]    228.1 MLBUps    263.22 GB/s [==============      ]  4s
[  ]    228.0 MLBUps    263.16 GB/s [=================   ]  5s
[  ]    ---- :    223.7 MLBUps    258.14 GB/s [====================]
[  ]    227.9 MLBUps    262.99 GB/s [==                  ]  0s
[  ]    228.1 MLBUps    263.25 GB/s [=====               ]  1s
[  ]    228.1 MLBUps    263.19 GB/s [========            ]  2s
[  ]    228.1 MLBUps    263.26 GB/s [===========         ]  4s
[  ]    228.1 MLBUps    263.19 GB/s [==============      ]  5s
[  ]    228.2 MLBUps    263.32 GB/s [=================   ]  6s
[  ]    ---- :    223.8 MLBUps    258.27 GB/s [====================]
[  ]    228.0 MLBUps    263.06 GB/s [==                  ]  0s
[  ]    228.1 MLBUps    263.21 GB/s [=====               ]  1s
[  ]    228.1 MLBUps    263.17 GB/s [========            ]  2s
[  ]    228.1 MLBUps    263.19 GB/s [===========         ]  3s
[  ]    228.0 MLBUps    263.16 GB/s [==============      ]  4s
[  ]    228.0 MLBUps    263.08 GB/s [=================   ]  5s
[  ]    ---- :    223.9 MLBUps    258.40 GB/s [====================]
[  ]    227.9 MLBUps    263.04 GB/s [==                  ]  0s
[  ]    228.1 MLBUps    263.20 GB/s [=====               ]  1s
[  ]    228.1 MLBUps    263.25 GB/s [========            ]  2s
[  ]    228.2 MLBUps    263.38 GB/s [===========         ]  3s
[  ]    228.1 MLBUps    263.25 GB/s [==============      ]  5s
[  ]    228.1 MLBUps    263.23 GB/s [=================   ]  6s
[  ]    ---- :    223.8 MLBUps    258.32 GB/s [====================]
[  ]    227.9 MLBUps    262.98 GB/s [==                  ]  0s
[  ]    228.1 MLBUps    263.20 GB/s [=====               ]  1s
[  ]    228.1 MLBUps    263.28 GB/s [========            ]  2s
[  ]    228.0 MLBUps    263.11 GB/s [===========         ]  4s
[  ]    228.1 MLBUps    263.20 GB/s [==============      ]  4s
[  ]    228.1 MLBUps    263.25 GB/s [=================   ]  6s
[  ]    ---- :    223.8 MLBUps    258.28 GB/s [====================]
[  ]    228.0 MLBUps    263.15 GB/s [==                  ]  0s
[  ]    228.0 MLBUps    263.10 GB/s [=====               ]  1s
[  ]    228.1 MLBUps    263.19 GB/s [========            ]  2s
[  ]    228.0 MLBUps    263.11 GB/s [===========         ]  3s
[  ]    228.2 MLBUps    263.30 GB/s [==============      ]  4s
[  ]    227.9 MLBUps    263.02 GB/s [=================   ]  5s
[  ]    ---- :    223.7 MLBUps    258.20 GB/s [====================]
[  ]    228.0 MLBUps    263.15 GB/s [==                  ]  0s
[  ]    228.1 MLBUps    263.25 GB/s [=====               ]  1s
[  ]    228.1 MLBUps    263.18 GB/s [========            ]  2s
[  ]    228.1 MLBUps    263.23 GB/s [===========         ]  3s
[  ]    228.2 MLBUps    263.29 GB/s [==============      ]  4s
[  ]    228.1 MLBUps    263.19 GB/s [=================   ]  5s
[  ]    ---- :    223.6 MLBUps    258.07 GB/s [====================]
[  ]    228.0 MLBUps    263.11 GB/s [==                  ]  0s
[  ]    228.1 MLBUps    263.20 GB/s [=====               ]  1s
[  ]    228.1 MLBUps    263.18 GB/s [========            ]  2s
[  ]    227.6 MLBUps    262.66 GB/s [===========         ]  3s
[  ]    225.6 MLBUps    260.39 GB/s [==============      ]  4s
[  ]    225.6 MLBUps    260.40 GB/s [=================   ]  5s
[  ]    ---- :    221.3 MLBUps    255.37 GB/s [====================]
[  ]    ---- :    20000 it writing vtk
[  ]     29.8 MLBUps     34.34 GB/s [==                  ]  7s
[  ]    227.8 MLBUps    262.84 GB/s [===                 ]  7s
[  ]    228.0 MLBUps    263.14 GB/s [======              ]  8s
[  ]    228.1 MLBUps    263.23 GB/s [=========           ]  9s
[  ]    228.1 MLBUps    263.18 GB/s [===========         ] 10s
[  ]    228.1 MLBUps    263.25 GB/s [==============      ] 11s
[  ]    228.1 MLBUps    263.20 GB/s [=================   ] 12s
[  ]    ---- :    223.1 MLBUps    257.50 GB/s [====================]
[  ]    227.8 MLBUps    262.91 GB/s [=                   ]  0s
[  ]    228.1 MLBUps    263.27 GB/s [====                ]  1s
[  ]    228.1 MLBUps    263.21 GB/s [=======             ]  2s
[  ]    228.0 MLBUps    263.17 GB/s [==========          ]  3s
[  ]    228.2 MLBUps    263.29 GB/s [=============       ]  4s
[  ]    228.1 MLBUps    263.26 GB/s [================    ]  5s
[  ]    228.0 MLBUps    263.14 GB/s [==================  ]  6s
[  ]    ---- :    217.9 MLBUps    251.51 GB/s [====================]
[  ]    228.0 MLBUps    263.09 GB/s [==                  ]  0s
[  ]    225.2 MLBUps    259.88 GB/s [=====               ]  1s
[  ]    225.4 MLBUps    260.12 GB/s [========            ]  3s
[  ]    225.4 MLBUps    260.13 GB/s [===========         ]  4s
[  ]    225.3 MLBUps    259.96 GB/s [==============      ]  5s
[  ]    225.3 MLBUps    260.02 GB/s [=================   ]  6s
[  ]    ---- :    221.2 MLBUps    255.31 GB/s [====================]
[  ]    225.2 MLBUps    259.87 GB/s [==                  ]  1s
[  ]    225.2 MLBUps    259.89 GB/s [=====               ]  2s
[  ]    225.3 MLBUps    259.98 GB/s [========            ]  3s
[  ]    225.3 MLBUps    260.01 GB/s [===========         ]  4s
[  ]    225.3 MLBUps    260.00 GB/s [==============      ]  5s
[  ]    225.4 MLBUps    260.07 GB/s [=================   ]  6s
[  ]    ---- :    221.3 MLBUps    255.43 GB/s [====================]
[  ]    225.1 MLBUps    259.79 GB/s [==                  ]  0s
[  ]    225.3 MLBUps    260.02 GB/s [=====               ]  1s
[  ]    224.0 MLBUps    258.49 GB/s [========            ]  3s
[  ]    219.7 MLBUps    253.56 GB/s [===========         ]  4s
[  ]    219.5 MLBUps    253.35 GB/s [==============      ]  5s
[  ]    219.6 MLBUps    253.40 GB/s [=================   ]  6s
[  ]    219.7 MLBUps    253.51 GB/s [=================== ]  7s
[  ]    ---- :    168.2 MLBUps    194.10 GB/s [====================]
[  ]    219.5 MLBUps    253.35 GB/s [==                  ]  1s
[  ]    219.5 MLBUps    253.31 GB/s [=====               ]  2s
[  ]    219.4 MLBUps    253.15 GB/s [========            ]  3s
[  ]    219.6 MLBUps    253.37 GB/s [===========         ]  4s
[  ]    219.6 MLBUps    253.38 GB/s [==============      ]  5s
[  ]    219.7 MLBUps    253.50 GB/s [================    ]  6s
[  ]    219.6 MLBUps    253.37 GB/s [=================== ]  7s
[  ]    ---- :    196.0 MLBUps    226.13 GB/s [====================]
[  ]    219.9 MLBUps    253.76 GB/s [==                  ]  1s
[  ]    219.6 MLBUps    253.38 GB/s [=====               ]  2s
[  ]    219.4 MLBUps    253.18 GB/s [========            ]  3s
[  ]    219.3 MLBUps    253.07 GB/s [===========         ]  4s
[  ]    219.7 MLBUps    253.51 GB/s [==============      ]  5s
[  ]    219.4 MLBUps    253.18 GB/s [================    ]  6s
[  ]    219.7 MLBUps    253.51 GB/s [=================== ]  7s
[  ]    ---- :    195.8 MLBUps    225.97 GB/s [====================]
[  ]    219.4 MLBUps    253.18 GB/s [==                  ]  1s
[  ]    219.6 MLBUps    253.47 GB/s [=====               ]  2s
[  ]    219.8 MLBUps    253.64 GB/s [========            ]  3s
[  ]    219.5 MLBUps    253.26 GB/s [===========         ]  4s
[  ]    219.3 MLBUps    253.11 GB/s [==============      ]  5s
[  ]    219.5 MLBUps    253.25 GB/s [================    ]  6s
[  ]    219.5 MLBUps    253.27 GB/s [=================== ]  7s
[  ]    ---- :    195.4 MLBUps    225.50 GB/s [====================]
[  ]    219.3 MLBUps    253.07 GB/s [==                  ]  1s
[  ]    219.6 MLBUps    253.42 GB/s [=====               ]  2s
[  ]    219.4 MLBUps    253.14 GB/s [========            ]  3s
[  ]    219.6 MLBUps    253.40 GB/s [===========         ]  4s
[  ]    219.5 MLBUps    253.27 GB/s [==============      ]  5s
[  ]    219.6 MLBUps    253.40 GB/s [================    ]  6s
[  ]    219.9 MLBUps    253.75 GB/s [=================== ]  7s
[  ]    ---- :    196.6 MLBUps    226.84 GB/s [====================]
[  ]    219.5 MLBUps    253.32 GB/s [==                  ]  1s
[  ]    219.6 MLBUps    253.43 GB/s [=====               ]  2s
[  ]    219.5 MLBUps    253.33 GB/s [========            ]  3s
[  ]    219.3 MLBUps    253.05 GB/s [===========         ]  4s
[  ]    219.9 MLBUps    253.76 GB/s [==============      ]  5s
[  ]    219.6 MLBUps    253.42 GB/s [================    ]  6s
[  ]    219.5 MLBUps    253.33 GB/s [=================== ]  7s
[  ]    ---- :    195.7 MLBUps    225.80 GB/s [====================]
[  ]    ---- :    30000 it writing vtk
[  ]     27.0 MLBUps     31.21 GB/s [==                  ]  8s
[  ]    227.4 MLBUps    262.42 GB/s [===                 ]  8s
[  ]    226.9 MLBUps    261.90 GB/s [======              ]  9s
[  ]    227.1 MLBUps    262.13 GB/s [========            ] 10s
[  ]    227.2 MLBUps    262.14 GB/s [===========         ] 11s
[  ]    227.2 MLBUps    262.16 GB/s [==============      ] 12s
[  ]    227.0 MLBUps    261.98 GB/s [=================   ] 13s
[  ]    ---- :    222.5 MLBUps    256.72 GB/s [====================]
[  ]    226.8 MLBUps    261.68 GB/s [=                   ]  0s
[  ]    227.0 MLBUps    261.93 GB/s [====                ]  1s
[  ]    226.9 MLBUps    261.83 GB/s [=======             ]  2s
[  ]    224.3 MLBUps    258.82 GB/s [==========          ]  3s
[  ]    224.2 MLBUps    258.69 GB/s [============        ]  4s
[  ]    224.3 MLBUps    258.80 GB/s [===============     ]  5s
[  ]    224.6 MLBUps    259.18 GB/s [==================  ]  6s
[  ]    ---- :    216.9 MLBUps    250.28 GB/s [====================]
[  ]    224.4 MLBUps    258.95 GB/s [==                  ]  0s
[  ]    224.4 MLBUps    258.98 GB/s [=====               ]  1s
[  ]    224.2 MLBUps    258.78 GB/s [========            ]  2s
[  ]    224.3 MLBUps    258.83 GB/s [===========         ]  3s
[  ]    220.4 MLBUps    254.33 GB/s [==============      ]  4s
[  ]    219.3 MLBUps    253.07 GB/s [=================   ]  5s
[  ]    219.3 MLBUps    253.10 GB/s [=================== ]  7s
[  ]    ---- :    176.7 MLBUps    203.88 GB/s [====================]
[  ]    219.4 MLBUps    253.14 GB/s [==                  ]  1s
[  ]    219.6 MLBUps    253.44 GB/s [=====               ]  2s
[  ]    219.6 MLBUps    253.43 GB/s [========            ]  3s
[  ]    219.4 MLBUps    253.17 GB/s [===========         ]  4s
[  ]    219.5 MLBUps    253.28 GB/s [==============      ]  5s
[  ]    219.3 MLBUps    253.12 GB/s [================    ]  6s
[  ]    219.2 MLBUps    252.97 GB/s [=================== ]  7s
[  ]    ---- :    195.5 MLBUps    225.55 GB/s [====================]
[  ]    219.2 MLBUps    252.98 GB/s [==                  ]  1s
[  ]    219.5 MLBUps    253.26 GB/s [=====               ]  2s
[  ]    219.1 MLBUps    252.79 GB/s [========            ]  3s
[  ]    219.4 MLBUps    253.15 GB/s [===========         ]  4s
[  ]    219.4 MLBUps    253.19 GB/s [==============      ]  5s
[  ]    219.6 MLBUps    253.45 GB/s [================    ]  6s
[  ]    219.5 MLBUps    253.25 GB/s [=================== ]  7s
[  ]    ---- :    196.3 MLBUps    226.54 GB/s [====================]
[  ]    219.2 MLBUps    252.91 GB/s [==                  ]  1s
[  ]    219.3 MLBUps    253.10 GB/s [=====               ]  2s
[  ]    219.1 MLBUps    252.83 GB/s [========            ]  3s
[  ]    219.1 MLBUps    252.83 GB/s [===========         ]  4s
[  ]    219.3 MLBUps    253.06 GB/s [==============      ]  5s
[  ]    219.7 MLBUps    253.50 GB/s [================    ]  6s
[  ]    219.6 MLBUps    253.42 GB/s [=================== ]  7s
[  ]    ---- :    196.6 MLBUps    226.92 GB/s [====================]
[  ]    219.3 MLBUps    253.11 GB/s [==                  ]  1s
[  ]    219.7 MLBUps    253.49 GB/s [=====               ]  2s
[  ]    219.5 MLBUps    253.29 GB/s [========            ]  3s
[  ]    219.3 MLBUps    253.12 GB/s [===========         ]  4s
[  ]    219.3 MLBUps    253.02 GB/s [==============      ]  5s
[  ]    219.0 MLBUps    252.78 GB/s [================    ]  6s
[  ]    219.2 MLBUps    252.90 GB/s [=================== ]  7s
[  ]    ---- :    195.9 MLBUps    226.02 GB/s [====================]
[  ]    219.1 MLBUps    252.80 GB/s [==                  ]  1s
[  ]    219.6 MLBUps    253.44 GB/s [=====               ]  2s
[  ]    219.6 MLBUps    253.46 GB/s [========            ]  3s
[  ]    219.1 MLBUps    252.89 GB/s [===========         ]  4s
[  ]    219.1 MLBUps    252.88 GB/s [==============      ]  5s
[  ]    219.2 MLBUps    252.98 GB/s [================    ]  6s
[  ]    219.0 MLBUps    252.75 GB/s [=================== ]  7s
[  ]    ---- :    195.7 MLBUps    225.89 GB/s [====================]
[  ]    219.2 MLBUps    252.91 GB/s [==                  ]  1s
[  ]    219.0 MLBUps    252.72 GB/s [=====               ]  2s
[  ]    219.2 MLBUps    253.00 GB/s [========            ]  3s
[  ]    219.3 MLBUps    253.07 GB/s [===========         ]  4s
[  ]    219.4 MLBUps    253.18 GB/s [==============      ]  5s
[  ]    219.5 MLBUps    253.34 GB/s [================    ]  6s
[  ]    219.3 MLBUps    253.08 GB/s [=================== ]  7s
[  ]    ---- :    195.3 MLBUps    225.38 GB/s [====================]
[  ]    219.2 MLBUps    252.99 GB/s [==                  ]  1s
[  ]    219.4 MLBUps    253.13 GB/s [=====               ]  2s
[  ]    219.5 MLBUps    253.31 GB/s [========            ]  3s
[  ]    219.3 MLBUps    253.09 GB/s [===========         ]  4s
[  ]    219.5 MLBUps    253.35 GB/s [==============      ]  5s
[  ]    219.7 MLBUps    253.56 GB/s [================    ]  6s
[  ]    219.3 MLBUps    253.12 GB/s [=================== ]  7s
[  ]    ---- :    195.6 MLBUps    225.76 GB/s [====================]
[  ]    ---- :    40000 it writing vtk
[  ]     28.7 MLBUps     33.16 GB/s [==                  ]  7s
[  ]    227.9 MLBUps    262.96 GB/s [===                 ]  7s
[  ]    228.1 MLBUps    263.29 GB/s [======              ]  8s
[  ]    228.1 MLBUps    263.20 GB/s [========            ]  9s
[  ]    228.0 MLBUps    263.07 GB/s [===========         ] 10s
[  ]    228.2 MLBUps    263.36 GB/s [==============      ] 11s
[  ]    228.2 MLBUps    263.32 GB/s [=================   ] 12s
[  ]    ---- :    223.4 MLBUps    257.78 GB/s [====================]
[  ]    227.9 MLBUps    263.02 GB/s [=                   ]  0s
[  ]    228.1 MLBUps    263.28 GB/s [====                ]  1s
[  ]    228.0 MLBUps    263.10 GB/s [=======             ]  2s
[  ]    225.6 MLBUps    260.35 GB/s [==========          ]  3s
[  ]    225.2 MLBUps    259.90 GB/s [=============       ]  4s
[  ]    225.3 MLBUps    260.05 GB/s [===============     ]  5s
[  ]    225.2 MLBUps    259.92 GB/s [==================  ]  6s
[  ]    ---- :    216.5 MLBUps    249.89 GB/s [====================]
[  ]    225.4 MLBUps    260.12 GB/s [==                  ]  1s
[  ]    225.3 MLBUps    260.03 GB/s [=====               ]  2s
[  ]    225.3 MLBUps    260.00 GB/s [========            ]  3s
[  ]    225.3 MLBUps    259.98 GB/s [===========         ]  4s
[  ]    225.2 MLBUps    259.91 GB/s [==============      ]  5s
[  ]    225.2 MLBUps    259.92 GB/s [=================   ]  6s
[  ]    ---- :    216.2 MLBUps    249.47 GB/s [====================]
[  ]    220.1 MLBUps    254.03 GB/s [==                  ]  1s
[  ]    219.9 MLBUps    253.72 GB/s [=====               ]  2s
[  ]    220.0 MLBUps    253.82 GB/s [========            ]  3s
[  ]    219.9 MLBUps    253.82 GB/s [===========         ]  4s
[  ]    220.2 MLBUps    254.15 GB/s [==============      ]  5s
[  ]    220.5 MLBUps    254.44 GB/s [================    ]  6s
[  ]    220.2 MLBUps    254.14 GB/s [=================== ]  7s
[  ]    ---- :    193.2 MLBUps    223.00 GB/s [====================]
[  ]    219.7 MLBUps    253.58 GB/s [==                  ]  1s
[  ]    219.9 MLBUps    253.73 GB/s [=====               ]  2s
[  ]    219.6 MLBUps    253.43 GB/s [========            ]  3s
[  ]    219.9 MLBUps    253.77 GB/s [===========         ]  4s
[  ]    220.0 MLBUps    253.91 GB/s [==============      ]  5s
[  ]    219.8 MLBUps    253.71 GB/s [================    ]  6s
[  ]    220.0 MLBUps    253.85 GB/s [=================== ]  7s
[  ]    ---- :    196.7 MLBUps    226.97 GB/s [====================]
[  ]    219.7 MLBUps    253.54 GB/s [==                  ]  1s
[  ]    219.7 MLBUps    253.54 GB/s [=====               ]  2s
[  ]    219.9 MLBUps    253.74 GB/s [========            ]  3s
[  ]    219.7 MLBUps    253.50 GB/s [===========         ]  4s
[  ]    220.0 MLBUps    253.88 GB/s [==============      ]  5s
[  ]    220.1 MLBUps    253.94 GB/s [================    ]  6s
[  ]    219.9 MLBUps    253.81 GB/s [=================== ]  7s
[  ]    ---- :    196.5 MLBUps    226.78 GB/s [====================]
[  ]    220.1 MLBUps    253.96 GB/s [==                  ]  1s
[  ]    219.8 MLBUps    253.66 GB/s [=====               ]  2s
[  ]    219.9 MLBUps    253.82 GB/s [========            ]  3s
[  ]    219.9 MLBUps    253.80 GB/s [===========         ]  4s
[  ]    220.0 MLBUps    253.85 GB/s [==============      ]  5s
[  ]    219.7 MLBUps    253.57 GB/s [================    ]  6s
[  ]    219.7 MLBUps    253.55 GB/s [=================== ]  7s
[  ]    ---- :    196.4 MLBUps    226.65 GB/s [====================]
[  ]    219.9 MLBUps    253.75 GB/s [==                  ]  1s
[  ]    219.9 MLBUps    253.75 GB/s [=====               ]  2s
[  ]    220.1 MLBUps    253.98 GB/s [========            ]  3s
[  ]    219.7 MLBUps    253.49 GB/s [===========         ]  4s
[  ]    219.9 MLBUps    253.71 GB/s [==============      ]  5s
[  ]    220.2 MLBUps    254.14 GB/s [================    ]  6s
[  ]    220.2 MLBUps    254.09 GB/s [=================== ]  7s
[  ]    ---- :    195.9 MLBUps    226.07 GB/s [====================]
[  ]    220.2 MLBUps    254.09 GB/s [==                  ]  1s
[  ]    220.1 MLBUps    253.98 GB/s [=====               ]  2s
[  ]    219.8 MLBUps    253.69 GB/s [========            ]  3s
[  ]    219.8 MLBUps    253.68 GB/s [===========         ]  4s
[  ]    220.4 MLBUps    254.40 GB/s [==============      ]  5s
[  ]    220.2 MLBUps    254.13 GB/s [================    ]  6s
[  ]    220.1 MLBUps    253.97 GB/s [=================== ]  7s
[  ]    ---- :    196.6 MLBUps    226.90 GB/s [====================]
[  ]    220.2 MLBUps    254.06 GB/s [==                  ]  1s
[  ]    219.9 MLBUps    253.82 GB/s [=====               ]  2s
[  ]    219.7 MLBUps    253.49 GB/s [========            ]  3s
[  ]    219.9 MLBUps    253.74 GB/s [===========         ]  4s
[  ]    219.8 MLBUps    253.69 GB/s [==============      ]  5s
[  ]    219.9 MLBUps    253.81 GB/s [================    ]  6s
[  ]    220.1 MLBUps    253.94 GB/s [=================== ]  7s
[  ]    ---- :    196.0 MLBUps    226.19 GB/s [====================]
[  ]    ---- :    50000 it writing vtk
[  ]    ---- : Total duration: 392.356962 s = 6.539283 min = 0.108988 h
