MPMD: TCLB: local:0/1 work:0/1 ---  connected to:
[  ]    ---- : Using std::chrono::steady_clock::now() for walltime
[  ]    #### : -------------------------------------------------------------------------
[  ]    #### : -  CLB version:                                                         -
[  ]    #### : -        Model: d3q27_pf_velocity_q27_geometric                               -
[  ]    #### : -------------------------------------------------------------------------
[  ]    #### : Setting output path to: case
[ 0]    ---- : Selecting device 0/1
[  ]    ---- :   Threads  |      Action
[  ]    ==== :    32x4    | BorderExecutor<(eOperationType)0, (eCalculateGlobals)0, (eStage)0> --- Reduced from maximum 512
[  ]    ==== :    32x4    | BorderExecutor<(eOperationType)0, (eCalculateGlobals)0, (eStage)1> --- Reduced from maximum 384
[  ]    ==== :    32x4    | BorderExecutor<(eOperationType)0, (eCalculateGlobals)0, (eStage)2> --- Reduced from maximum 384
[  ]    ==== :    32x4    | BorderExecutor<(eOperationType)0, (eCalculateGlobals)0, (eStage)3> --- Reduced from maximum 256
[  ]    ==== :    32x4    | BorderExecutor<(eOperationType)0, (eCalculateGlobals)0, (eStage)4> --- Reduced from maximum 1024
[  ]    ==== :    32x4    | BorderExecutor<(eOperationType)0, (eCalculateGlobals)0, (eStage)5> --- Reduced from maximum 512
[  ]    ==== :    32x4    | BorderExecutor<(eOperationType)0, (eCalculateGlobals)0, (eStage)6> --- Reduced from maximum 256
[  ]    ==== :    32x4    | BorderExecutor<(eOperationType)0, (eCalculateGlobals)0, (eStage)7> --- Reduced from maximum 640
[  ]    ==== :    32x4    | BorderExecutor<(eOperationType)0, (eCalculateGlobals)0, (eStage)8> --- Reduced from maximum 640
[  ]    ==== :    32x4    | BorderExecutor<(eOperationType)0, (eCalculateGlobals)0, (eStage)9> --- Reduced from maximum 256
[  ]    ==== :    32x4    | BorderExecutor<(eOperationType)0, (eCalculateGlobals)1, (eStage)0> --- Reduced from maximum 640
[  ]    ==== :    32x4    | BorderExecutor<(eOperationType)0, (eCalculateGlobals)1, (eStage)1> --- Reduced from maximum 384
[  ]    ==== :    32x4    | BorderExecutor<(eOperationType)0, (eCalculateGlobals)1, (eStage)2> --- Reduced from maximum 256
[  ]    ==== :    32x4    | BorderExecutor<(eOperationType)0, (eCalculateGlobals)1, (eStage)3> --- Reduced from maximum 256
[  ]    ==== :    32x4    | BorderExecutor<(eOperationType)0, (eCalculateGlobals)1, (eStage)4> --- Reduced from maximum 1024
[  ]    ==== :    32x4    | BorderExecutor<(eOperationType)0, (eCalculateGlobals)1, (eStage)5> --- Reduced from maximum 384
[  ]    ==== :    32x4    | BorderExecutor<(eOperationType)0, (eCalculateGlobals)1, (eStage)6> --- Reduced from maximum 256
[  ]    ==== :    32x4    | BorderExecutor<(eOperationType)0, (eCalculateGlobals)1, (eStage)7> --- Reduced from maximum 256
[  ]    ==== :    32x4    | BorderExecutor<(eOperationType)0, (eCalculateGlobals)1, (eStage)8> --- Reduced from maximum 512
[  ]    ==== :    32x4    | BorderExecutor<(eOperationType)0, (eCalculateGlobals)1, (eStage)9> --- Reduced from maximum 384
[  ]    ==== :    32x4    | BorderExecutor<(eOperationType)0, (eCalculateGlobals)2, (eStage)0> --- Reduced from maximum 1024
[  ]    ==== :    32x4    | BorderExecutor<(eOperationType)0, (eCalculateGlobals)2, (eStage)1> --- Reduced from maximum 1024
[  ]    ==== :    32x4    | BorderExecutor<(eOperationType)0, (eCalculateGlobals)2, (eStage)2> --- Reduced from maximum 1024
[  ]    ==== :    32x4    | BorderExecutor<(eOperationType)0, (eCalculateGlobals)2, (eStage)3> --- Reduced from maximum 1024
[  ]    ==== :    32x4    | BorderExecutor<(eOperationType)0, (eCalculateGlobals)2, (eStage)4> --- Reduced from maximum 1024
[  ]    ==== :    32x4    | BorderExecutor<(eOperationType)0, (eCalculateGlobals)2, (eStage)5> --- Reduced from maximum 1024
[  ]    ==== :    32x4    | BorderExecutor<(eOperationType)0, (eCalculateGlobals)2, (eStage)6> --- Reduced from maximum 1024
[  ]    ==== :    32x4    | BorderExecutor<(eOperationType)0, (eCalculateGlobals)2, (eStage)7> --- Reduced from maximum 1024
[  ]    ==== :    32x4    | BorderExecutor<(eOperationType)0, (eCalculateGlobals)2, (eStage)8> --- Reduced from maximum 1024
[  ]    ==== :    32x4    | BorderExecutor<(eOperationType)0, (eCalculateGlobals)2, (eStage)9> --- Reduced from maximum 1024
[  ]    ==== :    32x4    | BorderExecutor<(eOperationType)1, (eCalculateGlobals)0, (eStage)0> --- Reduced from maximum 1024
[  ]    ==== :    32x4    | BorderExecutor<(eOperationType)1, (eCalculateGlobals)0, (eStage)1> --- Reduced from maximum 1024
[  ]    ==== :    32x4    | BorderExecutor<(eOperationType)1, (eCalculateGlobals)0, (eStage)2> --- Reduced from maximum 1024
[  ]    ==== :    32x4    | BorderExecutor<(eOperationType)1, (eCalculateGlobals)0, (eStage)3> --- Reduced from maximum 1024
[  ]    ==== :    32x4    | BorderExecutor<(eOperationType)1, (eCalculateGlobals)0, (eStage)4> --- Reduced from maximum 1024
[  ]    ==== :    32x4    | BorderExecutor<(eOperationType)1, (eCalculateGlobals)0, (eStage)5> --- Reduced from maximum 1024
[  ]    ==== :    32x4    | BorderExecutor<(eOperationType)1, (eCalculateGlobals)0, (eStage)6> --- Reduced from maximum 1024
[  ]    ==== :    32x4    | BorderExecutor<(eOperationType)1, (eCalculateGlobals)0, (eStage)7> --- Reduced from maximum 1024
[  ]    ==== :    32x4    | BorderExecutor<(eOperationType)1, (eCalculateGlobals)0, (eStage)8> --- Reduced from maximum 1024
[  ]    ==== :    32x4    | BorderExecutor<(eOperationType)1, (eCalculateGlobals)0, (eStage)9> --- Reduced from maximum 1024
[  ]    ==== :    32x4    | BorderExecutor<(eOperationType)1, (eCalculateGlobals)1, (eStage)0> --- Reduced from maximum 1024
[  ]    ==== :    32x4    | BorderExecutor<(eOperationType)1, (eCalculateGlobals)1, (eStage)1> --- Reduced from maximum 1024
[  ]    ==== :    32x4    | BorderExecutor<(eOperationType)1, (eCalculateGlobals)1, (eStage)2> --- Reduced from maximum 1024
[  ]    ==== :    32x4    | BorderExecutor<(eOperationType)1, (eCalculateGlobals)1, (eStage)3> --- Reduced from maximum 1024
[  ]    ==== :    32x4    | BorderExecutor<(eOperationType)1, (eCalculateGlobals)1, (eStage)4> --- Reduced from maximum 1024
[  ]    ==== :    32x4    | BorderExecutor<(eOperationType)1, (eCalculateGlobals)1, (eStage)5> --- Reduced from maximum 1024
[  ]    ==== :    32x4    | BorderExecutor<(eOperationType)1, (eCalculateGlobals)1, (eStage)6> --- Reduced from maximum 1024
[  ]    ==== :    32x4    | BorderExecutor<(eOperationType)1, (eCalculateGlobals)1, (eStage)7> --- Reduced from maximum 1024
[  ]    ==== :    32x4    | BorderExecutor<(eOperationType)1, (eCalculateGlobals)1, (eStage)8> --- Reduced from maximum 1024
[  ]    ==== :    32x4    | BorderExecutor<(eOperationType)1, (eCalculateGlobals)1, (eStage)9> --- Reduced from maximum 1024
[  ]    ==== :    32x4    | BorderExecutor<(eOperationType)1, (eCalculateGlobals)2, (eStage)0> --- Reduced from maximum 1024
[  ]    ==== :    32x4    | BorderExecutor<(eOperationType)1, (eCalculateGlobals)2, (eStage)1> --- Reduced from maximum 1024
[  ]    ==== :    32x4    | BorderExecutor<(eOperationType)1, (eCalculateGlobals)2, (eStage)2> --- Reduced from maximum 1024
[  ]    ==== :    32x4    | BorderExecutor<(eOperationType)1, (eCalculateGlobals)2, (eStage)3> --- Reduced from maximum 1024
[  ]    ==== :    32x4    | BorderExecutor<(eOperationType)1, (eCalculateGlobals)2, (eStage)4> --- Reduced from maximum 1024
[  ]    ==== :    32x4    | BorderExecutor<(eOperationType)1, (eCalculateGlobals)2, (eStage)5> --- Reduced from maximum 1024
[  ]    ==== :    32x4    | BorderExecutor<(eOperationType)1, (eCalculateGlobals)2, (eStage)6> --- Reduced from maximum 1024
[  ]    ==== :    32x4    | BorderExecutor<(eOperationType)1, (eCalculateGlobals)2, (eStage)7> --- Reduced from maximum 1024
[  ]    ==== :    32x4    | BorderExecutor<(eOperationType)1, (eCalculateGlobals)2, (eStage)8> --- Reduced from maximum 1024
[  ]    ==== :    32x4    | BorderExecutor<(eOperationType)1, (eCalculateGlobals)2, (eStage)9> --- Reduced from maximum 1024
[  ]    ==== :    32x4    | BorderExecutor<(eOperationType)3, (eCalculateGlobals)0, (eStage)0> --- Reduced from maximum 1024
[  ]    ==== :    32x4    | BorderExecutor<(eOperationType)3, (eCalculateGlobals)0, (eStage)1> --- Reduced from maximum 1024
[  ]    ==== :    32x4    | BorderExecutor<(eOperationType)3, (eCalculateGlobals)0, (eStage)2> --- Reduced from maximum 1024
[  ]    ==== :    32x4    | BorderExecutor<(eOperationType)3, (eCalculateGlobals)0, (eStage)3> --- Reduced from maximum 1024
[  ]    ==== :    32x4    | BorderExecutor<(eOperationType)3, (eCalculateGlobals)0, (eStage)4> --- Reduced from maximum 1024
[  ]    ==== :    32x4    | BorderExecutor<(eOperationType)3, (eCalculateGlobals)0, (eStage)5> --- Reduced from maximum 1024
[  ]    ==== :    32x4    | BorderExecutor<(eOperationType)3, (eCalculateGlobals)0, (eStage)6> --- Reduced from maximum 1024
[  ]    ==== :    32x4    | BorderExecutor<(eOperationType)3, (eCalculateGlobals)0, (eStage)7> --- Reduced from maximum 1024
[  ]    ==== :    32x4    | BorderExecutor<(eOperationType)3, (eCalculateGlobals)0, (eStage)8> --- Reduced from maximum 1024
[  ]    ==== :    32x4    | BorderExecutor<(eOperationType)3, (eCalculateGlobals)0, (eStage)9> --- Reduced from maximum 1024
[  ]    ==== :    32x4    | BorderExecutor<(eOperationType)3, (eCalculateGlobals)1, (eStage)0> --- Reduced from maximum 1024
[  ]    ==== :    32x4    | BorderExecutor<(eOperationType)3, (eCalculateGlobals)1, (eStage)1> --- Reduced from maximum 1024
[  ]    ==== :    32x4    | BorderExecutor<(eOperationType)3, (eCalculateGlobals)1, (eStage)2> --- Reduced from maximum 1024
[  ]    ==== :    32x4    | BorderExecutor<(eOperationType)3, (eCalculateGlobals)1, (eStage)3> --- Reduced from maximum 1024
[  ]    ==== :    32x4    | BorderExecutor<(eOperationType)3, (eCalculateGlobals)1, (eStage)4> --- Reduced from maximum 1024
[  ]    ==== :    32x4    | BorderExecutor<(eOperationType)3, (eCalculateGlobals)1, (eStage)5> --- Reduced from maximum 1024
[  ]    ==== :    32x4    | BorderExecutor<(eOperationType)3, (eCalculateGlobals)1, (eStage)6> --- Reduced from maximum 1024
[  ]    ==== :    32x4    | BorderExecutor<(eOperationType)3, (eCalculateGlobals)1, (eStage)7> --- Reduced from maximum 1024
[  ]    ==== :    32x4    | BorderExecutor<(eOperationType)3, (eCalculateGlobals)1, (eStage)8> --- Reduced from maximum 1024
[  ]    ==== :    32x4    | BorderExecutor<(eOperationType)3, (eCalculateGlobals)1, (eStage)9> --- Reduced from maximum 1024
[  ]    ==== :    32x4    | BorderExecutor<(eOperationType)3, (eCalculateGlobals)2, (eStage)0> --- Reduced from maximum 1024
[  ]    ==== :    32x4    | BorderExecutor<(eOperationType)3, (eCalculateGlobals)2, (eStage)1> --- Reduced from maximum 1024
[  ]    ==== :    32x4    | BorderExecutor<(eOperationType)3, (eCalculateGlobals)2, (eStage)2> --- Reduced from maximum 1024
[  ]    ==== :    32x4    | BorderExecutor<(eOperationType)3, (eCalculateGlobals)2, (eStage)3> --- Reduced from maximum 1024
[  ]    ==== :    32x4    | BorderExecutor<(eOperationType)3, (eCalculateGlobals)2, (eStage)4> --- Reduced from maximum 1024
[  ]    ==== :    32x4    | BorderExecutor<(eOperationType)3, (eCalculateGlobals)2, (eStage)5> --- Reduced from maximum 1024
[  ]    ==== :    32x4    | BorderExecutor<(eOperationType)3, (eCalculateGlobals)2, (eStage)6> --- Reduced from maximum 1024
[  ]    ==== :    32x4    | BorderExecutor<(eOperationType)3, (eCalculateGlobals)2, (eStage)7> --- Reduced from maximum 1024
[  ]    ==== :    32x4    | BorderExecutor<(eOperationType)3, (eCalculateGlobals)2, (eStage)8> --- Reduced from maximum 1024
[  ]    ==== :    32x4    | BorderExecutor<(eOperationType)3, (eCalculateGlobals)2, (eStage)9> --- Reduced from maximum 1024
[  ]    ==== :    32x4    | BorderExecutor<(eOperationType)4, (eCalculateGlobals)0, (eStage)0> --- Reduced from maximum 1024
[  ]    ==== :    32x4    | BorderExecutor<(eOperationType)4, (eCalculateGlobals)0, (eStage)1> --- Reduced from maximum 1024
[  ]    ==== :    32x4    | BorderExecutor<(eOperationType)4, (eCalculateGlobals)0, (eStage)2> --- Reduced from maximum 1024
[  ]    ==== :    32x4    | BorderExecutor<(eOperationType)4, (eCalculateGlobals)0, (eStage)3> --- Reduced from maximum 1024
[  ]    ==== :    32x4    | BorderExecutor<(eOperationType)4, (eCalculateGlobals)0, (eStage)4> --- Reduced from maximum 1024
[  ]    ==== :    32x4    | BorderExecutor<(eOperationType)4, (eCalculateGlobals)0, (eStage)5> --- Reduced from maximum 1024
[  ]    ==== :    32x4    | BorderExecutor<(eOperationType)4, (eCalculateGlobals)0, (eStage)6> --- Reduced from maximum 1024
[  ]    ==== :    32x4    | BorderExecutor<(eOperationType)4, (eCalculateGlobals)0, (eStage)7> --- Reduced from maximum 1024
[  ]    ==== :    32x4    | BorderExecutor<(eOperationType)4, (eCalculateGlobals)0, (eStage)8> --- Reduced from maximum 1024
[  ]    ==== :    32x4    | BorderExecutor<(eOperationType)4, (eCalculateGlobals)0, (eStage)9> --- Reduced from maximum 1024
[  ]    ==== :    32x4    | BorderExecutor<(eOperationType)4, (eCalculateGlobals)1, (eStage)0> --- Reduced from maximum 1024
[  ]    ==== :    32x4    | BorderExecutor<(eOperationType)4, (eCalculateGlobals)1, (eStage)1> --- Reduced from maximum 1024
[  ]    ==== :    32x4    | BorderExecutor<(eOperationType)4, (eCalculateGlobals)1, (eStage)2> --- Reduced from maximum 1024
[  ]    ==== :    32x4    | BorderExecutor<(eOperationType)4, (eCalculateGlobals)1, (eStage)3> --- Reduced from maximum 1024
[  ]    ==== :    32x4    | BorderExecutor<(eOperationType)4, (eCalculateGlobals)1, (eStage)4> --- Reduced from maximum 1024
[  ]    ==== :    32x4    | BorderExecutor<(eOperationType)4, (eCalculateGlobals)1, (eStage)5> --- Reduced from maximum 1024
[  ]    ==== :    32x4    | BorderExecutor<(eOperationType)4, (eCalculateGlobals)1, (eStage)6> --- Reduced from maximum 1024
[  ]    ==== :    32x4    | BorderExecutor<(eOperationType)4, (eCalculateGlobals)1, (eStage)7> --- Reduced from maximum 1024
[  ]    ==== :    32x4    | BorderExecutor<(eOperationType)4, (eCalculateGlobals)1, (eStage)8> --- Reduced from maximum 1024
[  ]    ==== :    32x4    | BorderExecutor<(eOperationType)4, (eCalculateGlobals)1, (eStage)9> --- Reduced from maximum 1024
[  ]    ==== :    32x4    | BorderExecutor<(eOperationType)4, (eCalculateGlobals)2, (eStage)0> --- Reduced from maximum 1024
[  ]    ==== :    32x4    | BorderExecutor<(eOperationType)4, (eCalculateGlobals)2, (eStage)1> --- Reduced from maximum 1024
[  ]    ==== :    32x4    | BorderExecutor<(eOperationType)4, (eCalculateGlobals)2, (eStage)2> --- Reduced from maximum 1024
[  ]    ==== :    32x4    | BorderExecutor<(eOperationType)4, (eCalculateGlobals)2, (eStage)3> --- Reduced from maximum 1024
[  ]    ==== :    32x4    | BorderExecutor<(eOperationType)4, (eCalculateGlobals)2, (eStage)4> --- Reduced from maximum 1024
[  ]    ==== :    32x4    | BorderExecutor<(eOperationType)4, (eCalculateGlobals)2, (eStage)5> --- Reduced from maximum 1024
[  ]    ==== :    32x4    | BorderExecutor<(eOperationType)4, (eCalculateGlobals)2, (eStage)6> --- Reduced from maximum 1024
[  ]    ==== :    32x4    | BorderExecutor<(eOperationType)4, (eCalculateGlobals)2, (eStage)7> --- Reduced from maximum 1024
[  ]    ==== :    32x4    | BorderExecutor<(eOperationType)4, (eCalculateGlobals)2, (eStage)8> --- Reduced from maximum 1024
[  ]    ==== :    32x4    | BorderExecutor<(eOperationType)4, (eCalculateGlobals)2, (eStage)9> --- Reduced from maximum 1024
[  ]    ==== :    32x4    | InteriorExecutor<(eOperationType)0, (eCalculateGlobals)0, (eStage)0> --- Reduced from maximum 1024
[  ]    ==== :    32x4    | InteriorExecutor<(eOperationType)0, (eCalculateGlobals)0, (eStage)1> --- Reduced from maximum 640
[  ]    ==== :    32x4    | InteriorExecutor<(eOperationType)0, (eCalculateGlobals)0, (eStage)2> --- Reduced from maximum 384
[  ]    ==== :    32x4    | InteriorExecutor<(eOperationType)0, (eCalculateGlobals)0, (eStage)3> --- Reduced from maximum 256
[  ]    ==== :    32x4    | InteriorExecutor<(eOperationType)0, (eCalculateGlobals)0, (eStage)4> --- Reduced from maximum 1024
[  ]    ==== :    32x4    | InteriorExecutor<(eOperationType)0, (eCalculateGlobals)0, (eStage)5> --- Reduced from maximum 640
[  ]    ==== :    32x4    | InteriorExecutor<(eOperationType)0, (eCalculateGlobals)0, (eStage)6> --- Reduced from maximum 256
[  ]    ==== :    32x4    | InteriorExecutor<(eOperationType)0, (eCalculateGlobals)0, (eStage)7> --- Reduced from maximum 384
[  ]    ==== :    32x4    | InteriorExecutor<(eOperationType)0, (eCalculateGlobals)0, (eStage)8> --- Reduced from maximum 512
[  ]    ==== :    32x4    | InteriorExecutor<(eOperationType)0, (eCalculateGlobals)0, (eStage)9> --- Reduced from maximum 384
[  ]    ==== :    32x4    | InteriorExecutor<(eOperationType)0, (eCalculateGlobals)1, (eStage)0> --- Reduced from maximum 1024
[  ]    ==== :    32x4    | InteriorExecutor<(eOperationType)0, (eCalculateGlobals)1, (eStage)1> --- Reduced from maximum 384
[  ]    ==== :    32x4    | InteriorExecutor<(eOperationType)0, (eCalculateGlobals)1, (eStage)2> --- Reduced from maximum 256
[  ]    ==== :    32x4    | InteriorExecutor<(eOperationType)0, (eCalculateGlobals)1, (eStage)3> --- Reduced from maximum 256
[  ]    ==== :    32x4    | InteriorExecutor<(eOperationType)0, (eCalculateGlobals)1, (eStage)4> --- Reduced from maximum 1024
[  ]    ==== :    32x4    | InteriorExecutor<(eOperationType)0, (eCalculateGlobals)1, (eStage)5> --- Reduced from maximum 768
[  ]    ==== :    32x4    | InteriorExecutor<(eOperationType)0, (eCalculateGlobals)1, (eStage)6> --- Reduced from maximum 256
[  ]    ==== :    32x4    | InteriorExecutor<(eOperationType)0, (eCalculateGlobals)1, (eStage)7> --- Reduced from maximum 384
[  ]    ==== :    32x4    | InteriorExecutor<(eOperationType)0, (eCalculateGlobals)1, (eStage)8> --- Reduced from maximum 512
[  ]    ==== :    32x4    | InteriorExecutor<(eOperationType)0, (eCalculateGlobals)1, (eStage)9> --- Reduced from maximum 384
[  ]    ==== :    32x4    | InteriorExecutor<(eOperationType)0, (eCalculateGlobals)2, (eStage)0> --- Reduced from maximum 1024
[  ]    ==== :    32x4    | InteriorExecutor<(eOperationType)0, (eCalculateGlobals)2, (eStage)1> --- Reduced from maximum 1024
[  ]    ==== :    32x4    | InteriorExecutor<(eOperationType)0, (eCalculateGlobals)2, (eStage)2> --- Reduced from maximum 1024
[  ]    ==== :    32x4    | InteriorExecutor<(eOperationType)0, (eCalculateGlobals)2, (eStage)3> --- Reduced from maximum 1024
[  ]    ==== :    32x4    | InteriorExecutor<(eOperationType)0, (eCalculateGlobals)2, (eStage)4> --- Reduced from maximum 1024
[  ]    ==== :    32x4    | InteriorExecutor<(eOperationType)0, (eCalculateGlobals)2, (eStage)5> --- Reduced from maximum 1024
[  ]    ==== :    32x4    | InteriorExecutor<(eOperationType)0, (eCalculateGlobals)2, (eStage)6> --- Reduced from maximum 1024
[  ]    ==== :    32x4    | InteriorExecutor<(eOperationType)0, (eCalculateGlobals)2, (eStage)7> --- Reduced from maximum 1024
[  ]    ==== :    32x4    | InteriorExecutor<(eOperationType)0, (eCalculateGlobals)2, (eStage)8> --- Reduced from maximum 1024
[  ]    ==== :    32x4    | InteriorExecutor<(eOperationType)0, (eCalculateGlobals)2, (eStage)9> --- Reduced from maximum 1024
[  ]    ==== :    32x4    | InteriorExecutor<(eOperationType)1, (eCalculateGlobals)0, (eStage)0> --- Reduced from maximum 1024
[  ]    ==== :    32x4    | InteriorExecutor<(eOperationType)1, (eCalculateGlobals)0, (eStage)1> --- Reduced from maximum 1024
[  ]    ==== :    32x4    | InteriorExecutor<(eOperationType)1, (eCalculateGlobals)0, (eStage)2> --- Reduced from maximum 1024
[  ]    ==== :    32x4    | InteriorExecutor<(eOperationType)1, (eCalculateGlobals)0, (eStage)3> --- Reduced from maximum 1024
[  ]    ==== :    32x4    | InteriorExecutor<(eOperationType)1, (eCalculateGlobals)0, (eStage)4> --- Reduced from maximum 1024
[  ]    ==== :    32x4    | InteriorExecutor<(eOperationType)1, (eCalculateGlobals)0, (eStage)5> --- Reduced from maximum 1024
[  ]    ==== :    32x4    | InteriorExecutor<(eOperationType)1, (eCalculateGlobals)0, (eStage)6> --- Reduced from maximum 1024
[  ]    ==== :    32x4    | InteriorExecutor<(eOperationType)1, (eCalculateGlobals)0, (eStage)7> --- Reduced from maximum 1024
[  ]    ==== :    32x4    | InteriorExecutor<(eOperationType)1, (eCalculateGlobals)0, (eStage)8> --- Reduced from maximum 1024
[  ]    ==== :    32x4    | InteriorExecutor<(eOperationType)1, (eCalculateGlobals)0, (eStage)9> --- Reduced from maximum 1024
[  ]    ==== :    32x4    | InteriorExecutor<(eOperationType)1, (eCalculateGlobals)1, (eStage)0> --- Reduced from maximum 1024
[  ]    ==== :    32x4    | InteriorExecutor<(eOperationType)1, (eCalculateGlobals)1, (eStage)1> --- Reduced from maximum 1024
[  ]    ==== :    32x4    | InteriorExecutor<(eOperationType)1, (eCalculateGlobals)1, (eStage)2> --- Reduced from maximum 1024
[  ]    ==== :    32x4    | InteriorExecutor<(eOperationType)1, (eCalculateGlobals)1, (eStage)3> --- Reduced from maximum 1024
[  ]    ==== :    32x4    | InteriorExecutor<(eOperationType)1, (eCalculateGlobals)1, (eStage)4> --- Reduced from maximum 1024
[  ]    ==== :    32x4    | InteriorExecutor<(eOperationType)1, (eCalculateGlobals)1, (eStage)5> --- Reduced from maximum 1024
[  ]    ==== :    32x4    | InteriorExecutor<(eOperationType)1, (eCalculateGlobals)1, (eStage)6> --- Reduced from maximum 1024
[  ]    ==== :    32x4    | InteriorExecutor<(eOperationType)1, (eCalculateGlobals)1, (eStage)7> --- Reduced from maximum 1024
[  ]    ==== :    32x4    | InteriorExecutor<(eOperationType)1, (eCalculateGlobals)1, (eStage)8> --- Reduced from maximum 1024
[  ]    ==== :    32x4    | InteriorExecutor<(eOperationType)1, (eCalculateGlobals)1, (eStage)9> --- Reduced from maximum 1024
[  ]    ==== :    32x4    | InteriorExecutor<(eOperationType)1, (eCalculateGlobals)2, (eStage)0> --- Reduced from maximum 1024
[  ]    ==== :    32x4    | InteriorExecutor<(eOperationType)1, (eCalculateGlobals)2, (eStage)1> --- Reduced from maximum 1024
[  ]    ==== :    32x4    | InteriorExecutor<(eOperationType)1, (eCalculateGlobals)2, (eStage)2> --- Reduced from maximum 1024
[  ]    ==== :    32x4    | InteriorExecutor<(eOperationType)1, (eCalculateGlobals)2, (eStage)3> --- Reduced from maximum 1024
[  ]    ==== :    32x4    | InteriorExecutor<(eOperationType)1, (eCalculateGlobals)2, (eStage)4> --- Reduced from maximum 1024
[  ]    ==== :    32x4    | InteriorExecutor<(eOperationType)1, (eCalculateGlobals)2, (eStage)5> --- Reduced from maximum 1024
[  ]    ==== :    32x4    | InteriorExecutor<(eOperationType)1, (eCalculateGlobals)2, (eStage)6> --- Reduced from maximum 1024
[  ]    ==== :    32x4    | InteriorExecutor<(eOperationType)1, (eCalculateGlobals)2, (eStage)7> --- Reduced from maximum 1024
[  ]    ==== :    32x4    | InteriorExecutor<(eOperationType)1, (eCalculateGlobals)2, (eStage)8> --- Reduced from maximum 1024
[  ]    ==== :    32x4    | InteriorExecutor<(eOperationType)1, (eCalculateGlobals)2, (eStage)9> --- Reduced from maximum 1024
[  ]    ==== :    32x4    | InteriorExecutor<(eOperationType)3, (eCalculateGlobals)0, (eStage)0> --- Reduced from maximum 1024
[  ]    ==== :    32x4    | InteriorExecutor<(eOperationType)3, (eCalculateGlobals)0, (eStage)1> --- Reduced from maximum 1024
[  ]    ==== :    32x4    | InteriorExecutor<(eOperationType)3, (eCalculateGlobals)0, (eStage)2> --- Reduced from maximum 1024
[  ]    ==== :    32x4    | InteriorExecutor<(eOperationType)3, (eCalculateGlobals)0, (eStage)3> --- Reduced from maximum 1024
[  ]    ==== :    32x4    | InteriorExecutor<(eOperationType)3, (eCalculateGlobals)0, (eStage)4> --- Reduced from maximum 1024
[  ]    ==== :    32x4    | InteriorExecutor<(eOperationType)3, (eCalculateGlobals)0, (eStage)5> --- Reduced from maximum 1024
[  ]    ==== :    32x4    | InteriorExecutor<(eOperationType)3, (eCalculateGlobals)0, (eStage)6> --- Reduced from maximum 1024
[  ]    ==== :    32x4    | InteriorExecutor<(eOperationType)3, (eCalculateGlobals)0, (eStage)7> --- Reduced from maximum 1024
[  ]    ==== :    32x4    | InteriorExecutor<(eOperationType)3, (eCalculateGlobals)0, (eStage)8> --- Reduced from maximum 1024
[  ]    ==== :    32x4    | InteriorExecutor<(eOperationType)3, (eCalculateGlobals)0, (eStage)9> --- Reduced from maximum 1024
[  ]    ==== :    32x4    | InteriorExecutor<(eOperationType)3, (eCalculateGlobals)1, (eStage)0> --- Reduced from maximum 1024
[  ]    ==== :    32x4    | InteriorExecutor<(eOperationType)3, (eCalculateGlobals)1, (eStage)1> --- Reduced from maximum 1024
[  ]    ==== :    32x4    | InteriorExecutor<(eOperationType)3, (eCalculateGlobals)1, (eStage)2> --- Reduced from maximum 1024
[  ]    ==== :    32x4    | InteriorExecutor<(eOperationType)3, (eCalculateGlobals)1, (eStage)3> --- Reduced from maximum 1024
[  ]    ==== :    32x4    | InteriorExecutor<(eOperationType)3, (eCalculateGlobals)1, (eStage)4> --- Reduced from maximum 1024
[  ]    ==== :    32x4    | InteriorExecutor<(eOperationType)3, (eCalculateGlobals)1, (eStage)5> --- Reduced from maximum 1024
[  ]    ==== :    32x4    | InteriorExecutor<(eOperationType)3, (eCalculateGlobals)1, (eStage)6> --- Reduced from maximum 1024
[  ]    ==== :    32x4    | InteriorExecutor<(eOperationType)3, (eCalculateGlobals)1, (eStage)7> --- Reduced from maximum 1024
[  ]    ==== :    32x4    | InteriorExecutor<(eOperationType)3, (eCalculateGlobals)1, (eStage)8> --- Reduced from maximum 1024
[  ]    ==== :    32x4    | InteriorExecutor<(eOperationType)3, (eCalculateGlobals)1, (eStage)9> --- Reduced from maximum 1024
[  ]    ==== :    32x4    | InteriorExecutor<(eOperationType)3, (eCalculateGlobals)2, (eStage)0> --- Reduced from maximum 1024
[  ]    ==== :    32x4    | InteriorExecutor<(eOperationType)3, (eCalculateGlobals)2, (eStage)1> --- Reduced from maximum 1024
[  ]    ==== :    32x4    | InteriorExecutor<(eOperationType)3, (eCalculateGlobals)2, (eStage)2> --- Reduced from maximum 1024
[  ]    ==== :    32x4    | InteriorExecutor<(eOperationType)3, (eCalculateGlobals)2, (eStage)3> --- Reduced from maximum 1024
[  ]    ==== :    32x4    | InteriorExecutor<(eOperationType)3, (eCalculateGlobals)2, (eStage)4> --- Reduced from maximum 1024
[  ]    ==== :    32x4    | InteriorExecutor<(eOperationType)3, (eCalculateGlobals)2, (eStage)5> --- Reduced from maximum 1024
[  ]    ==== :    32x4    | InteriorExecutor<(eOperationType)3, (eCalculateGlobals)2, (eStage)6> --- Reduced from maximum 1024
[  ]    ==== :    32x4    | InteriorExecutor<(eOperationType)3, (eCalculateGlobals)2, (eStage)7> --- Reduced from maximum 1024
[  ]    ==== :    32x4    | InteriorExecutor<(eOperationType)3, (eCalculateGlobals)2, (eStage)8> --- Reduced from maximum 1024
[  ]    ==== :    32x4    | InteriorExecutor<(eOperationType)3, (eCalculateGlobals)2, (eStage)9> --- Reduced from maximum 1024
[  ]    ==== :    32x4    | InteriorExecutor<(eOperationType)4, (eCalculateGlobals)0, (eStage)0> --- Reduced from maximum 1024
[  ]    ==== :    32x4    | InteriorExecutor<(eOperationType)4, (eCalculateGlobals)0, (eStage)1> --- Reduced from maximum 1024
[  ]    ==== :    32x4    | InteriorExecutor<(eOperationType)4, (eCalculateGlobals)0, (eStage)2> --- Reduced from maximum 1024
[  ]    ==== :    32x4    | InteriorExecutor<(eOperationType)4, (eCalculateGlobals)0, (eStage)3> --- Reduced from maximum 1024
[  ]    ==== :    32x4    | InteriorExecutor<(eOperationType)4, (eCalculateGlobals)0, (eStage)4> --- Reduced from maximum 1024
[  ]    ==== :    32x4    | InteriorExecutor<(eOperationType)4, (eCalculateGlobals)0, (eStage)5> --- Reduced from maximum 1024
[  ]    ==== :    32x4    | InteriorExecutor<(eOperationType)4, (eCalculateGlobals)0, (eStage)6> --- Reduced from maximum 1024
[  ]    ==== :    32x4    | InteriorExecutor<(eOperationType)4, (eCalculateGlobals)0, (eStage)7> --- Reduced from maximum 1024
[  ]    ==== :    32x4    | InteriorExecutor<(eOperationType)4, (eCalculateGlobals)0, (eStage)8> --- Reduced from maximum 1024
[  ]    ==== :    32x4    | InteriorExecutor<(eOperationType)4, (eCalculateGlobals)0, (eStage)9> --- Reduced from maximum 1024
[  ]    ==== :    32x4    | InteriorExecutor<(eOperationType)4, (eCalculateGlobals)1, (eStage)0> --- Reduced from maximum 1024
[  ]    ==== :    32x4    | InteriorExecutor<(eOperationType)4, (eCalculateGlobals)1, (eStage)1> --- Reduced from maximum 1024
[  ]    ==== :    32x4    | InteriorExecutor<(eOperationType)4, (eCalculateGlobals)1, (eStage)2> --- Reduced from maximum 1024
[  ]    ==== :    32x4    | InteriorExecutor<(eOperationType)4, (eCalculateGlobals)1, (eStage)3> --- Reduced from maximum 1024
[  ]    ==== :    32x4    | InteriorExecutor<(eOperationType)4, (eCalculateGlobals)1, (eStage)4> --- Reduced from maximum 1024
[  ]    ==== :    32x4    | InteriorExecutor<(eOperationType)4, (eCalculateGlobals)1, (eStage)5> --- Reduced from maximum 1024
[  ]    ==== :    32x4    | InteriorExecutor<(eOperationType)4, (eCalculateGlobals)1, (eStage)6> --- Reduced from maximum 1024
[  ]    ==== :    32x4    | InteriorExecutor<(eOperationType)4, (eCalculateGlobals)1, (eStage)7> --- Reduced from maximum 1024
[  ]    ==== :    32x4    | InteriorExecutor<(eOperationType)4, (eCalculateGlobals)1, (eStage)8> --- Reduced from maximum 1024
[  ]    ==== :    32x4    | InteriorExecutor<(eOperationType)4, (eCalculateGlobals)1, (eStage)9> --- Reduced from maximum 1024
[  ]    ==== :    32x4    | InteriorExecutor<(eOperationType)4, (eCalculateGlobals)2, (eStage)0> --- Reduced from maximum 1024
[  ]    ==== :    32x4    | InteriorExecutor<(eOperationType)4, (eCalculateGlobals)2, (eStage)1> --- Reduced from maximum 1024
[  ]    ==== :    32x4    | InteriorExecutor<(eOperationType)4, (eCalculateGlobals)2, (eStage)2> --- Reduced from maximum 1024
[  ]    ==== :    32x4    | InteriorExecutor<(eOperationType)4, (eCalculateGlobals)2, (eStage)3> --- Reduced from maximum 1024
[  ]    ==== :    32x4    | InteriorExecutor<(eOperationType)4, (eCalculateGlobals)2, (eStage)4> --- Reduced from maximum 1024
[  ]    ==== :    32x4    | InteriorExecutor<(eOperationType)4, (eCalculateGlobals)2, (eStage)5> --- Reduced from maximum 1024
[  ]    ==== :    32x4    | InteriorExecutor<(eOperationType)4, (eCalculateGlobals)2, (eStage)6> --- Reduced from maximum 1024
[  ]    ==== :    32x4    | InteriorExecutor<(eOperationType)4, (eCalculateGlobals)2, (eStage)7> --- Reduced from maximum 1024
[  ]    ==== :    32x4    | InteriorExecutor<(eOperationType)4, (eCalculateGlobals)2, (eStage)8> --- Reduced from maximum 1024
[  ]    ==== :    32x4    | InteriorExecutor<(eOperationType)4, (eCalculateGlobals)2, (eStage)9> --- Reduced from maximum 1024
[ 0] warning ! No "Units" element in config file
[  ]    ==== : Mesh size in config file: 96x96x96
[  ]    ---- : Global lattice size: 96x96x96
[  ]    ==== : Max region size: 884736. Mesh size 884736. Overhead:  0%
[  ]    ---- : Local lattice size: 96x96x96
[  ]    #### : [0] Cumulative allocation of 49287168 b (4.3 GB)
[  ]    ---- : Creating geom size:884736
[  ]    #### : Setting output path to: case
[  ]    #### : Setting output path to: output/case
[  ]    ---- : loading geometry ...
[  ]    ---- : overwriting all flags
[  ]    ---- : Setting number of zones to 3
[  ]    ---- : Setting Density_h to 1 (1.000000)
[  ]    ---- : Setting Density_l to 0.005 (0.005000)
[  ]    ---- : Setting Viscosity_h to 0.1 (0.100000)
[  ]    ---- : Setting Viscosity_l to 0.1 (0.100000)
[  ]    ---- : Setting tauUpdate to 1 (1.000000)
[  ]    ---- : Setting sigma to 5e-05 (0.000050)
[  ]    ---- : Setting M to 0.6 (0.600000)
[  ]    ---- : Setting IntWidth to 3 (3.000000)
[  ]    ---- : Setting Radius to 0 (0.000000)
[  ]    ---- : Setting CenterX to 48.0 (48.000000)
[  ]    ---- : Setting CenterY to 72.0 (72.000000)
[  ]    ---- : Setting CenterZ to 48.0 (48.000000)
[  ]    ---- : Setting CylinderCapInit to 1 (1.000000)
[  ]    ---- : Setting CylinderCapInitParentRadius to 40.21146679136217 (40.211467)
[  ]    ---- : Setting CylinderCapInitCenterX to 48.0 (48.000000)
[  ]    ---- : Setting CylinderCapInitCenterY to 68.10573339568109 (68.105733)
[  ]    ---- : Setting CylinderCapInitCenterZ to 48.0 (48.000000)
[  ]    ---- : Setting CylinderCapInitSolidCenterX to 48.0 (48.000000)
[  ]    ---- : Setting CylinderCapInitSolidCenterY to 48.0 (48.000000)
[  ]    ---- : Setting CylinderCapInitSolidCenterZ to 48.0 (48.000000)
[  ]    ---- : Setting CylinderCapInitSolidRadius to 20.0 (20.000000)
[  ]    ---- : Setting CylinderCapInitSolidAxis to 2 (2.000000)
[  ]    ---- : Setting BubbleType to 1.0 (1.000000)
[  ]    ---- : Setting VelocityX in zone  (-1) to 0 (0.000000)
[  ]    ---- : Setting VelocityY in zone  (-1) to 0 (0.000000)
[  ]    ---- : Setting VelocityZ in zone  (-1) to 0 (0.000000)
[  ]    ---- : Setting GravitationX to 0 (0.000000)
[  ]    ---- : Setting GravitationY to 0 (0.000000)
[  ]    ---- : Setting GravitationZ to 0 (0.000000)
[  ]    ---- : Setting radAngle in zone  (-1) to 90d (1.570796)
[ 0] WARNING ! Zone-specific settings in zone 0 were overwritten from 1.570796 to 1.570796
[  ]    ---- : Setting radAngle in zone OuterDomain (1) to 90d (1.570796)
[  ]    ---- : Setting radAngle in zone AnalyticCylinder (2) to 90d (1.570796)
[  ]    ---- : Setting AnalyticWetting to 1 (1.000000)
[  ]    ---- : Setting AnalyticSolidType to 2 (2.000000)
[  ]    ---- : Setting AnalyticSolidAxis to 2 (2.000000)
[  ]    ---- : Setting AnalyticSolidCenterX to 48.0 (48.000000)
[  ]    ---- : Setting AnalyticSolidCenterY to 48.0 (48.000000)
[  ]    ---- : Setting AnalyticSolidCenterZ to 48.0 (48.000000)
[  ]    ---- : Setting AnalyticSolidRadius to 20.0 (20.000000)
[  ]    ---- : Setting WettingBCMode to 0 (0.000000)
[  ]    ---- : Setting WallCompactStencilMode to 0 (0.000000)
[  ]    ---- : Setting WallCompactStencilWriteAllowedFlag to 0 (0.000000)
[  ]    ---- : Setting Stage17BDiffuseSolidMode to 1 (1.000000)
[  ]    ---- : Setting Stage17BWriteMode to 0 (0.000000)
[  ]    ---- : Setting Stage17BShadowThetaDeg to 60 (60.000000)
[  ]    ---- : Setting Stage17BPsiEps to 1.25 (1.250000)
[  ]    ---- : Setting Stage17BWriteBand to 1.8 (1.800000)
[  ]    ---- : Setting Stage17BGradPsiMin to 1e-4 (0.000100)
[  ]    ---- : Setting ReplayDiagnosticsMode to 0 (0.000000)
[  ]    ---- : Setting MomentumClosureDiagnosticsMode to 0 (0.000000)
[  ]    ---- : Setting DynamicCLMode to 0 (0.000000)
[  ]    ---- : Setting ForceFixedTol to 0 (0.000000)
[  ]    ---- : Setting ForceFixedMaxIter to 2 (2.000000)
[  ]    ---- : Setting minGradient to 1e-8 (0.000000)
[  ]    ---- : Initializing Lattice ...
[  ]     43.1 MLBUps    200.68 GB/s [====================]  0s
[  ]    ---- : Callback VTK with no Iterations attribute
[  ]    ---- :        0 it writing vtk
[  ]    ---- : Setting callback Log at 500.000000 iterations
[  ]    ---- : Adding Log to the solver hands
[  ]    ---- : Setting callback Failcheck at 500.000000 iterations
[  ]    ---- : Adding Failcheck to the solver hands
[  ]    ---- : Setting action Solve at 12000.000000 iterations
[  ]    ---- : Setting callback VTK at 3000.000000 iterations
[  ]    ---- : Adding VTK to the solver hands
[  ]    ---- : Setting callback Log at 500.000000 iterations
[  ]    ---- : Adding Log to the solver hands
[  ]    ---- : Setting callback Failcheck at 500.000000 iterations
[  ]    ---- : Adding Failcheck to the solver hands
[  ]     15.6 MLBUps     72.51 GB/s [=                   ]  2s
[  ]     19.7 MLBUps     91.89 GB/s [==                  ]  3s
[  ]     19.8 MLBUps     92.05 GB/s [===                 ]  4s
[  ]     19.7 MLBUps     91.99 GB/s [====                ]  5s
[  ]     19.7 MLBUps     91.99 GB/s [=====               ]  6s
[  ]     19.8 MLBUps     92.08 GB/s [======              ]  7s
[  ]     19.8 MLBUps     92.00 GB/s [=======             ]  8s
[  ]     19.8 MLBUps     92.01 GB/s [=======             ]  9s
[  ]     19.7 MLBUps     91.95 GB/s [========            ] 10s
[  ]     19.8 MLBUps     92.10 GB/s [=========           ] 11s
[  ]     19.8 MLBUps     92.04 GB/s [==========          ] 12s
[  ]     19.8 MLBUps     92.01 GB/s [===========         ] 13s
[  ]     19.8 MLBUps     92.04 GB/s [============        ] 14s
[  ]     19.8 MLBUps     92.05 GB/s [=============       ] 15s
[  ]     19.8 MLBUps     92.23 GB/s [==============      ] 16s
[  ]     19.8 MLBUps     92.01 GB/s [==============      ] 17s
[  ]     19.7 MLBUps     91.99 GB/s [===============     ] 18s
[  ]     19.8 MLBUps     92.08 GB/s [================    ] 19s
[  ]     19.7 MLBUps     91.95 GB/s [=================   ] 20s
[  ]     19.8 MLBUps     92.12 GB/s [==================  ] 21s
[  ]     19.8 MLBUps     92.01 GB/s [=================== ] 22s
[  ]    ---- :     19.1 MLBUps     88.88 GB/s [====================]
[  ]     19.5 MLBUps     90.96 GB/s [                    ]  0s
[  ]     19.8 MLBUps     92.07 GB/s [=                   ]  1s
[  ]     19.8 MLBUps     92.19 GB/s [==                  ]  2s
[  ]     19.8 MLBUps     92.13 GB/s [===                 ]  3s
[  ]     19.8 MLBUps     92.02 GB/s [====                ]  4s
[  ]     19.8 MLBUps     92.14 GB/s [=====               ]  5s
[  ]     19.7 MLBUps     91.99 GB/s [======              ]  6s
[  ]     19.8 MLBUps     92.17 GB/s [=======             ]  7s
[  ]     19.8 MLBUps     92.06 GB/s [=======             ]  8s
[  ]     19.8 MLBUps     92.18 GB/s [========            ]  9s
[  ]     19.8 MLBUps     92.22 GB/s [=========           ] 10s
[  ]     19.8 MLBUps     92.19 GB/s [==========          ] 11s
[  ]     19.8 MLBUps     92.00 GB/s [===========         ] 12s
[  ]     19.8 MLBUps     92.10 GB/s [============        ] 13s
[  ]     19.8 MLBUps     92.10 GB/s [=============       ] 14s
[  ]     19.8 MLBUps     92.16 GB/s [==============      ] 15s
[  ]     19.8 MLBUps     92.12 GB/s [==============      ] 16s
[  ]     19.8 MLBUps     92.11 GB/s [===============     ] 17s
[  ]     19.8 MLBUps     92.10 GB/s [================    ] 18s
[  ]     19.8 MLBUps     92.10 GB/s [=================   ] 19s
[  ]     19.8 MLBUps     92.11 GB/s [==================  ] 20s
[  ]     19.8 MLBUps     92.05 GB/s [=================== ] 21s
[  ]    ---- :     19.4 MLBUps     90.55 GB/s [====================]
[  ]     19.7 MLBUps     91.94 GB/s [                    ]  0s
[  ]     19.8 MLBUps     92.09 GB/s [=                   ]  1s
[  ]     19.8 MLBUps     92.14 GB/s [==                  ]  2s
[  ]     19.8 MLBUps     92.14 GB/s [===                 ]  3s
[  ]     19.8 MLBUps     92.11 GB/s [====                ]  4s
[  ]     19.8 MLBUps     92.17 GB/s [=====               ]  5s
[  ]     19.8 MLBUps     92.03 GB/s [======              ]  6s
[  ]     19.8 MLBUps     92.03 GB/s [=======             ]  7s
[  ]     19.8 MLBUps     92.12 GB/s [=======             ]  8s
[  ]     19.8 MLBUps     92.07 GB/s [========            ]  9s
[  ]     19.8 MLBUps     92.09 GB/s [=========           ] 10s
[  ]     19.8 MLBUps     92.10 GB/s [==========          ] 11s
[  ]     19.8 MLBUps     92.11 GB/s [===========         ] 12s
[  ]     19.8 MLBUps     92.21 GB/s [============        ] 13s
[  ]     19.8 MLBUps     92.04 GB/s [=============       ] 14s
[  ]     19.8 MLBUps     92.09 GB/s [==============      ] 15s
[  ]     19.8 MLBUps     92.06 GB/s [==============      ] 16s
[  ]     19.8 MLBUps     92.12 GB/s [===============     ] 17s
[  ]     19.8 MLBUps     92.23 GB/s [================    ] 18s
[  ]     19.8 MLBUps     92.16 GB/s [=================   ] 19s
[  ]     19.8 MLBUps     92.18 GB/s [==================  ] 20s
[  ]     19.8 MLBUps     92.11 GB/s [=================== ] 21s
[  ]    ---- :     19.5 MLBUps     90.81 GB/s [====================]
[  ]     19.8 MLBUps     92.04 GB/s [                    ]  0s
[  ]     19.8 MLBUps     92.10 GB/s [=                   ]  1s
[  ]     19.8 MLBUps     92.08 GB/s [==                  ]  2s
[  ]     19.8 MLBUps     92.01 GB/s [===                 ]  3s
[  ]     19.8 MLBUps     92.17 GB/s [====                ]  4s
[  ]     19.8 MLBUps     92.15 GB/s [=====               ]  5s
[  ]     19.8 MLBUps     92.00 GB/s [======              ]  6s
[  ]     19.8 MLBUps     92.06 GB/s [=======             ]  7s
[  ]     19.8 MLBUps     92.07 GB/s [=======             ]  8s
[  ]     19.8 MLBUps     92.00 GB/s [========            ]  9s
[  ]     19.8 MLBUps     92.12 GB/s [=========           ] 10s
[  ]     19.8 MLBUps     92.11 GB/s [==========          ] 11s
[  ]     19.8 MLBUps     92.09 GB/s [===========         ] 12s
[  ]     19.7 MLBUps     91.95 GB/s [============        ] 13s
[  ]     19.8 MLBUps     92.07 GB/s [=============       ] 14s
[  ]     19.8 MLBUps     92.06 GB/s [==============      ] 15s
[  ]     19.8 MLBUps     92.09 GB/s [==============      ] 16s
[  ]     19.8 MLBUps     92.04 GB/s [===============     ] 17s
[  ]     19.8 MLBUps     92.04 GB/s [================    ] 18s
[  ]     19.8 MLBUps     92.13 GB/s [=================   ] 19s
[  ]     19.8 MLBUps     92.13 GB/s [==================  ] 20s
[  ]     19.8 MLBUps     92.03 GB/s [=================== ] 21s
[  ]    ---- :     19.5 MLBUps     90.74 GB/s [====================]
[  ]     19.8 MLBUps     92.07 GB/s [                    ]  0s
[  ]     19.8 MLBUps     92.15 GB/s [=                   ]  1s
[  ]     19.8 MLBUps     92.03 GB/s [==                  ]  2s
[  ]     19.8 MLBUps     92.00 GB/s [===                 ]  3s
[  ]     19.8 MLBUps     92.11 GB/s [====                ]  4s
[  ]     19.8 MLBUps     92.09 GB/s [=====               ]  5s
[  ]     19.8 MLBUps     92.13 GB/s [======              ]  6s
[  ]     19.8 MLBUps     92.10 GB/s [=======             ]  7s
[  ]     19.8 MLBUps     92.16 GB/s [=======             ]  8s
[  ]     19.8 MLBUps     92.17 GB/s [========            ]  9s
[  ]     19.8 MLBUps     92.00 GB/s [=========           ] 10s
[  ]     19.8 MLBUps     92.09 GB/s [==========          ] 11s
[  ]     19.8 MLBUps     92.10 GB/s [===========         ] 12s
[  ]     19.8 MLBUps     92.17 GB/s [============        ] 13s
[  ]     19.8 MLBUps     92.08 GB/s [=============       ] 14s
[  ]     19.8 MLBUps     92.08 GB/s [==============      ] 15s
[  ]     19.7 MLBUps     91.99 GB/s [==============      ] 16s
[  ]     19.7 MLBUps     91.96 GB/s [===============     ] 17s
[  ]     19.7 MLBUps     91.99 GB/s [================    ] 18s
[  ]     19.8 MLBUps     92.15 GB/s [=================   ] 19s
[  ]     19.8 MLBUps     92.08 GB/s [==================  ] 20s
[  ]     19.8 MLBUps     92.10 GB/s [=================== ] 21s
[  ]    ---- :     19.5 MLBUps     90.70 GB/s [====================]
[  ]     19.7 MLBUps     91.99 GB/s [                    ]  0s
[  ]     19.8 MLBUps     92.05 GB/s [=                   ]  1s
[  ]     19.8 MLBUps     92.16 GB/s [==                  ]  2s
[  ]     19.8 MLBUps     92.04 GB/s [===                 ]  3s
[  ]     19.7 MLBUps     91.99 GB/s [====                ]  4s
[  ]     19.8 MLBUps     92.05 GB/s [=====               ]  5s
[  ]     19.8 MLBUps     92.23 GB/s [======              ]  6s
[  ]     19.8 MLBUps     92.06 GB/s [=======             ]  7s
[  ]     19.8 MLBUps     92.06 GB/s [=======             ]  8s
[  ]     19.8 MLBUps     92.17 GB/s [========            ]  9s
[  ]     19.8 MLBUps     92.02 GB/s [=========           ] 10s
[  ]     19.8 MLBUps     92.17 GB/s [==========          ] 11s
[  ]     19.8 MLBUps     92.03 GB/s [===========         ] 12s
[  ]     19.8 MLBUps     92.07 GB/s [============        ] 13s
[  ]     19.8 MLBUps     92.08 GB/s [=============       ] 14s
[  ]     19.8 MLBUps     92.09 GB/s [==============      ] 15s
[  ]     19.8 MLBUps     92.01 GB/s [==============      ] 16s
[  ]     19.8 MLBUps     92.08 GB/s [===============     ] 17s
[  ]     19.8 MLBUps     92.04 GB/s [================    ] 18s
[  ]     19.8 MLBUps     92.05 GB/s [=================   ] 19s
[  ]     19.8 MLBUps     92.08 GB/s [==================  ] 20s
[  ]     19.8 MLBUps     92.07 GB/s [=================== ] 21s
[  ]    ---- :     19.4 MLBUps     90.51 GB/s [====================]
[  ]    ---- :     3000 it writing vtk
[  ]     12.2 MLBUps     56.87 GB/s [                    ]  1s
[  ]     19.8 MLBUps     92.02 GB/s [=                   ]  2s
[  ]     19.8 MLBUps     92.15 GB/s [==                  ]  3s
[  ]     19.8 MLBUps     92.17 GB/s [===                 ]  4s
[  ]     19.8 MLBUps     92.08 GB/s [====                ]  5s
[  ]     19.8 MLBUps     92.17 GB/s [====                ]  6s
[  ]     19.8 MLBUps     92.01 GB/s [=====               ]  7s
[  ]     19.8 MLBUps     92.13 GB/s [======              ]  8s
[  ]     19.8 MLBUps     92.00 GB/s [=======             ]  9s
[  ]     19.8 MLBUps     92.09 GB/s [========            ] 10s
[  ]     19.5 MLBUps     90.71 GB/s [=========           ] 11s
[  ]     19.0 MLBUps     88.35 GB/s [==========          ] 12s
[  ]     19.0 MLBUps     88.47 GB/s [===========         ] 13s
[  ]     19.0 MLBUps     88.64 GB/s [============        ] 14s
[  ]     19.0 MLBUps     88.45 GB/s [============        ] 15s
[  ]     19.0 MLBUps     88.60 GB/s [=============       ] 16s
[  ]     19.0 MLBUps     88.61 GB/s [==============      ] 17s
[  ]     19.0 MLBUps     88.51 GB/s [===============     ] 18s
[  ]     19.0 MLBUps     88.41 GB/s [================    ] 19s
[  ]     19.1 MLBUps     88.74 GB/s [=================   ] 20s
[  ]     19.0 MLBUps     88.39 GB/s [==================  ] 21s
[  ]     19.0 MLBUps     88.48 GB/s [=================== ] 22s
[  ]     19.0 MLBUps     88.38 GB/s [=================== ] 23s
[  ]    ---- :     16.9 MLBUps     78.88 GB/s [====================]
[  ]     19.0 MLBUps     88.41 GB/s [                    ]  1s
[  ]     19.0 MLBUps     88.53 GB/s [=                   ]  2s
[  ]     19.0 MLBUps     88.49 GB/s [==                  ]  3s
[  ]     19.0 MLBUps     88.42 GB/s [===                 ]  4s
[  ]     19.0 MLBUps     88.37 GB/s [====                ]  5s
[  ]     19.0 MLBUps     88.50 GB/s [=====               ]  6s
[  ]     18.6 MLBUps     86.67 GB/s [======              ]  7s
[  ]     14.8 MLBUps     68.82 GB/s [=======             ]  8s
[  ]     14.7 MLBUps     68.34 GB/s [=======             ]  9s
[  ]     14.6 MLBUps     68.05 GB/s [========            ] 10s
[  ]     15.0 MLBUps     69.90 GB/s [========            ] 11s
[  ]     14.9 MLBUps     69.58 GB/s [=========           ] 12s
[  ]     14.7 MLBUps     68.26 GB/s [==========          ] 13s
[  ]     14.9 MLBUps     69.35 GB/s [==========          ] 14s
[  ]     15.1 MLBUps     70.23 GB/s [===========         ] 15s
[  ]     15.0 MLBUps     69.88 GB/s [============        ] 16s
[  ]     16.9 MLBUps     78.68 GB/s [============        ] 17s
[  ]     18.5 MLBUps     86.16 GB/s [=============       ] 18s
[  ]     18.5 MLBUps     86.05 GB/s [==============      ] 19s
[  ]     18.5 MLBUps     86.31 GB/s [===============     ] 19s
[  ]     18.5 MLBUps     86.25 GB/s [================    ] 20s
[  ]     18.5 MLBUps     86.26 GB/s [================    ] 21s
[  ]     18.5 MLBUps     86.09 GB/s [=================   ] 22s
[  ]     18.5 MLBUps     86.20 GB/s [==================  ] 23s
[  ]     18.5 MLBUps     86.24 GB/s [=================== ] 24s
[  ]    ---- :     18.3 MLBUps     85.05 GB/s [====================]
[  ]     18.5 MLBUps     86.09 GB/s [                    ]  0s
[  ]     18.5 MLBUps     86.08 GB/s [=                   ]  1s
[  ]     18.5 MLBUps     86.21 GB/s [==                  ]  2s
[  ]     18.5 MLBUps     86.09 GB/s [===                 ]  3s
[  ]     18.5 MLBUps     85.99 GB/s [====                ]  4s
[  ]     18.5 MLBUps     86.07 GB/s [====                ]  5s
[  ]     18.4 MLBUps     85.90 GB/s [=====               ]  6s
[  ]     18.5 MLBUps     86.09 GB/s [======              ]  7s
[  ]     18.5 MLBUps     86.00 GB/s [=======             ]  8s
[  ]     18.4 MLBUps     85.91 GB/s [========            ]  9s
[  ]     18.5 MLBUps     85.97 GB/s [========            ] 10s
[  ]     18.5 MLBUps     86.08 GB/s [=========           ] 11s
[  ]     18.5 MLBUps     85.95 GB/s [==========          ] 12s
[  ]     18.5 MLBUps     86.03 GB/s [===========         ] 13s
[  ]     18.4 MLBUps     85.70 GB/s [============        ] 14s
[  ]     18.4 MLBUps     85.87 GB/s [============        ] 15s
[  ]     18.4 MLBUps     85.93 GB/s [=============       ] 16s
[  ]     18.4 MLBUps     85.75 GB/s [==============      ] 17s
[  ]     18.4 MLBUps     85.82 GB/s [===============     ] 18s
[  ]     18.1 MLBUps     84.10 GB/s [================    ] 19s
[  ]      8.3 MLBUps     38.60 GB/s [================    ] 21s
[  ]      8.3 MLBUps     38.63 GB/s [=================   ] 22s
[  ]      8.3 MLBUps     38.56 GB/s [=================   ] 23s
[  ]      8.3 MLBUps     38.59 GB/s [==================  ] 24s
[  ]      8.5 MLBUps     39.72 GB/s [==================  ] 25s
[  ]     18.5 MLBUps     86.05 GB/s [==================  ] 26s
[  ]     18.8 MLBUps     87.70 GB/s [=================== ] 26s
[  ]    ---- :     18.3 MLBUps     85.39 GB/s [====================]
[  ]     18.8 MLBUps     87.65 GB/s [                    ]  0s
[  ]     18.8 MLBUps     87.39 GB/s [=                   ]  1s
[  ]     18.8 MLBUps     87.59 GB/s [==                  ]  2s
[  ]     18.8 MLBUps     87.59 GB/s [===                 ]  3s
[  ]     15.1 MLBUps     70.27 GB/s [====                ]  5s
[  ]      8.5 MLBUps     39.60 GB/s [====                ]  7s
[  ]      9.5 MLBUps     44.44 GB/s [=====               ]  8s
[  ]     18.8 MLBUps     87.72 GB/s [=====               ]  8s
[  ]     18.8 MLBUps     87.74 GB/s [======              ]  9s
[  ]     18.8 MLBUps     87.55 GB/s [=======             ] 10s
[  ]     18.8 MLBUps     87.59 GB/s [========            ] 11s
[  ]     18.2 MLBUps     84.67 GB/s [=========           ] 12s
[  ]      8.4 MLBUps     39.23 GB/s [==========          ] 14s
[  ]      8.3 MLBUps     38.64 GB/s [==========          ] 15s
[  ]     10.1 MLBUps     47.00 GB/s [==========          ] 16s
[  ]     18.8 MLBUps     87.36 GB/s [===========         ] 17s
[  ]     18.8 MLBUps     87.39 GB/s [============        ] 18s
[  ]     18.7 MLBUps     87.31 GB/s [=============       ] 19s
[  ]     18.6 MLBUps     86.76 GB/s [==============      ] 20s
[  ]     18.7 MLBUps     87.16 GB/s [==============      ] 21s
[  ]     18.6 MLBUps     86.69 GB/s [===============     ] 22s
[  ]     10.4 MLBUps     48.53 GB/s [================    ] 24s
[  ]      8.3 MLBUps     38.66 GB/s [=================   ] 25s
[  ]      8.3 MLBUps     38.61 GB/s [=================   ] 26s
[  ]     12.7 MLBUps     59.04 GB/s [=================   ] 27s
[  ]     18.7 MLBUps     87.02 GB/s [==================  ] 28s
[  ]     18.6 MLBUps     86.68 GB/s [=================== ] 29s
[  ]    ---- :     18.3 MLBUps     85.40 GB/s [====================]
[  ]     18.7 MLBUps     86.88 GB/s [                    ]  0s
[  ]      9.3 MLBUps     43.24 GB/s [=                   ]  2s
[  ]      8.3 MLBUps     38.58 GB/s [=                   ]  3s
[  ]      8.3 MLBUps     38.61 GB/s [==                  ]  4s
[  ]     12.3 MLBUps     57.50 GB/s [==                  ]  5s
[  ]     19.0 MLBUps     88.73 GB/s [===                 ]  6s
[  ]     19.0 MLBUps     88.52 GB/s [====                ]  7s
[  ]     15.9 MLBUps     73.88 GB/s [=====               ]  8s
[  ]     13.7 MLBUps     64.03 GB/s [=====               ]  9s
[  ]     13.6 MLBUps     63.44 GB/s [======              ] 10s
[  ]     13.7 MLBUps     63.68 GB/s [=======             ] 11s
[  ]     13.6 MLBUps     63.44 GB/s [=======             ] 12s
[  ]     13.7 MLBUps     63.80 GB/s [========            ] 13s
[  ]     13.8 MLBUps     64.25 GB/s [========            ] 14s
[  ]     13.7 MLBUps     63.82 GB/s [=========           ] 15s
[  ]     13.8 MLBUps     64.36 GB/s [==========          ] 16s
[  ]     13.7 MLBUps     63.82 GB/s [==========          ] 18s
[  ]     13.6 MLBUps     63.16 GB/s [===========         ] 19s
[  ]     13.6 MLBUps     63.13 GB/s [============        ] 20s
[  ]     17.0 MLBUps     78.96 GB/s [============        ] 20s
[  ]     17.2 MLBUps     80.27 GB/s [=============       ] 21s
[  ]     17.1 MLBUps     79.64 GB/s [==============      ] 23s
[  ]     17.2 MLBUps     79.92 GB/s [===============     ] 24s
[  ]     17.2 MLBUps     80.14 GB/s [================    ] 25s
[  ]     17.3 MLBUps     80.64 GB/s [================    ] 26s
[  ]     17.3 MLBUps     80.44 GB/s [=================   ] 27s
[  ]     17.1 MLBUps     79.60 GB/s [==================  ] 28s
[  ]     17.0 MLBUps     79.16 GB/s [=================== ] 29s
[  ]    ---- :     16.9 MLBUps     78.71 GB/s [====================]
[  ]     17.1 MLBUps     79.66 GB/s [                    ]  0s
[  ]     17.0 MLBUps     79.16 GB/s [=                   ]  1s
[  ]     17.3 MLBUps     80.45 GB/s [==                  ]  2s
[  ]     17.3 MLBUps     80.53 GB/s [===                 ]  3s
[  ]     17.4 MLBUps     80.86 GB/s [===                 ]  4s
[  ]     17.1 MLBUps     79.79 GB/s [====                ]  5s
[  ]     17.2 MLBUps     80.27 GB/s [=====               ]  6s
[  ]     17.2 MLBUps     80.20 GB/s [======              ]  8s
[  ]     17.3 MLBUps     80.66 GB/s [=======             ]  9s
[  ]     17.2 MLBUps     80.22 GB/s [=======             ] 10s
[  ]     17.2 MLBUps     80.23 GB/s [========            ] 11s
[  ]     17.2 MLBUps     80.04 GB/s [=========           ] 12s
[  ]     17.3 MLBUps     80.48 GB/s [==========          ] 13s
[  ]     17.1 MLBUps     79.50 GB/s [===========         ] 14s
[  ]     17.2 MLBUps     79.90 GB/s [===========         ] 15s
[  ]     17.1 MLBUps     79.51 GB/s [============        ] 16s
[  ]     17.2 MLBUps     80.20 GB/s [=============       ] 17s
[  ]     17.1 MLBUps     79.80 GB/s [==============      ] 18s
[  ]     17.2 MLBUps     80.19 GB/s [===============     ] 19s
[  ]     17.2 MLBUps     79.92 GB/s [===============     ] 20s
[  ]     17.2 MLBUps     80.19 GB/s [================    ] 21s
[  ]     17.1 MLBUps     79.50 GB/s [=================   ] 22s
[  ]     17.0 MLBUps     79.37 GB/s [==================  ] 23s
[  ]     17.3 MLBUps     80.53 GB/s [=================== ] 24s
[  ]     17.1 MLBUps     79.81 GB/s [=================== ] 25s
[  ]    ---- :     16.1 MLBUps     74.84 GB/s [====================]
[  ]    ---- :     6000 it writing vtk
[  ]     10.8 MLBUps     50.18 GB/s [                    ]  1s
[  ]     17.5 MLBUps     81.32 GB/s [=                   ]  2s
[  ]     17.6 MLBUps     81.82 GB/s [==                  ]  3s
[  ]     17.4 MLBUps     81.04 GB/s [==                  ]  4s
[  ]     17.1 MLBUps     79.57 GB/s [===                 ]  5s
[  ]     17.0 MLBUps     79.33 GB/s [====                ]  6s
[  ]     16.9 MLBUps     78.95 GB/s [=====               ]  7s
[  ]     16.9 MLBUps     78.85 GB/s [======              ]  8s
[  ]     16.8 MLBUps     78.44 GB/s [======              ]  9s
[  ]     16.8 MLBUps     78.24 GB/s [=======             ] 10s
[  ]     17.0 MLBUps     79.17 GB/s [========            ] 11s
[  ]     16.9 MLBUps     78.85 GB/s [=========           ] 12s
[  ]     17.0 MLBUps     79.37 GB/s [==========          ] 13s
[  ]     17.0 MLBUps     79.38 GB/s [==========          ] 14s
[  ]     17.0 MLBUps     78.96 GB/s [===========         ] 15s
[  ]     16.9 MLBUps     78.54 GB/s [============        ] 16s
[  ]     17.0 MLBUps     79.19 GB/s [=============       ] 17s
[  ]     16.9 MLBUps     78.93 GB/s [==============      ] 18s
[  ]     17.0 MLBUps     79.10 GB/s [==============      ] 19s
[  ]     16.8 MLBUps     78.18 GB/s [===============     ] 20s
[  ]     16.9 MLBUps     78.89 GB/s [================    ] 21s
[  ]     17.0 MLBUps     79.17 GB/s [=================   ] 22s
[  ]     17.1 MLBUps     79.59 GB/s [=================   ] 23s
[  ]     16.9 MLBUps     78.80 GB/s [==================  ] 24s
[  ]     16.9 MLBUps     78.81 GB/s [=================== ] 25s
[  ]    ---- :     16.7 MLBUps     77.71 GB/s [====================]
[  ]     16.8 MLBUps     78.25 GB/s [                    ]  0s
[  ]     16.9 MLBUps     78.65 GB/s [=                   ]  1s
[  ]     17.0 MLBUps     79.24 GB/s [==                  ]  2s
[  ]     17.0 MLBUps     79.14 GB/s [===                 ]  3s
[  ]     17.0 MLBUps     79.38 GB/s [===                 ]  5s
[  ]     17.3 MLBUps     80.74 GB/s [====                ]  6s
[  ]     17.1 MLBUps     79.87 GB/s [=====               ]  7s
[  ]     17.1 MLBUps     79.50 GB/s [======              ]  8s
[  ]     17.2 MLBUps     79.89 GB/s [=======             ]  9s
[  ]     17.4 MLBUps     80.94 GB/s [=======             ] 10s
[  ]     17.2 MLBUps     79.93 GB/s [========            ] 11s
[  ]     16.9 MLBUps     78.88 GB/s [=========           ] 12s
[  ]     17.0 MLBUps     78.96 GB/s [==========          ] 13s
[  ]     17.1 MLBUps     79.47 GB/s [===========         ] 14s
[  ]     16.9 MLBUps     78.75 GB/s [===========         ] 15s
[  ]     16.9 MLBUps     78.87 GB/s [============        ] 16s
[  ]     17.0 MLBUps     78.99 GB/s [=============       ] 17s
[  ]     17.1 MLBUps     79.67 GB/s [==============      ] 18s
[  ]     17.0 MLBUps     79.09 GB/s [===============     ] 19s
[  ]     17.0 MLBUps     79.31 GB/s [===============     ] 20s
[  ]     16.8 MLBUps     78.47 GB/s [================    ] 21s
[  ]     16.7 MLBUps     77.81 GB/s [=================   ] 22s
[  ]     16.8 MLBUps     78.24 GB/s [==================  ] 23s
[  ]     16.8 MLBUps     78.06 GB/s [==================  ] 24s
[  ]     16.9 MLBUps     78.70 GB/s [=================== ] 25s
[  ]    ---- :     16.3 MLBUps     76.10 GB/s [====================]
[  ]     16.9 MLBUps     78.88 GB/s [                    ]  1s
[  ]     16.8 MLBUps     78.37 GB/s [=                   ]  2s
[  ]     16.8 MLBUps     78.48 GB/s [==                  ]  3s
[  ]     16.8 MLBUps     78.20 GB/s [===                 ]  4s
[  ]     16.8 MLBUps     78.45 GB/s [===                 ]  5s
[  ]     16.8 MLBUps     78.29 GB/s [====                ]  6s
[  ]     16.8 MLBUps     78.19 GB/s [=====               ]  7s
[  ]     16.7 MLBUps     77.59 GB/s [======              ]  8s
[  ]     16.6 MLBUps     77.54 GB/s [======              ]  9s
[  ]     16.6 MLBUps     77.45 GB/s [=======             ] 10s
[  ]     16.8 MLBUps     78.38 GB/s [========            ] 10s
[  ]     17.0 MLBUps     79.30 GB/s [=========           ] 12s
[  ]     16.8 MLBUps     78.11 GB/s [=========           ] 13s
[  ]     16.9 MLBUps     78.66 GB/s [==========          ] 14s
[  ]     16.7 MLBUps     77.71 GB/s [===========         ] 15s
[  ]     16.7 MLBUps     77.70 GB/s [============        ] 16s
[  ]     16.7 MLBUps     77.66 GB/s [============        ] 16s
[  ]     16.7 MLBUps     77.96 GB/s [=============       ] 17s
[  ]     16.7 MLBUps     77.60 GB/s [==============      ] 18s
[  ]     16.8 MLBUps     78.46 GB/s [===============     ] 19s
[  ]     16.5 MLBUps     76.95 GB/s [===============     ] 20s
[  ]     16.7 MLBUps     77.87 GB/s [================    ] 21s
[  ]     16.8 MLBUps     78.41 GB/s [=================   ] 22s
[  ]     17.1 MLBUps     79.69 GB/s [==================  ] 23s
[  ]     16.9 MLBUps     78.80 GB/s [==================  ] 24s
[  ]     16.8 MLBUps     78.32 GB/s [=================== ] 25s
[  ]    ---- :     16.4 MLBUps     76.61 GB/s [====================]
[  ]     16.8 MLBUps     78.13 GB/s [                    ]  0s
[  ]     16.9 MLBUps     78.57 GB/s [=                   ]  1s
[  ]     17.0 MLBUps     78.96 GB/s [==                  ]  2s
[  ]     16.9 MLBUps     78.82 GB/s [===                 ]  3s
[  ]     17.0 MLBUps     79.17 GB/s [===                 ]  5s
[  ]     17.0 MLBUps     78.98 GB/s [====                ]  6s
[  ]     17.0 MLBUps     79.11 GB/s [=====               ]  7s
[  ]     17.0 MLBUps     79.12 GB/s [======              ]  8s
[  ]     16.7 MLBUps     78.00 GB/s [=======             ]  9s
[  ]     16.9 MLBUps     78.92 GB/s [=======             ] 10s
[  ]     16.8 MLBUps     78.19 GB/s [========            ] 11s
[  ]     16.7 MLBUps     77.61 GB/s [=========           ] 12s
[  ]     16.7 MLBUps     77.92 GB/s [==========          ] 13s
[  ]     16.7 MLBUps     77.69 GB/s [==========          ] 14s
[  ]     16.6 MLBUps     77.47 GB/s [===========         ] 15s
[  ]     16.8 MLBUps     78.39 GB/s [============        ] 15s
[  ]     16.6 MLBUps     77.21 GB/s [============        ] 17s
[  ]     16.8 MLBUps     78.17 GB/s [=============       ] 17s
[  ]     16.7 MLBUps     77.62 GB/s [==============      ] 18s
[  ]     16.7 MLBUps     77.74 GB/s [===============     ] 19s
[  ]     16.9 MLBUps     78.69 GB/s [===============     ] 20s
[  ]     16.8 MLBUps     78.18 GB/s [================    ] 21s
[  ]     16.6 MLBUps     77.40 GB/s [=================   ] 22s
[  ]     16.6 MLBUps     77.24 GB/s [==================  ] 23s
[  ]     16.7 MLBUps     77.61 GB/s [==================  ] 24s
[  ]     16.9 MLBUps     78.62 GB/s [=================== ] 25s
[  ]    ---- :     16.6 MLBUps     77.29 GB/s [====================]
[  ]     16.6 MLBUps     77.53 GB/s [                    ]  0s
[  ]     16.8 MLBUps     78.06 GB/s [=                   ]  1s
[  ]     16.8 MLBUps     78.14 GB/s [==                  ]  2s
[  ]     16.9 MLBUps     78.70 GB/s [==                  ]  3s
[  ]     16.8 MLBUps     78.48 GB/s [===                 ]  4s
[  ]     16.8 MLBUps     78.27 GB/s [====                ]  5s
[  ]     17.0 MLBUps     79.17 GB/s [=====               ]  6s
[  ]     17.1 MLBUps     79.43 GB/s [======              ]  7s
[  ]     17.1 MLBUps     79.66 GB/s [======              ]  8s
[  ]     17.2 MLBUps     80.33 GB/s [=======             ]  9s
[  ]     17.1 MLBUps     79.67 GB/s [========            ] 10s
[  ]     16.8 MLBUps     78.16 GB/s [=========           ] 12s
[  ]     16.9 MLBUps     78.56 GB/s [=========           ] 12s
[  ]     16.9 MLBUps     78.81 GB/s [==========          ] 14s
[  ]     17.0 MLBUps     79.17 GB/s [===========         ] 15s
[  ]     16.9 MLBUps     78.57 GB/s [============        ] 16s
[  ]     16.7 MLBUps     77.58 GB/s [=============       ] 17s
[  ]     16.6 MLBUps     77.19 GB/s [=============       ] 18s
[  ]     16.6 MLBUps     77.40 GB/s [==============      ] 19s
[  ]     16.6 MLBUps     77.30 GB/s [===============     ] 20s
[  ]     16.7 MLBUps     77.87 GB/s [================    ] 21s
[  ]     16.8 MLBUps     78.09 GB/s [================    ] 21s
[  ]     16.7 MLBUps     77.67 GB/s [=================   ] 22s
[  ]     16.8 MLBUps     78.32 GB/s [==================  ] 23s
[  ]     16.8 MLBUps     78.13 GB/s [==================  ] 24s
[  ]     16.5 MLBUps     76.83 GB/s [=================== ] 25s
[  ]    ---- :     16.1 MLBUps     74.85 GB/s [====================]
[  ]     16.7 MLBUps     77.94 GB/s [                    ]  1s
[  ]     16.7 MLBUps     78.00 GB/s [=                   ]  2s
[  ]     16.7 MLBUps     77.73 GB/s [==                  ]  2s
[  ]     16.5 MLBUps     76.72 GB/s [==                  ]  3s
[  ]     16.8 MLBUps     78.08 GB/s [===                 ]  4s
[  ]     16.5 MLBUps     76.91 GB/s [====                ]  5s
[  ]     16.9 MLBUps     78.84 GB/s [=====               ]  6s
[  ]     16.9 MLBUps     78.54 GB/s [=====               ]  7s
[  ]     16.7 MLBUps     77.93 GB/s [======              ]  8s
[  ]     16.9 MLBUps     78.59 GB/s [=======             ]  9s
[  ]     16.7 MLBUps     77.59 GB/s [========            ] 10s
[  ]     11.5 MLBUps     53.75 GB/s [========            ] 12s
[  ]      8.3 MLBUps     38.57 GB/s [=========           ] 13s
[  ]      8.3 MLBUps     38.57 GB/s [=========           ] 14s
[  ]      8.3 MLBUps     38.59 GB/s [==========          ] 15s
[  ]      8.3 MLBUps     38.62 GB/s [==========          ] 16s
[  ]      8.3 MLBUps     38.59 GB/s [===========         ] 18s
[  ]      8.3 MLBUps     38.56 GB/s [===========         ] 19s
[  ]      8.3 MLBUps     38.57 GB/s [===========         ] 20s
[  ]      8.3 MLBUps     38.61 GB/s [============        ] 21s
[  ]      8.3 MLBUps     38.62 GB/s [============        ] 22s
[  ]      8.3 MLBUps     38.65 GB/s [=============       ] 23s
[  ]     11.2 MLBUps     52.08 GB/s [=============       ] 24s
[  ]     19.1 MLBUps     88.78 GB/s [==============      ] 24s
[  ]     19.0 MLBUps     88.42 GB/s [==============      ] 25s
[  ]     19.0 MLBUps     88.59 GB/s [===============     ] 26s
[  ]     15.6 MLBUps     72.60 GB/s [================    ] 28s
[  ]     14.6 MLBUps     67.94 GB/s [=================   ] 29s
[  ]     15.1 MLBUps     70.20 GB/s [==================  ] 30s
[  ]     15.1 MLBUps     70.33 GB/s [==================  ] 31s
[  ]     14.6 MLBUps     68.23 GB/s [=================== ] 32s
[  ]    ---- :     14.4 MLBUps     67.17 GB/s [====================]
[  ]    ---- :     9000 it writing vtk
[  ]      8.9 MLBUps     41.68 GB/s [                    ]  1s
[  ]     14.9 MLBUps     69.55 GB/s [=                   ]  2s
[  ]     14.7 MLBUps     68.43 GB/s [=                   ]  3s
[  ]     14.6 MLBUps     67.82 GB/s [==                  ]  4s
[  ]     15.0 MLBUps     69.92 GB/s [==                  ]  5s
[  ]     14.6 MLBUps     67.82 GB/s [===                 ]  6s
[  ]     14.7 MLBUps     68.41 GB/s [====                ]  6s
[  ]     14.6 MLBUps     68.12 GB/s [====                ]  7s
[  ]     14.6 MLBUps     67.96 GB/s [=====               ]  8s
[  ]     15.0 MLBUps     70.04 GB/s [======              ]  9s
[  ]     15.0 MLBUps     69.87 GB/s [======              ] 10s
[  ]     15.2 MLBUps     70.87 GB/s [=======             ] 11s
[  ]     15.0 MLBUps     69.75 GB/s [========            ] 12s
[  ]     15.3 MLBUps     71.50 GB/s [========            ] 13s
[  ]     14.8 MLBUps     68.85 GB/s [=========           ] 14s
[  ]     14.7 MLBUps     68.49 GB/s [==========          ] 15s
[  ]     14.7 MLBUps     68.69 GB/s [==========          ] 16s
[  ]     14.9 MLBUps     69.57 GB/s [===========         ] 17s
[  ]     14.9 MLBUps     69.17 GB/s [============        ] 18s
[  ]     14.7 MLBUps     68.49 GB/s [============        ] 19s
[  ]     14.8 MLBUps     68.92 GB/s [=============       ] 20s
[  ]     15.0 MLBUps     69.75 GB/s [==============      ] 21s
[  ]     15.4 MLBUps     71.90 GB/s [==============      ] 22s
[  ]     15.6 MLBUps     72.53 GB/s [===============     ] 23s
[  ]     15.1 MLBUps     70.22 GB/s [================    ] 24s
[  ]     15.6 MLBUps     72.44 GB/s [================    ] 25s
[  ]     15.4 MLBUps     71.76 GB/s [=================   ] 26s
[  ]     15.0 MLBUps     70.09 GB/s [==================  ] 27s
[  ]     14.9 MLBUps     69.20 GB/s [==================  ] 28s
[  ]     15.1 MLBUps     70.34 GB/s [=================== ] 29s
[  ]    ---- :     15.3 MLBUps     71.30 GB/s [====================]
[  ]     15.3 MLBUps     71.09 GB/s [                    ]  0s
[  ]     15.1 MLBUps     70.51 GB/s [=                   ]  1s
[  ]     15.7 MLBUps     73.07 GB/s [==                  ]  2s
[  ]     17.8 MLBUps     82.95 GB/s [==                  ]  3s
[  ]     17.8 MLBUps     82.97 GB/s [===                 ]  4s
[  ]     17.8 MLBUps     82.88 GB/s [====                ]  5s
[  ]     17.8 MLBUps     83.07 GB/s [=====               ]  6s
[  ]     17.8 MLBUps     82.79 GB/s [======              ]  7s
[  ]     17.8 MLBUps     83.02 GB/s [======              ]  8s
[  ]     17.8 MLBUps     82.82 GB/s [=======             ]  9s
[  ]     17.8 MLBUps     82.92 GB/s [========            ] 10s
[  ]     17.8 MLBUps     82.77 GB/s [=========           ] 11s
[  ]     17.8 MLBUps     82.77 GB/s [==========          ] 12s
[  ]     17.8 MLBUps     83.05 GB/s [==========          ] 13s
[  ]     17.8 MLBUps     82.94 GB/s [===========         ] 14s
[  ]     17.8 MLBUps     82.84 GB/s [============        ] 15s
[  ]     17.8 MLBUps     83.04 GB/s [=============       ] 16s
[  ]     17.8 MLBUps     82.99 GB/s [==============      ] 17s
[  ]     17.7 MLBUps     82.23 GB/s [==============      ] 18s
[  ]     17.8 MLBUps     82.75 GB/s [===============     ] 19s
[  ]     17.7 MLBUps     82.43 GB/s [================    ] 20s
[  ]     17.7 MLBUps     82.55 GB/s [=================   ] 21s
[  ]     17.8 MLBUps     82.83 GB/s [==================  ] 22s
[  ]     17.7 MLBUps     82.40 GB/s [==================  ] 23s
[  ]     17.8 MLBUps     83.04 GB/s [=================== ] 24s
[  ]    ---- :     17.5 MLBUps     81.38 GB/s [====================]
[  ]     17.8 MLBUps     82.98 GB/s [                    ]  0s
[  ]     17.8 MLBUps     82.90 GB/s [=                   ]  1s
[  ]     17.7 MLBUps     82.44 GB/s [==                  ]  2s
[  ]     17.7 MLBUps     82.47 GB/s [===                 ]  3s
[  ]     17.8 MLBUps     82.98 GB/s [====                ]  4s
[  ]     17.8 MLBUps     82.79 GB/s [====                ]  5s
[  ]     17.7 MLBUps     82.59 GB/s [=====               ]  6s
[  ]     17.7 MLBUps     82.63 GB/s [======              ]  7s
[  ]     17.7 MLBUps     82.67 GB/s [=======             ]  8s
[  ]      9.0 MLBUps     42.07 GB/s [========            ] 10s
[  ]      8.3 MLBUps     38.57 GB/s [========            ] 11s
[  ]      8.3 MLBUps     38.62 GB/s [========            ] 13s
[  ]      8.3 MLBUps     38.58 GB/s [=========           ] 14s
[  ]      8.3 MLBUps     38.56 GB/s [=========           ] 15s
[  ]      8.3 MLBUps     38.60 GB/s [==========          ] 16s
[  ]      8.4 MLBUps     39.26 GB/s [==========          ] 17s
[  ]     18.5 MLBUps     86.11 GB/s [==========          ] 17s
[  ]     19.0 MLBUps     88.32 GB/s [===========         ] 18s
[  ]     15.4 MLBUps     71.67 GB/s [============        ] 19s
[  ]     14.0 MLBUps     65.04 GB/s [=============       ] 21s
[  ]     14.2 MLBUps     65.98 GB/s [=============       ] 22s
[  ]     13.8 MLBUps     64.31 GB/s [==============      ] 23s
[  ]     13.8 MLBUps     64.48 GB/s [===============     ] 24s
[  ]     13.5 MLBUps     62.92 GB/s [===============     ] 25s
[  ]     14.0 MLBUps     65.09 GB/s [================    ] 26s
[  ]     14.5 MLBUps     67.53 GB/s [=================   ] 27s
[  ]     13.9 MLBUps     64.93 GB/s [=================   ] 28s
[  ]     14.1 MLBUps     65.59 GB/s [==================  ] 29s
[  ]     14.2 MLBUps     66.22 GB/s [==================  ] 30s
[  ]     14.2 MLBUps     66.33 GB/s [=================== ] 31s
[  ]    ---- :     13.7 MLBUps     63.77 GB/s [====================]
[  ]     14.0 MLBUps     65.14 GB/s [                    ]  1s
[  ]     14.3 MLBUps     66.69 GB/s [=                   ]  2s
[  ]     16.5 MLBUps     76.67 GB/s [=                   ]  2s
[  ]     17.4 MLBUps     80.98 GB/s [==                  ]  3s
[  ]     17.5 MLBUps     81.49 GB/s [===                 ]  4s
[  ]     17.5 MLBUps     81.66 GB/s [====                ]  5s
[  ]     17.5 MLBUps     81.31 GB/s [=====               ]  6s
[  ]     17.3 MLBUps     80.63 GB/s [=====               ]  7s
[  ]     17.3 MLBUps     80.78 GB/s [======              ]  8s
[  ]     17.4 MLBUps     80.82 GB/s [=======             ]  9s
[  ]     17.4 MLBUps     80.88 GB/s [========            ] 10s
[  ]     17.2 MLBUps     80.24 GB/s [=========           ] 11s
[  ]     17.3 MLBUps     80.44 GB/s [=========           ] 12s
[  ]     17.3 MLBUps     80.65 GB/s [==========          ] 13s
[  ]     17.2 MLBUps     80.27 GB/s [===========         ] 14s
[  ]     17.3 MLBUps     80.61 GB/s [============        ] 16s
[  ]     17.4 MLBUps     81.01 GB/s [=============       ] 17s
[  ]     17.2 MLBUps     79.89 GB/s [=============       ] 18s
[  ]     17.3 MLBUps     80.57 GB/s [==============      ] 19s
[  ]     17.4 MLBUps     81.05 GB/s [===============     ] 20s
[  ]     17.3 MLBUps     80.62 GB/s [================    ] 21s
[  ]     17.3 MLBUps     80.57 GB/s [=================   ] 22s
[  ]     17.2 MLBUps     79.95 GB/s [=================   ] 23s
[  ]     17.2 MLBUps     80.24 GB/s [==================  ] 24s
[  ]     17.2 MLBUps     79.99 GB/s [=================== ] 25s
[  ]    ---- :     17.0 MLBUps     78.98 GB/s [====================]
[  ]     17.0 MLBUps     79.14 GB/s [                    ]  1s
[  ]     17.1 MLBUps     79.66 GB/s [=                   ]  2s
[  ]     17.1 MLBUps     79.76 GB/s [==                  ]  3s
[  ]     17.1 MLBUps     79.82 GB/s [===                 ]  4s
[  ]     17.5 MLBUps     81.40 GB/s [====                ]  5s
[  ]     17.1 MLBUps     79.80 GB/s [====                ]  6s
[  ]     17.1 MLBUps     79.73 GB/s [=====               ]  7s
[  ]     17.2 MLBUps     80.25 GB/s [======              ]  8s
[  ]     17.3 MLBUps     80.47 GB/s [=======             ]  9s
[  ]     17.2 MLBUps     80.31 GB/s [========            ] 10s
[  ]     17.1 MLBUps     79.81 GB/s [========            ] 11s
[  ]     17.2 MLBUps     79.89 GB/s [=========           ] 12s
[  ]     17.0 MLBUps     79.37 GB/s [==========          ] 13s
[  ]     17.2 MLBUps     79.99 GB/s [===========         ] 14s
[  ]     17.3 MLBUps     80.39 GB/s [============        ] 15s
[  ]     17.1 MLBUps     79.85 GB/s [============        ] 16s
[  ]     17.3 MLBUps     80.72 GB/s [=============       ] 17s
[  ]     17.1 MLBUps     79.54 GB/s [==============      ] 18s
[  ]     17.0 MLBUps     79.08 GB/s [===============     ] 19s
[  ]     17.0 MLBUps     79.20 GB/s [================    ] 20s
[  ]     17.1 MLBUps     79.42 GB/s [================    ] 21s
[  ]     17.3 MLBUps     80.41 GB/s [=================   ] 22s
[  ]     17.0 MLBUps     79.24 GB/s [==================  ] 23s
[  ]     17.0 MLBUps     79.23 GB/s [=================== ] 24s
[  ]    ---- :     16.7 MLBUps     77.98 GB/s [====================]
[  ]     17.1 MLBUps     79.77 GB/s [                    ]  1s
[  ]     13.5 MLBUps     62.74 GB/s [=                   ]  2s
[  ]      8.3 MLBUps     38.59 GB/s [==                  ]  4s
[  ]      8.3 MLBUps     38.61 GB/s [==                  ]  5s
[  ]      8.3 MLBUps     38.57 GB/s [===                 ]  6s
[  ]      8.3 MLBUps     38.65 GB/s [===                 ]  7s
[  ]      8.3 MLBUps     38.60 GB/s [===                 ]  8s
[  ]      8.3 MLBUps     38.60 GB/s [====                ]  9s
[  ]      8.3 MLBUps     38.56 GB/s [====                ] 10s
[  ]      8.3 MLBUps     38.58 GB/s [=====               ] 11s
[  ]      8.3 MLBUps     38.63 GB/s [=====               ] 12s
[  ]      8.3 MLBUps     38.56 GB/s [=====               ] 13s
[  ]      8.3 MLBUps     38.60 GB/s [======              ] 14s
[  ]      8.3 MLBUps     38.57 GB/s [======              ] 15s
[  ]     14.2 MLBUps     66.05 GB/s [=======             ] 16s
[  ]     19.1 MLBUps     88.85 GB/s [=======             ] 17s
[  ]     19.1 MLBUps     88.74 GB/s [========            ] 18s
[  ]     13.7 MLBUps     63.95 GB/s [=========           ] 19s
[  ]      8.3 MLBUps     38.63 GB/s [==========          ] 21s
[  ]     10.9 MLBUps     50.77 GB/s [==========          ] 22s
[  ]     18.9 MLBUps     87.91 GB/s [==========          ] 22s
[  ]     18.9 MLBUps     87.94 GB/s [===========         ] 23s
[  ]     18.8 MLBUps     87.65 GB/s [============        ] 24s
[  ]     18.8 MLBUps     87.67 GB/s [=============       ] 25s
[  ]     16.7 MLBUps     77.77 GB/s [==============      ] 26s
[  ]     13.5 MLBUps     62.96 GB/s [===============     ] 28s
[  ]     13.6 MLBUps     63.31 GB/s [===============     ] 29s
[  ]     14.0 MLBUps     65.31 GB/s [================    ] 30s
[  ]     14.1 MLBUps     65.75 GB/s [=================   ] 31s
[  ]     14.1 MLBUps     65.80 GB/s [=================   ] 32s
[  ]     13.9 MLBUps     64.71 GB/s [==================  ] 33s
[  ]     14.0 MLBUps     65.05 GB/s [=================== ] 34s
[  ]     13.8 MLBUps     64.24 GB/s [=================== ] 35s
[  ]    ---- :     13.6 MLBUps     63.27 GB/s [====================]
[  ]    ---- :    12000 it writing vtk
[  ]    ---- : Total duration: 719.845794 s = 11.997430 min = 0.199957 h
