{
  "status": "exploratory_not_validation",
  "root": "/media/yuan/8A0E24070E23EAC1/runs/tclb_pre2025_sphere_tableII_q27_geometric_theta030_radAngle011_param_sensitivity_200k_20260610/M0p1_W6/theta030",
  "theta_deg": 30,
  "frame_count": 11,
  "first_step": 0,
  "final_step": 200000,
  "final": {
    "status": "exploratory_not_validation",
    "step": 200000,
    "file": "/media/yuan/8A0E24070E23EAC1/runs/tclb_pre2025_sphere_tableII_q27_geometric_theta030_radAngle011_param_sensitivity_200k_20260610/M0p1_W6/theta030/output/case_VTK_P00_00200000.vti",
    "dims": "96x80x140",
    "phase_nonfinite_count": 0,
    "phase_min": 1.631130049068779e-08,
    "phase_max": 1.4318890182653934,
    "phase_sum": 120868.27472318585,
    "phase_clipped_sum": 120295.1015729734,
    "fluid_cell_count": 954036,
    "fluid_phase_sum": 58316.153365570564,
    "fluid_phase_clipped_sum": 58316.153365570564,
    "boundary_cell_count": 121164,
    "wall_phase_sum": 62552.12135761532,
    "top_interface_z_lu": 73.16474731695023,
    "measured_Hmax_lu": 49.164747316950226,
    "measured_H1_minus_H2_lu": 25.164747316950226,
    "fit_contact_angle_deg": 46.08245537145331,
    "fit_contact_angle_x_slice_deg": 46.26462317593556,
    "fit_contact_angle_y_slice_deg": 45.900287566971045,
    "fit_x_point_count": 160,
    "fit_y_point_count": 156,
    "u_nonfinite_count": 0,
    "u_max_fluid": 0.00013945480433232132,
    "u_max_interface_band": 9.162419035755852e-05,
    "u_max_contact_interface_band": 9.128780378734508e-05,
    "mach_max_fluid": 0.00024154280646315694,
    "mach_max_interface_band": 0.0001586977529016538,
    "rho_nonfinite_count": 0,
    "rho_sum": 59211.87321220501,
    "fluid_rho_sum": 59211.87321220503,
    "target_expected_Hmax_lu": 43.61373202227981,
    "target_expected_H1_minus_H2_lu": 19.613732022279812,
    "target_liquid_spherical_cap_radius_lu": 29.045304538144578,
    "target_liquid_solid_center_distance_lu": 14.568427484135233,
    "Hmax_relative_error_percent": 12.72767781448905,
    "H1_minus_H2_relative_error_percent": 28.30167807108231,
    "phase_sum_rel_change": 0.11719411960397765,
    "phase_clipped_sum_rel_change": 0.11224473600504588,
    "fluid_phase_sum_rel_change": -0.027866170456135875,
    "fluid_phase_clipped_sum_rel_change": -0.027866170456135875,
    "rho_sum_rel_change": -0.027429499462545786,
    "fluid_rho_sum_rel_change": -0.02742949946254566
  },
  "fit_payload_final": {
    "x_slice": {
      "slice_axis": "x",
      "fit_point_count": 160,
      "contact_angle_deg": 46.26462317593556,
      "liquid_fit_radius_lu": 26.93658230389686,
      "liquid_fit_center_tangent_lu": 39.49992463208419,
      "liquid_fit_center_z_lu": 44.18593256627606,
      "liquid_solid_center_distance_lu": 20.192125914421208
    },
    "y_slice": {
      "slice_axis": "y",
      "fit_point_count": 156,
      "contact_angle_deg": 45.900287566971045,
      "liquid_fit_radius_lu": 27.0626439238145,
      "liquid_fit_center_tangent_lu": 39.784716742882715,
      "liquid_fit_center_z_lu": 44.108443521823574,
      "liquid_solid_center_distance_lu": 20.109595912179923
    }
  },
  "log_payload": {
    "log_csv": "/media/yuan/8A0E24070E23EAC1/runs/tclb_pre2025_sphere_tableII_q27_geometric_theta030_radAngle011_param_sensitivity_200k_20260610/M0p1_W6/theta030/output/case_Log_P00_00000000.csv",
    "log_final_iteration": 200000.0,
    "log_final_NumSpecialPoints": 392.0,
    "log_final_NumWallBoundaryPoints": 73292.0,
    "log_final_NumBoundaryPoints": 121164.0,
    "log_final_NumFluidCells": 954036.0,
    "log_final_TotalDensity": 59211.878372661,
    "log_final_LiqTotalVelocity": 2.1504495864734,
    "log_final_LiqTotalVelocityX": 0.0062599182494915,
    "log_final_LiqTotalVelocityY": 1.0615836052303e-05,
    "log_final_LiqTotalVelocityZ": -1.9335351348216,
    "log_final_LiqTotalPhase": 43376.793833998,
    "log_max_NumSpecialPoints": 392.0,
    "log_max_NumWallBoundaryPoints": 73292.0,
    "log_max_NumBoundaryPoints": 121164.0
  },
  "max_abs_fluid_phase_sum_rel_change": 0.027866170456135875,
  "max_abs_fluid_phase_clipped_sum_rel_change": 0.027866170456135875,
  "max_abs_rho_sum_rel_change": 0.027429499462545786,
  "max_abs_fluid_rho_sum_rel_change": 0.02742949946254566,
  "max_mach_fluid": 0.0005960404740080798,
  "max_nonfinite_count": 0,
  "claim_limit": "Postprocessing output for TCLB analogue only. Requires read-only audit before any validation_candidate promotion."
}
