{
  "status": "exploratory_not_validation",
  "root": "/media/yuan/8A0E24070E23EAC1/runs/tclb_pre2025_sphere_tableII_q27_geometric_200k_20260610/theta040",
  "theta_deg": 40,
  "frame_count": 11,
  "first_step": 0,
  "final_step": 200000,
  "final": {
    "status": "exploratory_not_validation",
    "step": 200000,
    "file": "/media/yuan/8A0E24070E23EAC1/runs/tclb_pre2025_sphere_tableII_q27_geometric_200k_20260610/theta040/output/case_VTK_P00_00200000.vti",
    "dims": "96x80x140",
    "phase_nonfinite_count": 0,
    "phase_min": 1.5974145648758983e-08,
    "phase_max": 1.0000016371759646,
    "phase_sum": 111642.36877227455,
    "phase_clipped_sum": 111642.36851999314,
    "fluid_cell_count": 954036,
    "fluid_phase_sum": 59412.45763940348,
    "fluid_phase_clipped_sum": 59412.45754778954,
    "boundary_cell_count": 121164,
    "wall_phase_sum": 52229.911132871086,
    "top_interface_z_lu": 75.4338224610056,
    "measured_Hmax_lu": 51.433822461005605,
    "measured_H1_minus_H2_lu": 27.433822461005605,
    "fit_contact_angle_deg": 52.81912691902241,
    "fit_contact_angle_x_slice_deg": 52.82366202336749,
    "fit_contact_angle_y_slice_deg": 52.81459181467733,
    "fit_x_point_count": 152,
    "fit_y_point_count": 152,
    "u_nonfinite_count": 0,
    "u_max_fluid": 9.38671739467712e-05,
    "u_max_interface_band": 5.0168395830071165e-05,
    "u_max_contact_interface_band": 5.0154369153953074e-05,
    "mach_max_fluid": 0.00016258271443871333,
    "mach_max_interface_band": 8.689421051190986e-05,
    "rho_nonfinite_count": 0,
    "rho_sum": 60307.08118176402,
    "fluid_rho_sum": 60307.08118176406,
    "target_expected_Hmax_lu": 46.49202465923699,
    "target_expected_H1_minus_H2_lu": 22.49202465923699,
    "target_liquid_spherical_cap_radius_lu": 28.20490847034644,
    "target_liquid_solid_center_distance_lu": 18.287116188890547,
    "Hmax_relative_error_percent": 10.629345222088073,
    "H1_minus_H2_relative_error_percent": 21.971333735574248,
    "phase_sum_rel_change": 0.033444425117994094,
    "phase_clipped_sum_rel_change": 0.033444422782690504,
    "fluid_phase_sum_rel_change": -0.0095907114184739,
    "fluid_phase_clipped_sum_rel_change": -0.009590712945683857,
    "rho_sum_rel_change": -0.009440422181892286,
    "fluid_rho_sum_rel_change": -0.009440422181891808
  },
  "fit_payload_final": {
    "x_slice": {
      "slice_axis": "x",
      "fit_point_count": 152,
      "contact_angle_deg": 52.82366202336749,
      "liquid_fit_radius_lu": 27.39753224851698,
      "liquid_fit_center_tangent_lu": 39.50000000000284,
      "liquid_fit_center_z_lu": 47.05884426348456,
      "liquid_solid_center_distance_lu": 23.064264539924785
    },
    "y_slice": {
      "slice_axis": "y",
      "fit_point_count": 152,
      "contact_angle_deg": 52.81459181467733,
      "liquid_fit_radius_lu": 27.39703635816813,
      "liquid_fit_center_tangent_lu": 39.708107994515196,
      "liquid_fit_center_z_lu": 47.05854386610332,
      "liquid_solid_center_distance_lu": 23.060391283928315
    }
  },
  "log_payload": {
    "log_csv": "/media/yuan/8A0E24070E23EAC1/runs/tclb_pre2025_sphere_tableII_q27_geometric_200k_20260610/theta040/output/case_Log_P00_00000000.csv",
    "log_final_iteration": 200000.0,
    "log_final_NumSpecialPoints": 392.0,
    "log_final_NumWallBoundaryPoints": 73292.0,
    "log_final_NumBoundaryPoints": 121164.0,
    "log_final_NumFluidCells": 954036.0,
    "log_final_TotalDensity": 60307.082361176,
    "log_final_LiqTotalVelocity": 1.8144739806795,
    "log_final_LiqTotalVelocityX": 0.016864841444336,
    "log_final_LiqTotalVelocityY": -3.6391332158018e-14,
    "log_final_LiqTotalVelocityZ": -1.6328138961904,
    "log_final_LiqTotalPhase": 50116.144510459,
    "log_max_NumSpecialPoints": 392.0,
    "log_max_NumWallBoundaryPoints": 73292.0,
    "log_max_NumBoundaryPoints": 121164.0
  },
  "max_abs_fluid_phase_sum_rel_change": 0.0095907114184739,
  "max_abs_fluid_phase_clipped_sum_rel_change": 0.009590712945683857,
  "max_abs_rho_sum_rel_change": 0.009440422181892286,
  "max_abs_fluid_rho_sum_rel_change": 0.009440422181891808,
  "max_mach_fluid": 0.0005940163496529926,
  "max_nonfinite_count": 0,
  "claim_limit": "Postprocessing output for TCLB analogue only. Requires read-only audit before any validation_candidate promotion."
}
