BATCH_PREP 2026-06-10T07:28:43+08:00
status=exploratory_not_validation
mode=dry-run
continue_on_failure=0
binary=/home/yuan/src/TCLB/CLB/d3q27_pf_velocity_q27_geometric/main
run_root=/media/yuan/8A0E24070E23EAC1/runs/tclb_pre2025_sphere_tableII_q27_geometric_200k_20260610
case_count=11
/media/yuan/8A0E24070E23EAC1/runs/tclb_pre2025_sphere_tableII_q27_geometric_200k_20260610/theta030/pre2025_sphere_tableII_theta030.xml
/media/yuan/8A0E24070E23EAC1/runs/tclb_pre2025_sphere_tableII_q27_geometric_200k_20260610/theta040/pre2025_sphere_tableII_theta040.xml
/media/yuan/8A0E24070E23EAC1/runs/tclb_pre2025_sphere_tableII_q27_geometric_200k_20260610/theta050/pre2025_sphere_tableII_theta050.xml
/media/yuan/8A0E24070E23EAC1/runs/tclb_pre2025_sphere_tableII_q27_geometric_200k_20260610/theta060/pre2025_sphere_tableII_theta060.xml
/media/yuan/8A0E24070E23EAC1/runs/tclb_pre2025_sphere_tableII_q27_geometric_200k_20260610/theta070/pre2025_sphere_tableII_theta070.xml
/media/yuan/8A0E24070E23EAC1/runs/tclb_pre2025_sphere_tableII_q27_geometric_200k_20260610/theta080/pre2025_sphere_tableII_theta080.xml
/media/yuan/8A0E24070E23EAC1/runs/tclb_pre2025_sphere_tableII_q27_geometric_200k_20260610/theta090/pre2025_sphere_tableII_theta090.xml
/media/yuan/8A0E24070E23EAC1/runs/tclb_pre2025_sphere_tableII_q27_geometric_200k_20260610/theta100/pre2025_sphere_tableII_theta100.xml
/media/yuan/8A0E24070E23EAC1/runs/tclb_pre2025_sphere_tableII_q27_geometric_200k_20260610/theta110/pre2025_sphere_tableII_theta110.xml
/media/yuan/8A0E24070E23EAC1/runs/tclb_pre2025_sphere_tableII_q27_geometric_200k_20260610/theta120/pre2025_sphere_tableII_theta120.xml
/media/yuan/8A0E24070E23EAC1/runs/tclb_pre2025_sphere_tableII_q27_geometric_200k_20260610/theta130/pre2025_sphere_tableII_theta130.xml
DRY_RUN_ONLY 2026-06-10T07:28:43+08:00
BATCH_PREP 2026-06-10T07:28:56+08:00
status=exploratory_not_validation
mode=wait-run
continue_on_failure=1
binary=/home/yuan/src/TCLB/CLB/d3q27_pf_velocity_q27_geometric/main
run_root=/media/yuan/8A0E24070E23EAC1/runs/tclb_pre2025_sphere_tableII_q27_geometric_200k_20260610
case_count=11
CASE_START 2026-06-10T07:28:56+08:00 theta=030 case_dir=/media/yuan/8A0E24070E23EAC1/runs/tclb_pre2025_sphere_tableII_q27_geometric_200k_20260610/theta030
CASE_END 2026-06-10T07:45:43+08:00 theta=030 rc=0 numerical_failure=0
CASE_START 2026-06-10T07:46:06+08:00 theta=040 case_dir=/media/yuan/8A0E24070E23EAC1/runs/tclb_pre2025_sphere_tableII_q27_geometric_200k_20260610/theta040
CASE_END 2026-06-10T08:03:05+08:00 theta=040 rc=0 numerical_failure=0
CASE_START 2026-06-10T08:03:27+08:00 theta=050 case_dir=/media/yuan/8A0E24070E23EAC1/runs/tclb_pre2025_sphere_tableII_q27_geometric_200k_20260610/theta050
CASE_END 2026-06-10T08:20:24+08:00 theta=050 rc=0 numerical_failure=0
CASE_START 2026-06-10T08:20:45+08:00 theta=060 case_dir=/media/yuan/8A0E24070E23EAC1/runs/tclb_pre2025_sphere_tableII_q27_geometric_200k_20260610/theta060
CASE_END 2026-06-10T08:37:43+08:00 theta=060 rc=0 numerical_failure=0
CASE_START 2026-06-10T08:38:07+08:00 theta=070 case_dir=/media/yuan/8A0E24070E23EAC1/runs/tclb_pre2025_sphere_tableII_q27_geometric_200k_20260610/theta070
CASE_END 2026-06-10T08:55:02+08:00 theta=070 rc=0 numerical_failure=0
CASE_START 2026-06-10T08:55:23+08:00 theta=080 case_dir=/media/yuan/8A0E24070E23EAC1/runs/tclb_pre2025_sphere_tableII_q27_geometric_200k_20260610/theta080
CASE_END 2026-06-10T09:12:14+08:00 theta=080 rc=0 numerical_failure=0
CASE_START 2026-06-10T09:12:35+08:00 theta=090 case_dir=/media/yuan/8A0E24070E23EAC1/runs/tclb_pre2025_sphere_tableII_q27_geometric_200k_20260610/theta090
CASE_END 2026-06-10T09:29:10+08:00 theta=090 rc=0 numerical_failure=0
CASE_START 2026-06-10T09:29:31+08:00 theta=100 case_dir=/media/yuan/8A0E24070E23EAC1/runs/tclb_pre2025_sphere_tableII_q27_geometric_200k_20260610/theta100
CASE_END 2026-06-10T09:46:21+08:00 theta=100 rc=0 numerical_failure=0
CASE_START 2026-06-10T09:46:43+08:00 theta=110 case_dir=/media/yuan/8A0E24070E23EAC1/runs/tclb_pre2025_sphere_tableII_q27_geometric_200k_20260610/theta110
CASE_END 2026-06-10T10:03:41+08:00 theta=110 rc=0 numerical_failure=0
CASE_START 2026-06-10T10:04:02+08:00 theta=120 case_dir=/media/yuan/8A0E24070E23EAC1/runs/tclb_pre2025_sphere_tableII_q27_geometric_200k_20260610/theta120
CASE_END 2026-06-10T10:20:59+08:00 theta=120 rc=0 numerical_failure=0
CASE_START 2026-06-10T10:21:21+08:00 theta=130 case_dir=/media/yuan/8A0E24070E23EAC1/runs/tclb_pre2025_sphere_tableII_q27_geometric_200k_20260610/theta130
CASE_END 2026-06-10T10:38:13+08:00 theta=130 rc=0 numerical_failure=0
BATCH_END 2026-06-10T10:38:37+08:00
