{
  "status": "runtime_sanity",
  "decision": {
    "status": "runtime_sanity",
    "claim_limit": "runtime_sanity / exploratory_not_validation only",
    "write_mode_allowed": false,
    "write_mode_blocked": true,
    "block_reason": "Stage8h is shadow-only; sphere Stage8OperatorMode=2 remains forbidden",
    "shadow_gate_passed_for_planning": true,
    "root_cause_classification": "stage8h_mode4_combined_shadow_gate_passed",
    "final_stage8g_mode": 3,
    "final_stage8h_mode": 4,
    "final_vector_limiter_fraction": 0.0,
    "final_normal_limiter_fraction": 0.0,
    "final_stage8h_limiter_equivalent_fraction": 0.0,
    "final_limiter_ratio_p50": 1.0,
    "final_limiter_ratio_p10": 1.0,
    "final_outer90_normal_limiter_count": 0,
    "final_outer90_stage8h_limiter_equivalent_count": 0,
    "final_fallback_stage8h_limiter_equivalent_count": 0,
    "final_ratio_cap_limiter_fraction_of_normal_limiter": NaN,
    "final_abs_cap_limiter_fraction_of_normal_limiter": NaN,
    "final_cap_demand_ratio_p50": 0.15989870928288127,
    "final_regularization_ratio_p50": 0.8813286178649125,
    "final_profile_target_mismatch_p50": 0.011840885263212628,
    "final_profile_conflict_p50": 0.0,
    "final_normal_raw_abs_p50": 0.06361076204519192,
    "final_target_minus_raw_abs_p50": 0.004579321115737455,
    "final_tangent_mag_p95": 0.07536387677279424,
    "final_raw_delta_p99": 0.011074333734952592,
    "final_normal_delta_limited_p99": 0.011074333734952592,
    "final_stage8h_candidate_demand_ratio_p50": 0.006955771187678797,
    "final_stage8h_candidate_demand_ratio_p95": 0.02731687498346718,
    "final_stage8h_candidate_demand_ratio_p99": 0.0291332886396711,
    "final_stage8h_beta_relaxation_p50": 0.25,
    "final_stage8h_profile_consistency_weight_p50": 0.8085266755284211,
    "final_stage8h_cos_to_tan_ratio_p50": 0.3611646551108043
  },
  "frames": [
    0,
    100,
    1000
  ]
}
