MPMD: TCLB: local:0/1 work:0/1 ---  connected to:
[  ]    ---- : Using std::chrono::steady_clock::now() for walltime
[  ]    #### : -------------------------------------------------------------------------
[  ]    #### : -  CLB version:                   ded67cd                               -
[  ]    #### : -        Model: d3q27_pf_velocity_q27_geometric                               -
[  ]    #### : -------------------------------------------------------------------------
[  ]    #### : Setting output path to: case
[  ]    ---- : Discarding 1 comments
[ 0]    ---- : Selecting device 0/1
[  ]    ---- :   Threads  |      Action
[  ]    ==== :    32x4    | BorderExecutor<(eOperationType)0, (eCalculateGlobals)0, (eStage)0> --- Reduced from maximum 1024
[  ]    ==== :    32x4    | BorderExecutor<(eOperationType)0, (eCalculateGlobals)0, (eStage)1> --- Reduced from maximum 384
[  ]    ==== :    32x4    | BorderExecutor<(eOperationType)0, (eCalculateGlobals)0, (eStage)2> --- Reduced from maximum 384
[  ]    ==== :    32x4    | BorderExecutor<(eOperationType)0, (eCalculateGlobals)0, (eStage)3> --- Reduced from maximum 256
[  ]    ==== :    32x4    | BorderExecutor<(eOperationType)0, (eCalculateGlobals)0, (eStage)4> --- Reduced from maximum 1024
[  ]    ==== :    32x4    | BorderExecutor<(eOperationType)0, (eCalculateGlobals)0, (eStage)5> --- Reduced from maximum 512
[  ]    ==== :    32x4    | BorderExecutor<(eOperationType)0, (eCalculateGlobals)0, (eStage)6> --- Reduced from maximum 512
[  ]    ==== :    32x4    | BorderExecutor<(eOperationType)0, (eCalculateGlobals)0, (eStage)7> --- Reduced from maximum 640
[  ]    ==== :    32x4    | BorderExecutor<(eOperationType)0, (eCalculateGlobals)0, (eStage)8> --- Reduced from maximum 640
[  ]    ==== :    32x4    | BorderExecutor<(eOperationType)0, (eCalculateGlobals)0, (eStage)9> --- Reduced from maximum 512
[  ]    ==== :    32x4    | BorderExecutor<(eOperationType)0, (eCalculateGlobals)1, (eStage)0> --- Reduced from maximum 896
[  ]    ==== :    32x4    | BorderExecutor<(eOperationType)0, (eCalculateGlobals)1, (eStage)1> --- Reduced from maximum 384
[  ]    ==== :    32x4    | BorderExecutor<(eOperationType)0, (eCalculateGlobals)1, (eStage)2> --- Reduced from maximum 256
[  ]    ==== :    32x4    | BorderExecutor<(eOperationType)0, (eCalculateGlobals)1, (eStage)3> --- Reduced from maximum 256
[  ]    ==== :    32x4    | BorderExecutor<(eOperationType)0, (eCalculateGlobals)1, (eStage)4> --- Reduced from maximum 1024
[  ]    ==== :    32x4    | BorderExecutor<(eOperationType)0, (eCalculateGlobals)1, (eStage)5> --- Reduced from maximum 512
[  ]    ==== :    32x4    | BorderExecutor<(eOperationType)0, (eCalculateGlobals)1, (eStage)6> --- Reduced from maximum 512
[  ]    ==== :    32x4    | BorderExecutor<(eOperationType)0, (eCalculateGlobals)1, (eStage)7> --- Reduced from maximum 640
[  ]    ==== :    32x4    | BorderExecutor<(eOperationType)0, (eCalculateGlobals)1, (eStage)8> --- Reduced from maximum 640
[  ]    ==== :    32x4    | BorderExecutor<(eOperationType)0, (eCalculateGlobals)1, (eStage)9> --- Reduced from maximum 768
[  ]    ==== :    32x4    | BorderExecutor<(eOperationType)0, (eCalculateGlobals)2, (eStage)0> --- Reduced from maximum 1024
[  ]    ==== :    32x4    | BorderExecutor<(eOperationType)0, (eCalculateGlobals)2, (eStage)1> --- Reduced from maximum 1024
[  ]    ==== :    32x4    | BorderExecutor<(eOperationType)0, (eCalculateGlobals)2, (eStage)2> --- Reduced from maximum 1024
[  ]    ==== :    32x4    | BorderExecutor<(eOperationType)0, (eCalculateGlobals)2, (eStage)3> --- Reduced from maximum 1024
[  ]    ==== :    32x4    | BorderExecutor<(eOperationType)0, (eCalculateGlobals)2, (eStage)4> --- Reduced from maximum 1024
[  ]    ==== :    32x4    | BorderExecutor<(eOperationType)0, (eCalculateGlobals)2, (eStage)5> --- Reduced from maximum 1024
[  ]    ==== :    32x4    | BorderExecutor<(eOperationType)0, (eCalculateGlobals)2, (eStage)6> --- Reduced from maximum 1024
[  ]    ==== :    32x4    | BorderExecutor<(eOperationType)0, (eCalculateGlobals)2, (eStage)7> --- Reduced from maximum 1024
[  ]    ==== :    32x4    | BorderExecutor<(eOperationType)0, (eCalculateGlobals)2, (eStage)8> --- Reduced from maximum 1024
[  ]    ==== :    32x4    | BorderExecutor<(eOperationType)0, (eCalculateGlobals)2, (eStage)9> --- Reduced from maximum 1024
[  ]    ==== :    32x4    | BorderExecutor<(eOperationType)1, (eCalculateGlobals)0, (eStage)0> --- Reduced from maximum 1024
[  ]    ==== :    32x4    | BorderExecutor<(eOperationType)1, (eCalculateGlobals)0, (eStage)1> --- Reduced from maximum 1024
[  ]    ==== :    32x4    | BorderExecutor<(eOperationType)1, (eCalculateGlobals)0, (eStage)2> --- Reduced from maximum 1024
[  ]    ==== :    32x4    | BorderExecutor<(eOperationType)1, (eCalculateGlobals)0, (eStage)3> --- Reduced from maximum 1024
[  ]    ==== :    32x4    | BorderExecutor<(eOperationType)1, (eCalculateGlobals)0, (eStage)4> --- Reduced from maximum 1024
[  ]    ==== :    32x4    | BorderExecutor<(eOperationType)1, (eCalculateGlobals)0, (eStage)5> --- Reduced from maximum 1024
[  ]    ==== :    32x4    | BorderExecutor<(eOperationType)1, (eCalculateGlobals)0, (eStage)6> --- Reduced from maximum 1024
[  ]    ==== :    32x4    | BorderExecutor<(eOperationType)1, (eCalculateGlobals)0, (eStage)7> --- Reduced from maximum 1024
[  ]    ==== :    32x4    | BorderExecutor<(eOperationType)1, (eCalculateGlobals)0, (eStage)8> --- Reduced from maximum 1024
[  ]    ==== :    32x4    | BorderExecutor<(eOperationType)1, (eCalculateGlobals)0, (eStage)9> --- Reduced from maximum 1024
[  ]    ==== :    32x4    | BorderExecutor<(eOperationType)1, (eCalculateGlobals)1, (eStage)0> --- Reduced from maximum 1024
[  ]    ==== :    32x4    | BorderExecutor<(eOperationType)1, (eCalculateGlobals)1, (eStage)1> --- Reduced from maximum 1024
[  ]    ==== :    32x4    | BorderExecutor<(eOperationType)1, (eCalculateGlobals)1, (eStage)2> --- Reduced from maximum 1024
[  ]    ==== :    32x4    | BorderExecutor<(eOperationType)1, (eCalculateGlobals)1, (eStage)3> --- Reduced from maximum 1024
[  ]    ==== :    32x4    | BorderExecutor<(eOperationType)1, (eCalculateGlobals)1, (eStage)4> --- Reduced from maximum 1024
[  ]    ==== :    32x4    | BorderExecutor<(eOperationType)1, (eCalculateGlobals)1, (eStage)5> --- Reduced from maximum 1024
[  ]    ==== :    32x4    | BorderExecutor<(eOperationType)1, (eCalculateGlobals)1, (eStage)6> --- Reduced from maximum 1024
[  ]    ==== :    32x4    | BorderExecutor<(eOperationType)1, (eCalculateGlobals)1, (eStage)7> --- Reduced from maximum 1024
[  ]    ==== :    32x4    | BorderExecutor<(eOperationType)1, (eCalculateGlobals)1, (eStage)8> --- Reduced from maximum 1024
[  ]    ==== :    32x4    | BorderExecutor<(eOperationType)1, (eCalculateGlobals)1, (eStage)9> --- Reduced from maximum 1024
[  ]    ==== :    32x4    | BorderExecutor<(eOperationType)1, (eCalculateGlobals)2, (eStage)0> --- Reduced from maximum 1024
[  ]    ==== :    32x4    | BorderExecutor<(eOperationType)1, (eCalculateGlobals)2, (eStage)1> --- Reduced from maximum 1024
[  ]    ==== :    32x4    | BorderExecutor<(eOperationType)1, (eCalculateGlobals)2, (eStage)2> --- Reduced from maximum 1024
[  ]    ==== :    32x4    | BorderExecutor<(eOperationType)1, (eCalculateGlobals)2, (eStage)3> --- Reduced from maximum 1024
[  ]    ==== :    32x4    | BorderExecutor<(eOperationType)1, (eCalculateGlobals)2, (eStage)4> --- Reduced from maximum 1024
[  ]    ==== :    32x4    | BorderExecutor<(eOperationType)1, (eCalculateGlobals)2, (eStage)5> --- Reduced from maximum 1024
[  ]    ==== :    32x4    | BorderExecutor<(eOperationType)1, (eCalculateGlobals)2, (eStage)6> --- Reduced from maximum 1024
[  ]    ==== :    32x4    | BorderExecutor<(eOperationType)1, (eCalculateGlobals)2, (eStage)7> --- Reduced from maximum 1024
[  ]    ==== :    32x4    | BorderExecutor<(eOperationType)1, (eCalculateGlobals)2, (eStage)8> --- Reduced from maximum 1024
[  ]    ==== :    32x4    | BorderExecutor<(eOperationType)1, (eCalculateGlobals)2, (eStage)9> --- Reduced from maximum 1024
[  ]    ==== :    32x4    | BorderExecutor<(eOperationType)3, (eCalculateGlobals)0, (eStage)0> --- Reduced from maximum 1024
[  ]    ==== :    32x4    | BorderExecutor<(eOperationType)3, (eCalculateGlobals)0, (eStage)1> --- Reduced from maximum 1024
[  ]    ==== :    32x4    | BorderExecutor<(eOperationType)3, (eCalculateGlobals)0, (eStage)2> --- Reduced from maximum 1024
[  ]    ==== :    32x4    | BorderExecutor<(eOperationType)3, (eCalculateGlobals)0, (eStage)3> --- Reduced from maximum 1024
[  ]    ==== :    32x4    | BorderExecutor<(eOperationType)3, (eCalculateGlobals)0, (eStage)4> --- Reduced from maximum 1024
[  ]    ==== :    32x4    | BorderExecutor<(eOperationType)3, (eCalculateGlobals)0, (eStage)5> --- Reduced from maximum 1024
[  ]    ==== :    32x4    | BorderExecutor<(eOperationType)3, (eCalculateGlobals)0, (eStage)6> --- Reduced from maximum 1024
[  ]    ==== :    32x4    | BorderExecutor<(eOperationType)3, (eCalculateGlobals)0, (eStage)7> --- Reduced from maximum 1024
[  ]    ==== :    32x4    | BorderExecutor<(eOperationType)3, (eCalculateGlobals)0, (eStage)8> --- Reduced from maximum 1024
[  ]    ==== :    32x4    | BorderExecutor<(eOperationType)3, (eCalculateGlobals)0, (eStage)9> --- Reduced from maximum 1024
[  ]    ==== :    32x4    | BorderExecutor<(eOperationType)3, (eCalculateGlobals)1, (eStage)0> --- Reduced from maximum 1024
[  ]    ==== :    32x4    | BorderExecutor<(eOperationType)3, (eCalculateGlobals)1, (eStage)1> --- Reduced from maximum 1024
[  ]    ==== :    32x4    | BorderExecutor<(eOperationType)3, (eCalculateGlobals)1, (eStage)2> --- Reduced from maximum 1024
[  ]    ==== :    32x4    | BorderExecutor<(eOperationType)3, (eCalculateGlobals)1, (eStage)3> --- Reduced from maximum 1024
[  ]    ==== :    32x4    | BorderExecutor<(eOperationType)3, (eCalculateGlobals)1, (eStage)4> --- Reduced from maximum 1024
[  ]    ==== :    32x4    | BorderExecutor<(eOperationType)3, (eCalculateGlobals)1, (eStage)5> --- Reduced from maximum 1024
[  ]    ==== :    32x4    | BorderExecutor<(eOperationType)3, (eCalculateGlobals)1, (eStage)6> --- Reduced from maximum 1024
[  ]    ==== :    32x4    | BorderExecutor<(eOperationType)3, (eCalculateGlobals)1, (eStage)7> --- Reduced from maximum 1024
[  ]    ==== :    32x4    | BorderExecutor<(eOperationType)3, (eCalculateGlobals)1, (eStage)8> --- Reduced from maximum 1024
[  ]    ==== :    32x4    | BorderExecutor<(eOperationType)3, (eCalculateGlobals)1, (eStage)9> --- Reduced from maximum 1024
[  ]    ==== :    32x4    | BorderExecutor<(eOperationType)3, (eCalculateGlobals)2, (eStage)0> --- Reduced from maximum 1024
[  ]    ==== :    32x4    | BorderExecutor<(eOperationType)3, (eCalculateGlobals)2, (eStage)1> --- Reduced from maximum 1024
[  ]    ==== :    32x4    | BorderExecutor<(eOperationType)3, (eCalculateGlobals)2, (eStage)2> --- Reduced from maximum 1024
[  ]    ==== :    32x4    | BorderExecutor<(eOperationType)3, (eCalculateGlobals)2, (eStage)3> --- Reduced from maximum 1024
[  ]    ==== :    32x4    | BorderExecutor<(eOperationType)3, (eCalculateGlobals)2, (eStage)4> --- Reduced from maximum 1024
[  ]    ==== :    32x4    | BorderExecutor<(eOperationType)3, (eCalculateGlobals)2, (eStage)5> --- Reduced from maximum 1024
[  ]    ==== :    32x4    | BorderExecutor<(eOperationType)3, (eCalculateGlobals)2, (eStage)6> --- Reduced from maximum 1024
[  ]    ==== :    32x4    | BorderExecutor<(eOperationType)3, (eCalculateGlobals)2, (eStage)7> --- Reduced from maximum 1024
[  ]    ==== :    32x4    | BorderExecutor<(eOperationType)3, (eCalculateGlobals)2, (eStage)8> --- Reduced from maximum 1024
[  ]    ==== :    32x4    | BorderExecutor<(eOperationType)3, (eCalculateGlobals)2, (eStage)9> --- Reduced from maximum 1024
[  ]    ==== :    32x4    | BorderExecutor<(eOperationType)4, (eCalculateGlobals)0, (eStage)0> --- Reduced from maximum 1024
[  ]    ==== :    32x4    | BorderExecutor<(eOperationType)4, (eCalculateGlobals)0, (eStage)1> --- Reduced from maximum 1024
[  ]    ==== :    32x4    | BorderExecutor<(eOperationType)4, (eCalculateGlobals)0, (eStage)2> --- Reduced from maximum 1024
[  ]    ==== :    32x4    | BorderExecutor<(eOperationType)4, (eCalculateGlobals)0, (eStage)3> --- Reduced from maximum 1024
[  ]    ==== :    32x4    | BorderExecutor<(eOperationType)4, (eCalculateGlobals)0, (eStage)4> --- Reduced from maximum 1024
[  ]    ==== :    32x4    | BorderExecutor<(eOperationType)4, (eCalculateGlobals)0, (eStage)5> --- Reduced from maximum 1024
[  ]    ==== :    32x4    | BorderExecutor<(eOperationType)4, (eCalculateGlobals)0, (eStage)6> --- Reduced from maximum 1024
[  ]    ==== :    32x4    | BorderExecutor<(eOperationType)4, (eCalculateGlobals)0, (eStage)7> --- Reduced from maximum 1024
[  ]    ==== :    32x4    | BorderExecutor<(eOperationType)4, (eCalculateGlobals)0, (eStage)8> --- Reduced from maximum 1024
[  ]    ==== :    32x4    | BorderExecutor<(eOperationType)4, (eCalculateGlobals)0, (eStage)9> --- Reduced from maximum 1024
[  ]    ==== :    32x4    | BorderExecutor<(eOperationType)4, (eCalculateGlobals)1, (eStage)0> --- Reduced from maximum 1024
[  ]    ==== :    32x4    | BorderExecutor<(eOperationType)4, (eCalculateGlobals)1, (eStage)1> --- Reduced from maximum 1024
[  ]    ==== :    32x4    | BorderExecutor<(eOperationType)4, (eCalculateGlobals)1, (eStage)2> --- Reduced from maximum 1024
[  ]    ==== :    32x4    | BorderExecutor<(eOperationType)4, (eCalculateGlobals)1, (eStage)3> --- Reduced from maximum 1024
[  ]    ==== :    32x4    | BorderExecutor<(eOperationType)4, (eCalculateGlobals)1, (eStage)4> --- Reduced from maximum 1024
[  ]    ==== :    32x4    | BorderExecutor<(eOperationType)4, (eCalculateGlobals)1, (eStage)5> --- Reduced from maximum 1024
[  ]    ==== :    32x4    | BorderExecutor<(eOperationType)4, (eCalculateGlobals)1, (eStage)6> --- Reduced from maximum 1024
[  ]    ==== :    32x4    | BorderExecutor<(eOperationType)4, (eCalculateGlobals)1, (eStage)7> --- Reduced from maximum 1024
[  ]    ==== :    32x4    | BorderExecutor<(eOperationType)4, (eCalculateGlobals)1, (eStage)8> --- Reduced from maximum 1024
[  ]    ==== :    32x4    | BorderExecutor<(eOperationType)4, (eCalculateGlobals)1, (eStage)9> --- Reduced from maximum 1024
[  ]    ==== :    32x4    | BorderExecutor<(eOperationType)4, (eCalculateGlobals)2, (eStage)0> --- Reduced from maximum 1024
[  ]    ==== :    32x4    | BorderExecutor<(eOperationType)4, (eCalculateGlobals)2, (eStage)1> --- Reduced from maximum 1024
[  ]    ==== :    32x4    | BorderExecutor<(eOperationType)4, (eCalculateGlobals)2, (eStage)2> --- Reduced from maximum 1024
[  ]    ==== :    32x4    | BorderExecutor<(eOperationType)4, (eCalculateGlobals)2, (eStage)3> --- Reduced from maximum 1024
[  ]    ==== :    32x4    | BorderExecutor<(eOperationType)4, (eCalculateGlobals)2, (eStage)4> --- Reduced from maximum 1024
[  ]    ==== :    32x4    | BorderExecutor<(eOperationType)4, (eCalculateGlobals)2, (eStage)5> --- Reduced from maximum 1024
[  ]    ==== :    32x4    | BorderExecutor<(eOperationType)4, (eCalculateGlobals)2, (eStage)6> --- Reduced from maximum 1024
[  ]    ==== :    32x4    | BorderExecutor<(eOperationType)4, (eCalculateGlobals)2, (eStage)7> --- Reduced from maximum 1024
[  ]    ==== :    32x4    | BorderExecutor<(eOperationType)4, (eCalculateGlobals)2, (eStage)8> --- Reduced from maximum 1024
[  ]    ==== :    32x4    | BorderExecutor<(eOperationType)4, (eCalculateGlobals)2, (eStage)9> --- Reduced from maximum 1024
[  ]    ==== :    32x4    | InteriorExecutor<(eOperationType)0, (eCalculateGlobals)0, (eStage)0> --- Reduced from maximum 1024
[  ]    ==== :    32x4    | InteriorExecutor<(eOperationType)0, (eCalculateGlobals)0, (eStage)1> --- Reduced from maximum 640
[  ]    ==== :    32x4    | InteriorExecutor<(eOperationType)0, (eCalculateGlobals)0, (eStage)2> --- Reduced from maximum 384
[  ]    ==== :    32x4    | InteriorExecutor<(eOperationType)0, (eCalculateGlobals)0, (eStage)3> --- Reduced from maximum 256
[  ]    ==== :    32x4    | InteriorExecutor<(eOperationType)0, (eCalculateGlobals)0, (eStage)4> --- Reduced from maximum 1024
[  ]    ==== :    32x4    | InteriorExecutor<(eOperationType)0, (eCalculateGlobals)0, (eStage)5> --- Reduced from maximum 640
[  ]    ==== :    32x4    | InteriorExecutor<(eOperationType)0, (eCalculateGlobals)0, (eStage)6> --- Reduced from maximum 768
[  ]    ==== :    32x4    | InteriorExecutor<(eOperationType)0, (eCalculateGlobals)0, (eStage)7> --- Reduced from maximum 1024
[  ]    ==== :    32x4    | InteriorExecutor<(eOperationType)0, (eCalculateGlobals)0, (eStage)8> --- Reduced from maximum 1024
[  ]    ==== :    32x4    | InteriorExecutor<(eOperationType)0, (eCalculateGlobals)0, (eStage)9> --- Reduced from maximum 896
[  ]    ==== :    32x4    | InteriorExecutor<(eOperationType)0, (eCalculateGlobals)1, (eStage)0> --- Reduced from maximum 1024
[  ]    ==== :    32x4    | InteriorExecutor<(eOperationType)0, (eCalculateGlobals)1, (eStage)1> --- Reduced from maximum 256
[  ]    ==== :    32x4    | InteriorExecutor<(eOperationType)0, (eCalculateGlobals)1, (eStage)2> --- Reduced from maximum 256
[  ]    ==== :    32x4    | InteriorExecutor<(eOperationType)0, (eCalculateGlobals)1, (eStage)3> --- Reduced from maximum 256
[  ]    ==== :    32x4    | InteriorExecutor<(eOperationType)0, (eCalculateGlobals)1, (eStage)4> --- Reduced from maximum 1024
[  ]    ==== :    32x4    | InteriorExecutor<(eOperationType)0, (eCalculateGlobals)1, (eStage)5> --- Reduced from maximum 768
[  ]    ==== :    32x4    | InteriorExecutor<(eOperationType)0, (eCalculateGlobals)1, (eStage)6> --- Reduced from maximum 768
[  ]    ==== :    32x4    | InteriorExecutor<(eOperationType)0, (eCalculateGlobals)1, (eStage)7> --- Reduced from maximum 1024
[  ]    ==== :    32x4    | InteriorExecutor<(eOperationType)0, (eCalculateGlobals)1, (eStage)8> --- Reduced from maximum 896
[  ]    ==== :    32x4    | InteriorExecutor<(eOperationType)0, (eCalculateGlobals)1, (eStage)9> --- Reduced from maximum 768
[  ]    ==== :    32x4    | InteriorExecutor<(eOperationType)0, (eCalculateGlobals)2, (eStage)0> --- Reduced from maximum 1024
[  ]    ==== :    32x4    | InteriorExecutor<(eOperationType)0, (eCalculateGlobals)2, (eStage)1> --- Reduced from maximum 1024
[  ]    ==== :    32x4    | InteriorExecutor<(eOperationType)0, (eCalculateGlobals)2, (eStage)2> --- Reduced from maximum 1024
[  ]    ==== :    32x4    | InteriorExecutor<(eOperationType)0, (eCalculateGlobals)2, (eStage)3> --- Reduced from maximum 1024
[  ]    ==== :    32x4    | InteriorExecutor<(eOperationType)0, (eCalculateGlobals)2, (eStage)4> --- Reduced from maximum 1024
[  ]    ==== :    32x4    | InteriorExecutor<(eOperationType)0, (eCalculateGlobals)2, (eStage)5> --- Reduced from maximum 1024
[  ]    ==== :    32x4    | InteriorExecutor<(eOperationType)0, (eCalculateGlobals)2, (eStage)6> --- Reduced from maximum 1024
[  ]    ==== :    32x4    | InteriorExecutor<(eOperationType)0, (eCalculateGlobals)2, (eStage)7> --- Reduced from maximum 1024
[  ]    ==== :    32x4    | InteriorExecutor<(eOperationType)0, (eCalculateGlobals)2, (eStage)8> --- Reduced from maximum 1024
[  ]    ==== :    32x4    | InteriorExecutor<(eOperationType)0, (eCalculateGlobals)2, (eStage)9> --- Reduced from maximum 1024
[  ]    ==== :    32x4    | InteriorExecutor<(eOperationType)1, (eCalculateGlobals)0, (eStage)0> --- Reduced from maximum 1024
[  ]    ==== :    32x4    | InteriorExecutor<(eOperationType)1, (eCalculateGlobals)0, (eStage)1> --- Reduced from maximum 1024
[  ]    ==== :    32x4    | InteriorExecutor<(eOperationType)1, (eCalculateGlobals)0, (eStage)2> --- Reduced from maximum 1024
[  ]    ==== :    32x4    | InteriorExecutor<(eOperationType)1, (eCalculateGlobals)0, (eStage)3> --- Reduced from maximum 1024
[  ]    ==== :    32x4    | InteriorExecutor<(eOperationType)1, (eCalculateGlobals)0, (eStage)4> --- Reduced from maximum 1024
[  ]    ==== :    32x4    | InteriorExecutor<(eOperationType)1, (eCalculateGlobals)0, (eStage)5> --- Reduced from maximum 1024
[  ]    ==== :    32x4    | InteriorExecutor<(eOperationType)1, (eCalculateGlobals)0, (eStage)6> --- Reduced from maximum 1024
[  ]    ==== :    32x4    | InteriorExecutor<(eOperationType)1, (eCalculateGlobals)0, (eStage)7> --- Reduced from maximum 1024
[  ]    ==== :    32x4    | InteriorExecutor<(eOperationType)1, (eCalculateGlobals)0, (eStage)8> --- Reduced from maximum 1024
[  ]    ==== :    32x4    | InteriorExecutor<(eOperationType)1, (eCalculateGlobals)0, (eStage)9> --- Reduced from maximum 1024
[  ]    ==== :    32x4    | InteriorExecutor<(eOperationType)1, (eCalculateGlobals)1, (eStage)0> --- Reduced from maximum 1024
[  ]    ==== :    32x4    | InteriorExecutor<(eOperationType)1, (eCalculateGlobals)1, (eStage)1> --- Reduced from maximum 1024
[  ]    ==== :    32x4    | InteriorExecutor<(eOperationType)1, (eCalculateGlobals)1, (eStage)2> --- Reduced from maximum 1024
[  ]    ==== :    32x4    | InteriorExecutor<(eOperationType)1, (eCalculateGlobals)1, (eStage)3> --- Reduced from maximum 1024
[  ]    ==== :    32x4    | InteriorExecutor<(eOperationType)1, (eCalculateGlobals)1, (eStage)4> --- Reduced from maximum 1024
[  ]    ==== :    32x4    | InteriorExecutor<(eOperationType)1, (eCalculateGlobals)1, (eStage)5> --- Reduced from maximum 1024
[  ]    ==== :    32x4    | InteriorExecutor<(eOperationType)1, (eCalculateGlobals)1, (eStage)6> --- Reduced from maximum 1024
[  ]    ==== :    32x4    | InteriorExecutor<(eOperationType)1, (eCalculateGlobals)1, (eStage)7> --- Reduced from maximum 1024
[  ]    ==== :    32x4    | InteriorExecutor<(eOperationType)1, (eCalculateGlobals)1, (eStage)8> --- Reduced from maximum 1024
[  ]    ==== :    32x4    | InteriorExecutor<(eOperationType)1, (eCalculateGlobals)1, (eStage)9> --- Reduced from maximum 1024
[  ]    ==== :    32x4    | InteriorExecutor<(eOperationType)1, (eCalculateGlobals)2, (eStage)0> --- Reduced from maximum 1024
[  ]    ==== :    32x4    | InteriorExecutor<(eOperationType)1, (eCalculateGlobals)2, (eStage)1> --- Reduced from maximum 1024
[  ]    ==== :    32x4    | InteriorExecutor<(eOperationType)1, (eCalculateGlobals)2, (eStage)2> --- Reduced from maximum 1024
[  ]    ==== :    32x4    | InteriorExecutor<(eOperationType)1, (eCalculateGlobals)2, (eStage)3> --- Reduced from maximum 1024
[  ]    ==== :    32x4    | InteriorExecutor<(eOperationType)1, (eCalculateGlobals)2, (eStage)4> --- Reduced from maximum 1024
[  ]    ==== :    32x4    | InteriorExecutor<(eOperationType)1, (eCalculateGlobals)2, (eStage)5> --- Reduced from maximum 1024
[  ]    ==== :    32x4    | InteriorExecutor<(eOperationType)1, (eCalculateGlobals)2, (eStage)6> --- Reduced from maximum 1024
[  ]    ==== :    32x4    | InteriorExecutor<(eOperationType)1, (eCalculateGlobals)2, (eStage)7> --- Reduced from maximum 1024
[  ]    ==== :    32x4    | InteriorExecutor<(eOperationType)1, (eCalculateGlobals)2, (eStage)8> --- Reduced from maximum 1024
[  ]    ==== :    32x4    | InteriorExecutor<(eOperationType)1, (eCalculateGlobals)2, (eStage)9> --- Reduced from maximum 1024
[  ]    ==== :    32x4    | InteriorExecutor<(eOperationType)3, (eCalculateGlobals)0, (eStage)0> --- Reduced from maximum 1024
[  ]    ==== :    32x4    | InteriorExecutor<(eOperationType)3, (eCalculateGlobals)0, (eStage)1> --- Reduced from maximum 1024
[  ]    ==== :    32x4    | InteriorExecutor<(eOperationType)3, (eCalculateGlobals)0, (eStage)2> --- Reduced from maximum 1024
[  ]    ==== :    32x4    | InteriorExecutor<(eOperationType)3, (eCalculateGlobals)0, (eStage)3> --- Reduced from maximum 1024
[  ]    ==== :    32x4    | InteriorExecutor<(eOperationType)3, (eCalculateGlobals)0, (eStage)4> --- Reduced from maximum 1024
[  ]    ==== :    32x4    | InteriorExecutor<(eOperationType)3, (eCalculateGlobals)0, (eStage)5> --- Reduced from maximum 1024
[  ]    ==== :    32x4    | InteriorExecutor<(eOperationType)3, (eCalculateGlobals)0, (eStage)6> --- Reduced from maximum 1024
[  ]    ==== :    32x4    | InteriorExecutor<(eOperationType)3, (eCalculateGlobals)0, (eStage)7> --- Reduced from maximum 1024
[  ]    ==== :    32x4    | InteriorExecutor<(eOperationType)3, (eCalculateGlobals)0, (eStage)8> --- Reduced from maximum 1024
[  ]    ==== :    32x4    | InteriorExecutor<(eOperationType)3, (eCalculateGlobals)0, (eStage)9> --- Reduced from maximum 1024
[  ]    ==== :    32x4    | InteriorExecutor<(eOperationType)3, (eCalculateGlobals)1, (eStage)0> --- Reduced from maximum 1024
[  ]    ==== :    32x4    | InteriorExecutor<(eOperationType)3, (eCalculateGlobals)1, (eStage)1> --- Reduced from maximum 1024
[  ]    ==== :    32x4    | InteriorExecutor<(eOperationType)3, (eCalculateGlobals)1, (eStage)2> --- Reduced from maximum 1024
[  ]    ==== :    32x4    | InteriorExecutor<(eOperationType)3, (eCalculateGlobals)1, (eStage)3> --- Reduced from maximum 1024
[  ]    ==== :    32x4    | InteriorExecutor<(eOperationType)3, (eCalculateGlobals)1, (eStage)4> --- Reduced from maximum 1024
[  ]    ==== :    32x4    | InteriorExecutor<(eOperationType)3, (eCalculateGlobals)1, (eStage)5> --- Reduced from maximum 1024
[  ]    ==== :    32x4    | InteriorExecutor<(eOperationType)3, (eCalculateGlobals)1, (eStage)6> --- Reduced from maximum 1024
[  ]    ==== :    32x4    | InteriorExecutor<(eOperationType)3, (eCalculateGlobals)1, (eStage)7> --- Reduced from maximum 1024
[  ]    ==== :    32x4    | InteriorExecutor<(eOperationType)3, (eCalculateGlobals)1, (eStage)8> --- Reduced from maximum 1024
[  ]    ==== :    32x4    | InteriorExecutor<(eOperationType)3, (eCalculateGlobals)1, (eStage)9> --- Reduced from maximum 1024
[  ]    ==== :    32x4    | InteriorExecutor<(eOperationType)3, (eCalculateGlobals)2, (eStage)0> --- Reduced from maximum 1024
[  ]    ==== :    32x4    | InteriorExecutor<(eOperationType)3, (eCalculateGlobals)2, (eStage)1> --- Reduced from maximum 1024
[  ]    ==== :    32x4    | InteriorExecutor<(eOperationType)3, (eCalculateGlobals)2, (eStage)2> --- Reduced from maximum 1024
[  ]    ==== :    32x4    | InteriorExecutor<(eOperationType)3, (eCalculateGlobals)2, (eStage)3> --- Reduced from maximum 1024
[  ]    ==== :    32x4    | InteriorExecutor<(eOperationType)3, (eCalculateGlobals)2, (eStage)4> --- Reduced from maximum 1024
[  ]    ==== :    32x4    | InteriorExecutor<(eOperationType)3, (eCalculateGlobals)2, (eStage)5> --- Reduced from maximum 1024
[  ]    ==== :    32x4    | InteriorExecutor<(eOperationType)3, (eCalculateGlobals)2, (eStage)6> --- Reduced from maximum 1024
[  ]    ==== :    32x4    | InteriorExecutor<(eOperationType)3, (eCalculateGlobals)2, (eStage)7> --- Reduced from maximum 1024
[  ]    ==== :    32x4    | InteriorExecutor<(eOperationType)3, (eCalculateGlobals)2, (eStage)8> --- Reduced from maximum 1024
[  ]    ==== :    32x4    | InteriorExecutor<(eOperationType)3, (eCalculateGlobals)2, (eStage)9> --- Reduced from maximum 1024
[  ]    ==== :    32x4    | InteriorExecutor<(eOperationType)4, (eCalculateGlobals)0, (eStage)0> --- Reduced from maximum 1024
[  ]    ==== :    32x4    | InteriorExecutor<(eOperationType)4, (eCalculateGlobals)0, (eStage)1> --- Reduced from maximum 1024
[  ]    ==== :    32x4    | InteriorExecutor<(eOperationType)4, (eCalculateGlobals)0, (eStage)2> --- Reduced from maximum 1024
[  ]    ==== :    32x4    | InteriorExecutor<(eOperationType)4, (eCalculateGlobals)0, (eStage)3> --- Reduced from maximum 1024
[  ]    ==== :    32x4    | InteriorExecutor<(eOperationType)4, (eCalculateGlobals)0, (eStage)4> --- Reduced from maximum 1024
[  ]    ==== :    32x4    | InteriorExecutor<(eOperationType)4, (eCalculateGlobals)0, (eStage)5> --- Reduced from maximum 1024
[  ]    ==== :    32x4    | InteriorExecutor<(eOperationType)4, (eCalculateGlobals)0, (eStage)6> --- Reduced from maximum 1024
[  ]    ==== :    32x4    | InteriorExecutor<(eOperationType)4, (eCalculateGlobals)0, (eStage)7> --- Reduced from maximum 1024
[  ]    ==== :    32x4    | InteriorExecutor<(eOperationType)4, (eCalculateGlobals)0, (eStage)8> --- Reduced from maximum 1024
[  ]    ==== :    32x4    | InteriorExecutor<(eOperationType)4, (eCalculateGlobals)0, (eStage)9> --- Reduced from maximum 1024
[  ]    ==== :    32x4    | InteriorExecutor<(eOperationType)4, (eCalculateGlobals)1, (eStage)0> --- Reduced from maximum 1024
[  ]    ==== :    32x4    | InteriorExecutor<(eOperationType)4, (eCalculateGlobals)1, (eStage)1> --- Reduced from maximum 1024
[  ]    ==== :    32x4    | InteriorExecutor<(eOperationType)4, (eCalculateGlobals)1, (eStage)2> --- Reduced from maximum 1024
[  ]    ==== :    32x4    | InteriorExecutor<(eOperationType)4, (eCalculateGlobals)1, (eStage)3> --- Reduced from maximum 1024
[  ]    ==== :    32x4    | InteriorExecutor<(eOperationType)4, (eCalculateGlobals)1, (eStage)4> --- Reduced from maximum 1024
[  ]    ==== :    32x4    | InteriorExecutor<(eOperationType)4, (eCalculateGlobals)1, (eStage)5> --- Reduced from maximum 1024
[  ]    ==== :    32x4    | InteriorExecutor<(eOperationType)4, (eCalculateGlobals)1, (eStage)6> --- Reduced from maximum 1024
[  ]    ==== :    32x4    | InteriorExecutor<(eOperationType)4, (eCalculateGlobals)1, (eStage)7> --- Reduced from maximum 1024
[  ]    ==== :    32x4    | InteriorExecutor<(eOperationType)4, (eCalculateGlobals)1, (eStage)8> --- Reduced from maximum 1024
[  ]    ==== :    32x4    | InteriorExecutor<(eOperationType)4, (eCalculateGlobals)1, (eStage)9> --- Reduced from maximum 1024
[  ]    ==== :    32x4    | InteriorExecutor<(eOperationType)4, (eCalculateGlobals)2, (eStage)0> --- Reduced from maximum 1024
[  ]    ==== :    32x4    | InteriorExecutor<(eOperationType)4, (eCalculateGlobals)2, (eStage)1> --- Reduced from maximum 1024
[  ]    ==== :    32x4    | InteriorExecutor<(eOperationType)4, (eCalculateGlobals)2, (eStage)2> --- Reduced from maximum 1024
[  ]    ==== :    32x4    | InteriorExecutor<(eOperationType)4, (eCalculateGlobals)2, (eStage)3> --- Reduced from maximum 1024
[  ]    ==== :    32x4    | InteriorExecutor<(eOperationType)4, (eCalculateGlobals)2, (eStage)4> --- Reduced from maximum 1024
[  ]    ==== :    32x4    | InteriorExecutor<(eOperationType)4, (eCalculateGlobals)2, (eStage)5> --- Reduced from maximum 1024
[  ]    ==== :    32x4    | InteriorExecutor<(eOperationType)4, (eCalculateGlobals)2, (eStage)6> --- Reduced from maximum 1024
[  ]    ==== :    32x4    | InteriorExecutor<(eOperationType)4, (eCalculateGlobals)2, (eStage)7> --- Reduced from maximum 1024
[  ]    ==== :    32x4    | InteriorExecutor<(eOperationType)4, (eCalculateGlobals)2, (eStage)8> --- Reduced from maximum 1024
[  ]    ==== :    32x4    | InteriorExecutor<(eOperationType)4, (eCalculateGlobals)2, (eStage)9> --- Reduced from maximum 1024
[ 0] warning ! No "Units" element in config file
[  ]    ==== : Mesh size in config file: 128x96x128
[  ]    ---- : Global lattice size: 128x96x128
[  ]    ==== : Max region size: 1572864. Mesh size 1572864. Overhead:  0%
[  ]    ---- : Local lattice size: 128x96x128
[  ]    #### : [0] Cumulative allocation of 1850564608 b (1.9 GB)
[  ]    ---- : Creating geom size:1572864
[  ]    #### : Setting output path to: case
[  ]    #### : Setting output path to: /mnt/8A0E24070E23EAC1/runs/tclb_flat_wall_cap_stage7b_low_angle_20260612/cap_theta030_wall015/output/case
[  ]    ---- : loading geometry ...
[  ]    ---- : overwriting all flags
[  ]    ---- : Setting number of zones to 3
[  ]    ---- : Setting Density_h to 1 (1.000000)
[  ]    ---- : Setting Density_l to 0.001 (0.001000)
[  ]    ---- : Setting Viscosity_h to 0.09 (0.090000)
[  ]    ---- : Setting Viscosity_l to 0.1 (0.100000)
[  ]    ---- : Setting tauUpdate to 3 (3.000000)
[  ]    ---- : Setting sigma to 5e-05 (0.000050)
[  ]    ---- : Setting M to 0.1 (0.100000)
[  ]    ---- : Setting IntWidth to 6 (6.000000)
[  ]    ---- : Setting Radius to 0 (0.000000)
[  ]    ---- : Setting BubbleType to 1 (1.000000)
[  ]    ---- : Setting CapInit to 1 (1.000000)
[  ]    ---- : Setting CapInitRadius to 102.4368595766759 (102.436860)
[  ]    ---- : Setting CapInitTheta to 0.5235987755982988 (0.523599)
[  ]    ---- : Setting CapInitCenterX to 64 (64.000000)
[  ]    ---- : Setting CapInitCenterY to -88.71292267730063 (-88.712923)
[  ]    ---- : Setting CapInitCenterZ to 64 (64.000000)
[  ]    ---- : Setting VelocityX in zone  (-1) to 0.0 (0.000000)
[  ]    ---- : Setting VelocityY in zone  (-1) to 0.0 (0.000000)
[  ]    ---- : Setting VelocityZ in zone  (-1) to 0.0 (0.000000)
[  ]    ---- : Setting GravitationX to 0.0 (0.000000)
[  ]    ---- : Setting GravitationY to 0.0 (0.000000)
[  ]    ---- : Setting GravitationZ to 0.0 (0.000000)
[  ]    ---- : Setting BuoyancyX to 0.0 (0.000000)
[  ]    ---- : Setting BuoyancyY to 0.0 (0.000000)
[  ]    ---- : Setting BuoyancyZ to 0.0 (0.000000)
[  ]    ---- : Setting radAngle in zone  (-1) to 90d (1.570796)
[ 0] WARNING ! Zone-specific settings in zone 0 were overwritten from 1.570796 to 1.570796
[  ]    ---- : Setting radAngle in zone OuterDomain (1) to 90d (1.570796)
[  ]    ---- : Setting radAngle in zone FlatLowerY (2) to 15d (0.261799)
[  ]    ---- : Setting minGradient to 1e-08 (0.000000)
[  ]    ---- : Setting Stage7SignedMode to 3 (3.000000)
[  ]    ---- : Setting Stage7DeltaQScale to 1 (1.000000)
[  ]    ---- : Setting Stage7DeltaQAbsCap to 6 (6.000000)
[  ]    ---- : Setting Stage7DenomFloor to 0.05 (0.050000)
[  ]    ---- : Setting Stage7ActiveCMin to 0.02 (0.020000)
[  ]    ---- : Setting Stage7ActiveGradMin to 1e-06 (0.000001)
[  ]    ---- : Setting Stage7ActiveTangentMin to 1e-08 (0.000000)
[  ]    ---- : Setting Stage7RelaxationTau to 1 (1.000000)
[  ]    ---- : Initializing Lattice ...
[  ]    123.0 MLBUps    141.89 GB/s [====================]  0s
[  ]    ---- : Callback VTK with no Iterations attribute
[  ]    ---- :        0 it writing vtk
[  ]    ---- : Setting callback Log at 1000.000000 iterations
[  ]    ---- : Adding Log to the solver hands
[  ]    ---- : Setting callback Failcheck at 1000.000000 iterations
[  ]    ---- : Adding Failcheck to the solver hands
[  ]    ---- : Setting action Solve at 50000.000000 iterations
[  ]    ---- : Setting callback VTK at 10000.000000 iterations
[  ]    ---- : Adding VTK to the solver hands
[  ]    ---- : Setting callback Log at 1000.000000 iterations
[  ]    ---- : Adding Log to the solver hands
[  ]    ---- : Setting callback Failcheck at 1000.000000 iterations
[  ]    ---- : Adding Failcheck to the solver hands
[  ]     18.1 MLBUps     20.83 GB/s [=                   ]  6s
[  ]    226.8 MLBUps    261.75 GB/s [=                   ]  6s
[  ]    226.7 MLBUps    261.58 GB/s [====                ]  7s
[  ]    226.7 MLBUps    261.63 GB/s [=======             ]  8s
[  ]    227.0 MLBUps    261.98 GB/s [==========          ]  9s
[  ]    227.2 MLBUps    262.17 GB/s [=============       ] 10s
[  ]    227.2 MLBUps    262.21 GB/s [================    ] 11s
[  ]    227.2 MLBUps    262.17 GB/s [=================== ] 12s
[  ]    ---- :    215.5 MLBUps    248.64 GB/s [====================]
[  ]    224.8 MLBUps    259.41 GB/s [=                   ]  0s
[  ]    227.1 MLBUps    262.07 GB/s [====                ]  1s
[  ]    227.0 MLBUps    261.94 GB/s [=======             ]  2s
[  ]    227.1 MLBUps    262.13 GB/s [==========          ]  3s
[  ]    227.1 MLBUps    262.04 GB/s [=============       ]  4s
[  ]    227.2 MLBUps    262.13 GB/s [===============     ]  5s
[  ]    227.2 MLBUps    262.16 GB/s [==================  ]  6s
[  ]    ---- :    218.2 MLBUps    251.81 GB/s [====================]
[  ]    227.0 MLBUps    261.94 GB/s [==                  ]  0s
[  ]    227.1 MLBUps    262.09 GB/s [=====               ]  1s
[  ]    227.2 MLBUps    262.16 GB/s [========            ]  2s
[  ]    227.0 MLBUps    261.90 GB/s [===========         ]  3s
[  ]    227.1 MLBUps    262.09 GB/s [==============      ]  4s
[  ]    227.1 MLBUps    262.10 GB/s [=================   ]  5s
[  ]    ---- :    223.1 MLBUps    257.41 GB/s [====================]
[  ]    227.0 MLBUps    261.97 GB/s [==                  ]  0s
[  ]    227.2 MLBUps    262.14 GB/s [=====               ]  1s
[  ]    227.1 MLBUps    262.13 GB/s [========            ]  2s
[  ]    227.0 MLBUps    261.97 GB/s [===========         ]  3s
[  ]    227.3 MLBUps    262.34 GB/s [==============      ]  4s
[  ]    227.2 MLBUps    262.20 GB/s [=================   ]  5s
[  ]    ---- :    223.1 MLBUps    257.47 GB/s [====================]
[  ]    227.0 MLBUps    261.96 GB/s [==                  ]  0s
[  ]    227.1 MLBUps    262.13 GB/s [=====               ]  1s
[  ]    227.2 MLBUps    262.21 GB/s [========            ]  2s
[  ]    227.1 MLBUps    262.06 GB/s [===========         ]  3s
[  ]    227.2 MLBUps    262.20 GB/s [==============      ]  4s
[  ]    227.1 MLBUps    262.12 GB/s [=================   ]  5s
[  ]    ---- :    223.0 MLBUps    257.30 GB/s [====================]
[  ]    227.0 MLBUps    261.93 GB/s [==                  ]  0s
[  ]    227.0 MLBUps    261.98 GB/s [=====               ]  1s
[  ]    227.1 MLBUps    262.11 GB/s [========            ]  2s
[  ]    227.0 MLBUps    261.92 GB/s [===========         ]  3s
[  ]    227.1 MLBUps    262.03 GB/s [==============      ]  4s
[  ]    227.1 MLBUps    262.09 GB/s [=================   ]  5s
[  ]    ---- :    223.1 MLBUps    257.50 GB/s [====================]
[  ]    227.0 MLBUps    261.94 GB/s [==                  ]  0s
[  ]    227.2 MLBUps    262.23 GB/s [=====               ]  1s
[  ]    227.2 MLBUps    262.18 GB/s [========            ]  2s
[  ]    227.1 MLBUps    262.07 GB/s [===========         ]  3s
[  ]    227.2 MLBUps    262.18 GB/s [==============      ]  4s
[  ]    227.1 MLBUps    262.06 GB/s [=================   ]  5s
[  ]    ---- :    223.2 MLBUps    257.58 GB/s [====================]
[  ]    227.0 MLBUps    261.93 GB/s [==                  ]  0s
[  ]    227.0 MLBUps    261.95 GB/s [=====               ]  1s
[  ]    227.2 MLBUps    262.19 GB/s [========            ]  2s
[  ]    227.2 MLBUps    262.21 GB/s [===========         ]  3s
[  ]    227.2 MLBUps    262.14 GB/s [==============      ]  4s
[  ]    227.3 MLBUps    262.27 GB/s [=================   ]  5s
[  ]    ---- :    223.1 MLBUps    257.47 GB/s [====================]
[  ]    227.0 MLBUps    262.01 GB/s [==                  ]  0s
[  ]    227.2 MLBUps    262.20 GB/s [=====               ]  1s
[  ]    227.1 MLBUps    262.09 GB/s [========            ]  2s
[  ]    227.2 MLBUps    262.24 GB/s [===========         ]  3s
[  ]    227.1 MLBUps    262.12 GB/s [==============      ]  4s
[  ]    227.1 MLBUps    262.11 GB/s [=================   ]  5s
[  ]    ---- :    223.1 MLBUps    257.40 GB/s [====================]
[  ]    226.9 MLBUps    261.86 GB/s [==                  ]  0s
[  ]    227.2 MLBUps    262.18 GB/s [=====               ]  1s
[  ]    227.1 MLBUps    262.02 GB/s [========            ]  2s
[  ]    227.1 MLBUps    262.02 GB/s [===========         ]  3s
[  ]    227.2 MLBUps    262.24 GB/s [==============      ]  4s
[  ]    227.1 MLBUps    262.11 GB/s [=================   ]  5s
[  ]    ---- :    223.0 MLBUps    257.36 GB/s [====================]
[  ]    ---- :    10000 it writing vtk
[  ]     31.8 MLBUps     36.69 GB/s [==                  ]  7s
[  ]    227.9 MLBUps    262.98 GB/s [===                 ]  7s
[  ]    228.1 MLBUps    263.27 GB/s [======              ]  8s
[  ]    228.0 MLBUps    263.16 GB/s [=========           ]  9s
[  ]    228.2 MLBUps    263.30 GB/s [===========         ] 10s
[  ]    228.2 MLBUps    263.29 GB/s [==============      ] 11s
[  ]    228.2 MLBUps    263.34 GB/s [=================   ] 12s
[  ]    ---- :    222.9 MLBUps    257.19 GB/s [====================]
[  ]    227.8 MLBUps    262.86 GB/s [=                   ]  0s
[  ]    228.0 MLBUps    263.13 GB/s [====                ]  1s
[  ]    228.2 MLBUps    263.35 GB/s [=======             ]  2s
[  ]    228.2 MLBUps    263.29 GB/s [==========          ]  3s
[  ]    228.2 MLBUps    263.30 GB/s [=============       ]  4s
[  ]    228.1 MLBUps    263.27 GB/s [================    ]  5s
[  ]    228.2 MLBUps    263.33 GB/s [==================  ]  6s
[  ]    ---- :    217.7 MLBUps    251.18 GB/s [====================]
[  ]    228.1 MLBUps    263.20 GB/s [==                  ]  0s
[  ]    228.1 MLBUps    263.28 GB/s [=====               ]  1s
[  ]    228.2 MLBUps    263.38 GB/s [========            ]  3s
[  ]    228.0 MLBUps    263.15 GB/s [===========         ]  4s
[  ]    228.2 MLBUps    263.29 GB/s [==============      ]  5s
[  ]    228.1 MLBUps    263.24 GB/s [=================   ]  6s
[  ]    ---- :    223.8 MLBUps    258.32 GB/s [====================]
[  ]    228.1 MLBUps    263.26 GB/s [==                  ]  0s
[  ]    228.1 MLBUps    263.19 GB/s [=====               ]  1s
[  ]    228.2 MLBUps    263.36 GB/s [========            ]  3s
[  ]    228.2 MLBUps    263.32 GB/s [===========         ]  4s
[  ]    228.2 MLBUps    263.34 GB/s [==============      ]  5s
[  ]    228.2 MLBUps    263.33 GB/s [=================   ]  6s
[  ]    ---- :    223.8 MLBUps    258.25 GB/s [====================]
[  ]    227.9 MLBUps    262.97 GB/s [==                  ]  0s
[  ]    228.1 MLBUps    263.23 GB/s [=====               ]  1s
[  ]    228.2 MLBUps    263.34 GB/s [========            ]  2s
[  ]    228.2 MLBUps    263.36 GB/s [===========         ]  3s
[  ]    228.2 MLBUps    263.33 GB/s [==============      ]  5s
[  ]    228.3 MLBUps    263.41 GB/s [=================   ]  6s
[  ]    ---- :    223.8 MLBUps    258.30 GB/s [====================]
[  ]    228.0 MLBUps    263.16 GB/s [==                  ]  0s
[  ]    228.1 MLBUps    263.21 GB/s [=====               ]  1s
[  ]    228.1 MLBUps    263.27 GB/s [========            ]  2s
[  ]    228.0 MLBUps    263.07 GB/s [===========         ]  4s
[  ]    228.2 MLBUps    263.39 GB/s [==============      ]  4s
[  ]    228.1 MLBUps    263.23 GB/s [=================   ]  5s
[  ]    ---- :    223.8 MLBUps    258.30 GB/s [====================]
[  ]    228.0 MLBUps    263.11 GB/s [==                  ]  0s
[  ]    228.2 MLBUps    263.31 GB/s [=====               ]  1s
[  ]    228.1 MLBUps    263.23 GB/s [========            ]  2s
[  ]    228.2 MLBUps    263.30 GB/s [===========         ]  3s
[  ]    228.2 MLBUps    263.29 GB/s [==============      ]  5s
[  ]    228.2 MLBUps    263.39 GB/s [=================   ]  6s
[  ]    ---- :    223.7 MLBUps    258.19 GB/s [====================]
[  ]    228.0 MLBUps    263.16 GB/s [==                  ]  0s
[  ]    228.1 MLBUps    263.19 GB/s [=====               ]  1s
[  ]    228.0 MLBUps    263.08 GB/s [========            ]  2s
[  ]    228.1 MLBUps    263.24 GB/s [===========         ]  3s
[  ]    228.2 MLBUps    263.32 GB/s [==============      ]  4s
[  ]    228.1 MLBUps    263.20 GB/s [=================   ]  5s
[  ]    ---- :    223.8 MLBUps    258.24 GB/s [====================]
[  ]    227.9 MLBUps    263.04 GB/s [==                  ]  0s
[  ]    228.1 MLBUps    263.24 GB/s [=====               ]  1s
[  ]    228.2 MLBUps    263.35 GB/s [========            ]  2s
[  ]    228.1 MLBUps    263.25 GB/s [===========         ]  3s
[  ]    228.2 MLBUps    263.31 GB/s [==============      ]  5s
[  ]    228.2 MLBUps    263.40 GB/s [=================   ]  6s
[  ]    ---- :    223.9 MLBUps    258.36 GB/s [====================]
[  ]    228.0 MLBUps    263.10 GB/s [==                  ]  0s
[  ]    228.1 MLBUps    263.22 GB/s [=====               ]  1s
[  ]    228.2 MLBUps    263.36 GB/s [========            ]  2s
[  ]    228.2 MLBUps    263.32 GB/s [===========         ]  3s
[  ]    228.2 MLBUps    263.31 GB/s [==============      ]  5s
[  ]    228.2 MLBUps    263.29 GB/s [=================   ]  6s
[  ]    ---- :    223.8 MLBUps    258.28 GB/s [====================]
[  ]    ---- :    20000 it writing vtk
[  ]     33.9 MLBUps     39.15 GB/s [==                  ]  6s
[  ]    228.0 MLBUps    263.14 GB/s [===                 ]  6s
[  ]    228.1 MLBUps    263.28 GB/s [======              ]  7s
[  ]    228.0 MLBUps    263.16 GB/s [=========           ]  8s
[  ]    228.2 MLBUps    263.29 GB/s [============        ]  9s
[  ]    228.1 MLBUps    263.24 GB/s [==============      ] 10s
[  ]    228.2 MLBUps    263.37 GB/s [=================   ] 11s
[  ]    ---- :    222.9 MLBUps    257.24 GB/s [====================]
[  ]    228.0 MLBUps    263.10 GB/s [=                   ]  0s
[  ]    228.2 MLBUps    263.32 GB/s [====                ]  1s
[  ]    228.2 MLBUps    263.34 GB/s [=======             ]  2s
[  ]    228.2 MLBUps    263.29 GB/s [==========          ]  3s
[  ]    228.3 MLBUps    263.47 GB/s [=============       ]  4s
[  ]    228.1 MLBUps    263.24 GB/s [================    ]  5s
[  ]    228.3 MLBUps    263.41 GB/s [=================== ]  6s
[  ]    ---- :    216.4 MLBUps    249.77 GB/s [====================]
[  ]    227.9 MLBUps    263.05 GB/s [==                  ]  0s
[  ]    228.1 MLBUps    263.22 GB/s [=====               ]  1s
[  ]    228.2 MLBUps    263.37 GB/s [========            ]  2s
[  ]    228.1 MLBUps    263.28 GB/s [===========         ]  3s
[  ]    228.1 MLBUps    263.18 GB/s [==============      ]  5s
[  ]    228.2 MLBUps    263.34 GB/s [=================   ]  5s
[  ]    ---- :    223.8 MLBUps    258.32 GB/s [====================]
[  ]    228.0 MLBUps    263.09 GB/s [==                  ]  0s
[  ]    228.0 MLBUps    263.15 GB/s [=====               ]  1s
[  ]    228.1 MLBUps    263.26 GB/s [========            ]  2s
[  ]    228.2 MLBUps    263.31 GB/s [===========         ]  3s
[  ]    228.2 MLBUps    263.33 GB/s [==============      ]  4s
[  ]    228.2 MLBUps    263.32 GB/s [=================   ]  5s
[  ]    ---- :    223.8 MLBUps    258.22 GB/s [====================]
[  ]    228.0 MLBUps    263.15 GB/s [==                  ]  0s
[  ]    228.1 MLBUps    263.22 GB/s [=====               ]  1s
[  ]    228.1 MLBUps    263.28 GB/s [========            ]  2s
[  ]    228.2 MLBUps    263.36 GB/s [===========         ]  3s
[  ]    228.2 MLBUps    263.31 GB/s [==============      ]  5s
[  ]    228.1 MLBUps    263.26 GB/s [=================   ]  6s
[  ]    ---- :    223.7 MLBUps    258.18 GB/s [====================]
[  ]    228.1 MLBUps    263.22 GB/s [==                  ]  0s
[  ]    228.2 MLBUps    263.39 GB/s [=====               ]  1s
[  ]    228.2 MLBUps    263.38 GB/s [========            ]  3s
[  ]    226.5 MLBUps    261.34 GB/s [===========         ]  4s
[  ]    226.3 MLBUps    261.20 GB/s [==============      ]  5s
[  ]    226.2 MLBUps    261.02 GB/s [=================   ]  6s
[  ]    ---- :    222.1 MLBUps    256.28 GB/s [====================]
[  ]    226.1 MLBUps    260.96 GB/s [==                  ]  1s
[  ]    225.8 MLBUps    260.59 GB/s [=====               ]  2s
[  ]    226.3 MLBUps    261.14 GB/s [========            ]  3s
[  ]    226.4 MLBUps    261.25 GB/s [===========         ]  4s
[  ]    222.4 MLBUps    256.61 GB/s [==============      ]  5s
[  ]    221.1 MLBUps    255.17 GB/s [=================   ]  6s
[  ]    ---- :    217.3 MLBUps    250.78 GB/s [====================]
[  ]    221.6 MLBUps    255.78 GB/s [==                  ]  1s
[  ]    221.5 MLBUps    255.65 GB/s [=====               ]  2s
[  ]    221.2 MLBUps    255.22 GB/s [========            ]  2s
[  ]    221.7 MLBUps    255.87 GB/s [===========         ]  3s
[  ]    220.9 MLBUps    254.90 GB/s [==============      ]  4s
[  ]    221.2 MLBUps    255.27 GB/s [================    ]  5s
[  ]    221.1 MLBUps    255.19 GB/s [=================== ]  6s
[  ]    ---- :    194.5 MLBUps    224.48 GB/s [====================]
[  ]    221.0 MLBUps    255.04 GB/s [==                  ]  0s
[  ]    221.0 MLBUps    255.09 GB/s [=====               ]  1s
[  ]    221.1 MLBUps    255.16 GB/s [========            ]  2s
[  ]    221.0 MLBUps    255.05 GB/s [===========         ]  3s
[  ]    221.2 MLBUps    255.29 GB/s [==============      ]  4s
[  ]    221.4 MLBUps    255.46 GB/s [================    ]  5s
[  ]    221.4 MLBUps    255.53 GB/s [=================== ]  6s
[  ]    ---- :    196.9 MLBUps    227.19 GB/s [====================]
[  ]    221.0 MLBUps    255.07 GB/s [==                  ]  0s
[  ]    221.3 MLBUps    255.33 GB/s [=====               ]  1s
[  ]    221.0 MLBUps    255.05 GB/s [========            ]  2s
[  ]    221.0 MLBUps    255.06 GB/s [===========         ]  3s
[  ]    221.0 MLBUps    255.08 GB/s [==============      ]  4s
[  ]    220.9 MLBUps    254.96 GB/s [================    ]  5s
[  ]    220.9 MLBUps    254.92 GB/s [=================== ]  6s
[  ]    ---- :    196.8 MLBUps    227.12 GB/s [====================]
[  ]    ---- :    30000 it writing vtk
[  ]     32.9 MLBUps     37.97 GB/s [==                  ]  6s
[  ]    228.5 MLBUps    263.64 GB/s [===                 ]  6s
[  ]    228.2 MLBUps    263.31 GB/s [======              ]  7s
[  ]    228.2 MLBUps    263.34 GB/s [=========           ]  8s
[  ]    228.1 MLBUps    263.27 GB/s [===========         ]  9s
[  ]    228.2 MLBUps    263.30 GB/s [==============      ] 10s
[  ]    228.2 MLBUps    263.32 GB/s [=================   ] 11s
[  ]    ---- :    223.2 MLBUps    257.56 GB/s [====================]
[  ]    227.9 MLBUps    262.95 GB/s [=                   ]  0s
[  ]    228.1 MLBUps    263.24 GB/s [====                ]  1s
[  ]    228.2 MLBUps    263.31 GB/s [=======             ]  2s
[  ]    228.1 MLBUps    263.20 GB/s [==========          ]  3s
[  ]    228.2 MLBUps    263.39 GB/s [=============       ]  4s
[  ]    228.0 MLBUps    263.17 GB/s [================    ]  5s
[  ]    227.7 MLBUps    262.82 GB/s [=================== ]  6s
[  ]    ---- :    215.1 MLBUps    248.27 GB/s [====================]
[  ]    226.2 MLBUps    261.04 GB/s [==                  ]  1s
[  ]    226.0 MLBUps    260.77 GB/s [=====               ]  2s
[  ]    226.1 MLBUps    260.88 GB/s [========            ]  3s
[  ]    226.1 MLBUps    260.97 GB/s [===========         ]  4s
[  ]    225.9 MLBUps    260.66 GB/s [==============      ]  5s
[  ]    226.2 MLBUps    260.98 GB/s [=================   ]  6s
[  ]    ---- :    220.5 MLBUps    254.41 GB/s [====================]
[  ]    222.2 MLBUps    256.43 GB/s [==                  ]  1s
[  ]    221.8 MLBUps    255.95 GB/s [=====               ]  2s
[  ]    222.1 MLBUps    256.32 GB/s [========            ]  3s
[  ]    222.3 MLBUps    256.51 GB/s [===========         ]  4s
[  ]    222.7 MLBUps    257.04 GB/s [==============      ]  5s
[  ]    221.9 MLBUps    256.07 GB/s [=================   ]  6s
[  ]    222.0 MLBUps    256.14 GB/s [=================== ]  7s
[  ]    ---- :    138.4 MLBUps    159.77 GB/s [====================]
[  ]    223.1 MLBUps    257.43 GB/s [==                  ]  0s
[  ]    222.4 MLBUps    256.66 GB/s [=====               ]  1s
[  ]    222.1 MLBUps    256.35 GB/s [========            ]  2s
[  ]    222.2 MLBUps    256.44 GB/s [===========         ]  4s
[  ]    221.8 MLBUps    255.97 GB/s [==============      ]  5s
[  ]    221.7 MLBUps    255.80 GB/s [=================   ]  6s
[  ]    222.0 MLBUps    256.14 GB/s [=================== ]  7s
[  ]    ---- :    178.2 MLBUps    205.64 GB/s [====================]
[  ]    221.9 MLBUps    256.13 GB/s [==                  ]  0s
[  ]    222.3 MLBUps    256.54 GB/s [=====               ]  1s
[  ]    221.8 MLBUps    255.94 GB/s [========            ]  3s
[  ]    221.9 MLBUps    256.10 GB/s [===========         ]  4s
[  ]    222.3 MLBUps    256.52 GB/s [==============      ]  5s
[  ]    222.6 MLBUps    256.83 GB/s [=================   ]  6s
[  ]    221.9 MLBUps    256.09 GB/s [=================== ]  7s
[  ]    ---- :    170.4 MLBUps    196.66 GB/s [====================]
[  ]    222.1 MLBUps    256.27 GB/s [==                  ]  0s
[  ]    222.0 MLBUps    256.19 GB/s [=====               ]  1s
[  ]    222.2 MLBUps    256.37 GB/s [========            ]  3s
[  ]    222.9 MLBUps    257.26 GB/s [===========         ]  4s
[  ]    221.7 MLBUps    255.89 GB/s [==============      ]  5s
[  ]    222.2 MLBUps    256.44 GB/s [================    ]  6s
[  ]    221.8 MLBUps    256.01 GB/s [=================== ]  7s
[  ]    ---- :    178.4 MLBUps    205.85 GB/s [====================]
[  ]    222.0 MLBUps    256.21 GB/s [==                  ]  0s
[  ]    222.6 MLBUps    256.87 GB/s [=====               ]  1s
[  ]    222.0 MLBUps    256.16 GB/s [========            ]  3s
[  ]    221.8 MLBUps    256.01 GB/s [===========         ]  4s
[  ]    218.1 MLBUps    251.72 GB/s [==============      ]  5s
[  ]    218.2 MLBUps    251.77 GB/s [================    ]  6s
[  ]    218.1 MLBUps    251.64 GB/s [=================== ]  7s
[  ]    ---- :    189.9 MLBUps    219.13 GB/s [====================]
[  ]    217.9 MLBUps    251.48 GB/s [==                  ]  1s
[  ]    218.0 MLBUps    251.52 GB/s [=====               ]  2s
[  ]    218.1 MLBUps    251.71 GB/s [========            ]  3s
[  ]    218.4 MLBUps    252.05 GB/s [===========         ]  3s
[  ]    217.9 MLBUps    251.41 GB/s [=============       ]  4s
[  ]    218.1 MLBUps    251.66 GB/s [================    ]  5s
[  ]    217.9 MLBUps    251.51 GB/s [=================== ]  6s
[  ]    ---- :    202.5 MLBUps    233.69 GB/s [====================]
[  ]    218.0 MLBUps    251.58 GB/s [==                  ]  0s
[  ]    218.3 MLBUps    251.86 GB/s [=====               ]  1s
[  ]    218.4 MLBUps    252.05 GB/s [========            ]  2s
[  ]    218.7 MLBUps    252.42 GB/s [===========         ]  3s
[  ]    218.0 MLBUps    251.60 GB/s [=============       ]  4s
[  ]    218.0 MLBUps    251.62 GB/s [================    ]  5s
[  ]    218.1 MLBUps    251.74 GB/s [=================== ]  6s
[  ]    ---- :    202.7 MLBUps    233.96 GB/s [====================]
[  ]    ---- :    40000 it writing vtk
[  ]     32.8 MLBUps     37.90 GB/s [==                  ]  6s
[  ]    228.3 MLBUps    263.45 GB/s [===                 ]  6s
[  ]    228.2 MLBUps    263.33 GB/s [======              ]  7s
[  ]    228.1 MLBUps    263.24 GB/s [=========           ]  8s
[  ]    228.1 MLBUps    263.19 GB/s [===========         ]  9s
[  ]    228.2 MLBUps    263.32 GB/s [==============      ] 10s
[  ]    228.2 MLBUps    263.32 GB/s [=================   ] 11s
[  ]    ---- :    223.2 MLBUps    257.58 GB/s [====================]
[  ]    222.5 MLBUps    256.74 GB/s [=                   ]  0s
[  ]    222.5 MLBUps    256.74 GB/s [====                ]  1s
[  ]    222.7 MLBUps    257.03 GB/s [=======             ]  2s
[  ]    221.9 MLBUps    256.10 GB/s [==========          ]  3s
[  ]    222.5 MLBUps    256.77 GB/s [============        ]  4s
[  ]    223.1 MLBUps    257.51 GB/s [===============     ]  5s
[  ]    222.9 MLBUps    257.28 GB/s [==================  ]  6s
[  ]    ---- :    214.8 MLBUps    247.85 GB/s [====================]
[  ]    223.0 MLBUps    257.31 GB/s [==                  ]  1s
[  ]    222.4 MLBUps    256.69 GB/s [=====               ]  2s
[  ]    223.1 MLBUps    257.46 GB/s [========            ]  3s
[  ]    222.4 MLBUps    256.63 GB/s [===========         ]  4s
[  ]    222.5 MLBUps    256.77 GB/s [==============      ]  5s
[  ]    222.4 MLBUps    256.60 GB/s [=================   ]  6s
[  ]    222.0 MLBUps    256.23 GB/s [=================== ]  7s
[  ]    ---- :    158.3 MLBUps    182.69 GB/s [====================]
[  ]    222.8 MLBUps    257.11 GB/s [==                  ]  1s
[  ]    223.2 MLBUps    257.53 GB/s [=====               ]  2s
[  ]    221.9 MLBUps    256.10 GB/s [========            ]  3s
[  ]    222.4 MLBUps    256.61 GB/s [===========         ]  4s
[  ]    222.3 MLBUps    256.57 GB/s [==============      ]  5s
[  ]    222.6 MLBUps    256.84 GB/s [=================   ]  6s
[  ]    222.4 MLBUps    256.60 GB/s [=================== ]  7s
[  ]    ---- :    157.7 MLBUps    181.96 GB/s [====================]
[  ]    222.5 MLBUps    256.78 GB/s [==                  ]  1s
[  ]    221.6 MLBUps    255.73 GB/s [=====               ]  2s
[  ]    222.1 MLBUps    256.32 GB/s [========            ]  3s
[  ]    221.6 MLBUps    255.74 GB/s [===========         ]  4s
[  ]    221.9 MLBUps    256.12 GB/s [==============      ]  5s
[  ]    221.9 MLBUps    256.08 GB/s [================    ]  6s
[  ]    222.0 MLBUps    256.22 GB/s [=================== ]  7s
[  ]    ---- :    178.5 MLBUps    205.97 GB/s [====================]
[  ]    221.8 MLBUps    255.97 GB/s [==                  ]  0s
[  ]    222.3 MLBUps    256.49 GB/s [=====               ]  1s
[  ]    222.1 MLBUps    256.36 GB/s [========            ]  3s
[  ]    222.1 MLBUps    256.32 GB/s [===========         ]  4s
[  ]    222.0 MLBUps    256.19 GB/s [==============      ]  5s
[  ]    222.1 MLBUps    256.31 GB/s [=================   ]  6s
[  ]    222.8 MLBUps    257.09 GB/s [=================== ]  7s
[  ]    ---- :    170.9 MLBUps    197.23 GB/s [====================]
[  ]    221.9 MLBUps    256.06 GB/s [==                  ]  0s
[  ]    217.0 MLBUps    250.40 GB/s [=====               ]  2s
[  ]    216.0 MLBUps    249.30 GB/s [========            ]  3s
[  ]    215.8 MLBUps    249.04 GB/s [===========         ]  4s
[  ]    216.0 MLBUps    249.23 GB/s [=============       ]  5s
[  ]    216.1 MLBUps    249.41 GB/s [================    ]  6s
[  ]    215.9 MLBUps    249.09 GB/s [=================== ]  7s
[  ]    ---- :    199.4 MLBUps    230.11 GB/s [====================]
[  ]    216.1 MLBUps    249.34 GB/s [==                  ]  1s
[  ]    215.8 MLBUps    249.07 GB/s [=====               ]  2s
[  ]    216.1 MLBUps    249.41 GB/s [========            ]  3s
[  ]    216.6 MLBUps    249.98 GB/s [===========         ]  4s
[  ]    218.6 MLBUps    252.21 GB/s [=============       ]  5s
[  ]    218.8 MLBUps    252.45 GB/s [================    ]  6s
[  ]    218.7 MLBUps    252.33 GB/s [=================== ]  7s
[  ]    ---- :    203.9 MLBUps    235.27 GB/s [====================]
[  ]    219.2 MLBUps    252.91 GB/s [==                  ]  0s
[  ]    219.2 MLBUps    252.96 GB/s [=====               ]  1s
[  ]    220.9 MLBUps    254.97 GB/s [========            ]  2s
[  ]    220.4 MLBUps    254.38 GB/s [===========         ]  3s
[  ]    220.9 MLBUps    254.94 GB/s [=============       ]  4s
[  ]    221.1 MLBUps    255.15 GB/s [================    ]  5s
[  ]    221.1 MLBUps    255.16 GB/s [=================== ]  6s
[  ]    ---- :    199.8 MLBUps    230.52 GB/s [====================]
[  ]    221.3 MLBUps    255.39 GB/s [==                  ]  0s
[  ]    220.8 MLBUps    254.86 GB/s [=====               ]  1s
[  ]    221.0 MLBUps    255.04 GB/s [========            ]  2s
[  ]    221.1 MLBUps    255.12 GB/s [===========         ]  3s
[  ]    220.9 MLBUps    254.88 GB/s [==============      ]  4s
[  ]    221.0 MLBUps    255.02 GB/s [================    ]  5s
[  ]    221.1 MLBUps    255.15 GB/s [=================== ]  6s
[  ]    ---- :    197.1 MLBUps    227.45 GB/s [====================]
[  ]    ---- :    50000 it writing vtk
[  ]    ---- : Total duration: 385.788253 s = 6.429804 min = 0.107163 h
