{
  "status": "runtime_sanity",
  "decision": {
    "status": "runtime_sanity",
    "claim_limit": "runtime_sanity / exploratory_not_validation only",
    "write_mode_allowed": false,
    "write_mode_blocked": true,
    "block_reason": "Stage8f is diagnostic-only; sphere Stage8OperatorMode=2 remains forbidden",
    "root_cause_classification": "sphere11_low_angle_candidate_dominated_normal_limiter_dominated_ratio_cap_contract_dominated",
    "final_vector_limiter_fraction": 0.0,
    "final_normal_limiter_fraction": 0.7304029304029304,
    "final_limiter_ratio_p50": 0.4122576787348907,
    "final_limiter_ratio_p10": 0.1440821284225473,
    "final_outer90_normal_limiter_count": 0,
    "final_ratio_cap_limiter_fraction_of_normal_limiter": 0.5867602808425276,
    "final_abs_cap_limiter_fraction_of_normal_limiter": 0.41323971915747243,
    "final_cap_demand_ratio_p50": 2.42566737160302,
    "final_normal_raw_abs_p50": 0.06017788218074154,
    "final_target_minus_raw_abs_p50": 0.08609959132077992,
    "final_tangent_mag_p95": 0.08321320768879015,
    "final_raw_delta_p99": 0.4794265072846032,
    "final_normal_delta_limited_p99": 0.008925232203090985
  },
  "frames": [
    0,
    100,
    200,
    300,
    400,
    500,
    600,
    700,
    800,
    900,
    1000
  ]
}
