  MKDIR      CLB/d3q27_pf_velocity_q27_geometric/
  GEN        CLB/d3q27_pf_velocity_q27_geometric/options.R
  RT         CLB/d3q27_pf_velocity_q27_geometric/Global.cpp
  RT         CLB/d3q27_pf_velocity_q27_geometric/Lattice.cu
  CP         CLB/d3q27_pf_velocity_q27_geometric/vtkLattice.cpp
  CP         CLB/d3q27_pf_velocity_q27_geometric/vtkOutput.cpp
  CP         CLB/d3q27_pf_velocity_q27_geometric/cross.cu
  RT         CLB/d3q27_pf_velocity_q27_geometric/cuda.cu
  RT         CLB/d3q27_pf_velocity_q27_geometric/LatticeContainer.inc.cpp
  RT         CLB/d3q27_pf_velocity_q27_geometric/LatticeAccess.inc.cpp
  RT         CLB/d3q27_pf_velocity_q27_geometric/Dynamics.c (model)
  SP-CONST   CLB/d3q27_pf_velocity_q27_geometric/Dynamics_sp.c
  RT         CLB/d3q27_pf_velocity_q27_geometric/Solver.cpp
  CP         CLB/d3q27_pf_velocity_q27_geometric/pugixml.cpp
  RT         CLB/d3q27_pf_velocity_q27_geometric/Geometry.cpp
  RT         CLB/d3q27_pf_velocity_q27_geometric/def.cpp
  CP         CLB/d3q27_pf_velocity_q27_geometric/unit.cpp
  CP         CLB/d3q27_pf_velocity_q27_geometric/ZoneSettings.cpp
  CP         CLB/d3q27_pf_velocity_q27_geometric/SyntheticTurbulence.cpp
  CP         CLB/d3q27_pf_velocity_q27_geometric/Sampler.cpp
  CP         CLB/d3q27_pf_velocity_q27_geometric/main.cpp
  RT         CLB/d3q27_pf_velocity_q27_geometric/Global.h
  CP         CLB/d3q27_pf_velocity_q27_geometric/gpu_anim.h
  RT         CLB/d3q27_pf_velocity_q27_geometric/LatticeContainer.h
  RT         CLB/d3q27_pf_velocity_q27_geometric/Lattice.h
  CP         CLB/d3q27_pf_velocity_q27_geometric/Region.h
  CP         CLB/d3q27_pf_velocity_q27_geometric/vtkLattice.h
  CP         CLB/d3q27_pf_velocity_q27_geometric/vtkOutput.h
  CP         CLB/d3q27_pf_velocity_q27_geometric/cross.h
  CP         CLB/d3q27_pf_velocity_q27_geometric/cross.hpp
  CP         CLB/d3q27_pf_velocity_q27_geometric/gl_helper.h
  RT         CLB/d3q27_pf_velocity_q27_geometric/Dynamics.h
  CP         CLB/d3q27_pf_velocity_q27_geometric/types.h
  RT         CLB/d3q27_pf_velocity_q27_geometric/Consts.h
  RT         CLB/d3q27_pf_velocity_q27_geometric/Solver.h
  CP         CLB/d3q27_pf_velocity_q27_geometric/pugixml.hpp
  CP         CLB/d3q27_pf_velocity_q27_geometric/pugiconfig.hpp
  CP         CLB/d3q27_pf_velocity_q27_geometric/Geometry.h
  CP         CLB/d3q27_pf_velocity_q27_geometric/def.h
  CP         CLB/d3q27_pf_velocity_q27_geometric/utils.h
  CP         CLB/d3q27_pf_velocity_q27_geometric/unit.h
  CP         CLB/d3q27_pf_velocity_q27_geometric/ZoneSettings.h
  CP         CLB/d3q27_pf_velocity_q27_geometric/SyntheticTurbulence.h
  CP         CLB/d3q27_pf_velocity_q27_geometric/Sampler.h
  CP         CLB/d3q27_pf_velocity_q27_geometric/spline.h
  CP         CLB/d3q27_pf_velocity_q27_geometric/TCLBForceGroupCommon.h
  CP         CLB/d3q27_pf_velocity_q27_geometric/RemoteForceInterface.cpp
  CP         CLB/d3q27_pf_velocity_q27_geometric/RemoteForceInterface.h
  CP         CLB/d3q27_pf_velocity_q27_geometric/RemoteForceInterface.hpp
  CP         CLB/d3q27_pf_velocity_q27_geometric/MPMD.hpp
  CP         CLB/d3q27_pf_velocity_q27_geometric/empty.cpp
  CP         CLB/d3q27_pf_velocity_q27_geometric/Particle.hpp
  CP         CLB/d3q27_pf_velocity_q27_geometric/lammps.cpp
  CP         CLB/d3q27_pf_velocity_q27_geometric/SolidTree.h
  CP         CLB/d3q27_pf_velocity_q27_geometric/SolidTree.hpp
  CP         CLB/d3q27_pf_velocity_q27_geometric/SolidTree.cpp
  CP         CLB/d3q27_pf_velocity_q27_geometric/SolidAll.h
  CP         CLB/d3q27_pf_velocity_q27_geometric/SolidGrid.h
  CP         CLB/d3q27_pf_velocity_q27_geometric/SolidGrid.hpp
  CP         CLB/d3q27_pf_velocity_q27_geometric/SolidContainer.h
  CP         CLB/d3q27_pf_velocity_q27_geometric/xpath_modification.cpp
  CP         CLB/d3q27_pf_velocity_q27_geometric/xpath_modification.h
  CP         CLB/d3q27_pf_velocity_q27_geometric/hdf5Lattice.cpp
  CP         CLB/d3q27_pf_velocity_q27_geometric/hdf5Lattice.h
  CP         CLB/d3q27_pf_velocity_q27_geometric/glue.hpp
  CP         CLB/d3q27_pf_velocity_q27_geometric/mpitools.hpp
  CP         CLB/d3q27_pf_velocity_q27_geometric/pinned_allocator.hpp
  CP         CLB/d3q27_pf_velocity_q27_geometric/compare.cpp
  CP         CLB/d3q27_pf_velocity_q27_geometric/simplepart.cpp
  CP         CLB/d3q27_pf_velocity_q27_geometric/GetThreads.h
  CP         CLB/d3q27_pf_velocity_q27_geometric/GetThreads.cpp
  CP         CLB/d3q27_pf_velocity_q27_geometric/range_int.hpp
  CP         CLB/d3q27_pf_velocity_q27_geometric/Lists.h
  RT         CLB/d3q27_pf_velocity_q27_geometric/Lists.cpp
  CP         CLB/d3q27_pf_velocity_q27_geometric/Things.h
  CP         CLB/d3q27_pf_velocity_q27_geometric/Handlers/acAndersen.cpp
  MKDIR      CLB/d3q27_pf_velocity_q27_geometric/Handlers/
  CP         CLB/d3q27_pf_velocity_q27_geometric/Handlers/acAndersen.h
  CP         CLB/d3q27_pf_velocity_q27_geometric/Handlers/acContainer.cpp
  CP         CLB/d3q27_pf_velocity_q27_geometric/Handlers/acContainer.h
  CP         CLB/d3q27_pf_velocity_q27_geometric/Handlers/acESYSParticle.cpp
  CP         CLB/d3q27_pf_velocity_q27_geometric/Handlers/acESYSParticle.h
  CP         CLB/d3q27_pf_velocity_q27_geometric/Handlers/acFDTest.cpp
  CP         CLB/d3q27_pf_velocity_q27_geometric/Handlers/acFDTest.h
  CP         CLB/d3q27_pf_velocity_q27_geometric/Handlers/acGeometry.cpp
  CP         CLB/d3q27_pf_velocity_q27_geometric/Handlers/acGeometry.h
  CP         CLB/d3q27_pf_velocity_q27_geometric/Handlers/acInit.cpp
  CP         CLB/d3q27_pf_velocity_q27_geometric/Handlers/acInit.h
  CP         CLB/d3q27_pf_velocity_q27_geometric/Handlers/acLoadBinary.cpp
  CP         CLB/d3q27_pf_velocity_q27_geometric/Handlers/acLoadBinary.h
  CP         CLB/d3q27_pf_velocity_q27_geometric/Handlers/acLoadMemoryDump.cpp
  CP         CLB/d3q27_pf_velocity_q27_geometric/Handlers/acLoadMemoryDump.h
  CP         CLB/d3q27_pf_velocity_q27_geometric/Handlers/acModel.cpp
  CP         CLB/d3q27_pf_velocity_q27_geometric/Handlers/acModel.h
  CP         CLB/d3q27_pf_velocity_q27_geometric/Handlers/acObjective.cpp
  CP         CLB/d3q27_pf_velocity_q27_geometric/Handlers/acObjective.h
  RT         CLB/d3q27_pf_velocity_q27_geometric/Handlers/acOptimize.cpp
  CP         CLB/d3q27_pf_velocity_q27_geometric/Handlers/acOptimize.h
  CP         CLB/d3q27_pf_velocity_q27_geometric/Handlers/acOptSolve.cpp
  CP         CLB/d3q27_pf_velocity_q27_geometric/Handlers/acOptSolve.h
  CP         CLB/d3q27_pf_velocity_q27_geometric/Handlers/acParam.cpp
  CP         CLB/d3q27_pf_velocity_q27_geometric/Handlers/acParam.h
  CP         CLB/d3q27_pf_velocity_q27_geometric/Handlers/acRemoteForceInterface.cpp
  CP         CLB/d3q27_pf_velocity_q27_geometric/Handlers/acRemoteForceInterface.h
  CP         CLB/d3q27_pf_velocity_q27_geometric/Handlers/acRepeat.cpp
  CP         CLB/d3q27_pf_velocity_q27_geometric/Handlers/acRepeat.h
  CP         CLB/d3q27_pf_velocity_q27_geometric/Handlers/acRunAction.cpp
  CP         CLB/d3q27_pf_velocity_q27_geometric/Handlers/acRunAction.h
  CP         CLB/d3q27_pf_velocity_q27_geometric/Handlers/acSAdjoint.cpp
  CP         CLB/d3q27_pf_velocity_q27_geometric/Handlers/acSAdjoint.h
  CP         CLB/d3q27_pf_velocity_q27_geometric/Handlers/acSolve.cpp
  CP         CLB/d3q27_pf_velocity_q27_geometric/Handlers/acSolve.h
  CP         CLB/d3q27_pf_velocity_q27_geometric/Handlers/acSyntheticTurbulence.cpp
  CP         CLB/d3q27_pf_velocity_q27_geometric/Handlers/acSyntheticTurbulence.h
  CP         CLB/d3q27_pf_velocity_q27_geometric/Handlers/acThreshold.cpp
  CP         CLB/d3q27_pf_velocity_q27_geometric/Handlers/acThreshold.h
  CP         CLB/d3q27_pf_velocity_q27_geometric/Handlers/acThresholdNow.cpp
  CP         CLB/d3q27_pf_velocity_q27_geometric/Handlers/acThresholdNow.h
  CP         CLB/d3q27_pf_velocity_q27_geometric/Handlers/Action.cpp
  CP         CLB/d3q27_pf_velocity_q27_geometric/Handlers/Action.h
  CP         CLB/d3q27_pf_velocity_q27_geometric/Handlers/acUSAdjoint.cpp
  CP         CLB/d3q27_pf_velocity_q27_geometric/Handlers/acUSAdjoint.h
  CP         CLB/d3q27_pf_velocity_q27_geometric/Handlers/BSpline.cpp
  CP         CLB/d3q27_pf_velocity_q27_geometric/Handlers/BSpline.h
  CP         CLB/d3q27_pf_velocity_q27_geometric/Handlers/Callback.cpp
  CP         CLB/d3q27_pf_velocity_q27_geometric/Handlers/Callback.h
  CP         CLB/d3q27_pf_velocity_q27_geometric/Handlers/cbAveraging.cpp
  CP         CLB/d3q27_pf_velocity_q27_geometric/Handlers/cbAveraging.h
  CP         CLB/d3q27_pf_velocity_q27_geometric/Handlers/cbBIN.cpp
  CP         CLB/d3q27_pf_velocity_q27_geometric/Handlers/cbBIN.h
  CP         CLB/d3q27_pf_velocity_q27_geometric/Handlers/cbCatalyst.cpp
  CP         CLB/d3q27_pf_velocity_q27_geometric/Handlers/cbCatalyst.h
  CP         CLB/d3q27_pf_velocity_q27_geometric/Handlers/cbDumpSettings.cpp
  CP         CLB/d3q27_pf_velocity_q27_geometric/Handlers/cbDumpSettings.h
  CP         CLB/d3q27_pf_velocity_q27_geometric/Handlers/cbFailcheck.cpp
  CP         CLB/d3q27_pf_velocity_q27_geometric/Handlers/cbFailcheck.h
  CP         CLB/d3q27_pf_velocity_q27_geometric/Handlers/cbHDF5.cpp
  CP         CLB/d3q27_pf_velocity_q27_geometric/Handlers/cbHDF5.h
  CP         CLB/d3q27_pf_velocity_q27_geometric/Handlers/cbKeep.cpp
  CP         CLB/d3q27_pf_velocity_q27_geometric/Handlers/cbKeep.h
  CP         CLB/d3q27_pf_velocity_q27_geometric/Handlers/cbLog.cpp
  CP         CLB/d3q27_pf_velocity_q27_geometric/Handlers/cbLog.h
  CP         CLB/d3q27_pf_velocity_q27_geometric/Handlers/cbPID.cpp
  CP         CLB/d3q27_pf_velocity_q27_geometric/Handlers/cbPID.h
  CP         CLB/d3q27_pf_velocity_q27_geometric/Handlers/cbRunR.cpp
  CP         CLB/d3q27_pf_velocity_q27_geometric/Handlers/cbRunR.h
  CP         CLB/d3q27_pf_velocity_q27_geometric/Handlers/cbSample.cpp
  CP         CLB/d3q27_pf_velocity_q27_geometric/Handlers/cbSample.h
  CP         CLB/d3q27_pf_velocity_q27_geometric/Handlers/cbSaveBinary.cpp
  CP         CLB/d3q27_pf_velocity_q27_geometric/Handlers/cbSaveBinary.h
  CP         CLB/d3q27_pf_velocity_q27_geometric/Handlers/cbSaveCheckpoint.cpp
  CP         CLB/d3q27_pf_velocity_q27_geometric/Handlers/cbSaveCheckpoint.h
  CP         CLB/d3q27_pf_velocity_q27_geometric/Handlers/cbSaveMemoryDump.cpp
  CP         CLB/d3q27_pf_velocity_q27_geometric/Handlers/cbSaveMemoryDump.h
  CP         CLB/d3q27_pf_velocity_q27_geometric/Handlers/cbStop.cpp
  CP         CLB/d3q27_pf_velocity_q27_geometric/Handlers/cbStop.h
  CP         CLB/d3q27_pf_velocity_q27_geometric/Handlers/cbTXT.cpp
  CP         CLB/d3q27_pf_velocity_q27_geometric/Handlers/cbTXT.h
  CP         CLB/d3q27_pf_velocity_q27_geometric/Handlers/cbVTK.cpp
  CP         CLB/d3q27_pf_velocity_q27_geometric/Handlers/cbVTK.h
  CP         CLB/d3q27_pf_velocity_q27_geometric/Handlers/conControl.cpp
  CP         CLB/d3q27_pf_velocity_q27_geometric/Handlers/conControl.h
  CP         CLB/d3q27_pf_velocity_q27_geometric/Handlers/conControlParameter.cpp
  CP         CLB/d3q27_pf_velocity_q27_geometric/Handlers/conControlParameter.h
  CP         CLB/d3q27_pf_velocity_q27_geometric/Handlers/conExtrude.cpp
  CP         CLB/d3q27_pf_velocity_q27_geometric/Handlers/conExtrude.h
  CP         CLB/d3q27_pf_velocity_q27_geometric/Handlers/conFieldParameter.cpp
  CP         CLB/d3q27_pf_velocity_q27_geometric/Handlers/conFieldParameter.h
  CP         CLB/d3q27_pf_velocity_q27_geometric/Handlers/Design.cpp
  CP         CLB/d3q27_pf_velocity_q27_geometric/Handlers/Design.h
  CP         CLB/d3q27_pf_velocity_q27_geometric/Handlers/Fourier.cpp
  CP         CLB/d3q27_pf_velocity_q27_geometric/Handlers/Fourier.h
  CP         CLB/d3q27_pf_velocity_q27_geometric/Handlers/GenericAction.cpp
  CP         CLB/d3q27_pf_velocity_q27_geometric/Handlers/GenericAction.h
  CP         CLB/d3q27_pf_velocity_q27_geometric/Handlers/GenericContainer.cpp
  CP         CLB/d3q27_pf_velocity_q27_geometric/Handlers/GenericContainer.h
  CP         CLB/d3q27_pf_velocity_q27_geometric/Handlers/GenericOptimizer.cpp
  CP         CLB/d3q27_pf_velocity_q27_geometric/Handlers/GenericOptimizer.h
  CP         CLB/d3q27_pf_velocity_q27_geometric/Handlers/IfContainer.cpp
  CP         CLB/d3q27_pf_velocity_q27_geometric/Handlers/IfContainer.h
  CP         CLB/d3q27_pf_velocity_q27_geometric/Handlers/InternalTopology.cpp
  CP         CLB/d3q27_pf_velocity_q27_geometric/Handlers/InternalTopology.h
  CP         CLB/d3q27_pf_velocity_q27_geometric/Handlers/MainContainer.cpp
  CP         CLB/d3q27_pf_velocity_q27_geometric/Handlers/MainContainer.h
  CP         CLB/d3q27_pf_velocity_q27_geometric/Handlers/NullHandler.cpp
  CP         CLB/d3q27_pf_velocity_q27_geometric/Handlers/NullHandler.h
  CP         CLB/d3q27_pf_velocity_q27_geometric/Handlers/OptimalControl.cpp
  CP         CLB/d3q27_pf_velocity_q27_geometric/Handlers/OptimalControl.h
  CP         CLB/d3q27_pf_velocity_q27_geometric/Handlers/OptimalControlSecond.cpp
  CP         CLB/d3q27_pf_velocity_q27_geometric/Handlers/OptimalControlSecond.h
  CP         CLB/d3q27_pf_velocity_q27_geometric/Handlers/RepeatControl.cpp
  CP         CLB/d3q27_pf_velocity_q27_geometric/Handlers/RepeatControl.h
  CP         CLB/d3q27_pf_velocity_q27_geometric/Handlers/vHandler.cpp
  CP         CLB/d3q27_pf_velocity_q27_geometric/Handlers/vHandler.h
  CP         CLB/d3q27_pf_velocity_q27_geometric/CommonHandler.h
  CP         CLB/d3q27_pf_velocity_q27_geometric/Handlers.h
  CP         CLB/d3q27_pf_velocity_q27_geometric/Factory.h
  CP         CLB/d3q27_pf_velocity_q27_geometric/HandlerFactory.h
  RT         CLB/d3q27_pf_velocity_q27_geometric/SUMMARY
  CP         CLB/d3q27_pf_velocity_q27_geometric/docs-by-doxygen/conf.doxygen
  MKDIR      CLB/d3q27_pf_velocity_q27_geometric/docs-by-doxygen/
  CP         CLB/d3q27_pf_velocity_q27_geometric/docs-by-doxygen/cfd-go-logo.png
  CP         CLB/d3q27_pf_velocity_q27_geometric/docs-by-doxygen/README.md
  RT         CLB/d3q27_pf_velocity_q27_geometric/Catalyst.cpp
  CP         CLB/d3q27_pf_velocity_q27_geometric/Catalyst.h
  AUTO-DEP   CLB/d3q27_pf_velocity_q27_geometric/dep.mk
  CP         CLB/d3q27_pf_velocity_q27_geometric//README.md
  RT         CLB/d3q27_pf_velocity_q27_geometric//dictionary.h
  RT         CLB/d3q27_pf_velocity_q27_geometric/makefile
  DONE       d3q27_pf_velocity_q27_geometric/source
