vtkLattice.cpp: In function ‘int txtWriteLattice(char*, Lattice*, UnitEnv, name_set*, int)’:
vtkLattice.cpp:141:54: warning: ‘%s’ directive writing up to 1023 bytes into a region of size 1017 [-Wformat-overflow=]
  141 |                                 sprintf(com, "gzip > %s.gz", fn);
      |                                                      ^~      ~~
In file included from /usr/include/stdio.h:980,
                 from vtkLattice.cpp:1:
In function ‘int sprintf(char*, const char*, ...)’,
    inlined from ‘int txtWriteLattice(char*, Lattice*, UnitEnv, name_set*, int)’ at vtkLattice.cpp:141:12:
/usr/include/x86_64-linux-gnu/bits/stdio2.h:30:34: note: ‘__builtin___sprintf_chk’ output between 11 and 1034 bytes into a destination of size 1024
   30 |   return __builtin___sprintf_chk (__s, __USE_FORTIFY_LEVEL - 1,
      |          ~~~~~~~~~~~~~~~~~~~~~~~~^~~~~~~~~~~~~~~~~~~~~~~~~~~~~~
   31 |                                   __glibc_objsize (__s), __fmt,
      |                                   ~~~~~~~~~~~~~~~~~~~~~~~~~~~~~
   32 |                                   __va_arg_pack ());
      |                                   ~~~~~~~~~~~~~~~~~
Solver.cpp: In member function ‘void Solver::setOutput(const char*)’:
Solver.cpp:114:74: warning: ‘_Snap’ directive writing 5 bytes into a region of size between 1 and 1024 [-Wformat-overflow=]
  114 |                 if (lattice != NULL) sprintf(lattice->snapFileName, "%s%s_Snap", out, _confname);
      |                                                                          ^~~~~
In file included from /usr/include/stdio.h:980,
                 from /usr/include/c++/13/cstdio:42,
                 from /usr/include/c++/13/ext/string_conversions.h:45,
                 from /usr/include/c++/13/bits/basic_string.h:4109,
                 from /usr/include/c++/13/string:54,
                 from /usr/include/c++/13/bits/locale_classes.h:40,
                 from /usr/include/c++/13/bits/ios_base.h:41,
                 from /usr/include/c++/13/streambuf:43,
                 from /usr/include/c++/13/bits/streambuf_iterator.h:35,
                 from /usr/include/c++/13/iterator:66,
                 from pugixml.hpp:36,
                 from Solver.cpp:10:
In function ‘int sprintf(char*, const char*, ...)’,
    inlined from ‘void Solver::setOutput(const char*)’ at Solver.cpp:114:31:
/usr/include/x86_64-linux-gnu/bits/stdio2.h:30:34: note: ‘__builtin___sprintf_chk’ output 6 or more bytes (assuming 1029) into a destination of size 1024
   30 |   return __builtin___sprintf_chk (__s, __USE_FORTIFY_LEVEL - 1,
      |          ~~~~~~~~~~~~~~~~~~~~~~~~^~~~~~~~~~~~~~~~~~~~~~~~~~~~~~
   31 |                                   __glibc_objsize (__s), __fmt,
      |                                   ~~~~~~~~~~~~~~~~~~~~~~~~~~~~~
   32 |                                   __va_arg_pack ());
      |                                   ~~~~~~~~~~~~~~~~~
