make: 进入目录“/home/yuan/src/TCLB_stage8f_normal_limiter_root_cause_diag_20260613/CLB/d3q27_pf_velocity_q27_geometric”
  C++  empty.cpp
  C++  Global.cpp
  C++  pugixml.cpp
  C++  def.cpp
  C++  ZoneSettings.cpp
  C++  RemoteForceInterface.cpp
  C++  GetThreads.cpp
  C++  Lists.cpp
  LINKING    empty
  C++  compare.cpp
  C++  simplepart.cpp
  C++  vtkOutput.cpp
  C++  unit.cpp
  C++  SyntheticTurbulence.cpp
  C++  xpath_modification.cpp
  LINKING    compare
  LINKING    simplepart
  NVCC  cross.cu
  C++  Geometry.cpp
  C++  Handlers/NullHandler.cpp
  NVCC  Lattice.cu
  C++  Sampler.cpp
  NVCC  cuda.cu
  C++  vtkLattice.cpp
  C++  Solver.cpp
  C++  main.cpp
  C++  hdf5Lattice.cpp
  C++  Handlers/vHandler.cpp
  C++  Handlers/acRemoteForceInterface.cpp
  C++  Handlers/Action.cpp
  C++  Handlers/Callback.cpp
  C++  Handlers/conControl.cpp
  C++  Handlers/conControlParameter.cpp
  C++  Handlers/Design.cpp
  C++  Handlers/GenericAction.cpp
  C++  Handlers/GenericContainer.cpp
  C++  Handlers/GenericOptimizer.cpp
  C++  Handlers/acGeometry.cpp
  C++  Handlers/acInit.cpp
  C++  Handlers/acLoadBinary.cpp
  C++  Handlers/acLoadMemoryDump.cpp
  C++  Handlers/acObjective.cpp
  C++  Handlers/acOptimize.cpp
  C++  Handlers/acOptSolve.cpp
  C++  Handlers/acParam.cpp
  C++  Handlers/acRepeat.cpp
  C++  Handlers/acRunAction.cpp
  C++  Handlers/acSAdjoint.cpp
  C++  Handlers/acSolve.cpp
  C++  Handlers/acSyntheticTurbulence.cpp
  C++  Handlers/acThreshold.cpp
  C++  Handlers/acThresholdNow.cpp
  C++  Handlers/acUSAdjoint.cpp
  C++  Handlers/cbAveraging.cpp
  C++  Handlers/cbBIN.cpp
  C++  Handlers/cbCatalyst.cpp
  C++  Handlers/cbDumpSettings.cpp
  C++  Handlers/cbFailcheck.cpp
  C++  Handlers/cbHDF5.cpp
  C++  Handlers/cbKeep.cpp
  C++  Handlers/cbLog.cpp
  C++  Handlers/cbPID.cpp
  C++  Handlers/cbRunR.cpp
  C++  Handlers/cbSample.cpp
  C++  Handlers/cbSaveBinary.cpp
  C++  Handlers/cbSaveCheckpoint.cpp
  C++  Handlers/cbSaveMemoryDump.cpp
  C++  Handlers/cbStop.cpp
  C++  Handlers/cbTXT.cpp
  C++  Handlers/cbVTK.cpp
  C++  Handlers/conExtrude.cpp
  C++  Handlers/conFieldParameter.cpp
  C++  Handlers/Fourier.cpp
  C++  Handlers/IfContainer.cpp
  C++  Handlers/InternalTopology.cpp
  C++  Handlers/MainContainer.cpp
  C++  Handlers/OptimalControl.cpp
  C++  Handlers/OptimalControlSecond.cpp
  C++  Handlers/RepeatControl.cpp
  C++  Handlers/acAndersen.cpp
  C++  Handlers/acContainer.cpp
  C++  Handlers/acESYSParticle.cpp
  C++  Handlers/acFDTest.cpp
  C++  Handlers/acModel.cpp
  C++  Handlers/BSpline.cpp
  LINKING    main (nvcc)
  DONE       main empty compare simplepart
make: 离开目录“/home/yuan/src/TCLB_stage8f_normal_limiter_root_cause_diag_20260613/CLB/d3q27_pf_velocity_q27_geometric”
