{
  "status": "exploratory_not_validation",
  "root": "/media/yuan/8A0E24070E23EAC1/runs/tclb_pre2025_sphere_tableII_q27_geometric_200k_20260610/theta120",
  "theta_deg": 120,
  "frame_count": 11,
  "first_step": 0,
  "final_step": 200000,
  "final": {
    "status": "exploratory_not_validation",
    "step": 200000,
    "file": "/media/yuan/8A0E24070E23EAC1/runs/tclb_pre2025_sphere_tableII_q27_geometric_200k_20260610/theta120/output/case_VTK_P00_00200000.vti",
    "dims": "96x80x140",
    "phase_nonfinite_count": 0,
    "phase_min": 8.980747363606933e-09,
    "phase_max": 1.0,
    "phase_sum": 108087.44896529515,
    "phase_clipped_sum": 108087.44896529515,
    "fluid_cell_count": 954036,
    "fluid_phase_sum": 59962.84900526758,
    "fluid_phase_clipped_sum": 59962.84900526758,
    "boundary_cell_count": 121164,
    "wall_phase_sum": 48124.59996002754,
    "top_interface_z_lu": 93.22754104807404,
    "measured_Hmax_lu": 69.22754104807404,
    "measured_H1_minus_H2_lu": 45.227541048074045,
    "fit_contact_angle_deg": 140.3003489644143,
    "fit_contact_angle_x_slice_deg": 140.2962798321839,
    "fit_contact_angle_y_slice_deg": 140.30441809664467,
    "fit_x_point_count": 176,
    "fit_y_point_count": 176,
    "u_nonfinite_count": 0,
    "u_max_fluid": 1.0626741698053264e-05,
    "u_max_interface_band": 1.0626741698053264e-05,
    "u_max_contact_interface_band": 1.013514967388397e-05,
    "mach_max_fluid": 1.8406056539939017e-05,
    "mach_max_interface_band": 1.8406056539939017e-05,
    "rho_nonfinite_count": 0,
    "rho_sum": 60856.92215626234,
    "fluid_rho_sum": 60856.92215626234,
    "target_expected_Hmax_lu": 65.95494903256218,
    "target_expected_H1_minus_H2_lu": 41.95494903256218,
    "target_liquid_spherical_cap_radius_lu": 24.20664338008504,
    "target_liquid_solid_center_distance_lu": 41.74830565247715,
    "Hmax_relative_error_percent": 4.961859668629525,
    "H1_minus_H2_relative_error_percent": 7.80025263043921,
    "phase_sum_rel_change": 0.001200103134396063,
    "phase_clipped_sum_rel_change": 0.001200103134396063,
    "fluid_phase_sum_rel_change": -0.00041565381665968957,
    "fluid_phase_clipped_sum_rel_change": -0.00041565381665968957,
    "rho_sum_rel_change": -0.00040914040049430217,
    "fluid_rho_sum_rel_change": -0.00040914040049442165
  },
  "fit_payload_final": {
    "x_slice": {
      "slice_axis": "x",
      "fit_point_count": 176,
      "contact_angle_deg": 140.2962798321839,
      "liquid_fit_radius_lu": 24.03737739232382,
      "liquid_fit_center_tangent_lu": 39.50000000000337,
      "liquid_fit_center_z_lu": 69.17993288361748,
      "liquid_solid_center_distance_lu": 45.18269951395309
    },
    "y_slice": {
      "slice_axis": "y",
      "fit_point_count": 176,
      "contact_angle_deg": 140.30441809664467,
      "liquid_fit_radius_lu": 24.03529808111476,
      "liquid_fit_center_tangent_lu": 39.61123879561367,
      "liquid_fit_center_z_lu": 69.18022940394151,
      "liquid_solid_center_distance_lu": 45.18190195495113
    }
  },
  "log_payload": {
    "log_csv": "/media/yuan/8A0E24070E23EAC1/runs/tclb_pre2025_sphere_tableII_q27_geometric_200k_20260610/theta120/output/case_Log_P00_00000000.csv",
    "log_final_iteration": 200000.0,
    "log_final_NumSpecialPoints": 392.0,
    "log_final_NumWallBoundaryPoints": 73292.0,
    "log_final_NumBoundaryPoints": 121164.0,
    "log_final_NumFluidCells": 954036.0,
    "log_final_TotalDensity": 60856.922172696,
    "log_final_LiqTotalVelocity": 0.12927575230976,
    "log_final_LiqTotalVelocityX": 0.03223803441087,
    "log_final_LiqTotalVelocityY": 1.143888033958e-12,
    "log_final_LiqTotalVelocityZ": -0.11771470816473,
    "log_final_LiqTotalPhase": 51540.004893281,
    "log_max_NumSpecialPoints": 392.0,
    "log_max_NumWallBoundaryPoints": 73292.0,
    "log_max_NumBoundaryPoints": 121164.0
  },
  "max_abs_fluid_phase_sum_rel_change": 0.00041565381665968957,
  "max_abs_fluid_phase_clipped_sum_rel_change": 0.00041565381665968957,
  "max_abs_rho_sum_rel_change": 0.00040914040049430217,
  "max_abs_fluid_rho_sum_rel_change": 0.00040914040049442165,
  "max_mach_fluid": 9.378588011821051e-05,
  "max_nonfinite_count": 0,
  "claim_limit": "Postprocessing output for TCLB analogue only. Requires read-only audit before any validation_candidate promotion."
}
