{
  "status": "runtime_sanity",
  "case_root": "/mnt/8A0E24070E23EAC1/runs/tclb_pre2025_sphere_theta030_z48_gap24_outer90_sphere11_normal_path_v6diag_50k_20260611/theta030",
  "frame_count": 2,
  "summaries": [
    {
      "status": "runtime_sanity",
      "step": 0,
      "file": "/mnt/8A0E24070E23EAC1/runs/tclb_pre2025_sphere_theta030_z48_gap24_outer90_sphere11_normal_path_v6diag_50k_20260611/theta030/output/case_VTK_P00_00000000.vti",
      "dims": [
        96,
        80,
        180
      ],
      "cell_count": 1382400,
      "wall_count": 135160,
      "fluid_count": 1247240,
      "nonfinite_count": 0,
      "phase_all": {
        "count": 1382400,
        "min": 0.0,
        "mean": 0.07798080186876512,
        "p95": 0.9891824739341819,
        "p99": 1.0,
        "max": 1.0
      },
      "phase_wall": {
        "count": 135160,
        "min": 0.0,
        "mean": 0.35375020233124554,
        "p95": 1.0,
        "p99": 1.0,
        "max": 1.0
      },
      "phase_fluid": {
        "count": 1247240,
        "min": 0.0,
        "mean": 0.0480964234279608,
        "p95": 0.39615055329813975,
        "p99": 0.9983644361523627,
        "max": 0.9999997995397631
      },
      "wall_phase_pred": {
        "count": 135160,
        "min": 0.0,
        "mean": 0.35461178055325066,
        "p95": 1.0,
        "p99": 1.0,
        "max": 1.7954628943313244
      },
      "wall_phase_profile_pred": {
        "count": 135160,
        "min": 0.0,
        "mean": 0.35375020233124554,
        "p95": 1.0,
        "p99": 1.0,
        "max": 1.0
      },
      "wall_phase_unified_profile_pred": {
        "count": 135160,
        "min": 0.0,
        "mean": 0.35375020233124554,
        "p95": 1.0,
        "p99": 1.0,
        "max": 1.0
      },
      "wall_phase_bounded_pred": {
        "count": 135160,
        "min": 0.0,
        "mean": 0.35461178055325066,
        "p95": 1.0,
        "p99": 1.0,
        "max": 1.7954628943313244
      },
      "wall_profile_delta": {
        "count": 135160,
        "min": -0.1208892596789658,
        "mean": 0.0008615782220051015,
        "p95": 1.5593133021301e-11,
        "p99": 0.0005400083371874414,
        "max": 1.054862754745995
      },
      "wall_unified_profile_delta": {
        "count": 135160,
        "min": -0.1208892596789658,
        "mean": 0.0008615782220051015,
        "p95": 1.5593133021301e-11,
        "p99": 0.0005400083371874414,
        "max": 1.054862754745995
      },
      "wall_clamp_delta": {
        "count": 135160,
        "min": 0.0,
        "mean": 0.0,
        "p95": 0.0,
        "p99": 0.0,
        "max": 0.0
      },
      "wall_h": {
        "count": 135160,
        "min": 0.0,
        "mean": 0.34327343502302027,
        "p95": 0.7071067811865476,
        "p99": 0.8660254037844386,
        "max": 0.8660254037844386
      },
      "wall_geom_normal_mag": {
        "count": 135160,
        "min": 0.0,
        "mean": 0.6865468700460405,
        "p95": 1.4142135623730951,
        "p99": 1.7320508075688772,
        "max": 1.7320508075688772
      },
      "wall_grad_1_mag": {
        "count": 135160,
        "min": 0.0,
        "mean": 0.0004181959512930318,
        "p95": 1.312812706682853e-11,
        "p99": 0.000476595112244527,
        "max": 0.17347528275656127
      },
      "wall_grad_2_mag": {
        "count": 135160,
        "min": 0.0,
        "mean": 0.00048600596561355067,
        "p95": 6.610146422187705e-12,
        "p99": 0.0007300025657291215,
        "max": 0.16121961865662415
      },
      "wall_grad_tangent_vec_mag": {
        "count": 135160,
        "min": 0.0,
        "mean": 0.00020219696201370508,
        "p95": 9.709877192418339e-12,
        "p99": 0.00035835602193903587,
        "max": 0.148776638417561
      },
      "wall_normal_coeff_1": {
        "count": 135160,
        "min": -4.276925679241872e-05,
        "mean": 0.00026302592012547723,
        "p95": 0.0,
        "p99": 6.790692256805153e-05,
        "max": 0.17143479549887125
      },
      "wall_normal_coeff_2": {
        "count": 135160,
        "min": -3.334207925526078e-05,
        "mean": 0.000293117020240031,
        "p95": 0.0,
        "p99": 8.09314667968436e-05,
        "max": 0.15753084259416822
      },
      "wall_actual_minus_profile": {
        "count": 135160,
        "min": -2.220446049250313e-16,
        "mean": -1.0546976461543705e-19,
        "p95": 0.0,
        "p99": 1.3234889800848443e-23,
        "max": 1.1102230246251565e-16
      },
      "wall_actual_minus_raw": {
        "count": 135160,
        "min": -1.054862754745995,
        "mean": -0.0008615782220051016,
        "p95": 0.0,
        "p99": 2.6469779601696886e-23,
        "max": 0.12088925967896569
      },
      "normal_path_count": 10256,
      "normal_path_wall_phase_pred": {
        "count": 10256,
        "min": 9.250253285354069e-15,
        "mean": 0.03210380283875218,
        "p95": 0.16734186277607607,
        "p99": 0.8225148782745255,
        "max": 1.7954628943313244
      },
      "normal_path_wall_phase_unified_profile_pred": {
        "count": 10256,
        "min": 1.6898844142423784e-14,
        "mean": 0.02074938469462099,
        "p95": 0.10885761389418627,
        "p99": 0.5851780039670663,
        "max": 0.7406001395853296
      },
      "normal_path_wall_h": {
        "count": 10256,
        "min": 0.5,
        "mean": 0.7265951424356458,
        "p95": 0.8660254037844386,
        "p99": 0.8660254037844386,
        "max": 0.8660254037844386
      },
      "normal_path_wall_grad_1_mag": {
        "count": 10256,
        "min": 5.088059582242844e-15,
        "mean": 0.005511248515675331,
        "p95": 0.024419121395179256,
        "p99": 0.15563450013638894,
        "max": 0.17347528275656127
      },
      "normal_path_wall_grad_2_mag": {
        "count": 10256,
        "min": 2.5909499057596904e-15,
        "mean": 0.006404891411108375,
        "p95": 0.042235801631385,
        "p99": 0.15853653974578838,
        "max": 0.16121961865662415
      },
      "normal_path_wall_grad_tangent_vec_mag": {
        "count": 10256,
        "min": 3.925231146709438e-17,
        "mean": 0.002664678372247697,
        "p95": 0.014801265987041751,
        "p99": 0.08517098108770091,
        "max": 0.148776638417561
      },
      "normal_path_wall_normal_coeff_1": {
        "count": 10256,
        "min": -4.276925679241872e-05,
        "mean": 0.003466320530826784,
        "p95": 0.007381220563486335,
        "p99": 0.14118362072959031,
        "max": 0.17143479549887125
      },
      "normal_path_wall_normal_coeff_2": {
        "count": 10256,
        "min": -3.334207925526078e-05,
        "mean": 0.0038628799196219377,
        "p95": 0.012323086409992773,
        "p99": 0.13840376647187136,
        "max": 0.15753084259416822
      },
      "normal_path_wall_actual_minus_profile": {
        "count": 10256,
        "min": -2.220446049250313e-16,
        "mean": -1.389440276534368e-18,
        "p95": 2.117582368135751e-22,
        "p99": 1.734723475976807e-18,
        "max": 1.1102230246251565e-16
      },
      "normal_path_wall_actual_minus_raw": {
        "count": 10256,
        "min": -1.054862754745995,
        "mean": -0.011354418144131193,
        "p95": 1.0019585828933585e-14,
        "p99": 0.005191671252228247,
        "max": 0.12088925967896569
      },
      "wall_phase_pred_gt_1_count": 64,
      "wall_phase_profile_pred_gt_1_count": 0,
      "wall_phase_unified_profile_pred_gt_1_count": 0,
      "wall_phase_field_gt_1_count": 0,
      "fluid_phase_field_gt_1_count": 0,
      "wall_profile_delta_nonzero_count": 8296,
      "wall_unified_profile_delta_nonzero_count": 8296,
      "wall_clamp_delta_nonzero_count": 0,
      "max_velocity": 0.0,
      "max_mach": 0.0,
      "by_wall_bc_path": {
        "1": {
          "count": 47600,
          "phase_field": {
            "count": 47600,
            "min": 1.0,
            "mean": 1.0,
            "p95": 1.0,
            "p99": 1.0,
            "max": 1.0
          },
          "wall_phase_pred": {
            "count": 47600,
            "min": 1.0,
            "mean": 1.0,
            "p95": 1.0,
            "p99": 1.0,
            "max": 1.0
          },
          "wall_phase_profile_pred": {
            "count": 47600,
            "min": 1.0,
            "mean": 1.0,
            "p95": 1.0,
            "p99": 1.0,
            "max": 1.0
          },
          "wall_phase_unified_profile_pred": {
            "count": 47600,
            "min": 1.0,
            "mean": 1.0,
            "p95": 1.0,
            "p99": 1.0,
            "max": 1.0
          },
          "wall_h": {
            "count": 47600,
            "min": 0.0,
            "mean": 0.0,
            "p95": 0.0,
            "p99": 0.0,
            "max": 0.0
          },
          "wall_grad_1_mag": {
            "count": 47600,
            "min": 0.0,
            "mean": 0.0,
            "p95": 0.0,
            "p99": 0.0,
            "max": 0.0
          },
          "wall_grad_2_mag": {
            "count": 47600,
            "min": 0.0,
            "mean": 0.0,
            "p95": 0.0,
            "p99": 0.0,
            "max": 0.0
          },
          "wall_grad_tangent_vec_mag": {
            "count": 47600,
            "min": 0.0,
            "mean": 0.0,
            "p95": 0.0,
            "p99": 0.0,
            "max": 0.0
          },
          "wall_normal_coeff_1": {
            "count": 47600,
            "min": 0.0,
            "mean": 0.0,
            "p95": 0.0,
            "p99": 0.0,
            "max": 0.0
          },
          "wall_normal_coeff_2": {
            "count": 47600,
            "min": 0.0,
            "mean": 0.0,
            "p95": 0.0,
            "p99": 0.0,
            "max": 0.0
          },
          "wall_actual_minus_profile": {
            "count": 47600,
            "min": 0.0,
            "mean": 0.0,
            "p95": 0.0,
            "p99": 0.0,
            "max": 0.0
          },
          "wall_actual_minus_raw": {
            "count": 47600,
            "min": 0.0,
            "mean": 0.0,
            "p95": 0.0,
            "p99": 0.0,
            "max": 0.0
          },
          "phase_field_gt_1_count": 0,
          "wall_phase_pred_gt_1_count": 0,
          "wall_phase_profile_pred_gt_1_count": 0,
          "wall_phase_unified_profile_pred_gt_1_count": 0
        },
        "2": {
          "count": 77304,
          "phase_field": {
            "count": 77304,
            "min": 0.0,
            "mean": 9.269593178836416e-07,
            "p95": 2.183755480833493e-06,
            "p99": 3.079496241070734e-05,
            "max": 6.308305345115171e-05
          },
          "wall_phase_pred": {
            "count": 77304,
            "min": 0.0,
            "mean": 9.269593178836416e-07,
            "p95": 2.1837554808334936e-06,
            "p99": 3.079496241070734e-05,
            "max": 6.308305345115173e-05
          },
          "wall_phase_profile_pred": {
            "count": 77304,
            "min": 0.0,
            "mean": 9.269593178836416e-07,
            "p95": 2.1837554808334936e-06,
            "p99": 3.079496241070734e-05,
            "max": 6.308305345115173e-05
          },
          "wall_phase_unified_profile_pred": {
            "count": 77304,
            "min": 0.0,
            "mean": 9.269593178836416e-07,
            "p95": 2.1837554808334936e-06,
            "p99": 3.079496241070734e-05,
            "max": 6.308305345115173e-05
          },
          "wall_h": {
            "count": 77304,
            "min": 0.5,
            "mean": 0.5037886486713682,
            "p95": 0.5,
            "p99": 0.7071067811865476,
            "max": 0.8660254037844386
          },
          "wall_grad_1_mag": {
            "count": 77304,
            "min": 0.0,
            "mean": 0.0,
            "p95": 0.0,
            "p99": 0.0,
            "max": 0.0
          },
          "wall_grad_2_mag": {
            "count": 77304,
            "min": 0.0,
            "mean": 0.0,
            "p95": 0.0,
            "p99": 0.0,
            "max": 0.0
          },
          "wall_grad_tangent_vec_mag": {
            "count": 77304,
            "min": 0.0,
            "mean": 0.0,
            "p95": 0.0,
            "p99": 0.0,
            "max": 0.0
          },
          "wall_normal_coeff_1": {
            "count": 77304,
            "min": 0.0,
            "mean": 0.0,
            "p95": 0.0,
            "p99": 0.0,
            "max": 0.0
          },
          "wall_normal_coeff_2": {
            "count": 77304,
            "min": 0.0,
            "mean": 0.0,
            "p95": 0.0,
            "p99": 0.0,
            "max": 0.0
          },
          "wall_actual_minus_profile": {
            "count": 77304,
            "min": -1.3552527156068805e-20,
            "mean": -6.718810522090889e-23,
            "p95": 0.0,
            "p99": 6.617444900424222e-24,
            "max": 6.776263578034403e-21
          },
          "wall_actual_minus_raw": {
            "count": 77304,
            "min": -1.3552527156068805e-20,
            "mean": -6.718810522090889e-23,
            "p95": 0.0,
            "p99": 6.617444900424222e-24,
            "max": 6.776263578034403e-21
          },
          "phase_field_gt_1_count": 0,
          "wall_phase_pred_gt_1_count": 0,
          "wall_phase_profile_pred_gt_1_count": 0,
          "wall_phase_unified_profile_pred_gt_1_count": 0
        },
        "5": {
          "count": 10256,
          "phase_field": {
            "count": 10256,
            "min": 1.689884414242378e-14,
            "mean": 0.02074938469462099,
            "p95": 0.10885761389418627,
            "p99": 0.5851780039670663,
            "max": 0.7406001395853296
          },
          "wall_phase_pred": {
            "count": 10256,
            "min": 9.250253285354069e-15,
            "mean": 0.03210380283875218,
            "p95": 0.16734186277607607,
            "p99": 0.8225148782745255,
            "max": 1.7954628943313244
          },
          "wall_phase_profile_pred": {
            "count": 10256,
            "min": 1.6898844142423784e-14,
            "mean": 0.02074938469462099,
            "p95": 0.10885761389418627,
            "p99": 0.5851780039670663,
            "max": 0.7406001395853296
          },
          "wall_phase_unified_profile_pred": {
            "count": 10256,
            "min": 1.6898844142423784e-14,
            "mean": 0.02074938469462099,
            "p95": 0.10885761389418627,
            "p99": 0.5851780039670663,
            "max": 0.7406001395853296
          },
          "wall_h": {
            "count": 10256,
            "min": 0.5,
            "mean": 0.7265951424356458,
            "p95": 0.8660254037844386,
            "p99": 0.8660254037844386,
            "max": 0.8660254037844386
          },
          "wall_grad_1_mag": {
            "count": 10256,
            "min": 5.088059582242844e-15,
            "mean": 0.005511248515675331,
            "p95": 0.024419121395179256,
            "p99": 0.15563450013638894,
            "max": 0.17347528275656127
          },
          "wall_grad_2_mag": {
            "count": 10256,
            "min": 2.5909499057596904e-15,
            "mean": 0.006404891411108375,
            "p95": 0.042235801631385,
            "p99": 0.15853653974578838,
            "max": 0.16121961865662415
          },
          "wall_grad_tangent_vec_mag": {
            "count": 10256,
            "min": 3.925231146709438e-17,
            "mean": 0.002664678372247697,
            "p95": 0.014801265987041751,
            "p99": 0.08517098108770091,
            "max": 0.148776638417561
          },
          "wall_normal_coeff_1": {
            "count": 10256,
            "min": -4.276925679241872e-05,
            "mean": 0.003466320530826784,
            "p95": 0.007381220563486335,
            "p99": 0.14118362072959031,
            "max": 0.17143479549887125
          },
          "wall_normal_coeff_2": {
            "count": 10256,
            "min": -3.334207925526078e-05,
            "mean": 0.0038628799196219377,
            "p95": 0.012323086409992773,
            "p99": 0.13840376647187136,
            "max": 0.15753084259416822
          },
          "wall_actual_minus_profile": {
            "count": 10256,
            "min": -2.220446049250313e-16,
            "mean": -1.389440276534368e-18,
            "p95": 2.117582368135751e-22,
            "p99": 1.734723475976807e-18,
            "max": 1.1102230246251565e-16
          },
          "wall_actual_minus_raw": {
            "count": 10256,
            "min": -1.054862754745995,
            "mean": -0.011354418144131193,
            "p95": 1.0019585828933585e-14,
            "p99": 0.005191671252228247,
            "max": 0.12088925967896569
          },
          "phase_field_gt_1_count": 0,
          "wall_phase_pred_gt_1_count": 64,
          "wall_phase_profile_pred_gt_1_count": 0,
          "wall_phase_unified_profile_pred_gt_1_count": 0
        }
      }
    },
    {
      "status": "runtime_sanity",
      "step": 50000,
      "file": "/mnt/8A0E24070E23EAC1/runs/tclb_pre2025_sphere_theta030_z48_gap24_outer90_sphere11_normal_path_v6diag_50k_20260611/theta030/output/case_VTK_P00_00050000.vti",
      "dims": [
        96,
        80,
        180
      ],
      "cell_count": 1382400,
      "wall_count": 135160,
      "fluid_count": 1247240,
      "nonfinite_count": 0,
      "phase_all": {
        "count": 1382400,
        "min": 1.611633011286646e-08,
        "mean": 0.08004592841060651,
        "p95": 0.9912144590725593,
        "p99": 1.0,
        "max": 1.0
      },
      "phase_wall": {
        "count": 135160,
        "min": 1.656823093559774e-08,
        "mean": 0.377617425833305,
        "p95": 1.0,
        "p99": 1.0,
        "max": 1.0
      },
      "phase_fluid": {
        "count": 1247240,
        "min": 1.611633011286646e-08,
        "mean": 0.04779891613417858,
        "p95": 0.3654082593451664,
        "p99": 0.9987634858144996,
        "max": 0.9999998672708955
      },
      "wall_phase_pred": {
        "count": 135160,
        "min": 1.656823093559774e-08,
        "mean": 0.3856774166315784,
        "p95": 1.0,
        "p99": 1.0251335883502788,
        "max": 1.4480228316330213
      },
      "wall_phase_profile_pred": {
        "count": 135160,
        "min": 1.656823093559774e-08,
        "mean": 0.377617425833305,
        "p95": 1.0,
        "p99": 1.0,
        "max": 1.0
      },
      "wall_phase_unified_profile_pred": {
        "count": 135160,
        "min": 1.656823093559774e-08,
        "mean": 0.377617425833305,
        "p95": 1.0,
        "p99": 1.0,
        "max": 1.0
      },
      "wall_phase_bounded_pred": {
        "count": 135160,
        "min": 1.656823093559774e-08,
        "mean": 0.3856774166315784,
        "p95": 1.0,
        "p99": 1.0251335883502788,
        "max": 1.4480228316330213
      },
      "wall_profile_delta": {
        "count": 135160,
        "min": -0.10962962960228288,
        "mean": 0.008059990798273358,
        "p95": 0.008650357339847523,
        "p99": 0.31353916485626765,
        "max": 0.688189353200577
      },
      "wall_unified_profile_delta": {
        "count": 135160,
        "min": -0.10962962960228288,
        "mean": 0.008059990798273358,
        "p95": 0.008650357339847523,
        "p99": 0.31353916485626765,
        "max": 0.688189353200577
      },
      "wall_clamp_delta": {
        "count": 135160,
        "min": 0.0,
        "mean": 0.0,
        "p95": 0.0,
        "p99": 0.0,
        "max": 0.0
      },
      "wall_h": {
        "count": 135160,
        "min": 0.0,
        "mean": 0.34327343502302027,
        "p95": 0.7071067811865476,
        "p99": 0.8660254037844386,
        "max": 0.8660254037844386
      },
      "wall_geom_normal_mag": {
        "count": 135160,
        "min": 0.0,
        "mean": 0.6865468700460405,
        "p95": 1.4142135623730951,
        "p99": 1.7320508075688772,
        "max": 1.7320508075688772
      },
      "wall_grad_1_mag": {
        "count": 135160,
        "min": 0.0,
        "mean": 0.004403254217569277,
        "p95": 0.022066028034527542,
        "p99": 0.12972138128021074,
        "max": 0.17389925398621564
      },
      "wall_grad_2_mag": {
        "count": 135160,
        "min": 0.0,
        "mean": 0.002981004569136493,
        "p95": 0.009663923310760821,
        "p99": 0.0941801983409055,
        "max": 0.16078215051611083
      },
      "wall_grad_tangent_vec_mag": {
        "count": 135160,
        "min": 0.0,
        "mean": 0.002133761866423689,
        "p95": 0.007817317870533873,
        "p99": 0.06625769869525168,
        "max": 0.13541566678243036
      },
      "wall_normal_coeff_1": {
        "count": 135160,
        "min": -0.1573572480609317,
        "mean": -0.0027526702850694377,
        "p95": 0.0,
        "p99": 0.0,
        "max": 0.0
      },
      "wall_normal_coeff_2": {
        "count": 135160,
        "min": -0.14029741954656855,
        "mean": -0.0018070798136484065,
        "p95": 0.0,
        "p99": 0.0,
        "max": 0.0006329479225057888
      },
      "wall_actual_minus_profile": {
        "count": 135160,
        "min": 0.0,
        "mean": 0.0,
        "p95": 0.0,
        "p99": 0.0,
        "max": 0.0
      },
      "wall_actual_minus_raw": {
        "count": 135160,
        "min": -0.688189353200577,
        "mean": -0.008059990798273358,
        "p95": 0.0,
        "p99": 0.01431384007563834,
        "max": 0.10962962960228288
      },
      "normal_path_count": 10256,
      "normal_path_wall_phase_pred": {
        "count": 10256,
        "min": 0.011616762128762755,
        "mean": 0.4415082912737847,
        "p95": 1.2038637156746683,
        "p99": 1.3336867536927637,
        "max": 1.4480228316330213
      },
      "normal_path_wall_phase_unified_profile_pred": {
        "count": 10256,
        "min": 0.02066124490076105,
        "mean": 0.33528867775051774,
        "p95": 0.9947271948420593,
        "p99": 0.9999159661581235,
        "max": 0.9999976721925408
      },
      "normal_path_wall_h": {
        "count": 10256,
        "min": 0.5,
        "mean": 0.7265951424356458,
        "p95": 0.8660254037844386,
        "p99": 0.8660254037844386,
        "max": 0.8660254037844386
      },
      "normal_path_wall_grad_1_mag": {
        "count": 10256,
        "min": 4.8097077195127595e-06,
        "mean": 0.058028845558372025,
        "p95": 0.15828314207172797,
        "p99": 0.17150328453646282,
        "max": 0.17389925398621564
      },
      "normal_path_wall_grad_2_mag": {
        "count": 10256,
        "min": 3.988220609949399e-06,
        "mean": 0.039285547734447,
        "p95": 0.13943397389985318,
        "p99": 0.15835030760877633,
        "max": 0.16078215051611083
      },
      "normal_path_wall_grad_tangent_vec_mag": {
        "count": 10256,
        "min": 3.2389769276055554e-06,
        "mean": 0.028120052054000175,
        "p95": 0.08315595793390676,
        "p99": 0.10174611311526773,
        "max": 0.13541566678243036
      },
      "normal_path_wall_normal_coeff_1": {
        "count": 10256,
        "min": -0.1573572480609317,
        "mean": -0.036276415340287166,
        "p95": -0.002611644667105773,
        "p99": -4.600865406497179e-05,
        "max": -3.374036630421351e-06
      },
      "normal_path_wall_normal_coeff_2": {
        "count": 10256,
        "min": -0.14029741954656855,
        "mean": -0.023814831085483486,
        "p95": -0.001109378768538744,
        "p99": 0.00020822331140370187,
        "max": 0.0006329479225057888
      },
      "normal_path_wall_actual_minus_profile": {
        "count": 10256,
        "min": 0.0,
        "mean": 0.0,
        "p95": 0.0,
        "p99": 0.0,
        "max": 0.0
      },
      "normal_path_wall_actual_minus_raw": {
        "count": 10256,
        "min": -0.688189353200577,
        "mean": -0.10621961352326707,
        "p95": 0.03375706468826233,
        "p99": 0.06472666960376355,
        "max": 0.10962962960228288
      },
      "wall_phase_pred_gt_1_count": 1920,
      "wall_phase_profile_pred_gt_1_count": 0,
      "wall_phase_unified_profile_pred_gt_1_count": 0,
      "wall_phase_field_gt_1_count": 0,
      "fluid_phase_field_gt_1_count": 0,
      "wall_profile_delta_nonzero_count": 10256,
      "wall_unified_profile_delta_nonzero_count": 10256,
      "wall_clamp_delta_nonzero_count": 0,
      "max_velocity": 0.00028397110947852043,
      "max_mach": 0.0004918523894985014,
      "by_wall_bc_path": {
        "1": {
          "count": 47600,
          "phase_field": {
            "count": 47600,
            "min": 1.0,
            "mean": 1.0,
            "p95": 1.0,
            "p99": 1.0,
            "max": 1.0
          },
          "wall_phase_pred": {
            "count": 47600,
            "min": 1.0,
            "mean": 1.0,
            "p95": 1.0,
            "p99": 1.0,
            "max": 1.0
          },
          "wall_phase_profile_pred": {
            "count": 47600,
            "min": 1.0,
            "mean": 1.0,
            "p95": 1.0,
            "p99": 1.0,
            "max": 1.0
          },
          "wall_phase_unified_profile_pred": {
            "count": 47600,
            "min": 1.0,
            "mean": 1.0,
            "p95": 1.0,
            "p99": 1.0,
            "max": 1.0
          },
          "wall_h": {
            "count": 47600,
            "min": 0.0,
            "mean": 0.0,
            "p95": 0.0,
            "p99": 0.0,
            "max": 0.0
          },
          "wall_grad_1_mag": {
            "count": 47600,
            "min": 0.0,
            "mean": 0.0,
            "p95": 0.0,
            "p99": 0.0,
            "max": 0.0
          },
          "wall_grad_2_mag": {
            "count": 47600,
            "min": 0.0,
            "mean": 0.0,
            "p95": 0.0,
            "p99": 0.0,
            "max": 0.0
          },
          "wall_grad_tangent_vec_mag": {
            "count": 47600,
            "min": 0.0,
            "mean": 0.0,
            "p95": 0.0,
            "p99": 0.0,
            "max": 0.0
          },
          "wall_normal_coeff_1": {
            "count": 47600,
            "min": 0.0,
            "mean": 0.0,
            "p95": 0.0,
            "p99": 0.0,
            "max": 0.0
          },
          "wall_normal_coeff_2": {
            "count": 47600,
            "min": 0.0,
            "mean": 0.0,
            "p95": 0.0,
            "p99": 0.0,
            "max": 0.0
          },
          "wall_actual_minus_profile": {
            "count": 47600,
            "min": 0.0,
            "mean": 0.0,
            "p95": 0.0,
            "p99": 0.0,
            "max": 0.0
          },
          "wall_actual_minus_raw": {
            "count": 47600,
            "min": 0.0,
            "mean": 0.0,
            "p95": 0.0,
            "p99": 0.0,
            "max": 0.0
          },
          "phase_field_gt_1_count": 0,
          "wall_phase_pred_gt_1_count": 0,
          "wall_phase_profile_pred_gt_1_count": 0,
          "wall_phase_unified_profile_pred_gt_1_count": 0
        },
        "2": {
          "count": 77304,
          "phase_field": {
            "count": 77304,
            "min": 1.656823093559774e-08,
            "mean": 6.545149047215871e-07,
            "p95": 2.9415175417876938e-06,
            "p99": 1.8061177034330052e-05,
            "max": 3.889926015893576e-05
          },
          "wall_phase_pred": {
            "count": 77304,
            "min": 1.656823093559774e-08,
            "mean": 6.545149047215871e-07,
            "p95": 2.9415175417876938e-06,
            "p99": 1.8061177034330052e-05,
            "max": 3.889926015893576e-05
          },
          "wall_phase_profile_pred": {
            "count": 77304,
            "min": 1.656823093559774e-08,
            "mean": 6.545149047215871e-07,
            "p95": 2.9415175417876938e-06,
            "p99": 1.8061177034330052e-05,
            "max": 3.889926015893576e-05
          },
          "wall_phase_unified_profile_pred": {
            "count": 77304,
            "min": 1.656823093559774e-08,
            "mean": 6.545149047215871e-07,
            "p95": 2.9415175417876938e-06,
            "p99": 1.8061177034330052e-05,
            "max": 3.889926015893576e-05
          },
          "wall_h": {
            "count": 77304,
            "min": 0.5,
            "mean": 0.5037886486713682,
            "p95": 0.5,
            "p99": 0.7071067811865476,
            "max": 0.8660254037844386
          },
          "wall_grad_1_mag": {
            "count": 77304,
            "min": 0.0,
            "mean": 0.0,
            "p95": 0.0,
            "p99": 0.0,
            "max": 0.0
          },
          "wall_grad_2_mag": {
            "count": 77304,
            "min": 0.0,
            "mean": 0.0,
            "p95": 0.0,
            "p99": 0.0,
            "max": 0.0
          },
          "wall_grad_tangent_vec_mag": {
            "count": 77304,
            "min": 0.0,
            "mean": 0.0,
            "p95": 0.0,
            "p99": 0.0,
            "max": 0.0
          },
          "wall_normal_coeff_1": {
            "count": 77304,
            "min": 0.0,
            "mean": 0.0,
            "p95": 0.0,
            "p99": 0.0,
            "max": 0.0
          },
          "wall_normal_coeff_2": {
            "count": 77304,
            "min": 0.0,
            "mean": 0.0,
            "p95": 0.0,
            "p99": 0.0,
            "max": 0.0
          },
          "wall_actual_minus_profile": {
            "count": 77304,
            "min": 0.0,
            "mean": 0.0,
            "p95": 0.0,
            "p99": 0.0,
            "max": 0.0
          },
          "wall_actual_minus_raw": {
            "count": 77304,
            "min": 0.0,
            "mean": 0.0,
            "p95": 0.0,
            "p99": 0.0,
            "max": 0.0
          },
          "phase_field_gt_1_count": 0,
          "wall_phase_pred_gt_1_count": 0,
          "wall_phase_profile_pred_gt_1_count": 0,
          "wall_phase_unified_profile_pred_gt_1_count": 0
        },
        "5": {
          "count": 10256,
          "phase_field": {
            "count": 10256,
            "min": 0.02066124490076105,
            "mean": 0.33528867775051774,
            "p95": 0.9947271948420593,
            "p99": 0.9999159661581235,
            "max": 0.9999976721925408
          },
          "wall_phase_pred": {
            "count": 10256,
            "min": 0.011616762128762755,
            "mean": 0.4415082912737847,
            "p95": 1.2038637156746683,
            "p99": 1.3336867536927637,
            "max": 1.4480228316330213
          },
          "wall_phase_profile_pred": {
            "count": 10256,
            "min": 0.02066124490076105,
            "mean": 0.33528867775051774,
            "p95": 0.9947271948420593,
            "p99": 0.9999159661581235,
            "max": 0.9999976721925408
          },
          "wall_phase_unified_profile_pred": {
            "count": 10256,
            "min": 0.02066124490076105,
            "mean": 0.33528867775051774,
            "p95": 0.9947271948420593,
            "p99": 0.9999159661581235,
            "max": 0.9999976721925408
          },
          "wall_h": {
            "count": 10256,
            "min": 0.5,
            "mean": 0.7265951424356458,
            "p95": 0.8660254037844386,
            "p99": 0.8660254037844386,
            "max": 0.8660254037844386
          },
          "wall_grad_1_mag": {
            "count": 10256,
            "min": 4.8097077195127595e-06,
            "mean": 0.058028845558372025,
            "p95": 0.15828314207172797,
            "p99": 0.17150328453646282,
            "max": 0.17389925398621564
          },
          "wall_grad_2_mag": {
            "count": 10256,
            "min": 3.988220609949399e-06,
            "mean": 0.039285547734447,
            "p95": 0.13943397389985318,
            "p99": 0.15835030760877633,
            "max": 0.16078215051611083
          },
          "wall_grad_tangent_vec_mag": {
            "count": 10256,
            "min": 3.2389769276055554e-06,
            "mean": 0.028120052054000175,
            "p95": 0.08315595793390676,
            "p99": 0.10174611311526773,
            "max": 0.13541566678243036
          },
          "wall_normal_coeff_1": {
            "count": 10256,
            "min": -0.1573572480609317,
            "mean": -0.036276415340287166,
            "p95": -0.002611644667105773,
            "p99": -4.600865406497179e-05,
            "max": -3.374036630421351e-06
          },
          "wall_normal_coeff_2": {
            "count": 10256,
            "min": -0.14029741954656855,
            "mean": -0.023814831085483486,
            "p95": -0.001109378768538744,
            "p99": 0.00020822331140370187,
            "max": 0.0006329479225057888
          },
          "wall_actual_minus_profile": {
            "count": 10256,
            "min": 0.0,
            "mean": 0.0,
            "p95": 0.0,
            "p99": 0.0,
            "max": 0.0
          },
          "wall_actual_minus_raw": {
            "count": 10256,
            "min": -0.688189353200577,
            "mean": -0.10621961352326707,
            "p95": 0.03375706468826233,
            "p99": 0.06472666960376355,
            "max": 0.10962962960228288
          },
          "phase_field_gt_1_count": 0,
          "wall_phase_pred_gt_1_count": 1920,
          "wall_phase_profile_pred_gt_1_count": 0,
          "wall_phase_unified_profile_pred_gt_1_count": 0
        }
      }
    }
  ]
}
