MPMD: TCLB: local:0/1 work:0/1 ---  connected to:
[  ]    ---- : Using std::chrono::steady_clock::now() for walltime
[  ]    #### : -------------------------------------------------------------------------
[  ]    #### : -  CLB version:                                                         -
[  ]    #### : -        Model: d3q27_pf_velocity_q27_geometric                               -
[  ]    #### : -------------------------------------------------------------------------
[  ]    #### : Setting output path to: case
[ 0]    ---- : Selecting device 0/1
[  ]    ---- :   Threads  |      Action
[  ]    ==== :    32x4    | BorderExecutor<(eOperationType)0, (eCalculateGlobals)0, (eStage)0> --- Reduced from maximum 512
[  ]    ==== :    32x4    | BorderExecutor<(eOperationType)0, (eCalculateGlobals)0, (eStage)1> --- Reduced from maximum 384
[  ]    ==== :    32x4    | BorderExecutor<(eOperationType)0, (eCalculateGlobals)0, (eStage)2> --- Reduced from maximum 384
[  ]    ==== :    32x4    | BorderExecutor<(eOperationType)0, (eCalculateGlobals)0, (eStage)3> --- Reduced from maximum 256
[  ]    ==== :    32x4    | BorderExecutor<(eOperationType)0, (eCalculateGlobals)0, (eStage)4> --- Reduced from maximum 1024
[  ]    ==== :    32x4    | BorderExecutor<(eOperationType)0, (eCalculateGlobals)0, (eStage)5> --- Reduced from maximum 512
[  ]    ==== :    32x4    | BorderExecutor<(eOperationType)0, (eCalculateGlobals)0, (eStage)6> --- Reduced from maximum 256
[  ]    ==== :    32x4    | BorderExecutor<(eOperationType)0, (eCalculateGlobals)0, (eStage)7> --- Reduced from maximum 640
[  ]    ==== :    32x4    | BorderExecutor<(eOperationType)0, (eCalculateGlobals)0, (eStage)8> --- Reduced from maximum 640
[  ]    ==== :    32x4    | BorderExecutor<(eOperationType)0, (eCalculateGlobals)0, (eStage)9> --- Reduced from maximum 256
[  ]    ==== :    32x4    | BorderExecutor<(eOperationType)0, (eCalculateGlobals)1, (eStage)0> --- Reduced from maximum 640
[  ]    ==== :    32x4    | BorderExecutor<(eOperationType)0, (eCalculateGlobals)1, (eStage)1> --- Reduced from maximum 384
[  ]    ==== :    32x4    | BorderExecutor<(eOperationType)0, (eCalculateGlobals)1, (eStage)2> --- Reduced from maximum 256
[  ]    ==== :    32x4    | BorderExecutor<(eOperationType)0, (eCalculateGlobals)1, (eStage)3> --- Reduced from maximum 256
[  ]    ==== :    32x4    | BorderExecutor<(eOperationType)0, (eCalculateGlobals)1, (eStage)4> --- Reduced from maximum 1024
[  ]    ==== :    32x4    | BorderExecutor<(eOperationType)0, (eCalculateGlobals)1, (eStage)5> --- Reduced from maximum 384
[  ]    ==== :    32x4    | BorderExecutor<(eOperationType)0, (eCalculateGlobals)1, (eStage)6> --- Reduced from maximum 256
[  ]    ==== :    32x4    | BorderExecutor<(eOperationType)0, (eCalculateGlobals)1, (eStage)7> --- Reduced from maximum 256
[  ]    ==== :    32x4    | BorderExecutor<(eOperationType)0, (eCalculateGlobals)1, (eStage)8> --- Reduced from maximum 512
[  ]    ==== :    32x4    | BorderExecutor<(eOperationType)0, (eCalculateGlobals)1, (eStage)9> --- Reduced from maximum 384
[  ]    ==== :    32x4    | BorderExecutor<(eOperationType)0, (eCalculateGlobals)2, (eStage)0> --- Reduced from maximum 1024
[  ]    ==== :    32x4    | BorderExecutor<(eOperationType)0, (eCalculateGlobals)2, (eStage)1> --- Reduced from maximum 1024
[  ]    ==== :    32x4    | BorderExecutor<(eOperationType)0, (eCalculateGlobals)2, (eStage)2> --- Reduced from maximum 1024
[  ]    ==== :    32x4    | BorderExecutor<(eOperationType)0, (eCalculateGlobals)2, (eStage)3> --- Reduced from maximum 1024
[  ]    ==== :    32x4    | BorderExecutor<(eOperationType)0, (eCalculateGlobals)2, (eStage)4> --- Reduced from maximum 1024
[  ]    ==== :    32x4    | BorderExecutor<(eOperationType)0, (eCalculateGlobals)2, (eStage)5> --- Reduced from maximum 1024
[  ]    ==== :    32x4    | BorderExecutor<(eOperationType)0, (eCalculateGlobals)2, (eStage)6> --- Reduced from maximum 1024
[  ]    ==== :    32x4    | BorderExecutor<(eOperationType)0, (eCalculateGlobals)2, (eStage)7> --- Reduced from maximum 1024
[  ]    ==== :    32x4    | BorderExecutor<(eOperationType)0, (eCalculateGlobals)2, (eStage)8> --- Reduced from maximum 1024
[  ]    ==== :    32x4    | BorderExecutor<(eOperationType)0, (eCalculateGlobals)2, (eStage)9> --- Reduced from maximum 1024
[  ]    ==== :    32x4    | BorderExecutor<(eOperationType)1, (eCalculateGlobals)0, (eStage)0> --- Reduced from maximum 1024
[  ]    ==== :    32x4    | BorderExecutor<(eOperationType)1, (eCalculateGlobals)0, (eStage)1> --- Reduced from maximum 1024
[  ]    ==== :    32x4    | BorderExecutor<(eOperationType)1, (eCalculateGlobals)0, (eStage)2> --- Reduced from maximum 1024
[  ]    ==== :    32x4    | BorderExecutor<(eOperationType)1, (eCalculateGlobals)0, (eStage)3> --- Reduced from maximum 1024
[  ]    ==== :    32x4    | BorderExecutor<(eOperationType)1, (eCalculateGlobals)0, (eStage)4> --- Reduced from maximum 1024
[  ]    ==== :    32x4    | BorderExecutor<(eOperationType)1, (eCalculateGlobals)0, (eStage)5> --- Reduced from maximum 1024
[  ]    ==== :    32x4    | BorderExecutor<(eOperationType)1, (eCalculateGlobals)0, (eStage)6> --- Reduced from maximum 1024
[  ]    ==== :    32x4    | BorderExecutor<(eOperationType)1, (eCalculateGlobals)0, (eStage)7> --- Reduced from maximum 1024
[  ]    ==== :    32x4    | BorderExecutor<(eOperationType)1, (eCalculateGlobals)0, (eStage)8> --- Reduced from maximum 1024
[  ]    ==== :    32x4    | BorderExecutor<(eOperationType)1, (eCalculateGlobals)0, (eStage)9> --- Reduced from maximum 1024
[  ]    ==== :    32x4    | BorderExecutor<(eOperationType)1, (eCalculateGlobals)1, (eStage)0> --- Reduced from maximum 1024
[  ]    ==== :    32x4    | BorderExecutor<(eOperationType)1, (eCalculateGlobals)1, (eStage)1> --- Reduced from maximum 1024
[  ]    ==== :    32x4    | BorderExecutor<(eOperationType)1, (eCalculateGlobals)1, (eStage)2> --- Reduced from maximum 1024
[  ]    ==== :    32x4    | BorderExecutor<(eOperationType)1, (eCalculateGlobals)1, (eStage)3> --- Reduced from maximum 1024
[  ]    ==== :    32x4    | BorderExecutor<(eOperationType)1, (eCalculateGlobals)1, (eStage)4> --- Reduced from maximum 1024
[  ]    ==== :    32x4    | BorderExecutor<(eOperationType)1, (eCalculateGlobals)1, (eStage)5> --- Reduced from maximum 1024
[  ]    ==== :    32x4    | BorderExecutor<(eOperationType)1, (eCalculateGlobals)1, (eStage)6> --- Reduced from maximum 1024
[  ]    ==== :    32x4    | BorderExecutor<(eOperationType)1, (eCalculateGlobals)1, (eStage)7> --- Reduced from maximum 1024
[  ]    ==== :    32x4    | BorderExecutor<(eOperationType)1, (eCalculateGlobals)1, (eStage)8> --- Reduced from maximum 1024
[  ]    ==== :    32x4    | BorderExecutor<(eOperationType)1, (eCalculateGlobals)1, (eStage)9> --- Reduced from maximum 1024
[  ]    ==== :    32x4    | BorderExecutor<(eOperationType)1, (eCalculateGlobals)2, (eStage)0> --- Reduced from maximum 1024
[  ]    ==== :    32x4    | BorderExecutor<(eOperationType)1, (eCalculateGlobals)2, (eStage)1> --- Reduced from maximum 1024
[  ]    ==== :    32x4    | BorderExecutor<(eOperationType)1, (eCalculateGlobals)2, (eStage)2> --- Reduced from maximum 1024
[  ]    ==== :    32x4    | BorderExecutor<(eOperationType)1, (eCalculateGlobals)2, (eStage)3> --- Reduced from maximum 1024
[  ]    ==== :    32x4    | BorderExecutor<(eOperationType)1, (eCalculateGlobals)2, (eStage)4> --- Reduced from maximum 1024
[  ]    ==== :    32x4    | BorderExecutor<(eOperationType)1, (eCalculateGlobals)2, (eStage)5> --- Reduced from maximum 1024
[  ]    ==== :    32x4    | BorderExecutor<(eOperationType)1, (eCalculateGlobals)2, (eStage)6> --- Reduced from maximum 1024
[  ]    ==== :    32x4    | BorderExecutor<(eOperationType)1, (eCalculateGlobals)2, (eStage)7> --- Reduced from maximum 1024
[  ]    ==== :    32x4    | BorderExecutor<(eOperationType)1, (eCalculateGlobals)2, (eStage)8> --- Reduced from maximum 1024
[  ]    ==== :    32x4    | BorderExecutor<(eOperationType)1, (eCalculateGlobals)2, (eStage)9> --- Reduced from maximum 1024
[  ]    ==== :    32x4    | BorderExecutor<(eOperationType)3, (eCalculateGlobals)0, (eStage)0> --- Reduced from maximum 1024
[  ]    ==== :    32x4    | BorderExecutor<(eOperationType)3, (eCalculateGlobals)0, (eStage)1> --- Reduced from maximum 1024
[  ]    ==== :    32x4    | BorderExecutor<(eOperationType)3, (eCalculateGlobals)0, (eStage)2> --- Reduced from maximum 1024
[  ]    ==== :    32x4    | BorderExecutor<(eOperationType)3, (eCalculateGlobals)0, (eStage)3> --- Reduced from maximum 1024
[  ]    ==== :    32x4    | BorderExecutor<(eOperationType)3, (eCalculateGlobals)0, (eStage)4> --- Reduced from maximum 1024
[  ]    ==== :    32x4    | BorderExecutor<(eOperationType)3, (eCalculateGlobals)0, (eStage)5> --- Reduced from maximum 1024
[  ]    ==== :    32x4    | BorderExecutor<(eOperationType)3, (eCalculateGlobals)0, (eStage)6> --- Reduced from maximum 1024
[  ]    ==== :    32x4    | BorderExecutor<(eOperationType)3, (eCalculateGlobals)0, (eStage)7> --- Reduced from maximum 1024
[  ]    ==== :    32x4    | BorderExecutor<(eOperationType)3, (eCalculateGlobals)0, (eStage)8> --- Reduced from maximum 1024
[  ]    ==== :    32x4    | BorderExecutor<(eOperationType)3, (eCalculateGlobals)0, (eStage)9> --- Reduced from maximum 1024
[  ]    ==== :    32x4    | BorderExecutor<(eOperationType)3, (eCalculateGlobals)1, (eStage)0> --- Reduced from maximum 1024
[  ]    ==== :    32x4    | BorderExecutor<(eOperationType)3, (eCalculateGlobals)1, (eStage)1> --- Reduced from maximum 1024
[  ]    ==== :    32x4    | BorderExecutor<(eOperationType)3, (eCalculateGlobals)1, (eStage)2> --- Reduced from maximum 1024
[  ]    ==== :    32x4    | BorderExecutor<(eOperationType)3, (eCalculateGlobals)1, (eStage)3> --- Reduced from maximum 1024
[  ]    ==== :    32x4    | BorderExecutor<(eOperationType)3, (eCalculateGlobals)1, (eStage)4> --- Reduced from maximum 1024
[  ]    ==== :    32x4    | BorderExecutor<(eOperationType)3, (eCalculateGlobals)1, (eStage)5> --- Reduced from maximum 1024
[  ]    ==== :    32x4    | BorderExecutor<(eOperationType)3, (eCalculateGlobals)1, (eStage)6> --- Reduced from maximum 1024
[  ]    ==== :    32x4    | BorderExecutor<(eOperationType)3, (eCalculateGlobals)1, (eStage)7> --- Reduced from maximum 1024
[  ]    ==== :    32x4    | BorderExecutor<(eOperationType)3, (eCalculateGlobals)1, (eStage)8> --- Reduced from maximum 1024
[  ]    ==== :    32x4    | BorderExecutor<(eOperationType)3, (eCalculateGlobals)1, (eStage)9> --- Reduced from maximum 1024
[  ]    ==== :    32x4    | BorderExecutor<(eOperationType)3, (eCalculateGlobals)2, (eStage)0> --- Reduced from maximum 1024
[  ]    ==== :    32x4    | BorderExecutor<(eOperationType)3, (eCalculateGlobals)2, (eStage)1> --- Reduced from maximum 1024
[  ]    ==== :    32x4    | BorderExecutor<(eOperationType)3, (eCalculateGlobals)2, (eStage)2> --- Reduced from maximum 1024
[  ]    ==== :    32x4    | BorderExecutor<(eOperationType)3, (eCalculateGlobals)2, (eStage)3> --- Reduced from maximum 1024
[  ]    ==== :    32x4    | BorderExecutor<(eOperationType)3, (eCalculateGlobals)2, (eStage)4> --- Reduced from maximum 1024
[  ]    ==== :    32x4    | BorderExecutor<(eOperationType)3, (eCalculateGlobals)2, (eStage)5> --- Reduced from maximum 1024
[  ]    ==== :    32x4    | BorderExecutor<(eOperationType)3, (eCalculateGlobals)2, (eStage)6> --- Reduced from maximum 1024
[  ]    ==== :    32x4    | BorderExecutor<(eOperationType)3, (eCalculateGlobals)2, (eStage)7> --- Reduced from maximum 1024
[  ]    ==== :    32x4    | BorderExecutor<(eOperationType)3, (eCalculateGlobals)2, (eStage)8> --- Reduced from maximum 1024
[  ]    ==== :    32x4    | BorderExecutor<(eOperationType)3, (eCalculateGlobals)2, (eStage)9> --- Reduced from maximum 1024
[  ]    ==== :    32x4    | BorderExecutor<(eOperationType)4, (eCalculateGlobals)0, (eStage)0> --- Reduced from maximum 1024
[  ]    ==== :    32x4    | BorderExecutor<(eOperationType)4, (eCalculateGlobals)0, (eStage)1> --- Reduced from maximum 1024
[  ]    ==== :    32x4    | BorderExecutor<(eOperationType)4, (eCalculateGlobals)0, (eStage)2> --- Reduced from maximum 1024
[  ]    ==== :    32x4    | BorderExecutor<(eOperationType)4, (eCalculateGlobals)0, (eStage)3> --- Reduced from maximum 1024
[  ]    ==== :    32x4    | BorderExecutor<(eOperationType)4, (eCalculateGlobals)0, (eStage)4> --- Reduced from maximum 1024
[  ]    ==== :    32x4    | BorderExecutor<(eOperationType)4, (eCalculateGlobals)0, (eStage)5> --- Reduced from maximum 1024
[  ]    ==== :    32x4    | BorderExecutor<(eOperationType)4, (eCalculateGlobals)0, (eStage)6> --- Reduced from maximum 1024
[  ]    ==== :    32x4    | BorderExecutor<(eOperationType)4, (eCalculateGlobals)0, (eStage)7> --- Reduced from maximum 1024
[  ]    ==== :    32x4    | BorderExecutor<(eOperationType)4, (eCalculateGlobals)0, (eStage)8> --- Reduced from maximum 1024
[  ]    ==== :    32x4    | BorderExecutor<(eOperationType)4, (eCalculateGlobals)0, (eStage)9> --- Reduced from maximum 1024
[  ]    ==== :    32x4    | BorderExecutor<(eOperationType)4, (eCalculateGlobals)1, (eStage)0> --- Reduced from maximum 1024
[  ]    ==== :    32x4    | BorderExecutor<(eOperationType)4, (eCalculateGlobals)1, (eStage)1> --- Reduced from maximum 1024
[  ]    ==== :    32x4    | BorderExecutor<(eOperationType)4, (eCalculateGlobals)1, (eStage)2> --- Reduced from maximum 1024
[  ]    ==== :    32x4    | BorderExecutor<(eOperationType)4, (eCalculateGlobals)1, (eStage)3> --- Reduced from maximum 1024
[  ]    ==== :    32x4    | BorderExecutor<(eOperationType)4, (eCalculateGlobals)1, (eStage)4> --- Reduced from maximum 1024
[  ]    ==== :    32x4    | BorderExecutor<(eOperationType)4, (eCalculateGlobals)1, (eStage)5> --- Reduced from maximum 1024
[  ]    ==== :    32x4    | BorderExecutor<(eOperationType)4, (eCalculateGlobals)1, (eStage)6> --- Reduced from maximum 1024
[  ]    ==== :    32x4    | BorderExecutor<(eOperationType)4, (eCalculateGlobals)1, (eStage)7> --- Reduced from maximum 1024
[  ]    ==== :    32x4    | BorderExecutor<(eOperationType)4, (eCalculateGlobals)1, (eStage)8> --- Reduced from maximum 1024
[  ]    ==== :    32x4    | BorderExecutor<(eOperationType)4, (eCalculateGlobals)1, (eStage)9> --- Reduced from maximum 1024
[  ]    ==== :    32x4    | BorderExecutor<(eOperationType)4, (eCalculateGlobals)2, (eStage)0> --- Reduced from maximum 1024
[  ]    ==== :    32x4    | BorderExecutor<(eOperationType)4, (eCalculateGlobals)2, (eStage)1> --- Reduced from maximum 1024
[  ]    ==== :    32x4    | BorderExecutor<(eOperationType)4, (eCalculateGlobals)2, (eStage)2> --- Reduced from maximum 1024
[  ]    ==== :    32x4    | BorderExecutor<(eOperationType)4, (eCalculateGlobals)2, (eStage)3> --- Reduced from maximum 1024
[  ]    ==== :    32x4    | BorderExecutor<(eOperationType)4, (eCalculateGlobals)2, (eStage)4> --- Reduced from maximum 1024
[  ]    ==== :    32x4    | BorderExecutor<(eOperationType)4, (eCalculateGlobals)2, (eStage)5> --- Reduced from maximum 1024
[  ]    ==== :    32x4    | BorderExecutor<(eOperationType)4, (eCalculateGlobals)2, (eStage)6> --- Reduced from maximum 1024
[  ]    ==== :    32x4    | BorderExecutor<(eOperationType)4, (eCalculateGlobals)2, (eStage)7> --- Reduced from maximum 1024
[  ]    ==== :    32x4    | BorderExecutor<(eOperationType)4, (eCalculateGlobals)2, (eStage)8> --- Reduced from maximum 1024
[  ]    ==== :    32x4    | BorderExecutor<(eOperationType)4, (eCalculateGlobals)2, (eStage)9> --- Reduced from maximum 1024
[  ]    ==== :    32x4    | InteriorExecutor<(eOperationType)0, (eCalculateGlobals)0, (eStage)0> --- Reduced from maximum 1024
[  ]    ==== :    32x4    | InteriorExecutor<(eOperationType)0, (eCalculateGlobals)0, (eStage)1> --- Reduced from maximum 640
[  ]    ==== :    32x4    | InteriorExecutor<(eOperationType)0, (eCalculateGlobals)0, (eStage)2> --- Reduced from maximum 384
[  ]    ==== :    32x4    | InteriorExecutor<(eOperationType)0, (eCalculateGlobals)0, (eStage)3> --- Reduced from maximum 256
[  ]    ==== :    32x4    | InteriorExecutor<(eOperationType)0, (eCalculateGlobals)0, (eStage)4> --- Reduced from maximum 1024
[  ]    ==== :    32x4    | InteriorExecutor<(eOperationType)0, (eCalculateGlobals)0, (eStage)5> --- Reduced from maximum 640
[  ]    ==== :    32x4    | InteriorExecutor<(eOperationType)0, (eCalculateGlobals)0, (eStage)6> --- Reduced from maximum 256
[  ]    ==== :    32x4    | InteriorExecutor<(eOperationType)0, (eCalculateGlobals)0, (eStage)7> --- Reduced from maximum 384
[  ]    ==== :    32x4    | InteriorExecutor<(eOperationType)0, (eCalculateGlobals)0, (eStage)8> --- Reduced from maximum 512
[  ]    ==== :    32x4    | InteriorExecutor<(eOperationType)0, (eCalculateGlobals)0, (eStage)9> --- Reduced from maximum 384
[  ]    ==== :    32x4    | InteriorExecutor<(eOperationType)0, (eCalculateGlobals)1, (eStage)0> --- Reduced from maximum 1024
[  ]    ==== :    32x4    | InteriorExecutor<(eOperationType)0, (eCalculateGlobals)1, (eStage)1> --- Reduced from maximum 384
[  ]    ==== :    32x4    | InteriorExecutor<(eOperationType)0, (eCalculateGlobals)1, (eStage)2> --- Reduced from maximum 256
[  ]    ==== :    32x4    | InteriorExecutor<(eOperationType)0, (eCalculateGlobals)1, (eStage)3> --- Reduced from maximum 256
[  ]    ==== :    32x4    | InteriorExecutor<(eOperationType)0, (eCalculateGlobals)1, (eStage)4> --- Reduced from maximum 1024
[  ]    ==== :    32x4    | InteriorExecutor<(eOperationType)0, (eCalculateGlobals)1, (eStage)5> --- Reduced from maximum 768
[  ]    ==== :    32x4    | InteriorExecutor<(eOperationType)0, (eCalculateGlobals)1, (eStage)6> --- Reduced from maximum 256
[  ]    ==== :    32x4    | InteriorExecutor<(eOperationType)0, (eCalculateGlobals)1, (eStage)7> --- Reduced from maximum 384
[  ]    ==== :    32x4    | InteriorExecutor<(eOperationType)0, (eCalculateGlobals)1, (eStage)8> --- Reduced from maximum 512
[  ]    ==== :    32x4    | InteriorExecutor<(eOperationType)0, (eCalculateGlobals)1, (eStage)9> --- Reduced from maximum 384
[  ]    ==== :    32x4    | InteriorExecutor<(eOperationType)0, (eCalculateGlobals)2, (eStage)0> --- Reduced from maximum 1024
[  ]    ==== :    32x4    | InteriorExecutor<(eOperationType)0, (eCalculateGlobals)2, (eStage)1> --- Reduced from maximum 1024
[  ]    ==== :    32x4    | InteriorExecutor<(eOperationType)0, (eCalculateGlobals)2, (eStage)2> --- Reduced from maximum 1024
[  ]    ==== :    32x4    | InteriorExecutor<(eOperationType)0, (eCalculateGlobals)2, (eStage)3> --- Reduced from maximum 1024
[  ]    ==== :    32x4    | InteriorExecutor<(eOperationType)0, (eCalculateGlobals)2, (eStage)4> --- Reduced from maximum 1024
[  ]    ==== :    32x4    | InteriorExecutor<(eOperationType)0, (eCalculateGlobals)2, (eStage)5> --- Reduced from maximum 1024
[  ]    ==== :    32x4    | InteriorExecutor<(eOperationType)0, (eCalculateGlobals)2, (eStage)6> --- Reduced from maximum 1024
[  ]    ==== :    32x4    | InteriorExecutor<(eOperationType)0, (eCalculateGlobals)2, (eStage)7> --- Reduced from maximum 1024
[  ]    ==== :    32x4    | InteriorExecutor<(eOperationType)0, (eCalculateGlobals)2, (eStage)8> --- Reduced from maximum 1024
[  ]    ==== :    32x4    | InteriorExecutor<(eOperationType)0, (eCalculateGlobals)2, (eStage)9> --- Reduced from maximum 1024
[  ]    ==== :    32x4    | InteriorExecutor<(eOperationType)1, (eCalculateGlobals)0, (eStage)0> --- Reduced from maximum 1024
[  ]    ==== :    32x4    | InteriorExecutor<(eOperationType)1, (eCalculateGlobals)0, (eStage)1> --- Reduced from maximum 1024
[  ]    ==== :    32x4    | InteriorExecutor<(eOperationType)1, (eCalculateGlobals)0, (eStage)2> --- Reduced from maximum 1024
[  ]    ==== :    32x4    | InteriorExecutor<(eOperationType)1, (eCalculateGlobals)0, (eStage)3> --- Reduced from maximum 1024
[  ]    ==== :    32x4    | InteriorExecutor<(eOperationType)1, (eCalculateGlobals)0, (eStage)4> --- Reduced from maximum 1024
[  ]    ==== :    32x4    | InteriorExecutor<(eOperationType)1, (eCalculateGlobals)0, (eStage)5> --- Reduced from maximum 1024
[  ]    ==== :    32x4    | InteriorExecutor<(eOperationType)1, (eCalculateGlobals)0, (eStage)6> --- Reduced from maximum 1024
[  ]    ==== :    32x4    | InteriorExecutor<(eOperationType)1, (eCalculateGlobals)0, (eStage)7> --- Reduced from maximum 1024
[  ]    ==== :    32x4    | InteriorExecutor<(eOperationType)1, (eCalculateGlobals)0, (eStage)8> --- Reduced from maximum 1024
[  ]    ==== :    32x4    | InteriorExecutor<(eOperationType)1, (eCalculateGlobals)0, (eStage)9> --- Reduced from maximum 1024
[  ]    ==== :    32x4    | InteriorExecutor<(eOperationType)1, (eCalculateGlobals)1, (eStage)0> --- Reduced from maximum 1024
[  ]    ==== :    32x4    | InteriorExecutor<(eOperationType)1, (eCalculateGlobals)1, (eStage)1> --- Reduced from maximum 1024
[  ]    ==== :    32x4    | InteriorExecutor<(eOperationType)1, (eCalculateGlobals)1, (eStage)2> --- Reduced from maximum 1024
[  ]    ==== :    32x4    | InteriorExecutor<(eOperationType)1, (eCalculateGlobals)1, (eStage)3> --- Reduced from maximum 1024
[  ]    ==== :    32x4    | InteriorExecutor<(eOperationType)1, (eCalculateGlobals)1, (eStage)4> --- Reduced from maximum 1024
[  ]    ==== :    32x4    | InteriorExecutor<(eOperationType)1, (eCalculateGlobals)1, (eStage)5> --- Reduced from maximum 1024
[  ]    ==== :    32x4    | InteriorExecutor<(eOperationType)1, (eCalculateGlobals)1, (eStage)6> --- Reduced from maximum 1024
[  ]    ==== :    32x4    | InteriorExecutor<(eOperationType)1, (eCalculateGlobals)1, (eStage)7> --- Reduced from maximum 1024
[  ]    ==== :    32x4    | InteriorExecutor<(eOperationType)1, (eCalculateGlobals)1, (eStage)8> --- Reduced from maximum 1024
[  ]    ==== :    32x4    | InteriorExecutor<(eOperationType)1, (eCalculateGlobals)1, (eStage)9> --- Reduced from maximum 1024
[  ]    ==== :    32x4    | InteriorExecutor<(eOperationType)1, (eCalculateGlobals)2, (eStage)0> --- Reduced from maximum 1024
[  ]    ==== :    32x4    | InteriorExecutor<(eOperationType)1, (eCalculateGlobals)2, (eStage)1> --- Reduced from maximum 1024
[  ]    ==== :    32x4    | InteriorExecutor<(eOperationType)1, (eCalculateGlobals)2, (eStage)2> --- Reduced from maximum 1024
[  ]    ==== :    32x4    | InteriorExecutor<(eOperationType)1, (eCalculateGlobals)2, (eStage)3> --- Reduced from maximum 1024
[  ]    ==== :    32x4    | InteriorExecutor<(eOperationType)1, (eCalculateGlobals)2, (eStage)4> --- Reduced from maximum 1024
[  ]    ==== :    32x4    | InteriorExecutor<(eOperationType)1, (eCalculateGlobals)2, (eStage)5> --- Reduced from maximum 1024
[  ]    ==== :    32x4    | InteriorExecutor<(eOperationType)1, (eCalculateGlobals)2, (eStage)6> --- Reduced from maximum 1024
[  ]    ==== :    32x4    | InteriorExecutor<(eOperationType)1, (eCalculateGlobals)2, (eStage)7> --- Reduced from maximum 1024
[  ]    ==== :    32x4    | InteriorExecutor<(eOperationType)1, (eCalculateGlobals)2, (eStage)8> --- Reduced from maximum 1024
[  ]    ==== :    32x4    | InteriorExecutor<(eOperationType)1, (eCalculateGlobals)2, (eStage)9> --- Reduced from maximum 1024
[  ]    ==== :    32x4    | InteriorExecutor<(eOperationType)3, (eCalculateGlobals)0, (eStage)0> --- Reduced from maximum 1024
[  ]    ==== :    32x4    | InteriorExecutor<(eOperationType)3, (eCalculateGlobals)0, (eStage)1> --- Reduced from maximum 1024
[  ]    ==== :    32x4    | InteriorExecutor<(eOperationType)3, (eCalculateGlobals)0, (eStage)2> --- Reduced from maximum 1024
[  ]    ==== :    32x4    | InteriorExecutor<(eOperationType)3, (eCalculateGlobals)0, (eStage)3> --- Reduced from maximum 1024
[  ]    ==== :    32x4    | InteriorExecutor<(eOperationType)3, (eCalculateGlobals)0, (eStage)4> --- Reduced from maximum 1024
[  ]    ==== :    32x4    | InteriorExecutor<(eOperationType)3, (eCalculateGlobals)0, (eStage)5> --- Reduced from maximum 1024
[  ]    ==== :    32x4    | InteriorExecutor<(eOperationType)3, (eCalculateGlobals)0, (eStage)6> --- Reduced from maximum 1024
[  ]    ==== :    32x4    | InteriorExecutor<(eOperationType)3, (eCalculateGlobals)0, (eStage)7> --- Reduced from maximum 1024
[  ]    ==== :    32x4    | InteriorExecutor<(eOperationType)3, (eCalculateGlobals)0, (eStage)8> --- Reduced from maximum 1024
[  ]    ==== :    32x4    | InteriorExecutor<(eOperationType)3, (eCalculateGlobals)0, (eStage)9> --- Reduced from maximum 1024
[  ]    ==== :    32x4    | InteriorExecutor<(eOperationType)3, (eCalculateGlobals)1, (eStage)0> --- Reduced from maximum 1024
[  ]    ==== :    32x4    | InteriorExecutor<(eOperationType)3, (eCalculateGlobals)1, (eStage)1> --- Reduced from maximum 1024
[  ]    ==== :    32x4    | InteriorExecutor<(eOperationType)3, (eCalculateGlobals)1, (eStage)2> --- Reduced from maximum 1024
[  ]    ==== :    32x4    | InteriorExecutor<(eOperationType)3, (eCalculateGlobals)1, (eStage)3> --- Reduced from maximum 1024
[  ]    ==== :    32x4    | InteriorExecutor<(eOperationType)3, (eCalculateGlobals)1, (eStage)4> --- Reduced from maximum 1024
[  ]    ==== :    32x4    | InteriorExecutor<(eOperationType)3, (eCalculateGlobals)1, (eStage)5> --- Reduced from maximum 1024
[  ]    ==== :    32x4    | InteriorExecutor<(eOperationType)3, (eCalculateGlobals)1, (eStage)6> --- Reduced from maximum 1024
[  ]    ==== :    32x4    | InteriorExecutor<(eOperationType)3, (eCalculateGlobals)1, (eStage)7> --- Reduced from maximum 1024
[  ]    ==== :    32x4    | InteriorExecutor<(eOperationType)3, (eCalculateGlobals)1, (eStage)8> --- Reduced from maximum 1024
[  ]    ==== :    32x4    | InteriorExecutor<(eOperationType)3, (eCalculateGlobals)1, (eStage)9> --- Reduced from maximum 1024
[  ]    ==== :    32x4    | InteriorExecutor<(eOperationType)3, (eCalculateGlobals)2, (eStage)0> --- Reduced from maximum 1024
[  ]    ==== :    32x4    | InteriorExecutor<(eOperationType)3, (eCalculateGlobals)2, (eStage)1> --- Reduced from maximum 1024
[  ]    ==== :    32x4    | InteriorExecutor<(eOperationType)3, (eCalculateGlobals)2, (eStage)2> --- Reduced from maximum 1024
[  ]    ==== :    32x4    | InteriorExecutor<(eOperationType)3, (eCalculateGlobals)2, (eStage)3> --- Reduced from maximum 1024
[  ]    ==== :    32x4    | InteriorExecutor<(eOperationType)3, (eCalculateGlobals)2, (eStage)4> --- Reduced from maximum 1024
[  ]    ==== :    32x4    | InteriorExecutor<(eOperationType)3, (eCalculateGlobals)2, (eStage)5> --- Reduced from maximum 1024
[  ]    ==== :    32x4    | InteriorExecutor<(eOperationType)3, (eCalculateGlobals)2, (eStage)6> --- Reduced from maximum 1024
[  ]    ==== :    32x4    | InteriorExecutor<(eOperationType)3, (eCalculateGlobals)2, (eStage)7> --- Reduced from maximum 1024
[  ]    ==== :    32x4    | InteriorExecutor<(eOperationType)3, (eCalculateGlobals)2, (eStage)8> --- Reduced from maximum 1024
[  ]    ==== :    32x4    | InteriorExecutor<(eOperationType)3, (eCalculateGlobals)2, (eStage)9> --- Reduced from maximum 1024
[  ]    ==== :    32x4    | InteriorExecutor<(eOperationType)4, (eCalculateGlobals)0, (eStage)0> --- Reduced from maximum 1024
[  ]    ==== :    32x4    | InteriorExecutor<(eOperationType)4, (eCalculateGlobals)0, (eStage)1> --- Reduced from maximum 1024
[  ]    ==== :    32x4    | InteriorExecutor<(eOperationType)4, (eCalculateGlobals)0, (eStage)2> --- Reduced from maximum 1024
[  ]    ==== :    32x4    | InteriorExecutor<(eOperationType)4, (eCalculateGlobals)0, (eStage)3> --- Reduced from maximum 1024
[  ]    ==== :    32x4    | InteriorExecutor<(eOperationType)4, (eCalculateGlobals)0, (eStage)4> --- Reduced from maximum 1024
[  ]    ==== :    32x4    | InteriorExecutor<(eOperationType)4, (eCalculateGlobals)0, (eStage)5> --- Reduced from maximum 1024
[  ]    ==== :    32x4    | InteriorExecutor<(eOperationType)4, (eCalculateGlobals)0, (eStage)6> --- Reduced from maximum 1024
[  ]    ==== :    32x4    | InteriorExecutor<(eOperationType)4, (eCalculateGlobals)0, (eStage)7> --- Reduced from maximum 1024
[  ]    ==== :    32x4    | InteriorExecutor<(eOperationType)4, (eCalculateGlobals)0, (eStage)8> --- Reduced from maximum 1024
[  ]    ==== :    32x4    | InteriorExecutor<(eOperationType)4, (eCalculateGlobals)0, (eStage)9> --- Reduced from maximum 1024
[  ]    ==== :    32x4    | InteriorExecutor<(eOperationType)4, (eCalculateGlobals)1, (eStage)0> --- Reduced from maximum 1024
[  ]    ==== :    32x4    | InteriorExecutor<(eOperationType)4, (eCalculateGlobals)1, (eStage)1> --- Reduced from maximum 1024
[  ]    ==== :    32x4    | InteriorExecutor<(eOperationType)4, (eCalculateGlobals)1, (eStage)2> --- Reduced from maximum 1024
[  ]    ==== :    32x4    | InteriorExecutor<(eOperationType)4, (eCalculateGlobals)1, (eStage)3> --- Reduced from maximum 1024
[  ]    ==== :    32x4    | InteriorExecutor<(eOperationType)4, (eCalculateGlobals)1, (eStage)4> --- Reduced from maximum 1024
[  ]    ==== :    32x4    | InteriorExecutor<(eOperationType)4, (eCalculateGlobals)1, (eStage)5> --- Reduced from maximum 1024
[  ]    ==== :    32x4    | InteriorExecutor<(eOperationType)4, (eCalculateGlobals)1, (eStage)6> --- Reduced from maximum 1024
[  ]    ==== :    32x4    | InteriorExecutor<(eOperationType)4, (eCalculateGlobals)1, (eStage)7> --- Reduced from maximum 1024
[  ]    ==== :    32x4    | InteriorExecutor<(eOperationType)4, (eCalculateGlobals)1, (eStage)8> --- Reduced from maximum 1024
[  ]    ==== :    32x4    | InteriorExecutor<(eOperationType)4, (eCalculateGlobals)1, (eStage)9> --- Reduced from maximum 1024
[  ]    ==== :    32x4    | InteriorExecutor<(eOperationType)4, (eCalculateGlobals)2, (eStage)0> --- Reduced from maximum 1024
[  ]    ==== :    32x4    | InteriorExecutor<(eOperationType)4, (eCalculateGlobals)2, (eStage)1> --- Reduced from maximum 1024
[  ]    ==== :    32x4    | InteriorExecutor<(eOperationType)4, (eCalculateGlobals)2, (eStage)2> --- Reduced from maximum 1024
[  ]    ==== :    32x4    | InteriorExecutor<(eOperationType)4, (eCalculateGlobals)2, (eStage)3> --- Reduced from maximum 1024
[  ]    ==== :    32x4    | InteriorExecutor<(eOperationType)4, (eCalculateGlobals)2, (eStage)4> --- Reduced from maximum 1024
[  ]    ==== :    32x4    | InteriorExecutor<(eOperationType)4, (eCalculateGlobals)2, (eStage)5> --- Reduced from maximum 1024
[  ]    ==== :    32x4    | InteriorExecutor<(eOperationType)4, (eCalculateGlobals)2, (eStage)6> --- Reduced from maximum 1024
[  ]    ==== :    32x4    | InteriorExecutor<(eOperationType)4, (eCalculateGlobals)2, (eStage)7> --- Reduced from maximum 1024
[  ]    ==== :    32x4    | InteriorExecutor<(eOperationType)4, (eCalculateGlobals)2, (eStage)8> --- Reduced from maximum 1024
[  ]    ==== :    32x4    | InteriorExecutor<(eOperationType)4, (eCalculateGlobals)2, (eStage)9> --- Reduced from maximum 1024
[ 0] warning ! No "Units" element in config file
[  ]    ==== : Mesh size in config file: 80x80x120
[  ]    ---- : Global lattice size: 80x80x120
[  ]    ==== : Max region size: 921600. Mesh size 921600. Overhead:  0%
[  ]    ---- : Local lattice size: 96x80x120
[  ]    #### : [0] Cumulative allocation of 230233088 b (4.5 GB)
[  ]    ---- : Creating geom size:921600
[  ]    #### : Setting output path to: case
[  ]    #### : Setting output path to: output/case
[  ]    ---- : loading geometry ...
[  ]    ---- : overwriting all flags
[  ]    ---- : Setting number of zones to 3
[  ]    ---- : Setting Density_h to 1 (1.000000)
[  ]    ---- : Setting Density_l to 0.005 (0.005000)
[  ]    ---- : Setting Viscosity_h to 0.1 (0.100000)
[  ]    ---- : Setting Viscosity_l to 0.1 (0.100000)
[  ]    ---- : Setting tauUpdate to 1 (1.000000)
[  ]    ---- : Setting sigma to 5e-05 (0.000050)
[  ]    ---- : Setting M to 0.6 (0.600000)
[  ]    ---- : Setting IntWidth to 3 (3.000000)
[  ]    ---- : Setting Radius to 0 (0.000000)
[  ]    ---- : Setting CenterX to 40.0 (40.000000)
[  ]    ---- : Setting CenterY to 40.0 (40.000000)
[  ]    ---- : Setting CenterZ to 72.0 (72.000000)
[  ]    ---- : Setting SphereCapInit to 1 (1.000000)
[  ]    ---- : Setting SphereCapInitParentRadius to 16.188981166491402 (16.188981)
[  ]    ---- : Setting SphereCapInitCenterX to 40.0 (40.000000)
[  ]    ---- : Setting SphereCapInitCenterY to 40.0 (40.000000)
[  ]    ---- : Setting SphereCapInitCenterZ to 79.39845114872455 (79.398451)
[  ]    ---- : Setting SphereCapInitSolidCenterX to 40.0 (40.000000)
[  ]    ---- : Setting SphereCapInitSolidCenterY to 40.0 (40.000000)
[  ]    ---- : Setting SphereCapInitSolidCenterZ to 48.0 (48.000000)
[  ]    ---- : Setting SphereCapInitSolidRadius to 20.0 (20.000000)
[  ]    ---- : Setting BubbleType to 1.0 (1.000000)
[  ]    ---- : Setting VelocityX in zone  (-1) to 0 (0.000000)
[  ]    ---- : Setting VelocityY in zone  (-1) to 0 (0.000000)
[  ]    ---- : Setting VelocityZ in zone  (-1) to 0 (0.000000)
[  ]    ---- : Setting GravitationX to 0 (0.000000)
[  ]    ---- : Setting GravitationY to 0 (0.000000)
[  ]    ---- : Setting GravitationZ to 0 (0.000000)
[  ]    ---- : Setting radAngle in zone  (-1) to 90d (1.570796)
[ 0] WARNING ! Zone-specific settings in zone 0 were overwritten from 1.570796 to 1.570796
[  ]    ---- : Setting radAngle in zone OuterDomain (1) to 90d (1.570796)
[  ]    ---- : Setting radAngle in zone AnalyticSphere (2) to 90d (1.570796)
[  ]    ---- : Setting AnalyticWetting to 1 (1.000000)
[  ]    ---- : Setting AnalyticSolidType to 3 (3.000000)
[  ]    ---- : Setting AnalyticSolidCenterX to 40.0 (40.000000)
[  ]    ---- : Setting AnalyticSolidCenterY to 40.0 (40.000000)
[  ]    ---- : Setting AnalyticSolidCenterZ to 48.0 (48.000000)
[  ]    ---- : Setting AnalyticSolidRadius to 20.0 (20.000000)
[  ]    ---- : Setting WettingBCMode to 0 (0.000000)
[  ]    ---- : Setting WallCompactStencilMode to 0 (0.000000)
[  ]    ---- : Setting WallCompactStencilWriteAllowedFlag to 0 (0.000000)
[  ]    ---- : Setting Stage17BDiffuseSolidMode to 1 (1.000000)
[  ]    ---- : Setting Stage17BWriteMode to 0 (0.000000)
[  ]    ---- : Setting Stage17BShadowThetaDeg to 120 (120.000000)
[  ]    ---- : Setting Stage17BPsiEps to 1.25 (1.250000)
[  ]    ---- : Setting Stage17BWriteBand to 1.8 (1.800000)
[  ]    ---- : Setting Stage17BGradPsiMin to 1e-4 (0.000100)
[  ]    ---- : Setting ReplayDiagnosticsMode to 0 (0.000000)
[  ]    ---- : Setting MomentumClosureDiagnosticsMode to 0 (0.000000)
[  ]    ---- : Setting DynamicCLMode to 0 (0.000000)
[  ]    ---- : Setting ForceFixedTol to 0 (0.000000)
[  ]    ---- : Setting ForceFixedMaxIter to 2 (2.000000)
[  ]    ---- : Setting minGradient to 1e-8 (0.000000)
[  ]    ---- : Initializing Lattice ...
[  ]     46.5 MLBUps    216.80 GB/s [====================]  0s
[  ]    ---- : Callback VTK with no Iterations attribute
[  ]    ---- :        0 it writing vtk
[  ]    ---- : Setting callback Log at 500.000000 iterations
[  ]    ---- : Adding Log to the solver hands
[  ]    ---- : Setting callback Failcheck at 500.000000 iterations
[  ]    ---- : Adding Failcheck to the solver hands
[  ]    ---- : Setting action Solve at 12000.000000 iterations
[  ]    ---- : Setting callback VTK at 3000.000000 iterations
[  ]    ---- : Adding VTK to the solver hands
[  ]    ---- : Setting callback Log at 500.000000 iterations
[  ]    ---- : Adding Log to the solver hands
[  ]    ---- : Setting callback Failcheck at 500.000000 iterations
[  ]    ---- : Adding Failcheck to the solver hands
[  ]     14.9 MLBUps     69.19 GB/s [==                  ]  3s
[  ]     18.6 MLBUps     86.85 GB/s [==                  ]  3s
[  ]     18.7 MLBUps     86.89 GB/s [===                 ]  4s
[  ]     18.7 MLBUps     86.89 GB/s [====                ]  5s
[  ]     18.7 MLBUps     86.93 GB/s [=====               ]  6s
[  ]     18.7 MLBUps     86.90 GB/s [=====               ]  7s
[  ]     18.7 MLBUps     86.96 GB/s [======              ]  8s
[  ]     18.7 MLBUps     86.94 GB/s [=======             ]  9s
[  ]     18.7 MLBUps     86.91 GB/s [========            ] 10s
[  ]     18.7 MLBUps     86.91 GB/s [=========           ] 11s
[  ]     18.7 MLBUps     86.91 GB/s [=========           ] 12s
[  ]     18.7 MLBUps     86.89 GB/s [==========          ] 13s
[  ]     18.6 MLBUps     86.85 GB/s [===========         ] 14s
[  ]     18.6 MLBUps     86.87 GB/s [============        ] 15s
[  ]     18.7 MLBUps     86.90 GB/s [=============       ] 16s
[  ]     18.7 MLBUps     86.93 GB/s [=============       ] 17s
[  ]     18.7 MLBUps     86.91 GB/s [==============      ] 18s
[  ]     18.7 MLBUps     86.90 GB/s [===============     ] 19s
[  ]     18.7 MLBUps     86.92 GB/s [================    ] 20s
[  ]     18.7 MLBUps     86.89 GB/s [=================   ] 21s
[  ]     18.7 MLBUps     86.88 GB/s [=================   ] 22s
[  ]     18.7 MLBUps     86.93 GB/s [==================  ] 23s
[  ]     18.7 MLBUps     86.90 GB/s [=================== ] 24s
[  ]    ---- :     18.0 MLBUps     83.79 GB/s [====================]
[  ]     18.4 MLBUps     85.59 GB/s [                    ]  1s
[  ]     18.6 MLBUps     86.75 GB/s [=                   ]  1s
[  ]     18.6 MLBUps     86.69 GB/s [==                  ]  2s
[  ]     18.6 MLBUps     86.71 GB/s [===                 ]  3s
[  ]     18.6 MLBUps     86.69 GB/s [====                ]  4s
[  ]     18.6 MLBUps     86.69 GB/s [====                ]  5s
[  ]     18.6 MLBUps     86.72 GB/s [=====               ]  6s
[  ]     18.6 MLBUps     86.71 GB/s [======              ]  7s
[  ]     18.6 MLBUps     86.74 GB/s [=======             ]  8s
[  ]     18.2 MLBUps     84.96 GB/s [========            ]  9s
[  ]     17.9 MLBUps     83.38 GB/s [========            ] 10s
[  ]     17.9 MLBUps     83.42 GB/s [=========           ] 11s
[  ]     17.9 MLBUps     83.48 GB/s [==========          ] 13s
[  ]     17.9 MLBUps     83.43 GB/s [===========         ] 14s
[  ]     17.9 MLBUps     83.28 GB/s [============        ] 15s
[  ]     17.9 MLBUps     83.46 GB/s [============        ] 16s
[  ]     17.9 MLBUps     83.37 GB/s [=============       ] 17s
[  ]     17.9 MLBUps     83.46 GB/s [==============      ] 18s
[  ]     17.9 MLBUps     83.39 GB/s [===============     ] 19s
[  ]     17.9 MLBUps     83.41 GB/s [================    ] 20s
[  ]     17.9 MLBUps     83.26 GB/s [================    ] 21s
[  ]     17.9 MLBUps     83.31 GB/s [=================   ] 22s
[  ]     17.9 MLBUps     83.53 GB/s [==================  ] 23s
[  ]     17.9 MLBUps     83.46 GB/s [=================== ] 24s
[  ]    ---- :     17.7 MLBUps     82.42 GB/s [====================]
[  ]     17.9 MLBUps     83.41 GB/s [                    ]  1s
[  ]     17.9 MLBUps     83.33 GB/s [=                   ]  2s
[  ]     11.2 MLBUps     52.33 GB/s [==                  ]  3s
[  ]      8.9 MLBUps     41.52 GB/s [==                  ]  4s
[  ]     18.1 MLBUps     84.20 GB/s [===                 ]  5s
[  ]     18.1 MLBUps     84.42 GB/s [====                ]  6s
[  ]     18.1 MLBUps     84.29 GB/s [====                ]  7s
[  ]     17.0 MLBUps     79.02 GB/s [=====               ]  8s
[  ]     16.7 MLBUps     77.68 GB/s [======              ]  9s
[  ]     16.7 MLBUps     77.68 GB/s [=======             ] 10s
[  ]     16.8 MLBUps     78.04 GB/s [=======             ] 11s
[  ]     16.7 MLBUps     77.65 GB/s [========            ] 12s
[  ]     16.7 MLBUps     77.80 GB/s [=========           ] 13s
[  ]     16.7 MLBUps     77.97 GB/s [==========          ] 14s
[  ]     16.5 MLBUps     76.79 GB/s [==========          ] 15s
[  ]     16.5 MLBUps     77.07 GB/s [===========         ] 16s
[  ]     16.6 MLBUps     77.26 GB/s [============        ] 17s
[  ]     16.7 MLBUps     77.72 GB/s [============        ] 18s
[  ]     16.8 MLBUps     78.15 GB/s [=============       ] 19s
[  ]     16.8 MLBUps     78.48 GB/s [==============      ] 20s
[  ]     16.8 MLBUps     78.37 GB/s [===============     ] 21s
[  ]     16.7 MLBUps     77.84 GB/s [===============     ] 22s
[  ]     16.8 MLBUps     78.31 GB/s [================    ] 23s
[  ]     16.2 MLBUps     75.67 GB/s [=================   ] 24s
[  ]     16.3 MLBUps     75.85 GB/s [=================   ] 25s
[  ]     16.2 MLBUps     75.55 GB/s [==================  ] 26s
[  ]     16.3 MLBUps     75.97 GB/s [=================== ] 27s
[  ]    ---- :     16.5 MLBUps     76.93 GB/s [====================]
[  ]     16.7 MLBUps     77.88 GB/s [                    ]  0s
[  ]     16.7 MLBUps     77.70 GB/s [=                   ]  1s
[  ]     16.5 MLBUps     76.72 GB/s [==                  ]  2s
[  ]     16.7 MLBUps     77.97 GB/s [==                  ]  3s
[  ]     16.7 MLBUps     77.58 GB/s [===                 ]  4s
[  ]     16.8 MLBUps     78.17 GB/s [====                ]  5s
[  ]     16.6 MLBUps     77.53 GB/s [=====               ]  6s
[  ]     16.6 MLBUps     77.36 GB/s [=====               ]  7s
[  ]     16.7 MLBUps     77.83 GB/s [======              ]  8s
[  ]     16.8 MLBUps     78.09 GB/s [=======             ]  9s
[  ]     16.9 MLBUps     78.56 GB/s [=======             ] 10s
[  ]     16.8 MLBUps     78.32 GB/s [========            ] 11s
[  ]     16.6 MLBUps     77.32 GB/s [=========           ] 12s
[  ]     16.8 MLBUps     78.28 GB/s [==========          ] 13s
[  ]     16.6 MLBUps     77.49 GB/s [==========          ] 14s
[  ]     16.6 MLBUps     77.28 GB/s [===========         ] 15s
[  ]     16.7 MLBUps     78.00 GB/s [============        ] 16s
[  ]     16.8 MLBUps     78.04 GB/s [============        ] 17s
[  ]     16.8 MLBUps     78.09 GB/s [=============       ] 18s
[  ]     16.6 MLBUps     77.55 GB/s [==============      ] 19s
[  ]     16.5 MLBUps     76.84 GB/s [===============     ] 20s
[  ]     16.6 MLBUps     77.23 GB/s [===============     ] 21s
[  ]     16.6 MLBUps     77.22 GB/s [================    ] 22s
[  ]     16.6 MLBUps     77.54 GB/s [=================   ] 23s
[  ]     16.7 MLBUps     77.72 GB/s [==================  ] 24s
[  ]     16.5 MLBUps     76.81 GB/s [==================  ] 25s
[  ]     16.6 MLBUps     77.21 GB/s [=================== ] 26s
[  ]    ---- :     16.4 MLBUps     76.54 GB/s [====================]
[  ]     16.6 MLBUps     77.46 GB/s [                    ]  0s
[  ]     16.4 MLBUps     76.19 GB/s [=                   ]  2s
[  ]     16.5 MLBUps     76.68 GB/s [==                  ]  3s
[  ]     16.6 MLBUps     77.11 GB/s [==                  ]  4s
[  ]     16.3 MLBUps     75.88 GB/s [===                 ]  5s
[  ]     16.3 MLBUps     75.84 GB/s [====                ]  6s
[  ]     16.3 MLBUps     75.70 GB/s [=====               ]  7s
[  ]     16.3 MLBUps     75.99 GB/s [=====               ]  8s
[  ]     16.5 MLBUps     76.87 GB/s [======              ]  9s
[  ]     16.5 MLBUps     76.71 GB/s [=======             ] 10s
[  ]     16.7 MLBUps     77.87 GB/s [=======             ] 11s
[  ]     16.6 MLBUps     77.32 GB/s [========            ] 12s
[  ]     16.5 MLBUps     77.06 GB/s [=========           ] 13s
[  ]     16.5 MLBUps     76.75 GB/s [==========          ] 14s
[  ]     16.6 MLBUps     77.22 GB/s [==========          ] 15s
[  ]     16.6 MLBUps     77.18 GB/s [===========         ] 16s
[  ]     16.5 MLBUps     76.94 GB/s [============        ] 17s
[  ]     16.6 MLBUps     77.39 GB/s [============        ] 18s
[  ]     16.5 MLBUps     77.00 GB/s [=============       ] 19s
[  ]     16.7 MLBUps     77.93 GB/s [==============      ] 20s
[  ]     16.8 MLBUps     78.17 GB/s [===============     ] 21s
[  ]     16.7 MLBUps     77.71 GB/s [===============     ] 22s
[  ]     16.5 MLBUps     77.04 GB/s [================    ] 23s
[  ]     16.6 MLBUps     77.47 GB/s [=================   ] 24s
[  ]     16.5 MLBUps     76.81 GB/s [==================  ] 25s
[  ]     16.7 MLBUps     77.72 GB/s [==================  ] 26s
[  ]     16.7 MLBUps     77.82 GB/s [=================== ] 27s
[  ]    ---- :     16.5 MLBUps     76.95 GB/s [====================]
[  ]     16.7 MLBUps     77.56 GB/s [                    ]  0s
[  ]     16.6 MLBUps     77.48 GB/s [=                   ]  1s
[  ]     16.5 MLBUps     77.04 GB/s [==                  ]  2s
[  ]     16.4 MLBUps     76.28 GB/s [==                  ]  4s
[  ]     16.3 MLBUps     76.07 GB/s [===                 ]  5s
[  ]     16.5 MLBUps     76.86 GB/s [====                ]  6s
[  ]     16.4 MLBUps     76.20 GB/s [=====               ]  7s
[  ]     16.3 MLBUps     76.10 GB/s [=====               ]  8s
[  ]     16.6 MLBUps     77.24 GB/s [======              ]  9s
[  ]     16.7 MLBUps     77.72 GB/s [=======             ] 10s
[  ]     16.8 MLBUps     78.04 GB/s [=======             ] 11s
[  ]     16.6 MLBUps     77.17 GB/s [========            ] 12s
[  ]     16.4 MLBUps     76.35 GB/s [=========           ] 13s
[  ]     16.2 MLBUps     75.30 GB/s [==========          ] 14s
[  ]     16.3 MLBUps     75.90 GB/s [==========          ] 15s
[  ]     16.7 MLBUps     77.65 GB/s [===========         ] 16s
[  ]     16.7 MLBUps     77.76 GB/s [============        ] 17s
[  ]     16.7 MLBUps     78.00 GB/s [============        ] 18s
[  ]     16.8 MLBUps     78.27 GB/s [=============       ] 19s
[  ]     16.5 MLBUps     76.88 GB/s [==============      ] 20s
[  ]     16.5 MLBUps     76.77 GB/s [===============     ] 21s
[  ]     16.4 MLBUps     76.59 GB/s [===============     ] 22s
[  ]     16.5 MLBUps     76.70 GB/s [================    ] 23s
[  ]     16.3 MLBUps     75.94 GB/s [=================   ] 24s
[  ]     16.7 MLBUps     77.86 GB/s [==================  ] 25s
[  ]     16.7 MLBUps     77.69 GB/s [==================  ] 26s
[  ]     16.2 MLBUps     75.39 GB/s [=================== ] 27s
[  ]    ---- :     16.0 MLBUps     74.37 GB/s [====================]
[  ]    ---- :     3000 it writing vtk
[  ]     10.1 MLBUps     47.13 GB/s [                    ]  1s
[  ]     16.3 MLBUps     75.79 GB/s [=                   ]  2s
[  ]     16.2 MLBUps     75.24 GB/s [=                   ]  3s
[  ]     16.5 MLBUps     76.68 GB/s [==                  ]  4s
[  ]     16.3 MLBUps     75.78 GB/s [===                 ]  5s
[  ]     16.6 MLBUps     77.18 GB/s [====                ]  6s
[  ]     16.1 MLBUps     75.22 GB/s [====                ]  7s
[  ]     16.4 MLBUps     76.38 GB/s [=====               ]  8s
[  ]     16.2 MLBUps     75.66 GB/s [======              ]  9s
[  ]     16.5 MLBUps     76.73 GB/s [======              ] 10s
[  ]     16.2 MLBUps     75.66 GB/s [=======             ] 11s
[  ]     16.3 MLBUps     75.90 GB/s [========            ] 12s
[  ]     16.4 MLBUps     76.46 GB/s [=========           ] 13s
[  ]     16.4 MLBUps     76.45 GB/s [=========           ] 14s
[  ]     16.5 MLBUps     77.04 GB/s [==========          ] 15s
[  ]     16.7 MLBUps     77.89 GB/s [===========         ] 16s
[  ]     16.8 MLBUps     78.25 GB/s [===========         ] 17s
[  ]     16.6 MLBUps     77.30 GB/s [============        ] 18s
[  ]     16.6 MLBUps     77.22 GB/s [=============       ] 19s
[  ]     16.5 MLBUps     76.97 GB/s [==============      ] 20s
[  ]     16.4 MLBUps     76.31 GB/s [==============      ] 21s
[  ]     16.3 MLBUps     75.84 GB/s [===============     ] 22s
[  ]     16.5 MLBUps     76.95 GB/s [================    ] 23s
[  ]     16.3 MLBUps     76.04 GB/s [================    ] 24s
[  ]     16.5 MLBUps     76.72 GB/s [=================   ] 25s
[  ]     16.4 MLBUps     76.42 GB/s [==================  ] 26s
[  ]     16.5 MLBUps     76.86 GB/s [=================== ] 27s
[  ]     16.6 MLBUps     77.14 GB/s [=================== ] 28s
[  ]    ---- :     15.8 MLBUps     73.48 GB/s [====================]
[  ]     16.6 MLBUps     77.24 GB/s [                    ]  1s
[  ]     16.5 MLBUps     76.96 GB/s [=                   ]  2s
[  ]     16.5 MLBUps     76.82 GB/s [==                  ]  3s
[  ]     16.2 MLBUps     75.49 GB/s [==                  ]  4s
[  ]     16.5 MLBUps     76.92 GB/s [===                 ]  5s
[  ]     16.6 MLBUps     77.15 GB/s [====                ]  6s
[  ]     16.3 MLBUps     75.99 GB/s [=====               ]  7s
[  ]     16.1 MLBUps     75.07 GB/s [=====               ]  8s
[  ]     16.4 MLBUps     76.35 GB/s [======              ]  9s
[  ]     16.1 MLBUps     74.93 GB/s [=======             ] 10s
[  ]     16.2 MLBUps     75.69 GB/s [=======             ] 11s
[  ]     16.1 MLBUps     75.13 GB/s [========            ] 12s
[  ]     16.7 MLBUps     77.63 GB/s [=========           ] 13s
[  ]     16.5 MLBUps     76.92 GB/s [==========          ] 14s
[  ]     16.6 MLBUps     77.53 GB/s [==========          ] 15s
[  ]     16.7 MLBUps     77.69 GB/s [===========         ] 16s
[  ]     16.4 MLBUps     76.58 GB/s [============        ] 17s
[  ]     16.6 MLBUps     77.10 GB/s [============        ] 18s
[  ]     16.5 MLBUps     77.08 GB/s [=============       ] 19s
[  ]     16.7 MLBUps     77.89 GB/s [==============      ] 20s
[  ]     16.6 MLBUps     77.14 GB/s [===============     ] 21s
[  ]     16.7 MLBUps     77.91 GB/s [===============     ] 22s
[  ]     16.8 MLBUps     78.08 GB/s [================    ] 23s
[  ]     16.7 MLBUps     77.70 GB/s [=================   ] 24s
[  ]     16.5 MLBUps     77.00 GB/s [==================  ] 25s
[  ]     16.5 MLBUps     76.84 GB/s [==================  ] 26s
[  ]     16.1 MLBUps     74.90 GB/s [=================== ] 27s
[  ]    ---- :     16.1 MLBUps     74.80 GB/s [====================]
[  ]     16.5 MLBUps     76.94 GB/s [                    ]  1s
[  ]     16.4 MLBUps     76.34 GB/s [=                   ]  2s
[  ]     16.4 MLBUps     76.44 GB/s [==                  ]  3s
[  ]     16.2 MLBUps     75.29 GB/s [==                  ]  4s
[  ]     16.1 MLBUps     74.97 GB/s [===                 ]  5s
[  ]     16.1 MLBUps     75.02 GB/s [====                ]  6s
[  ]     16.3 MLBUps     76.04 GB/s [=====               ]  7s
[  ]     16.4 MLBUps     76.37 GB/s [=====               ]  8s
[  ]     16.5 MLBUps     76.68 GB/s [======              ]  9s
[  ]     16.3 MLBUps     75.89 GB/s [=======             ] 10s
[  ]     16.7 MLBUps     77.61 GB/s [=======             ] 11s
[  ]     16.8 MLBUps     78.20 GB/s [========            ] 12s
[  ]     16.4 MLBUps     76.48 GB/s [=========           ] 13s
[  ]     16.4 MLBUps     76.28 GB/s [==========          ] 14s
[  ]     16.2 MLBUps     75.52 GB/s [==========          ] 15s
[  ]     16.1 MLBUps     75.03 GB/s [===========         ] 16s
[  ]     16.1 MLBUps     74.82 GB/s [============        ] 17s
[  ]     16.4 MLBUps     76.24 GB/s [============        ] 18s
[  ]     16.1 MLBUps     74.78 GB/s [=============       ] 19s
[  ]     16.3 MLBUps     75.91 GB/s [==============      ] 20s
[  ]     16.5 MLBUps     76.96 GB/s [===============     ] 21s
[  ]     16.4 MLBUps     76.50 GB/s [===============     ] 22s
[  ]     16.7 MLBUps     77.95 GB/s [================    ] 23s
[  ]     16.6 MLBUps     77.37 GB/s [=================   ] 24s
[  ]     16.7 MLBUps     77.62 GB/s [==================  ] 25s
[  ]     16.6 MLBUps     77.54 GB/s [==================  ] 26s
[  ]     16.7 MLBUps     77.76 GB/s [=================== ] 27s
[  ]    ---- :     16.3 MLBUps     75.84 GB/s [====================]
[  ]     16.5 MLBUps     76.81 GB/s [                    ]  1s
[  ]     16.6 MLBUps     77.55 GB/s [=                   ]  2s
[  ]     16.7 MLBUps     77.88 GB/s [==                  ]  2s
[  ]     16.7 MLBUps     77.57 GB/s [==                  ]  3s
[  ]     16.7 MLBUps     77.92 GB/s [===                 ]  4s
[  ]     16.8 MLBUps     78.02 GB/s [====                ]  5s
[  ]     16.7 MLBUps     77.91 GB/s [=====               ]  6s
[  ]     16.8 MLBUps     78.20 GB/s [=====               ]  7s
[  ]     16.7 MLBUps     77.61 GB/s [======              ]  8s
[  ]     16.7 MLBUps     77.97 GB/s [=======             ]  9s
[  ]     16.7 MLBUps     77.91 GB/s [=======             ] 10s
[  ]     16.5 MLBUps     76.92 GB/s [========            ] 11s
[  ]     16.7 MLBUps     77.69 GB/s [=========           ] 12s
[  ]     16.8 MLBUps     78.26 GB/s [==========          ] 13s
[  ]     16.7 MLBUps     77.81 GB/s [==========          ] 14s
[  ]     16.8 MLBUps     78.12 GB/s [===========         ] 15s
[  ]     16.6 MLBUps     77.40 GB/s [============        ] 16s
[  ]     16.8 MLBUps     78.30 GB/s [============        ] 17s
[  ]     16.6 MLBUps     77.21 GB/s [=============       ] 18s
[  ]     16.4 MLBUps     76.35 GB/s [==============      ] 19s
[  ]     16.5 MLBUps     76.92 GB/s [===============     ] 20s
[  ]     16.7 MLBUps     77.68 GB/s [===============     ] 21s
[  ]     16.7 MLBUps     77.70 GB/s [================    ] 22s
[  ]     16.5 MLBUps     76.98 GB/s [=================   ] 23s
[  ]     16.4 MLBUps     76.44 GB/s [==================  ] 24s
[  ]     16.4 MLBUps     76.54 GB/s [==================  ] 25s
[  ]     16.3 MLBUps     75.87 GB/s [=================== ] 26s
[  ]    ---- :     16.2 MLBUps     75.43 GB/s [====================]
[  ]     16.4 MLBUps     76.46 GB/s [                    ]  1s
[  ]     16.4 MLBUps     76.19 GB/s [=                   ]  2s
[  ]     16.2 MLBUps     75.57 GB/s [==                  ]  3s
[  ]     16.0 MLBUps     74.75 GB/s [==                  ]  4s
[  ]     16.1 MLBUps     74.96 GB/s [===                 ]  5s
[  ]     16.0 MLBUps     74.75 GB/s [====                ]  6s
[  ]     16.0 MLBUps     74.35 GB/s [=====               ]  7s
[  ]     16.2 MLBUps     75.53 GB/s [=====               ]  8s
[  ]     16.2 MLBUps     75.45 GB/s [======              ]  9s
[  ]     16.1 MLBUps     74.92 GB/s [=======             ] 10s
[  ]     16.3 MLBUps     75.72 GB/s [=======             ] 11s
[  ]     16.1 MLBUps     75.06 GB/s [========            ] 12s
[  ]     16.4 MLBUps     76.37 GB/s [=========           ] 13s
[  ]     16.1 MLBUps     75.14 GB/s [==========          ] 14s
[  ]     16.0 MLBUps     74.49 GB/s [==========          ] 15s
[  ]     16.2 MLBUps     75.65 GB/s [===========         ] 16s
[  ]     16.1 MLBUps     74.81 GB/s [============        ] 17s
[  ]     16.0 MLBUps     74.59 GB/s [============        ] 18s
[  ]     16.1 MLBUps     74.97 GB/s [=============       ] 19s
[  ]     16.0 MLBUps     74.67 GB/s [==============      ] 20s
[  ]     16.1 MLBUps     75.16 GB/s [===============     ] 21s
[  ]     16.5 MLBUps     76.85 GB/s [===============     ] 22s
[  ]     16.6 MLBUps     77.35 GB/s [================    ] 23s
[  ]     16.2 MLBUps     75.64 GB/s [=================   ] 24s
[  ]     16.0 MLBUps     74.67 GB/s [==================  ] 25s
[  ]     16.3 MLBUps     75.79 GB/s [==================  ] 26s
[  ]     16.3 MLBUps     76.04 GB/s [=================== ] 27s
[  ]    ---- :     16.1 MLBUps     74.99 GB/s [====================]
[  ]     16.3 MLBUps     76.07 GB/s [                    ]  1s
[  ]     15.9 MLBUps     74.12 GB/s [=                   ]  2s
[  ]     16.3 MLBUps     75.70 GB/s [==                  ]  3s
[  ]     16.2 MLBUps     75.46 GB/s [==                  ]  4s
[  ]     16.1 MLBUps     75.01 GB/s [===                 ]  5s
[  ]     15.9 MLBUps     74.26 GB/s [====                ]  6s
[  ]     16.1 MLBUps     74.94 GB/s [=====               ]  7s
[  ]     16.2 MLBUps     75.67 GB/s [=====               ]  8s
[  ]     16.3 MLBUps     75.75 GB/s [======              ]  9s
[  ]     16.4 MLBUps     76.33 GB/s [=======             ] 10s
[  ]     16.0 MLBUps     74.38 GB/s [=======             ] 11s
[  ]     16.2 MLBUps     75.46 GB/s [========            ] 12s
[  ]     16.4 MLBUps     76.43 GB/s [=========           ] 13s
[  ]     16.4 MLBUps     76.38 GB/s [==========          ] 14s
[  ]     16.1 MLBUps     75.14 GB/s [==========          ] 15s
[  ]     16.3 MLBUps     75.91 GB/s [===========         ] 16s
[  ]     16.1 MLBUps     75.22 GB/s [============        ] 17s
[  ]     16.1 MLBUps     74.85 GB/s [============        ] 18s
[  ]     16.2 MLBUps     75.33 GB/s [=============       ] 19s
[  ]     16.2 MLBUps     75.32 GB/s [==============      ] 20s
[  ]     16.2 MLBUps     75.66 GB/s [===============     ] 21s
[  ]     16.4 MLBUps     76.28 GB/s [===============     ] 22s
[  ]     16.4 MLBUps     76.30 GB/s [================    ] 23s
[  ]     16.6 MLBUps     77.16 GB/s [=================   ] 24s
[  ]     16.7 MLBUps     77.64 GB/s [==================  ] 25s
[  ]     16.3 MLBUps     75.75 GB/s [==================  ] 26s
[  ]     16.5 MLBUps     76.78 GB/s [=================== ] 27s
[  ]    ---- :     15.9 MLBUps     73.83 GB/s [====================]
[  ]    ---- :     6000 it writing vtk
[  ]     10.0 MLBUps     46.79 GB/s [                    ]  1s
[  ]     15.8 MLBUps     73.39 GB/s [=                   ]  2s
[  ]     16.2 MLBUps     75.41 GB/s [=                   ]  3s
[  ]     16.0 MLBUps     74.75 GB/s [==                  ]  4s
[  ]     16.3 MLBUps     75.96 GB/s [===                 ]  5s
[  ]     16.3 MLBUps     75.80 GB/s [====                ]  6s
[  ]     16.2 MLBUps     75.52 GB/s [====                ]  7s
[  ]     16.0 MLBUps     74.49 GB/s [=====               ]  8s
[  ]     16.1 MLBUps     74.82 GB/s [======              ]  9s
[  ]     16.0 MLBUps     74.30 GB/s [======              ] 10s
[  ]     16.1 MLBUps     74.98 GB/s [=======             ] 11s
[  ]     15.9 MLBUps     74.17 GB/s [========            ] 12s
[  ]     15.9 MLBUps     74.18 GB/s [=========           ] 13s
[  ]     16.1 MLBUps     74.87 GB/s [=========           ] 14s
[  ]     16.0 MLBUps     74.42 GB/s [==========          ] 15s
[  ]     16.2 MLBUps     75.28 GB/s [===========         ] 16s
[  ]     16.4 MLBUps     76.25 GB/s [===========         ] 17s
[  ]     16.2 MLBUps     75.43 GB/s [============        ] 18s
[  ]     16.3 MLBUps     75.92 GB/s [=============       ] 19s
[  ]     16.5 MLBUps     76.79 GB/s [==============      ] 20s
[  ]     16.3 MLBUps     75.75 GB/s [==============      ] 21s
[  ]     16.3 MLBUps     76.12 GB/s [===============     ] 22s
[  ]     16.4 MLBUps     76.20 GB/s [================    ] 23s
[  ]     16.2 MLBUps     75.40 GB/s [================    ] 24s
[  ]     16.3 MLBUps     75.94 GB/s [=================   ] 25s
[  ]     16.3 MLBUps     75.78 GB/s [==================  ] 26s
[  ]     16.2 MLBUps     75.30 GB/s [=================== ] 27s
[  ]     16.2 MLBUps     75.28 GB/s [=================== ] 28s
[  ]    ---- :     15.7 MLBUps     73.09 GB/s [====================]
[  ]     16.2 MLBUps     75.54 GB/s [                    ]  1s
[  ]     16.3 MLBUps     75.76 GB/s [=                   ]  2s
[  ]     16.3 MLBUps     75.82 GB/s [==                  ]  3s
[  ]     16.1 MLBUps     75.15 GB/s [==                  ]  4s
[  ]     16.5 MLBUps     76.74 GB/s [===                 ]  5s
[  ]     16.1 MLBUps     75.00 GB/s [====                ]  6s
[  ]     16.2 MLBUps     75.64 GB/s [=====               ]  7s
[  ]     16.3 MLBUps     75.90 GB/s [=====               ]  8s
[  ]     16.3 MLBUps     76.12 GB/s [======              ]  9s
[  ]     16.3 MLBUps     76.06 GB/s [=======             ] 10s
[  ]     16.1 MLBUps     74.98 GB/s [=======             ] 11s
[  ]     16.3 MLBUps     75.91 GB/s [========            ] 12s
[  ]     16.4 MLBUps     76.27 GB/s [=========           ] 13s
[  ]     16.2 MLBUps     75.44 GB/s [==========          ] 14s
[  ]     16.4 MLBUps     76.18 GB/s [==========          ] 15s
[  ]     16.4 MLBUps     76.49 GB/s [===========         ] 16s
[  ]     16.3 MLBUps     76.06 GB/s [============        ] 17s
[  ]     16.7 MLBUps     77.74 GB/s [============        ] 18s
[  ]     16.5 MLBUps     77.07 GB/s [=============       ] 19s
[  ]     16.4 MLBUps     76.58 GB/s [==============      ] 20s
[  ]     16.3 MLBUps     75.84 GB/s [===============     ] 21s
[  ]     16.1 MLBUps     75.22 GB/s [===============     ] 22s
[  ]     16.4 MLBUps     76.40 GB/s [================    ] 23s
[  ]     16.4 MLBUps     76.31 GB/s [=================   ] 24s
[  ]     16.3 MLBUps     75.77 GB/s [==================  ] 25s
[  ]     16.1 MLBUps     74.82 GB/s [==================  ] 26s
[  ]     16.2 MLBUps     75.53 GB/s [=================== ] 27s
[  ]    ---- :     16.0 MLBUps     74.58 GB/s [====================]
[  ]     16.2 MLBUps     75.49 GB/s [                    ]  1s
[  ]     16.2 MLBUps     75.45 GB/s [=                   ]  2s
[  ]     16.3 MLBUps     76.07 GB/s [==                  ]  3s
[  ]     16.1 MLBUps     74.97 GB/s [==                  ]  4s
[  ]     16.2 MLBUps     75.36 GB/s [===                 ]  5s
[  ]     16.2 MLBUps     75.49 GB/s [====                ]  6s
[  ]     16.0 MLBUps     74.30 GB/s [=====               ]  7s
[  ]     16.2 MLBUps     75.30 GB/s [=====               ]  8s
[  ]     16.1 MLBUps     75.07 GB/s [======              ]  9s
[  ]     15.9 MLBUps     74.23 GB/s [=======             ] 10s
[  ]     16.2 MLBUps     75.31 GB/s [=======             ] 11s
[  ]     16.1 MLBUps     74.90 GB/s [========            ] 12s
[  ]     16.4 MLBUps     76.50 GB/s [=========           ] 13s
[  ]     16.4 MLBUps     76.31 GB/s [==========          ] 14s
[  ]     16.0 MLBUps     74.63 GB/s [==========          ] 15s
[  ]     16.3 MLBUps     75.76 GB/s [===========         ] 16s
[  ]     16.1 MLBUps     74.98 GB/s [============        ] 17s
[  ]     16.0 MLBUps     74.63 GB/s [============        ] 18s
[  ]     15.9 MLBUps     74.04 GB/s [=============       ] 19s
[  ]     15.8 MLBUps     73.56 GB/s [==============      ] 20s
[  ]     16.1 MLBUps     74.98 GB/s [===============     ] 21s
[  ]     16.2 MLBUps     75.35 GB/s [===============     ] 22s
[  ]     16.2 MLBUps     75.38 GB/s [================    ] 23s
[  ]     16.2 MLBUps     75.48 GB/s [=================   ] 24s
[  ]     16.4 MLBUps     76.49 GB/s [==================  ] 25s
[  ]     16.2 MLBUps     75.60 GB/s [==================  ] 26s
[  ]     16.3 MLBUps     75.83 GB/s [=================== ] 27s
[  ]    ---- :     16.0 MLBUps     74.44 GB/s [====================]
[  ]     16.1 MLBUps     75.17 GB/s [                    ]  1s
[  ]     16.3 MLBUps     75.87 GB/s [=                   ]  2s
[  ]     16.7 MLBUps     77.64 GB/s [==                  ]  3s
[  ]     16.6 MLBUps     77.45 GB/s [==                  ]  4s
[  ]     16.7 MLBUps     77.68 GB/s [===                 ]  5s
[  ]     16.3 MLBUps     76.13 GB/s [====                ]  6s
[  ]     16.1 MLBUps     74.78 GB/s [=====               ]  7s
[  ]     16.4 MLBUps     76.41 GB/s [=====               ]  8s
[  ]     16.4 MLBUps     76.22 GB/s [======              ]  9s
[  ]     16.2 MLBUps     75.32 GB/s [=======             ] 10s
[  ]     16.2 MLBUps     75.28 GB/s [=======             ] 11s
[  ]     16.2 MLBUps     75.39 GB/s [========            ] 12s
[  ]     16.2 MLBUps     75.29 GB/s [=========           ] 13s
[  ]     16.4 MLBUps     76.19 GB/s [==========          ] 14s
[  ]     16.3 MLBUps     75.74 GB/s [==========          ] 15s
[  ]     16.3 MLBUps     75.83 GB/s [===========         ] 16s
[  ]     16.2 MLBUps     75.48 GB/s [============        ] 17s
[  ]     16.6 MLBUps     77.26 GB/s [============        ] 18s
[  ]     16.5 MLBUps     77.05 GB/s [=============       ] 19s
[  ]     16.0 MLBUps     74.74 GB/s [==============      ] 20s
[  ]     16.1 MLBUps     75.06 GB/s [===============     ] 21s
[  ]     16.2 MLBUps     75.27 GB/s [===============     ] 22s
[  ]     16.3 MLBUps     75.93 GB/s [================    ] 23s
[  ]     16.4 MLBUps     76.29 GB/s [=================   ] 24s
[  ]     16.4 MLBUps     76.57 GB/s [==================  ] 25s
[  ]     16.5 MLBUps     76.87 GB/s [==================  ] 26s
[  ]     16.7 MLBUps     77.78 GB/s [=================== ] 27s
[  ]    ---- :     16.1 MLBUps     74.93 GB/s [====================]
[  ]     16.4 MLBUps     76.57 GB/s [                    ]  1s
[  ]     16.2 MLBUps     75.46 GB/s [=                   ]  2s
[  ]     16.4 MLBUps     76.53 GB/s [==                  ]  3s
[  ]     16.3 MLBUps     76.06 GB/s [==                  ]  4s
[  ]     16.3 MLBUps     76.01 GB/s [===                 ]  5s
[  ]     16.2 MLBUps     75.62 GB/s [====                ]  6s
[  ]     16.4 MLBUps     76.34 GB/s [=====               ]  7s
[  ]     16.3 MLBUps     75.96 GB/s [=====               ]  8s
[  ]     16.2 MLBUps     75.48 GB/s [======              ]  9s
[  ]     16.4 MLBUps     76.22 GB/s [=======             ] 10s
[  ]     16.6 MLBUps     77.20 GB/s [=======             ] 11s
[  ]     16.6 MLBUps     77.12 GB/s [========            ] 12s
[  ]     16.1 MLBUps     75.11 GB/s [=========           ] 13s
[  ]     16.3 MLBUps     75.89 GB/s [==========          ] 14s
[  ]     16.3 MLBUps     75.92 GB/s [==========          ] 15s
[  ]     16.4 MLBUps     76.38 GB/s [===========         ] 16s
[  ]     16.5 MLBUps     77.05 GB/s [============        ] 17s
[  ]     16.6 MLBUps     77.09 GB/s [============        ] 18s
[  ]     16.3 MLBUps     76.02 GB/s [=============       ] 19s
[  ]     16.4 MLBUps     76.25 GB/s [==============      ] 20s
[  ]     16.1 MLBUps     75.01 GB/s [===============     ] 21s
[  ]     16.2 MLBUps     75.26 GB/s [===============     ] 22s
[  ]     16.4 MLBUps     76.18 GB/s [================    ] 23s
[  ]     16.5 MLBUps     76.70 GB/s [=================   ] 24s
[  ]     16.5 MLBUps     76.74 GB/s [==================  ] 25s
[  ]     16.4 MLBUps     76.57 GB/s [==================  ] 26s
[  ]     16.5 MLBUps     77.00 GB/s [=================== ] 27s
[  ]    ---- :     16.5 MLBUps     76.75 GB/s [====================]
[  ]     16.6 MLBUps     77.12 GB/s [                    ]  1s
[  ]     16.4 MLBUps     76.54 GB/s [=                   ]  2s
[  ]     16.2 MLBUps     75.54 GB/s [==                  ]  3s
[  ]     16.4 MLBUps     76.17 GB/s [==                  ]  4s
[  ]     16.2 MLBUps     75.47 GB/s [===                 ]  5s
[  ]     16.0 MLBUps     74.69 GB/s [====                ]  6s
[  ]     16.4 MLBUps     76.52 GB/s [=====               ]  7s
[  ]     16.1 MLBUps     75.16 GB/s [=====               ]  8s
[  ]     16.3 MLBUps     75.82 GB/s [======              ]  9s
[  ]     16.1 MLBUps     74.84 GB/s [=======             ] 10s
[  ]     16.3 MLBUps     75.79 GB/s [=======             ] 11s
[  ]     16.3 MLBUps     75.79 GB/s [========            ] 12s
[  ]     16.6 MLBUps     77.50 GB/s [=========           ] 13s
[  ]     16.2 MLBUps     75.33 GB/s [==========          ] 14s
[  ]     16.4 MLBUps     76.31 GB/s [==========          ] 15s
[  ]     16.3 MLBUps     75.70 GB/s [===========         ] 16s
[  ]     16.2 MLBUps     75.39 GB/s [============        ] 17s
[  ]     16.3 MLBUps     75.76 GB/s [============        ] 18s
[  ]     16.3 MLBUps     76.05 GB/s [=============       ] 19s
[  ]     16.2 MLBUps     75.36 GB/s [==============      ] 20s
[  ]     16.3 MLBUps     75.89 GB/s [===============     ] 21s
[  ]     16.2 MLBUps     75.63 GB/s [===============     ] 22s
[  ]     16.3 MLBUps     76.02 GB/s [================    ] 23s
[  ]     16.6 MLBUps     77.21 GB/s [=================   ] 24s
[  ]     16.5 MLBUps     76.89 GB/s [==================  ] 25s
[  ]     16.5 MLBUps     76.67 GB/s [==================  ] 26s
[  ]     16.5 MLBUps     76.78 GB/s [=================== ] 27s
[  ]    ---- :     16.4 MLBUps     76.20 GB/s [====================]
[  ]    ---- :     9000 it writing vtk
[  ]     10.3 MLBUps     47.85 GB/s [                    ]  1s
[  ]     16.4 MLBUps     76.58 GB/s [=                   ]  2s
[  ]     16.4 MLBUps     76.59 GB/s [=                   ]  3s
[  ]     16.7 MLBUps     77.84 GB/s [==                  ]  4s
[  ]     16.6 MLBUps     77.28 GB/s [===                 ]  5s
[  ]     16.6 MLBUps     77.29 GB/s [====                ]  6s
[  ]     16.4 MLBUps     76.39 GB/s [====                ]  7s
[  ]     16.5 MLBUps     76.87 GB/s [=====               ]  8s
[  ]     16.5 MLBUps     76.77 GB/s [======              ]  9s
[  ]     16.3 MLBUps     76.13 GB/s [======              ] 10s
[  ]     16.4 MLBUps     76.47 GB/s [=======             ] 11s
[  ]     16.2 MLBUps     75.39 GB/s [========            ] 12s
[  ]     16.0 MLBUps     74.47 GB/s [=========           ] 13s
[  ]     15.9 MLBUps     73.94 GB/s [=========           ] 14s
[  ]     16.3 MLBUps     75.73 GB/s [==========          ] 15s
[  ]     16.2 MLBUps     75.23 GB/s [===========         ] 16s
[  ]     16.1 MLBUps     74.89 GB/s [============        ] 17s
[  ]     16.3 MLBUps     75.91 GB/s [============        ] 18s
[  ]     16.3 MLBUps     75.75 GB/s [=============       ] 19s
[  ]     16.2 MLBUps     75.29 GB/s [==============      ] 20s
[  ]     16.2 MLBUps     75.23 GB/s [==============      ] 21s
[  ]     16.3 MLBUps     75.85 GB/s [===============     ] 22s
[  ]     16.6 MLBUps     77.41 GB/s [================    ] 23s
[  ]     16.3 MLBUps     76.13 GB/s [=================   ] 24s
[  ]     16.6 MLBUps     77.22 GB/s [=================   ] 25s
[  ]     16.4 MLBUps     76.43 GB/s [==================  ] 26s
[  ]     16.3 MLBUps     75.84 GB/s [=================== ] 27s
[  ]     16.3 MLBUps     76.00 GB/s [=================== ] 28s
[  ]    ---- :     14.7 MLBUps     68.62 GB/s [====================]
[  ]     16.2 MLBUps     75.58 GB/s [                    ]  1s
[  ]     16.1 MLBUps     74.95 GB/s [=                   ]  2s
[  ]     16.2 MLBUps     75.45 GB/s [==                  ]  3s
[  ]     15.9 MLBUps     74.09 GB/s [==                  ]  4s
[  ]     16.1 MLBUps     75.10 GB/s [===                 ]  5s
[  ]     16.3 MLBUps     75.90 GB/s [====                ]  6s
[  ]     16.1 MLBUps     74.95 GB/s [=====               ]  7s
[  ]     16.1 MLBUps     75.14 GB/s [=====               ]  8s
[  ]     16.2 MLBUps     75.39 GB/s [======              ]  9s
[  ]     16.4 MLBUps     76.49 GB/s [=======             ] 10s
[  ]     16.2 MLBUps     75.45 GB/s [=======             ] 11s
[  ]     16.4 MLBUps     76.37 GB/s [========            ] 12s
[  ]     16.4 MLBUps     76.47 GB/s [=========           ] 13s
[  ]     16.2 MLBUps     75.66 GB/s [==========          ] 14s
[  ]     16.1 MLBUps     74.78 GB/s [==========          ] 15s
[  ]     16.1 MLBUps     74.99 GB/s [===========         ] 16s
[  ]     16.2 MLBUps     75.41 GB/s [============        ] 17s
[  ]     16.4 MLBUps     76.50 GB/s [============        ] 18s
[  ]     16.2 MLBUps     75.43 GB/s [=============       ] 19s
[  ]     16.4 MLBUps     76.21 GB/s [==============      ] 20s
[  ]     16.4 MLBUps     76.61 GB/s [===============     ] 21s
[  ]     16.5 MLBUps     76.89 GB/s [===============     ] 22s
[  ]     16.5 MLBUps     76.76 GB/s [================    ] 23s
[  ]     16.6 MLBUps     77.32 GB/s [=================   ] 24s
[  ]     16.5 MLBUps     76.69 GB/s [==================  ] 25s
[  ]     16.6 MLBUps     77.20 GB/s [==================  ] 26s
[  ]     16.6 MLBUps     77.53 GB/s [=================== ] 27s
[  ]    ---- :     16.3 MLBUps     75.94 GB/s [====================]
[  ]     16.8 MLBUps     78.09 GB/s [                    ]  0s
[  ]     16.7 MLBUps     77.63 GB/s [=                   ]  1s
[  ]     16.6 MLBUps     77.51 GB/s [==                  ]  2s
[  ]     16.6 MLBUps     77.11 GB/s [==                  ]  3s
[  ]     16.3 MLBUps     75.77 GB/s [===                 ]  5s
[  ]     16.5 MLBUps     76.67 GB/s [====                ]  6s
[  ]     16.5 MLBUps     77.08 GB/s [=====               ]  7s
[  ]     16.5 MLBUps     76.73 GB/s [=====               ]  8s
[  ]     16.6 MLBUps     77.50 GB/s [======              ]  9s
[  ]     16.6 MLBUps     77.27 GB/s [=======             ] 10s
[  ]     16.5 MLBUps     76.81 GB/s [=======             ] 11s
[  ]     16.5 MLBUps     76.92 GB/s [========            ] 12s
[  ]     16.5 MLBUps     76.66 GB/s [=========           ] 13s
[  ]     16.4 MLBUps     76.40 GB/s [==========          ] 14s
[  ]     16.4 MLBUps     76.43 GB/s [==========          ] 15s
[  ]     16.4 MLBUps     76.60 GB/s [===========         ] 16s
[  ]     16.4 MLBUps     76.19 GB/s [============        ] 17s
[  ]     16.4 MLBUps     76.24 GB/s [============        ] 18s
[  ]     16.3 MLBUps     75.69 GB/s [=============       ] 19s
[  ]     16.6 MLBUps     77.09 GB/s [==============      ] 20s
[  ]     16.1 MLBUps     75.08 GB/s [===============     ] 21s
[  ]     16.2 MLBUps     75.45 GB/s [===============     ] 22s
[  ]     16.6 MLBUps     77.52 GB/s [================    ] 23s
[  ]     16.7 MLBUps     77.69 GB/s [=================   ] 24s
[  ]     16.6 MLBUps     77.52 GB/s [==================  ] 25s
[  ]     16.8 MLBUps     78.11 GB/s [==================  ] 26s
[  ]     16.5 MLBUps     76.83 GB/s [=================== ] 27s
[  ]    ---- :     16.2 MLBUps     75.25 GB/s [====================]
[  ]     16.3 MLBUps     75.75 GB/s [                    ]  1s
[  ]     16.3 MLBUps     75.92 GB/s [=                   ]  2s
[  ]     16.4 MLBUps     76.30 GB/s [==                  ]  3s
[  ]     16.3 MLBUps     75.84 GB/s [==                  ]  4s
[  ]     15.9 MLBUps     73.92 GB/s [===                 ]  5s
[  ]     16.1 MLBUps     74.88 GB/s [====                ]  6s
[  ]     16.3 MLBUps     75.84 GB/s [=====               ]  7s
[  ]     16.5 MLBUps     76.64 GB/s [=====               ]  8s
[  ]     16.0 MLBUps     74.73 GB/s [======              ]  9s
[  ]     16.3 MLBUps     75.76 GB/s [=======             ] 10s
[  ]     16.2 MLBUps     75.60 GB/s [=======             ] 11s
[  ]     16.0 MLBUps     74.53 GB/s [========            ] 12s
[  ]     16.1 MLBUps     75.16 GB/s [=========           ] 13s
[  ]     16.0 MLBUps     74.32 GB/s [==========          ] 14s
[  ]     16.0 MLBUps     74.52 GB/s [==========          ] 15s
[  ]     16.2 MLBUps     75.50 GB/s [===========         ] 16s
[  ]     16.0 MLBUps     74.53 GB/s [============        ] 17s
[  ]     15.9 MLBUps     74.25 GB/s [============        ] 18s
[  ]     16.1 MLBUps     75.09 GB/s [=============       ] 19s
[  ]     16.5 MLBUps     77.00 GB/s [==============      ] 20s
[  ]     16.2 MLBUps     75.61 GB/s [===============     ] 21s
[  ]     16.4 MLBUps     76.36 GB/s [===============     ] 22s
[  ]     16.1 MLBUps     75.17 GB/s [================    ] 23s
[  ]     16.3 MLBUps     76.00 GB/s [=================   ] 24s
[  ]     16.1 MLBUps     75.06 GB/s [==================  ] 25s
[  ]     16.2 MLBUps     75.42 GB/s [==================  ] 26s
[  ]     16.4 MLBUps     76.22 GB/s [=================== ] 27s
[  ]    ---- :     15.8 MLBUps     73.66 GB/s [====================]
[  ]     16.3 MLBUps     75.69 GB/s [                    ]  1s
[  ]     16.2 MLBUps     75.48 GB/s [=                   ]  2s
[  ]     16.1 MLBUps     75.14 GB/s [==                  ]  3s
[  ]     16.2 MLBUps     75.47 GB/s [==                  ]  4s
[  ]     16.3 MLBUps     75.88 GB/s [===                 ]  5s
[  ]     16.4 MLBUps     76.46 GB/s [====                ]  6s
[  ]     16.3 MLBUps     75.88 GB/s [=====               ]  7s
[  ]     16.5 MLBUps     76.78 GB/s [=====               ]  8s
[  ]     16.3 MLBUps     75.88 GB/s [======              ]  9s
[  ]     16.4 MLBUps     76.52 GB/s [=======             ] 10s
[  ]     16.2 MLBUps     75.55 GB/s [=======             ] 11s
[  ]     16.1 MLBUps     75.04 GB/s [========            ] 12s
[  ]     16.2 MLBUps     75.50 GB/s [=========           ] 13s
[  ]     16.2 MLBUps     75.43 GB/s [==========          ] 14s
[  ]     15.7 MLBUps     73.15 GB/s [==========          ] 15s
[  ]     16.0 MLBUps     74.57 GB/s [===========         ] 16s
[  ]     16.2 MLBUps     75.30 GB/s [============        ] 17s
[  ]     16.0 MLBUps     74.46 GB/s [============        ] 18s
[  ]     16.1 MLBUps     75.19 GB/s [=============       ] 19s
[  ]     16.2 MLBUps     75.67 GB/s [==============      ] 20s
[  ]     16.4 MLBUps     76.46 GB/s [===============     ] 21s
[  ]     16.4 MLBUps     76.58 GB/s [===============     ] 22s
[  ]     16.1 MLBUps     74.92 GB/s [================    ] 23s
[  ]     16.1 MLBUps     75.22 GB/s [=================   ] 24s
[  ]     16.3 MLBUps     75.74 GB/s [==================  ] 25s
[  ]     16.1 MLBUps     74.98 GB/s [==================  ] 26s
[  ]     16.4 MLBUps     76.43 GB/s [=================== ] 27s
[  ]    ---- :     15.8 MLBUps     73.47 GB/s [====================]
[  ]     16.2 MLBUps     75.60 GB/s [                    ]  1s
[  ]     16.1 MLBUps     74.96 GB/s [=                   ]  2s
[  ]     16.2 MLBUps     75.31 GB/s [==                  ]  3s
[  ]     16.2 MLBUps     75.62 GB/s [==                  ]  4s
[  ]     16.2 MLBUps     75.39 GB/s [===                 ]  5s
[  ]     16.2 MLBUps     75.50 GB/s [====                ]  6s
[  ]     16.0 MLBUps     74.58 GB/s [=====               ]  7s
[  ]     16.1 MLBUps     74.99 GB/s [=====               ]  8s
[  ]     16.1 MLBUps     75.14 GB/s [======              ]  9s
[  ]     16.3 MLBUps     75.78 GB/s [=======             ] 10s
[  ]     16.5 MLBUps     76.76 GB/s [=======             ] 11s
[  ]     16.3 MLBUps     75.72 GB/s [========            ] 12s
[  ]     16.4 MLBUps     76.19 GB/s [=========           ] 13s
[  ]     16.7 MLBUps     77.74 GB/s [==========          ] 14s
[  ]     16.5 MLBUps     77.06 GB/s [==========          ] 15s
[  ]     16.6 MLBUps     77.39 GB/s [===========         ] 16s
[  ]     16.5 MLBUps     76.84 GB/s [============        ] 17s
[  ]     16.2 MLBUps     75.46 GB/s [============        ] 18s
[  ]     16.3 MLBUps     76.08 GB/s [=============       ] 19s
[  ]     16.1 MLBUps     75.16 GB/s [==============      ] 20s
[  ]     16.2 MLBUps     75.62 GB/s [===============     ] 21s
[  ]     16.3 MLBUps     75.85 GB/s [===============     ] 22s
[  ]     16.2 MLBUps     75.30 GB/s [================    ] 23s
[  ]     16.1 MLBUps     75.17 GB/s [=================   ] 24s
[  ]     16.7 MLBUps     77.87 GB/s [==================  ] 25s
[  ]     16.3 MLBUps     76.14 GB/s [==================  ] 26s
[  ]     16.2 MLBUps     75.60 GB/s [=================== ] 27s
[  ]    ---- :     15.9 MLBUps     74.22 GB/s [====================]
[  ]    ---- :    12000 it writing vtk
[  ]    ---- : Total duration: 755.730742 s = 12.595512 min = 0.209925 h
