{
  "status": "runtime_sanity",
  "decision": {
    "status": "runtime_sanity",
    "claim_limit": "runtime_sanity / exploratory_not_validation only",
    "write_mode_allowed": false,
    "write_mode_blocked": true,
    "block_reason": "Stage8g is shadow-only; sphere Stage8OperatorMode=2 remains forbidden",
    "shadow_gate_passed_for_planning": false,
    "root_cause_classification": "undetermined_shadow_only_normal_limiter_dominated_abs_cap_dominated",
    "final_stage8g_mode": 1,
    "final_vector_limiter_fraction": 0.0,
    "final_normal_limiter_fraction": 0.8138832997987927,
    "final_limiter_ratio_p50": 0.29377196214112483,
    "final_limiter_ratio_p10": 0.14021122378245446,
    "final_outer90_normal_limiter_count": 0,
    "final_ratio_cap_limiter_fraction_of_normal_limiter": 0.3164400494437577,
    "final_abs_cap_limiter_fraction_of_normal_limiter": 0.6835599505562423,
    "final_cap_demand_ratio_p50": 3.4040008199271616,
    "final_regularization_ratio_p50": 1.0,
    "final_profile_target_mismatch_p50": 0.17747438098078255,
    "final_profile_conflict_p50": 0.0,
    "final_normal_raw_abs_p50": 0.06491802017513515,
    "final_target_minus_raw_abs_p50": 0.1702000409965283,
    "final_tangent_mag_p95": 0.07279143456192248,
    "final_raw_delta_p99": 0.3684038319438446,
    "final_normal_delta_limited_p99": -3.943679792359245e-06
  },
  "frames": [
    0,
    100,
    1000
  ]
}
