BATCH_PREP 2026-06-13T03:58:59+08:00
status=runtime_sanity
purpose=flat_wall_spherical_cap_stage8f_normal_limiter_root_cause
run_root=/mnt/8A0E24070E23EAC1/runs/tclb_flat_wall_cap_stage8f_low_angle_20260613
case_staging=/tmp/flat_wall_cap_stage8f_low_angle_cases
binary=/home/yuan/src/TCLB_stage8f_normal_limiter_root_cause_diag_20260613/CLB/d3q27_pf_velocity_q27_geometric/main
raw_policy=remote_only
delete_raw_after_analysis=1
finite_arrays=PhaseField,U,P,Rho,WallStage8GradMode,WallStage8ActiveWeight,WallStage8NormalGradRaw,WallStage8NormalGradTarget,WallStage8ContactResidual,WallStage8TangentGradMag,WallStage8TargetCos,WallStage8GradWriteDeltaMag,WallStage8LimiterReason,WallStage8LocalWallAngle,WallStage8FluidWallAngle,WallStage8FluidWallDataCount,WallStage8GradCandidateUse,WallStage8NormalAgreement,WallStage8UsedGeomNormal,WallStage8TanCoeffLocal,WallStage8ThetaLocal,WallStage8PhaseC,WallStage8GradMagRaw,WallStage8TangentGradRaw,WallStage8TargetNormalGrad,WallStage8NormalDeltaRaw,WallStage8NormalDeltaLimited,WallStage8VectorDeltaRawMag,WallStage8VectorDeltaLimitedMag,WallStage8NormalLimiterHit,WallStage8VectorLimiterHit,WallStage8LimiterRatio,WallStage8eDnRaw,WallStage8eDnTry,WallStage8eDnLimited,WallStage8eAbsCap,WallStage8eRatioCap,WallStage8eEffectiveCap,WallStage8eCapSource,WallStage8eCapDemandRatio,WallStage8eNormalRawAbs,WallStage8eTargetNormalAbs,WallStage8eTargetMinusRawAbs,WallStage8eSmoothWeightC,WallStage8eSmoothWeightG,WallStage8eSmoothWeightT,WallStage8eSmoothWeightTotal,WallStage8eTanCoeffTimesTangent,WallStage8eLimiterClass,WallStage8eWallProfileConflict
361a721716eed9536ba5b377ed2956600fb4a9ed19d7e3409f8982e60432d783  /home/yuan/src/TCLB_stage8f_normal_limiter_root_cause_diag_20260613/CLB/d3q27_pf_velocity_q27_geometric/main
CASE_START 2026-06-13T03:58:59+08:00 case=cap_theta030_wall011_mode1
CASE_END 2026-06-13T04:00:15+08:00 case=cap_theta030_wall011_mode1 rc=0
FINITENESS_END 2026-06-13T04:02:26+08:00 case=cap_theta030_wall011_mode1 rc=0
CAP_POST_END 2026-06-13T04:04:44+08:00 case=cap_theta030_wall011_mode1 rc=0
ATTRIBUTION_END 2026-06-13T04:06:35+08:00 case=cap_theta030_wall011_mode1 rc=0
RAW_DELETE 2026-06-13T04:06:35+08:00 case=cap_theta030_wall011_mode1 count=22
CASE_START 2026-06-13T04:06:35+08:00 case=cap_theta030_wall015_mode1
CASE_END 2026-06-13T04:07:53+08:00 case=cap_theta030_wall015_mode1 rc=0
FINITENESS_END 2026-06-13T04:10:20+08:00 case=cap_theta030_wall015_mode1 rc=0
CAP_POST_END 2026-06-13T04:12:41+08:00 case=cap_theta030_wall015_mode1 rc=0
ATTRIBUTION_END 2026-06-13T04:14:32+08:00 case=cap_theta030_wall015_mode1 rc=0
RAW_DELETE 2026-06-13T04:14:33+08:00 case=cap_theta030_wall015_mode1 count=22
CASE_START 2026-06-13T04:14:33+08:00 case=cap_theta030_wall020_mode1
CASE_END 2026-06-13T04:16:10+08:00 case=cap_theta030_wall020_mode1 rc=0
FINITENESS_END 2026-06-13T04:18:26+08:00 case=cap_theta030_wall020_mode1 rc=0
CAP_POST_END 2026-06-13T04:20:46+08:00 case=cap_theta030_wall020_mode1 rc=0
ATTRIBUTION_END 2026-06-13T04:22:54+08:00 case=cap_theta030_wall020_mode1 rc=0
RAW_DELETE 2026-06-13T04:22:55+08:00 case=cap_theta030_wall020_mode1 count=22
CASE_START 2026-06-13T04:22:55+08:00 case=cap_theta030_wall025_mode1
CASE_END 2026-06-13T04:24:12+08:00 case=cap_theta030_wall025_mode1 rc=0
FINITENESS_END 2026-06-13T04:26:11+08:00 case=cap_theta030_wall025_mode1 rc=0
CAP_POST_END 2026-06-13T04:28:47+08:00 case=cap_theta030_wall025_mode1 rc=0
ATTRIBUTION_END 2026-06-13T04:30:53+08:00 case=cap_theta030_wall025_mode1 rc=0
RAW_DELETE 2026-06-13T04:30:54+08:00 case=cap_theta030_wall025_mode1 count=22
CASE_START 2026-06-13T04:30:54+08:00 case=cap_theta030_wall030_mode1
CASE_END 2026-06-13T04:32:14+08:00 case=cap_theta030_wall030_mode1 rc=0
FINITENESS_END 2026-06-13T04:34:07+08:00 case=cap_theta030_wall030_mode1 rc=0
CAP_POST_END 2026-06-13T04:36:42+08:00 case=cap_theta030_wall030_mode1 rc=0
ATTRIBUTION_END 2026-06-13T04:38:32+08:00 case=cap_theta030_wall030_mode1 rc=0
RAW_DELETE 2026-06-13T04:38:32+08:00 case=cap_theta030_wall030_mode1 count=22
BATCH_END 2026-06-13T04:38:33+08:00
