{
  "status": "runtime_sanity",
  "run_root": "/mnt/8A0E24070E23EAC1/runs/tclb_flat_wall_cap_stage7_signedwrite_gate_20260612",
  "case_count": 1,
  "summaries": [
    {
      "status": "runtime_sanity",
      "case_id": "cap_theta030_wall011",
      "case_dir": "/mnt/8A0E24070E23EAC1/runs/tclb_flat_wall_cap_stage7_signedwrite_gate_20260612/cap_theta030_wall011",
      "case_params": {
        "status": "runtime_sanity",
        "case_id": "cap_theta030_wall011",
        "purpose": "theta030 cap with current sphere-case radAngle011 control",
        "remote_case": "/mnt/8A0E24070E23EAC1/runs/tclb_flat_wall_cap_stage7_signedwrite_gate_20260612/cap_theta030_wall011",
        "xml": "C:\\Users\\yuanz\\Desktop\\LBMCORE5\\TCLB\\cases\\diagnostics\\flat_wall_cap_stage7_signedwrite_gate_20260612\\cap_theta030_wall011\\case.xml",
        "volume_equivalent_sphere_radius": 24.0,
        "init_theta_deg": 30.0,
        "wall_rad_angle_deg": 11.0,
        "cap_sphere_radius": 102.43685957667594,
        "cap_height": 13.723936899375312,
        "cap_base_radius": 51.218429788337964,
        "cap_center_x": 64.0,
        "cap_center_y": -88.71292267730063,
        "cap_center_z": 64.0,
        "use_stage7_signed_wall_ghost": true
      },
      "frame_count": 1,
      "last": {
        "status": "runtime_sanity",
        "case_id": "cap_theta030_wall011",
        "step": 0,
        "file": "/mnt/8A0E24070E23EAC1/runs/tclb_flat_wall_cap_stage7_signedwrite_gate_20260612/cap_theta030_wall011/output/case_VTK_P00_00000000.vti",
        "dims": [
          128,
          96,
          128
        ],
        "case_params": {
          "status": "runtime_sanity",
          "case_id": "cap_theta030_wall011",
          "purpose": "theta030 cap with current sphere-case radAngle011 control",
          "remote_case": "/mnt/8A0E24070E23EAC1/runs/tclb_flat_wall_cap_stage7_signedwrite_gate_20260612/cap_theta030_wall011",
          "xml": "C:\\Users\\yuanz\\Desktop\\LBMCORE5\\TCLB\\cases\\diagnostics\\flat_wall_cap_stage7_signedwrite_gate_20260612\\cap_theta030_wall011\\case.xml",
          "volume_equivalent_sphere_radius": 24.0,
          "init_theta_deg": 30.0,
          "wall_rad_angle_deg": 11.0,
          "cap_sphere_radius": 102.43685957667594,
          "cap_height": 13.723936899375312,
          "cap_base_radius": 51.218429788337964,
          "cap_center_x": 64.0,
          "cap_center_y": -88.71292267730063,
          "cap_center_z": 64.0,
          "use_stage7_signed_wall_ghost": true
        },
        "cell_count": 1572864,
        "wall_count": 80520,
        "fluid_count": 1492344,
        "lower_wall_count": 16384,
        "nonfinite_total": 0,
        "angle_apparent_deg": 28.484486480302778,
        "angle_error_vs_init_deg": -1.5155135196972225,
        "angle_error_vs_wall_rad_deg": 17.484486480302778,
        "fit_point_count": 138,
        "fit_circle": [
          -94.92510290180803,
          63.49999999999999,
          107.99875418554788
        ],
        "wall_bc_path_counts": {
          "2": 64136,
          "5": 16384
        },
        "field_stats": {
          "PhaseField": {
            "all": {
              "count": 1572864,
              "nonfinite": 0,
              "min": 0.0,
              "mean": 0.03945067583259105,
              "p01": 0.0,
              "p50": 1.7696955012524993e-13,
              "p99": 0.9866017991418763,
              "max": 0.9997192263130218,
              "sum": 62050.547792752484
            },
            "fluid": {
              "count": 1492344,
              "nonfinite": 0,
              "min": 0.0,
              "mean": 0.035242172802228536,
              "p01": 0.0,
              "p50": 2.1266322036694874e-13,
              "p99": 0.9770410882300042,
              "max": 0.9997106094060031,
              "sum": 52593.44512836894
            },
            "wall": {
              "count": 80520,
              "nonfinite": 0,
              "min": 0.0,
              "mean": 0.11745035599085353,
              "p01": 0.0,
              "p50": 7.216449660063518e-16,
              "p99": 0.9994713976445326,
              "max": 0.9997192263130218,
              "sum": 9457.102664383527
            },
            "lower_wall": {
              "count": 16384,
              "nonfinite": 0,
              "min": 1.9224183906391647e-06,
              "mean": 0.5770732416761032,
              "p01": 2.2917124780202295e-05,
              "p50": 0.7474777904220326,
              "p99": 0.9996969477332132,
              "max": 0.9997192263130218,
              "sum": 9454.767991621275
            }
          },
          "Rho": {
            "all": {
              "count": 1572864,
              "nonfinite": 0,
              "min": 0.0,
              "mean": 0.0343533806376397,
              "p01": 0.0,
              "p50": 0.0010000000000440319,
              "p99": 0.9742675859386787,
              "max": 0.9997108987965971,
              "sum": 54033.195683240534
            },
            "fluid": {
              "count": 1492344,
              "nonfinite": 0,
              "min": 0.001,
              "mean": 0.03620693062942631,
              "p01": 0.001,
              "p50": 0.0010000000002124507,
              "p99": 0.9770640471417742,
              "max": 0.9997108987965971,
              "sum": 54033.19568324057
            },
            "wall": {
              "count": 80520,
              "nonfinite": 0,
              "min": 0.0,
              "mean": 0.0,
              "p01": 0.0,
              "p50": 0.0,
              "p99": 0.0,
              "max": 0.0,
              "sum": 0.0
            },
            "lower_wall": {
              "count": 16384,
              "nonfinite": 0,
              "min": 0.0,
              "mean": 0.0,
              "p01": 0.0,
              "p50": 0.0,
              "p99": 0.0,
              "max": 0.0,
              "sum": 0.0
            }
          },
          "WallPfF": {
            "all": {
              "count": 1572864,
              "nonfinite": 0,
              "min": 0.0,
              "mean": 0.004719407841776492,
              "p01": 0.0,
              "p50": 0.0,
              "p99": 0.0003209504932987217,
              "max": 0.9997106094060031,
              "sum": 7422.986695647941
            },
            "fluid": {
              "count": 1492344,
              "nonfinite": 0,
              "min": 0.0,
              "mean": 0.0,
              "p01": 0.0,
              "p50": 0.0,
              "p99": 0.0,
              "max": 0.0,
              "sum": 0.0
            },
            "wall": {
              "count": 80520,
              "nonfinite": 0,
              "min": 0.0,
              "mean": 0.09218811097426653,
              "p01": 0.0,
              "p50": 7.216449660063518e-16,
              "p99": 0.9992659230536085,
              "max": 0.9997106094060031,
              "sum": 7422.986695647941
            },
            "lower_wall": {
              "count": 16384,
              "nonfinite": 0,
              "min": 1.2355246403750186e-07,
              "mean": 0.4529206556937065,
              "p01": 8.677533256395975e-07,
              "p50": 0.30777895430516683,
              "p99": 0.9996477232387608,
              "max": 0.9997106094060031,
              "sum": 7420.652022885687
            }
          },
          "WallGradTangent": {
            "all": {
              "count": 1572864,
              "nonfinite": 0,
              "min": 0.0,
              "mean": 0.00019632868780116854,
              "p01": 0.0,
              "p50": 0.0,
              "p99": 5.623032523652125e-06,
              "max": 0.0842642141746207,
              "sum": 308.79832520969717
            },
            "fluid": {
              "count": 1492344,
              "nonfinite": 0,
              "min": 0.0,
              "mean": 0.0,
              "p01": 0.0,
              "p50": 0.0,
              "p99": 0.0,
              "max": 0.0,
              "sum": 0.0
            },
            "wall": {
              "count": 80520,
              "nonfinite": 0,
              "min": 0.0,
              "mean": 0.003835051232112483,
              "p01": 0.0,
              "p50": 0.0,
              "p99": 0.08010570338826857,
              "max": 0.0842642141746207,
              "sum": 308.7983252096971
            },
            "lower_wall": {
              "count": 16384,
              "nonfinite": 0,
              "min": 6.591656750266397e-08,
              "mean": 0.01884755402891218,
              "p01": 5.394486231451536e-07,
              "p50": 0.003912802751105642,
              "p99": 0.08386950710464179,
              "max": 0.0842642141746207,
              "sum": 308.79832520969717
            }
          },
          "WallTanCoeff": {
            "all": {
              "count": 1572864,
              "nonfinite": 0,
              "min": -1.794896453688466e-09,
              "mean": 0.053589103746298876,
              "p01": -1.794896453688466e-09,
              "p50": 0.0,
              "p99": 5.144553966670899,
              "max": 5.144553966670899,
              "sum": 84288.37207481863
            },
            "fluid": {
              "count": 1492344,
              "nonfinite": 0,
              "min": 0.0,
              "mean": 0.0,
              "p01": 0.0,
              "p50": 0.0,
              "p99": 0.0,
              "max": 0.0,
              "sum": 0.0
            },
            "wall": {
              "count": 80520,
              "nonfinite": 0,
              "min": -1.794896453688466e-09,
              "mean": 1.0468004480230815,
              "p01": -1.794896453688466e-09,
              "p50": -1.794896453688466e-09,
              "p99": 5.144553966670899,
              "max": 5.144553966670899,
              "sum": 84288.37207481852
            },
            "lower_wall": {
              "count": 16384,
              "nonfinite": 0,
              "min": 5.144553966670899,
              "mean": 5.144553966670899,
              "p01": 5.144553966670899,
              "p50": 5.144553966670899,
              "p99": 5.144553966670899,
              "max": 5.144553966670899,
              "sum": 84288.37218993601
            }
          },
          "WallPhasePred": {
            "all": {
              "count": 1572864,
              "nonfinite": 0,
              "min": 0.0,
              "mean": 0.005730279043556708,
              "p01": 0.0,
              "p50": 0.0,
              "p99": 0.0006209487770297521,
              "max": 1.0028510456102697,
              "sum": 9012.949617564778
            },
            "fluid": {
              "count": 1492344,
              "nonfinite": 0,
              "min": 0.0,
              "mean": 0.0,
              "p01": 0.0,
              "p50": 0.0,
              "p99": 0.0,
              "max": 0.0,
              "sum": 0.0
            },
            "wall": {
              "count": 80520,
              "nonfinite": 0,
              "min": 0.0,
              "mean": 0.11193429728719302,
              "p01": 0.0,
              "p50": 7.216449660063518e-16,
              "p99": 0.9997104560897562,
              "max": 1.0028510456102697,
              "sum": 9012.949617564782
            },
            "lower_wall": {
              "count": 16384,
              "nonfinite": 0,
              "min": 4.6266380285266187e-07,
              "mean": 0.5499642910646074,
              "p01": 4.0957021942801635e-06,
              "p50": 0.7116672251171052,
              "p99": 1.0026309530745885,
              "max": 1.0028510456102697,
              "sum": 9010.614944802528
            }
          },
          "WallPhaseProfilePred": {
            "all": {
              "count": 1572864,
              "nonfinite": 0,
              "min": 0.0,
              "mean": 0.005130305757629111,
              "p01": 0.0,
              "p50": 0.0,
              "p99": 0.0004539518530315978,
              "max": 0.9998532782184653,
              "sum": 8069.273235167554
            },
            "fluid": {
              "count": 1492344,
              "nonfinite": 0,
              "min": 0.0,
              "mean": 0.0,
              "p01": 0.0,
              "p50": 0.0,
              "p99": 0.0,
              "max": 0.0,
              "sum": 0.0
            },
            "wall": {
              "count": 80520,
              "nonfinite": 0,
              "min": 0.0,
              "mean": 0.10021452105275153,
              "p01": 0.0,
              "p50": 7.216449660063518e-16,
              "p99": 0.9996277296644824,
              "max": 0.9998532782184653,
              "sum": 8069.273235167553
            },
            "lower_wall": {
              "count": 16384,
              "nonfinite": 0,
              "min": 2.437308800706327e-07,
              "mean": 0.49236685561555793,
              "p01": 2.134869111579184e-06,
              "p50": 0.4627696865323218,
              "p99": 0.9998213885635421,
              "max": 0.9998532782184653,
              "sum": 8066.938562405301
            }
          },
          "WallProfileDelta": {
            "all": {
              "count": 1572864,
              "nonfinite": 0,
              "min": -0.00013847421000401372,
              "mean": 0.0005999732859276,
              "p01": 0.0,
              "p50": 0.0,
              "p99": 0.0,
              "max": 0.2699126417250224,
              "sum": 943.6763823972287
            },
            "fluid": {
              "count": 1492344,
              "nonfinite": 0,
              "min": 0.0,
              "mean": 0.0,
              "p01": 0.0,
              "p50": 0.0,
              "p99": 0.0,
              "max": 0.0,
              "sum": 0.0
            },
            "wall": {
              "count": 80520,
              "nonfinite": 0,
              "min": -0.00013847421000401372,
              "mean": 0.011719776234441492,
              "p01": -0.00011999978451837645,
              "p50": 0.0,
              "p99": 0.25546978489812844,
              "max": 0.2699126417250224,
              "sum": 943.6763823972288
            },
            "lower_wall": {
              "count": 16384,
              "nonfinite": 0,
              "min": -0.00013847421000401372,
              "mean": 0.057597435449049605,
              "p01": -0.00012158075153604786,
              "p50": 0.010484215601045288,
              "p99": 0.2680629891181664,
              "max": 0.2699126417250224,
              "sum": 943.6763823972287
            }
          },
          "WallPhaseSignedProfilePred": {
            "all": {
              "count": 1572864,
              "nonfinite": 0,
              "min": 0.0,
              "mean": 0.006012663945759794,
              "p01": 0.0,
              "p50": 0.0,
              "p99": 0.0012648398412748285,
              "max": 0.9997192263130221,
              "sum": 9457.102664383532
            },
            "fluid": {
              "count": 1492344,
              "nonfinite": 0,
              "min": 0.0,
              "mean": 0.0,
              "p01": 0.0,
              "p50": 0.0,
              "p99": 0.0,
              "max": 0.0,
              "sum": 0.0
            },
            "wall": {
              "count": 80520,
              "nonfinite": 0,
              "min": 0.0,
              "mean": 0.11745035599085356,
              "p01": 0.0,
              "p50": 7.216449660063518e-16,
              "p99": 0.9994713976445327,
              "max": 0.9997192263130221,
              "sum": 9457.102664383528
            },
            "lower_wall": {
              "count": 16384,
              "nonfinite": 0,
              "min": 1.9224183906391647e-06,
              "mean": 0.5770732416761032,
              "p01": 2.29171247802023e-05,
              "p50": 0.7474777904220326,
              "p99": 0.9996969477332134,
              "max": 0.9997192263130221,
              "sum": 9454.767991621275
            }
          },
          "WallSignedProfileDelta": {
            "all": {
              "count": 1572864,
              "nonfinite": 0,
              "min": -0.4011906402258225,
              "mean": -0.00028238490220307977,
              "p01": 0.0,
              "p50": 0.0,
              "p99": 0.0,
              "max": 0.09921711272801514,
              "sum": -444.1530468187449
            },
            "fluid": {
              "count": 1492344,
              "nonfinite": 0,
              "min": 0.0,
              "mean": 0.0,
              "p01": 0.0,
              "p50": 0.0,
              "p99": 0.0,
              "max": 0.0,
              "sum": 0.0
            },
            "wall": {
              "count": 80520,
              "nonfinite": 0,
              "min": -0.4011906402258225,
              "mean": -0.005516058703660519,
              "p01": -0.18757148510165256,
              "p50": 0.0,
              "p99": 0.08792082695470571,
              "max": 0.09921711272801514,
              "sum": -444.15304681874494
            },
            "lower_wall": {
              "count": 16384,
              "nonfinite": 0,
              "min": -0.4011906402258225,
              "mean": -0.027108950611495666,
              "p01": -0.19552818365056035,
              "p50": -2.7497754304939373e-05,
              "p99": 0.09829444791120356,
              "max": 0.09921711272801514,
              "sum": -444.153046818745
            }
          },
          "WallSignedLogitShift": {
            "all": {
              "count": 1572864,
              "nonfinite": 0,
              "min": 0.0,
              "mean": 0.017828030100856776,
              "p01": 0.0,
              "p50": 0.0,
              "p99": 0.2988117935766649,
              "max": 4.852683375567842,
              "sum": 28041.066736553992
            },
            "fluid": {
              "count": 1492344,
              "nonfinite": 0,
              "min": 0.0,
              "mean": 0.0,
              "p01": 0.0,
              "p50": 0.0,
              "p99": 0.0,
              "max": 0.0,
              "sum": 0.0
            },
            "wall": {
              "count": 80520,
              "nonfinite": 0,
              "min": 0.0,
              "mean": 0.3482497110848735,
              "p01": 0.0,
              "p50": 0.0,
              "p99": 2.7626981861805375,
              "max": 4.852683375567842,
              "sum": 28041.066736554014
            },
            "lower_wall": {
              "count": 16384,
              "nonfinite": 0,
              "min": 0.01449880118798999,
              "mean": 1.711490889682252,
              "p01": 0.15055157987723986,
              "p50": 1.8936613095705195,
              "p99": 4.756194563536991,
              "max": 4.852683375567842,
              "sum": 28041.066736554018
            }
          },
          "WallFluidSampleCount": {
            "all": {
              "count": 1572864,
              "nonfinite": 0,
              "min": 0.0,
              "mean": 3.7336578369140625,
              "p01": 0.0,
              "p50": 0.0,
              "p99": 75.0,
              "max": 75.0,
              "sum": 5872536.0
            },
            "fluid": {
              "count": 1492344,
              "nonfinite": 0,
              "min": 0.0,
              "mean": 0.0,
              "p01": 0.0,
              "p50": 0.0,
              "p99": 0.0,
              "max": 0.0,
              "sum": 0.0
            },
            "wall": {
              "count": 80520,
              "nonfinite": 0,
              "min": 27.0,
              "mean": 72.93263785394933,
              "p01": 45.0,
              "p50": 75.0,
              "p99": 75.0,
              "max": 75.0,
              "sum": 5872536.0
            },
            "lower_wall": {
              "count": 16384,
              "nonfinite": 0,
              "min": 27.0,
              "mean": 72.674560546875,
              "p01": 45.0,
              "p50": 75.0,
              "p99": 75.0,
              "max": 75.0,
              "sum": 1190700.0
            }
          },
          "WallFluidSampleH": {
            "all": {
              "count": 1572864,
              "nonfinite": 0,
              "min": 0.0,
              "mean": 0.025780718478134467,
              "p01": 0.0,
              "p50": 0.0,
              "p99": 0.5,
              "max": 0.8660254037844386,
              "sum": 40549.56398839249
            },
            "fluid": {
              "count": 1492344,
              "nonfinite": 0,
              "min": 0.0,
              "mean": 0.0,
              "p01": 0.0,
              "p50": 0.0,
              "p99": 0.0,
              "max": 0.0,
              "sum": 0.0
            },
            "wall": {
              "count": 80520,
              "nonfinite": 0,
              "min": 0.5,
              "mean": 0.5035961747192308,
              "p01": 0.5,
              "p50": 0.5,
              "p99": 0.7071067811865476,
              "max": 0.8660254037844386,
              "sum": 40549.56398839246
            },
            "lower_wall": {
              "count": 16384,
              "nonfinite": 0,
              "min": 0.5,
              "mean": 0.5064603222249242,
              "p01": 0.5,
              "p50": 0.5,
              "p99": 0.7071067811865476,
              "max": 0.8660254037844386,
              "sum": 8297.845919333158
            }
          },
          "WallPhaseRawPred": {
            "all": {
              "count": 1572864,
              "nonfinite": 0,
              "min": 0.0,
              "mean": 0.005730279043556708,
              "p01": 0.0,
              "p50": 0.0,
              "p99": 0.0006209487770297521,
              "max": 1.0028510456102697,
              "sum": 9012.949617564778
            },
            "fluid": {
              "count": 1492344,
              "nonfinite": 0,
              "min": 0.0,
              "mean": 0.0,
              "p01": 0.0,
              "p50": 0.0,
              "p99": 0.0,
              "max": 0.0,
              "sum": 0.0
            },
            "wall": {
              "count": 80520,
              "nonfinite": 0,
              "min": 0.0,
              "mean": 0.11193429728719302,
              "p01": 0.0,
              "p50": 7.216449660063518e-16,
              "p99": 0.9997104560897562,
              "max": 1.0028510456102697,
              "sum": 9012.949617564782
            },
            "lower_wall": {
              "count": 16384,
              "nonfinite": 0,
              "min": 4.6266380285266187e-07,
              "mean": 0.5499642910646074,
              "p01": 4.0957021942801635e-06,
              "p50": 0.7116672251171052,
              "p99": 1.0026309530745885,
              "max": 1.0028510456102697,
              "sum": 9010.614944802528
            }
          },
          "WallPhaseSignedPred": {
            "all": {
              "count": 1572864,
              "nonfinite": 0,
              "min": 0.0,
              "mean": 0.006011179600792738,
              "p01": 0.0,
              "p50": 0.0,
              "p99": 0.0002507327026325367,
              "max": 0.9997192263130221,
              "sum": 9454.76799162127
            },
            "fluid": {
              "count": 1492344,
              "nonfinite": 0,
              "min": 0.0,
              "mean": 0.0,
              "p01": 0.0,
              "p50": 0.0,
              "p99": 0.0,
              "max": 0.0,
              "sum": 0.0
            },
            "wall": {
              "count": 80520,
              "nonfinite": 0,
              "min": 0.0,
              "mean": 0.11742136104845098,
              "p01": 0.0,
              "p50": 0.0,
              "p99": 0.9994713976445327,
              "max": 0.9997192263130221,
              "sum": 9454.767991621273
            },
            "lower_wall": {
              "count": 16384,
              "nonfinite": 0,
              "min": 1.9224183906391647e-06,
              "mean": 0.5770732416761032,
              "p01": 2.29171247802023e-05,
              "p50": 0.7474777904220326,
              "p99": 0.9996969477332134,
              "max": 0.9997192263130221,
              "sum": 9454.767991621275
            }
          },
          "WallContactResidual": {
            "all": {
              "count": 1572864,
              "nonfinite": 0,
              "min": -0.018317647591986508,
              "mean": 0.0014673944351836917,
              "p01": 0.0,
              "p50": 0.0,
              "p99": 0.003660072593447583,
              "max": 1.1469636258094469,
              "sum": 2308.011880900762
            },
            "fluid": {
              "count": 1492344,
              "nonfinite": 0,
              "min": 0.0,
              "mean": 0.0,
              "p01": 0.0,
              "p50": 0.0,
              "p99": 0.0,
              "max": 0.0,
              "sum": 0.0
            },
            "wall": {
              "count": 80520,
              "nonfinite": 0,
              "min": -0.018317647591986508,
              "mean": 0.028663833592905624,
              "p01": 0.0,
              "p50": 0.0,
              "p99": 0.25830610186088476,
              "max": 1.1469636258094469,
              "sum": 2308.011880900761
            },
            "lower_wall": {
              "count": 16384,
              "nonfinite": 0,
              "min": -0.018317647591986508,
              "mean": 0.14086986577763433,
              "p01": -0.012516654786480504,
              "p50": 0.1090130483936248,
              "p99": 0.8218013749206801,
              "max": 1.1469636258094469,
              "sum": 2308.011880900761
            }
          },
          "WallSignedNormalGrad": {
            "all": {
              "count": 1572864,
              "nonfinite": 0,
              "min": -0.1539321652831424,
              "mean": -0.00035970381209562665,
              "p01": -5.133793564343625e-06,
              "p50": 0.0,
              "p99": 0.0,
              "max": 1.2986345624595854e-08,
              "sum": -565.7651767079757
            },
            "fluid": {
              "count": 1492344,
              "nonfinite": 0,
              "min": 0.0,
              "mean": 0.0,
              "p01": 0.0,
              "p50": 0.0,
              "p99": 0.0,
              "max": 0.0,
              "sum": 0.0
            },
            "wall": {
              "count": 80520,
              "nonfinite": 0,
              "min": -0.1539321652831424,
              "mean": -0.007026393153352902,
              "p01": -0.14652808293411312,
              "p50": 0.0,
              "p99": 0.0,
              "max": 1.2986345624595854e-08,
              "sum": -565.7651767079757
            },
            "lower_wall": {
              "count": 16384,
              "nonfinite": 0,
              "min": -0.1539321652831424,
              "mean": -0.034531565961180156,
              "p01": -0.15353617319375168,
              "p50": -0.0072395082648703535,
              "p99": -2.867725465427462e-07,
              "max": 1.2986345624595854e-08,
              "sum": -565.7651767079757
            }
          },
          "WallTangentGradMag": {
            "all": {
              "count": 1572864,
              "nonfinite": 0,
              "min": 0.0,
              "mean": 0.00019632868780116854,
              "p01": 0.0,
              "p50": 0.0,
              "p99": 5.623032523652125e-06,
              "max": 0.0842642141746207,
              "sum": 308.79832520969717
            },
            "fluid": {
              "count": 1492344,
              "nonfinite": 0,
              "min": 0.0,
              "mean": 0.0,
              "p01": 0.0,
              "p50": 0.0,
              "p99": 0.0,
              "max": 0.0,
              "sum": 0.0
            },
            "wall": {
              "count": 80520,
              "nonfinite": 0,
              "min": 0.0,
              "mean": 0.003835051232112483,
              "p01": 0.0,
              "p50": 0.0,
              "p99": 0.08010570338826857,
              "max": 0.0842642141746207,
              "sum": 308.7983252096971
            },
            "lower_wall": {
              "count": 16384,
              "nonfinite": 0,
              "min": 6.591656750266397e-08,
              "mean": 0.01884755402891218,
              "p01": 5.394486231451536e-07,
              "p50": 0.003912802751105642,
              "p99": 0.08386950710464179,
              "max": 0.0842642141746207,
              "sum": 308.79832520969717
            }
          },
          "WallSignedDeltaQ": {
            "all": {
              "count": 1572864,
              "nonfinite": 0,
              "min": 0.0,
              "mean": 0.01782803010085678,
              "p01": 0.0,
              "p50": 0.0,
              "p99": 0.298811793576753,
              "max": 4.852683375567842,
              "sum": 28041.066736554
            },
            "fluid": {
              "count": 1492344,
              "nonfinite": 0,
              "min": 0.0,
              "mean": 0.0,
              "p01": 0.0,
              "p50": 0.0,
              "p99": 0.0,
              "max": 0.0,
              "sum": 0.0
            },
            "wall": {
              "count": 80520,
              "nonfinite": 0,
              "min": 0.0,
              "mean": 0.3482497110848735,
              "p01": 0.0,
              "p50": 0.0,
              "p99": 2.7626981861805375,
              "max": 4.852683375567842,
              "sum": 28041.066736554014
            },
            "lower_wall": {
              "count": 16384,
              "nonfinite": 0,
              "min": 0.014498801188060677,
              "mean": 1.711490889682252,
              "p01": 0.15055157987730555,
              "p50": 1.8936613095705195,
              "p99": 4.756194563536991,
              "max": 4.852683375567842,
              "sum": 28041.066736554018
            }
          },
          "WallSignedQClipped": {
            "all": {
              "count": 1572864,
              "nonfinite": 0,
              "min": 0.0,
              "mean": 0.0,
              "p01": 0.0,
              "p50": 0.0,
              "p99": 0.0,
              "max": 0.0,
              "sum": 0.0
            },
            "fluid": {
              "count": 1492344,
              "nonfinite": 0,
              "min": 0.0,
              "mean": 0.0,
              "p01": 0.0,
              "p50": 0.0,
              "p99": 0.0,
              "max": 0.0,
              "sum": 0.0
            },
            "wall": {
              "count": 80520,
              "nonfinite": 0,
              "min": 0.0,
              "mean": 0.0,
              "p01": 0.0,
              "p50": 0.0,
              "p99": 0.0,
              "max": 0.0,
              "sum": 0.0
            },
            "lower_wall": {
              "count": 16384,
              "nonfinite": 0,
              "min": 0.0,
              "mean": 0.0,
              "p01": 0.0,
              "p50": 0.0,
              "p99": 0.0,
              "max": 0.0,
              "sum": 0.0
            }
          },
          "BoundaryMask": {
            "all": {
              "count": 1572864,
              "nonfinite": 0,
              "min": 0.0,
              "mean": 0.0511932373046875,
              "p01": 0.0,
              "p50": 0.0,
              "p99": 1.0,
              "max": 1.0,
              "sum": 80520.0
            },
            "fluid": {
              "count": 1492344,
              "nonfinite": 0,
              "min": 0.0,
              "mean": 0.0,
              "p01": 0.0,
              "p50": 0.0,
              "p99": 0.0,
              "max": 0.0,
              "sum": 0.0
            },
            "wall": {
              "count": 80520,
              "nonfinite": 0,
              "min": 1.0,
              "mean": 1.0,
              "p01": 1.0,
              "p50": 1.0,
              "p99": 1.0,
              "max": 1.0,
              "sum": 80520.0
            },
            "lower_wall": {
              "count": 16384,
              "nonfinite": 0,
              "min": 1.0,
              "mean": 1.0,
              "p01": 1.0,
              "p50": 1.0,
              "p99": 1.0,
              "max": 1.0,
              "sum": 16384.0
            }
          },
          "WallH": {
            "all": {
              "count": 1572864,
              "nonfinite": 0,
              "min": 0.0,
              "mean": 0.025780718478134467,
              "p01": 0.0,
              "p50": 0.0,
              "p99": 0.5,
              "max": 0.8660254037844386,
              "sum": 40549.56398839249
            },
            "fluid": {
              "count": 1492344,
              "nonfinite": 0,
              "min": 0.0,
              "mean": 0.0,
              "p01": 0.0,
              "p50": 0.0,
              "p99": 0.0,
              "max": 0.0,
              "sum": 0.0
            },
            "wall": {
              "count": 80520,
              "nonfinite": 0,
              "min": 0.5,
              "mean": 0.5035961747192308,
              "p01": 0.5,
              "p50": 0.5,
              "p99": 0.7071067811865476,
              "max": 0.8660254037844386,
              "sum": 40549.56398839246
            },
            "lower_wall": {
              "count": 16384,
              "nonfinite": 0,
              "min": 0.5,
              "mean": 0.5064603222249242,
              "p01": 0.5,
              "p50": 0.5,
              "p99": 0.7071067811865476,
              "max": 0.8660254037844386,
              "sum": 8297.845919333158
            }
          },
          "WallNormalCoeff1": {
            "all": {
              "count": 1572864,
              "nonfinite": 0,
              "min": -0.1539321652831424,
              "mean": -0.0003596842370530299,
              "p01": -5.047712464345544e-06,
              "p50": 0.0,
              "p99": 0.0,
              "max": 7.497670142149934e-09,
              "sum": -565.7343878281769
            },
            "fluid": {
              "count": 1492344,
              "nonfinite": 0,
              "min": 0.0,
              "mean": 0.0,
              "p01": 0.0,
              "p50": 0.0,
              "p99": 0.0,
              "max": 0.0,
              "sum": 0.0
            },
            "wall": {
              "count": 80520,
              "nonfinite": 0,
              "min": -0.1539321652831424,
              "mean": -0.007026010777796532,
              "p01": -0.14652808293411312,
              "p50": 0.0,
              "p99": 0.0,
              "max": 7.497670142149934e-09,
              "sum": -565.7343878281768
            },
            "lower_wall": {
              "count": 16384,
              "nonfinite": 0,
              "min": -0.1539321652831424,
              "mean": -0.034529686757090866,
              "p01": -0.15353617319375168,
              "p50": -0.0072395082648703535,
              "p99": -2.805997127985904e-07,
              "max": 7.497670142149934e-09,
              "sum": -565.7343878281768
            }
          },
          "WallNormalCoeff2": {
            "all": {
              "count": 1572864,
              "nonfinite": 0,
              "min": -0.14422538482444677,
              "mean": -0.0003637664719885108,
              "p01": -3.444749239883693e-06,
              "p50": 0.0,
              "p99": 0.0,
              "max": 7.858133153441452e-09,
              "sum": -572.1551881977371
            },
            "fluid": {
              "count": 1492344,
              "nonfinite": 0,
              "min": 0.0,
              "mean": 0.0,
              "p01": 0.0,
              "p50": 0.0,
              "p99": 0.0,
              "max": 0.0,
              "sum": 0.0
            },
            "wall": {
              "count": 80520,
              "nonfinite": 0,
              "min": -0.14422538482444677,
              "mean": -0.0071057524614721425,
              "p01": -0.13865142541481512,
              "p50": 0.0,
              "p99": 0.0,
              "max": 7.858133153441452e-09,
              "sum": -572.155188197737
            },
            "lower_wall": {
              "count": 16384,
              "nonfinite": 0,
              "min": -0.14422538482444677,
              "mean": -0.03492158131089703,
              "p01": -0.14404909246221814,
              "p50": -0.008683963084295476,
              "p99": -1.9671724635350607e-07,
              "max": 7.858133153441452e-09,
              "sum": -572.155188197737
            }
          },
          "WallActualMinusProfile": {
            "all": {
              "count": 1572864,
              "nonfinite": 0,
              "min": -0.0002505610012628612,
              "mean": 0.0008823581881306796,
              "p01": 0.0,
              "p50": 0.0,
              "p99": 0.0,
              "max": 0.42343424004754565,
              "sum": 1387.8294292159733
            },
            "fluid": {
              "count": 1492344,
              "nonfinite": 0,
              "min": 0.0,
              "mean": 0.0,
              "p01": 0.0,
              "p50": 0.0,
              "p99": 0.0,
              "max": 0.0,
              "sum": 0.0
            },
            "wall": {
              "count": 80520,
              "nonfinite": 0,
              "min": -0.0002505610012628612,
              "mean": 0.017235834938102,
              "p01": -0.0002300125709582268,
              "p50": 0.0,
              "p99": 0.3210037495121968,
              "max": 0.42343424004754565,
              "sum": 1387.829429215973
            },
            "lower_wall": {
              "count": 16384,
              "nonfinite": 0,
              "min": -0.0002505610012628612,
              "mean": 0.08470638606054523,
              "p01": -0.00024803122841328797,
              "p50": 0.01950519809093216,
              "p99": 0.32898213031206436,
              "max": 0.42343424004754565,
              "sum": 1387.829429215973
            }
          },
          "WallActualMinusRaw": {
            "all": {
              "count": 1572864,
              "nonfinite": 0,
              "min": -0.09921711272801526,
              "mean": 0.00028238490220307944,
              "p01": -6.310887241768095e-30,
              "p50": 0.0,
              "p99": 0.0,
              "max": 0.4011906402258225,
              "sum": 444.1530468187443
            },
            "fluid": {
              "count": 1492344,
              "nonfinite": 0,
              "min": 0.0,
              "mean": 0.0,
              "p01": 0.0,
              "p50": 0.0,
              "p99": 0.0,
              "max": 0.0,
              "sum": 0.0
            },
            "wall": {
              "count": 80520,
              "nonfinite": 0,
              "min": -0.09921711272801526,
              "mean": 0.005516058703660512,
              "p01": -0.08792082695470593,
              "p50": 0.0,
              "p99": 0.18757148510165267,
              "max": 0.4011906402258225,
              "sum": 444.1530468187444
            },
            "lower_wall": {
              "count": 16384,
              "nonfinite": 0,
              "min": -0.09921711272801526,
              "mean": 0.027108950611495628,
              "p01": -0.09829444791120345,
              "p50": 2.7497754304939366e-05,
              "p99": 0.19552818365056024,
              "max": 0.4011906402258225,
              "sum": 444.1530468187444
            }
          },
          "WallBCPath": {
            "all": {
              "count": 1572864,
              "nonfinite": 0,
              "min": 0.0,
              "mean": 0.133636474609375,
              "p01": 0.0,
              "p50": 0.0,
              "p99": 5.0,
              "max": 5.0,
              "sum": 210192.0
            },
            "fluid": {
              "count": 1492344,
              "nonfinite": 0,
              "min": 0.0,
              "mean": 0.0,
              "p01": 0.0,
              "p50": 0.0,
              "p99": 0.0,
              "max": 0.0,
              "sum": 0.0
            },
            "wall": {
              "count": 80520,
              "nonfinite": 0,
              "min": 2.0,
              "mean": 2.6104321907600596,
              "p01": 2.0,
              "p50": 2.0,
              "p99": 5.0,
              "max": 5.0,
              "sum": 210192.0
            },
            "lower_wall": {
              "count": 16384,
              "nonfinite": 0,
              "min": 5.0,
              "mean": 5.0,
              "p01": 5.0,
              "p50": 5.0,
              "p99": 5.0,
              "max": 5.0,
              "sum": 81920.0
            }
          },
          "SpecialBoundaryPoint": {
            "all": {
              "count": 1572864,
              "nonfinite": 0,
              "min": 0.0,
              "mean": 0.0,
              "p01": 0.0,
              "p50": 0.0,
              "p99": 0.0,
              "max": 0.0,
              "sum": 0.0
            },
            "fluid": {
              "count": 1492344,
              "nonfinite": 0,
              "min": 0.0,
              "mean": 0.0,
              "p01": 0.0,
              "p50": 0.0,
              "p99": 0.0,
              "max": 0.0,
              "sum": 0.0
            },
            "wall": {
              "count": 80520,
              "nonfinite": 0,
              "min": 0.0,
              "mean": 0.0,
              "p01": 0.0,
              "p50": 0.0,
              "p99": 0.0,
              "max": 0.0,
              "sum": 0.0
            },
            "lower_wall": {
              "count": 16384,
              "nonfinite": 0,
              "min": 0.0,
              "mean": 0.0,
              "p01": 0.0,
              "p50": 0.0,
              "p99": 0.0,
              "max": 0.0,
              "sum": 0.0
            }
          },
          "WallGeomNormalMag": {
            "all": {
              "count": 1572864,
              "nonfinite": 0,
              "min": 0.0,
              "mean": 0.051561436956268934,
              "p01": 0.0,
              "p50": 0.0,
              "p99": 1.0,
              "max": 1.7320508075688772,
              "sum": 81099.12797678498
            },
            "fluid": {
              "count": 1492344,
              "nonfinite": 0,
              "min": 0.0,
              "mean": 0.0,
              "p01": 0.0,
              "p50": 0.0,
              "p99": 0.0,
              "max": 0.0,
              "sum": 0.0
            },
            "wall": {
              "count": 80520,
              "nonfinite": 0,
              "min": 1.0,
              "mean": 1.0071923494384616,
              "p01": 1.0,
              "p50": 1.0,
              "p99": 1.4142135623730951,
              "max": 1.7320508075688772,
              "sum": 81099.12797678492
            },
            "lower_wall": {
              "count": 16384,
              "nonfinite": 0,
              "min": 1.0,
              "mean": 1.0129206444498484,
              "p01": 1.0,
              "p50": 1.0,
              "p99": 1.4142135623730951,
              "max": 1.7320508075688772,
              "sum": 16595.691838666316
            }
          },
          "WallGrad1Mag": {
            "all": {
              "count": 1572864,
              "nonfinite": 0,
              "min": 0.0,
              "mean": 0.0004087108468273901,
              "p01": 0.0,
              "p50": 0.0,
              "p99": 8.972520238003253e-06,
              "max": 0.1726518620438215,
              "sum": 642.8465773843161
            },
            "fluid": {
              "count": 1492344,
              "nonfinite": 0,
              "min": 0.0,
              "mean": 0.0,
              "p01": 0.0,
              "p50": 0.0,
              "p99": 0.0,
              "max": 0.0,
              "sum": 0.0
            },
            "wall": {
              "count": 80520,
              "nonfinite": 0,
              "min": 0.0,
              "mean": 0.007983688243719768,
              "p01": 0.0,
              "p50": 0.0,
              "p99": 0.16498479517679807,
              "max": 0.1726518620438215,
              "sum": 642.8465773843157
            },
            "lower_wall": {
              "count": 16384,
              "nonfinite": 0,
              "min": 7.854496830275099e-08,
              "mean": 0.03923624129542942,
              "p01": 5.660629390062809e-07,
              "p50": 0.008444136616016519,
              "p99": 0.1723029691183261,
              "max": 0.1726518620438215,
              "sum": 642.8465773843157
            }
          },
          "WallGrad2Mag": {
            "all": {
              "count": 1572864,
              "nonfinite": 0,
              "min": 0.0,
              "mean": 0.0004088494745848815,
              "p01": 0.0,
              "p50": 0.0,
              "p99": 5.931137053939997e-06,
              "max": 0.16278352891337797,
              "sum": 643.064619993475
            },
            "fluid": {
              "count": 1492344,
              "nonfinite": 0,
              "min": 0.0,
              "mean": 0.0,
              "p01": 0.0,
              "p50": 0.0,
              "p99": 0.0,
              "max": 0.0,
              "sum": 0.0
            },
            "wall": {
              "count": 80520,
              "nonfinite": 0,
              "min": 0.0,
              "mean": 0.007986396174782352,
              "p01": 0.0,
              "p50": 0.0,
              "p99": 0.1565979194797577,
              "max": 0.16278352891337797,
              "sum": 643.0646199934749
            },
            "lower_wall": {
              "count": 16384,
              "nonfinite": 0,
              "min": 5.1136410962188136e-08,
              "mean": 0.03924954956014862,
              "p01": 4.489296415537763e-07,
              "p50": 0.009701857209053496,
              "p99": 0.162479815610208,
              "max": 0.16278352891337797,
              "sum": 643.0646199934749
            }
          },
          "WallGradTangentVecMag": {
            "all": {
              "count": 1572864,
              "nonfinite": 0,
              "min": 0.0,
              "mean": 0.00019632868780116854,
              "p01": 0.0,
              "p50": 0.0,
              "p99": 5.623032523652125e-06,
              "max": 0.0842642141746207,
              "sum": 308.79832520969717
            },
            "fluid": {
              "count": 1492344,
              "nonfinite": 0,
              "min": 0.0,
              "mean": 0.0,
              "p01": 0.0,
              "p50": 0.0,
              "p99": 0.0,
              "max": 0.0,
              "sum": 0.0
            },
            "wall": {
              "count": 80520,
              "nonfinite": 0,
              "min": 0.0,
              "mean": 0.003835051232112483,
              "p01": 0.0,
              "p50": 0.0,
              "p99": 0.08010570338826857,
              "max": 0.0842642141746207,
              "sum": 308.7983252096971
            },
            "lower_wall": {
              "count": 16384,
              "nonfinite": 0,
              "min": 6.591656750266397e-08,
              "mean": 0.01884755402891218,
              "p01": 5.394486231451536e-07,
              "p50": 0.003912802751105642,
              "p99": 0.08386950710464179,
              "max": 0.0842642141746207,
              "sum": 308.79832520969717
            }
          },
          "UMag": {
            "all": {
              "count": 1572864,
              "nonfinite": 0,
              "min": 0.0,
              "mean": 0.0,
              "p01": 0.0,
              "p50": 0.0,
              "p99": 0.0,
              "max": 0.0,
              "sum": 0.0
            },
            "fluid": {
              "count": 1492344,
              "nonfinite": 0,
              "min": 0.0,
              "mean": 0.0,
              "p01": 0.0,
              "p50": 0.0,
              "p99": 0.0,
              "max": 0.0,
              "sum": 0.0
            },
            "wall": {
              "count": 80520,
              "nonfinite": 0,
              "min": 0.0,
              "mean": 0.0,
              "p01": 0.0,
              "p50": 0.0,
              "p99": 0.0,
              "max": 0.0,
              "sum": 0.0
            },
            "lower_wall": {
              "count": 16384,
              "nonfinite": 0,
              "min": 0.0,
              "mean": 0.0,
              "p01": 0.0,
              "p50": 0.0,
              "p99": 0.0,
              "max": 0.0,
              "sum": 0.0
            }
          }
        },
        "max_mach": 0.0
      },
      "rows": [
        {
          "case_id": "cap_theta030_wall011",
          "step": 0,
          "init_theta_deg": 30.0,
          "wall_rad_angle_deg": 11.0,
          "angle_apparent_deg": 28.484486480302778,
          "angle_error_vs_init_deg": -1.5155135196972225,
          "angle_error_vs_wall_rad_deg": 17.484486480302778,
          "fit_point_count": 138,
          "phase_fluid_sum": 52593.44512836894,
          "phase_fluid_rel_change": 0.0,
          "rho_fluid_sum": 54033.19568324057,
          "rho_fluid_rel_change": 0.0,
          "phase_fluid_min": 0.0,
          "phase_fluid_max": 0.9997106094060031,
          "wall_phase_pred_min": 0.0,
          "wall_phase_pred_max": 1.0028510456102697,
          "wall_phase_raw_min": 0.0,
          "wall_phase_raw_max": 1.0028510456102697,
          "wall_phase_profile_max": 0.9998532782184653,
          "wall_phase_signed_profile_max": 0.9997192263130221,
          "wall_phase_signed_min": 0.0,
          "wall_phase_signed_max": 0.9997192263130221,
          "wall_signed_logit_shift_max": 4.852683375567842,
          "wall_contact_residual_mean": 0.028663833592905624,
          "wall_contact_residual_min": -0.018317647591986508,
          "wall_contact_residual_max": 1.1469636258094469,
          "wall_signed_normal_grad_mean": -0.007026393153352902,
          "wall_tangent_grad_mag_mean": 0.003835051232112483,
          "wall_signed_delta_q_min": 0.0,
          "wall_signed_delta_q_max": 4.852683375567842,
          "wall_signed_q_clipped_sum": 0.0,
          "max_mach": 0.0,
          "nonfinite_total": 0,
          "path_counts": "{\"2\": 64136, \"5\": 16384}"
        }
      ],
      "claim_limit": "flat-wall runtime sanity/contact-response diagnostic only"
    }
  ],
  "claim_limit": "flat-wall runtime sanity/contact-response diagnostic only"
}
