{
  "status": "runtime_sanity",
  "decision": {
    "status": "runtime_sanity",
    "claim_limit": "runtime_sanity / exploratory_not_validation only",
    "write_mode_allowed": false,
    "write_mode_blocked": true,
    "block_reason": "Stage8g is shadow-only; sphere Stage8OperatorMode=2 remains forbidden",
    "shadow_gate_passed_for_planning": true,
    "root_cause_classification": "stage8g_mode1_cap_contract_revision_shadow_gate_passed",
    "final_stage8g_mode": 1,
    "final_vector_limiter_fraction": 0.0,
    "final_normal_limiter_fraction": 0.0,
    "final_limiter_ratio_p50": 1.0,
    "final_limiter_ratio_p10": 1.0,
    "final_outer90_normal_limiter_count": 0,
    "final_ratio_cap_limiter_fraction_of_normal_limiter": NaN,
    "final_abs_cap_limiter_fraction_of_normal_limiter": NaN,
    "final_cap_demand_ratio_p50": 0.1681819961036521,
    "final_regularization_ratio_p50": 1.0,
    "final_profile_target_mismatch_p50": 0.010204644354672117,
    "final_profile_conflict_p50": 0.0,
    "final_normal_raw_abs_p50": 0.06343939029940374,
    "final_target_minus_raw_abs_p50": 0.004011402149404861,
    "final_tangent_mag_p95": 0.0769185529214406,
    "final_raw_delta_p99": 0.019982619812245007,
    "final_normal_delta_limited_p99": 0.019982619812245007
  },
  "frames": [
    0,
    100,
    1000
  ]
}
