{
  "status": "runtime_sanity",
  "decision": {
    "status": "runtime_sanity",
    "claim_limit": "runtime_sanity / exploratory_not_validation only",
    "write_mode_allowed": false,
    "write_mode_blocked": true,
    "block_reason": "Stage8h is shadow-only; sphere Stage8OperatorMode=2 remains forbidden",
    "shadow_gate_passed_for_planning": false,
    "root_cause_classification": "sphere11_low_angle_stage8h_candidate_dominated_candidate_demand_still_high_cos_residual_weaker_than_tan_profile_mismatch_weighted",
    "final_stage8g_mode": 3,
    "final_stage8h_mode": 0,
    "final_vector_limiter_fraction": 0.0,
    "final_normal_limiter_fraction": 0.7705627705627706,
    "final_stage8h_limiter_equivalent_fraction": 0.7705627705627706,
    "final_limiter_ratio_p50": 0.3722503330988963,
    "final_limiter_ratio_p10": 0.16977529054050264,
    "final_outer90_normal_limiter_count": 0,
    "final_outer90_stage8h_limiter_equivalent_count": 0,
    "final_fallback_stage8h_limiter_equivalent_count": 0,
    "final_ratio_cap_limiter_fraction_of_normal_limiter": 0.46629213483146065,
    "final_abs_cap_limiter_fraction_of_normal_limiter": 0.5337078651685393,
    "final_cap_demand_ratio_p50": 2.686364285225042,
    "final_regularization_ratio_p50": 0.613814419708195,
    "final_profile_target_mismatch_p50": 0.07145039448674828,
    "final_profile_conflict_p50": 0.0,
    "final_normal_raw_abs_p50": 0.05119266378058963,
    "final_target_minus_raw_abs_p50": 0.10335888520140053,
    "final_tangent_mag_p95": 0.13555046771429619,
    "final_raw_delta_p99": 0.36618159734747535,
    "final_normal_delta_limited_p99": -1.4427583971647776e-05,
    "final_stage8h_candidate_demand_ratio_p50": 2.686364285225042,
    "final_stage8h_candidate_demand_ratio_p95": 6.811492630668494,
    "final_stage8h_candidate_demand_ratio_p99": 7.323631946949506,
    "final_stage8h_beta_relaxation_p50": 0.19622365299321576,
    "final_stage8h_profile_consistency_weight_p50": 0.4116907171137738,
    "final_stage8h_cos_to_tan_ratio_p50": 0.17529507690078241
  },
  "frames": [
    0,
    100,
    1000
  ]
}
