MPMD: TCLB: local:0/1 work:0/1 ---  connected to:
[  ]    ---- : Using std::chrono::steady_clock::now() for walltime
[  ]    #### : -------------------------------------------------------------------------
[  ]    #### : -  CLB version:                                                         -
[  ]    #### : -        Model: d3q27_pf_velocity_q27_geometric                               -
[  ]    #### : -------------------------------------------------------------------------
[  ]    #### : Setting output path to: case
[ 0]    ---- : Selecting device 0/1
[  ]    ---- :   Threads  |      Action
[  ]    ==== :    32x4    | BorderExecutor<(eOperationType)0, (eCalculateGlobals)0, (eStage)0> --- Reduced from maximum 512
[  ]    ==== :    32x4    | BorderExecutor<(eOperationType)0, (eCalculateGlobals)0, (eStage)1> --- Reduced from maximum 384
[  ]    ==== :    32x4    | BorderExecutor<(eOperationType)0, (eCalculateGlobals)0, (eStage)2> --- Reduced from maximum 384
[  ]    ==== :    32x4    | BorderExecutor<(eOperationType)0, (eCalculateGlobals)0, (eStage)3> --- Reduced from maximum 256
[  ]    ==== :    32x4    | BorderExecutor<(eOperationType)0, (eCalculateGlobals)0, (eStage)4> --- Reduced from maximum 1024
[  ]    ==== :    32x4    | BorderExecutor<(eOperationType)0, (eCalculateGlobals)0, (eStage)5> --- Reduced from maximum 512
[  ]    ==== :    32x4    | BorderExecutor<(eOperationType)0, (eCalculateGlobals)0, (eStage)6> --- Reduced from maximum 256
[  ]    ==== :    32x4    | BorderExecutor<(eOperationType)0, (eCalculateGlobals)0, (eStage)7> --- Reduced from maximum 640
[  ]    ==== :    32x4    | BorderExecutor<(eOperationType)0, (eCalculateGlobals)0, (eStage)8> --- Reduced from maximum 640
[  ]    ==== :    32x4    | BorderExecutor<(eOperationType)0, (eCalculateGlobals)0, (eStage)9> --- Reduced from maximum 256
[  ]    ==== :    32x4    | BorderExecutor<(eOperationType)0, (eCalculateGlobals)1, (eStage)0> --- Reduced from maximum 640
[  ]    ==== :    32x4    | BorderExecutor<(eOperationType)0, (eCalculateGlobals)1, (eStage)1> --- Reduced from maximum 384
[  ]    ==== :    32x4    | BorderExecutor<(eOperationType)0, (eCalculateGlobals)1, (eStage)2> --- Reduced from maximum 256
[  ]    ==== :    32x4    | BorderExecutor<(eOperationType)0, (eCalculateGlobals)1, (eStage)3> --- Reduced from maximum 256
[  ]    ==== :    32x4    | BorderExecutor<(eOperationType)0, (eCalculateGlobals)1, (eStage)4> --- Reduced from maximum 1024
[  ]    ==== :    32x4    | BorderExecutor<(eOperationType)0, (eCalculateGlobals)1, (eStage)5> --- Reduced from maximum 384
[  ]    ==== :    32x4    | BorderExecutor<(eOperationType)0, (eCalculateGlobals)1, (eStage)6> --- Reduced from maximum 256
[  ]    ==== :    32x4    | BorderExecutor<(eOperationType)0, (eCalculateGlobals)1, (eStage)7> --- Reduced from maximum 256
[  ]    ==== :    32x4    | BorderExecutor<(eOperationType)0, (eCalculateGlobals)1, (eStage)8> --- Reduced from maximum 512
[  ]    ==== :    32x4    | BorderExecutor<(eOperationType)0, (eCalculateGlobals)1, (eStage)9> --- Reduced from maximum 384
[  ]    ==== :    32x4    | BorderExecutor<(eOperationType)0, (eCalculateGlobals)2, (eStage)0> --- Reduced from maximum 1024
[  ]    ==== :    32x4    | BorderExecutor<(eOperationType)0, (eCalculateGlobals)2, (eStage)1> --- Reduced from maximum 1024
[  ]    ==== :    32x4    | BorderExecutor<(eOperationType)0, (eCalculateGlobals)2, (eStage)2> --- Reduced from maximum 1024
[  ]    ==== :    32x4    | BorderExecutor<(eOperationType)0, (eCalculateGlobals)2, (eStage)3> --- Reduced from maximum 1024
[  ]    ==== :    32x4    | BorderExecutor<(eOperationType)0, (eCalculateGlobals)2, (eStage)4> --- Reduced from maximum 1024
[  ]    ==== :    32x4    | BorderExecutor<(eOperationType)0, (eCalculateGlobals)2, (eStage)5> --- Reduced from maximum 1024
[  ]    ==== :    32x4    | BorderExecutor<(eOperationType)0, (eCalculateGlobals)2, (eStage)6> --- Reduced from maximum 1024
[  ]    ==== :    32x4    | BorderExecutor<(eOperationType)0, (eCalculateGlobals)2, (eStage)7> --- Reduced from maximum 1024
[  ]    ==== :    32x4    | BorderExecutor<(eOperationType)0, (eCalculateGlobals)2, (eStage)8> --- Reduced from maximum 1024
[  ]    ==== :    32x4    | BorderExecutor<(eOperationType)0, (eCalculateGlobals)2, (eStage)9> --- Reduced from maximum 1024
[  ]    ==== :    32x4    | BorderExecutor<(eOperationType)1, (eCalculateGlobals)0, (eStage)0> --- Reduced from maximum 1024
[  ]    ==== :    32x4    | BorderExecutor<(eOperationType)1, (eCalculateGlobals)0, (eStage)1> --- Reduced from maximum 1024
[  ]    ==== :    32x4    | BorderExecutor<(eOperationType)1, (eCalculateGlobals)0, (eStage)2> --- Reduced from maximum 1024
[  ]    ==== :    32x4    | BorderExecutor<(eOperationType)1, (eCalculateGlobals)0, (eStage)3> --- Reduced from maximum 1024
[  ]    ==== :    32x4    | BorderExecutor<(eOperationType)1, (eCalculateGlobals)0, (eStage)4> --- Reduced from maximum 1024
[  ]    ==== :    32x4    | BorderExecutor<(eOperationType)1, (eCalculateGlobals)0, (eStage)5> --- Reduced from maximum 1024
[  ]    ==== :    32x4    | BorderExecutor<(eOperationType)1, (eCalculateGlobals)0, (eStage)6> --- Reduced from maximum 1024
[  ]    ==== :    32x4    | BorderExecutor<(eOperationType)1, (eCalculateGlobals)0, (eStage)7> --- Reduced from maximum 1024
[  ]    ==== :    32x4    | BorderExecutor<(eOperationType)1, (eCalculateGlobals)0, (eStage)8> --- Reduced from maximum 1024
[  ]    ==== :    32x4    | BorderExecutor<(eOperationType)1, (eCalculateGlobals)0, (eStage)9> --- Reduced from maximum 1024
[  ]    ==== :    32x4    | BorderExecutor<(eOperationType)1, (eCalculateGlobals)1, (eStage)0> --- Reduced from maximum 1024
[  ]    ==== :    32x4    | BorderExecutor<(eOperationType)1, (eCalculateGlobals)1, (eStage)1> --- Reduced from maximum 1024
[  ]    ==== :    32x4    | BorderExecutor<(eOperationType)1, (eCalculateGlobals)1, (eStage)2> --- Reduced from maximum 1024
[  ]    ==== :    32x4    | BorderExecutor<(eOperationType)1, (eCalculateGlobals)1, (eStage)3> --- Reduced from maximum 1024
[  ]    ==== :    32x4    | BorderExecutor<(eOperationType)1, (eCalculateGlobals)1, (eStage)4> --- Reduced from maximum 1024
[  ]    ==== :    32x4    | BorderExecutor<(eOperationType)1, (eCalculateGlobals)1, (eStage)5> --- Reduced from maximum 1024
[  ]    ==== :    32x4    | BorderExecutor<(eOperationType)1, (eCalculateGlobals)1, (eStage)6> --- Reduced from maximum 1024
[  ]    ==== :    32x4    | BorderExecutor<(eOperationType)1, (eCalculateGlobals)1, (eStage)7> --- Reduced from maximum 1024
[  ]    ==== :    32x4    | BorderExecutor<(eOperationType)1, (eCalculateGlobals)1, (eStage)8> --- Reduced from maximum 1024
[  ]    ==== :    32x4    | BorderExecutor<(eOperationType)1, (eCalculateGlobals)1, (eStage)9> --- Reduced from maximum 1024
[  ]    ==== :    32x4    | BorderExecutor<(eOperationType)1, (eCalculateGlobals)2, (eStage)0> --- Reduced from maximum 1024
[  ]    ==== :    32x4    | BorderExecutor<(eOperationType)1, (eCalculateGlobals)2, (eStage)1> --- Reduced from maximum 1024
[  ]    ==== :    32x4    | BorderExecutor<(eOperationType)1, (eCalculateGlobals)2, (eStage)2> --- Reduced from maximum 1024
[  ]    ==== :    32x4    | BorderExecutor<(eOperationType)1, (eCalculateGlobals)2, (eStage)3> --- Reduced from maximum 1024
[  ]    ==== :    32x4    | BorderExecutor<(eOperationType)1, (eCalculateGlobals)2, (eStage)4> --- Reduced from maximum 1024
[  ]    ==== :    32x4    | BorderExecutor<(eOperationType)1, (eCalculateGlobals)2, (eStage)5> --- Reduced from maximum 1024
[  ]    ==== :    32x4    | BorderExecutor<(eOperationType)1, (eCalculateGlobals)2, (eStage)6> --- Reduced from maximum 1024
[  ]    ==== :    32x4    | BorderExecutor<(eOperationType)1, (eCalculateGlobals)2, (eStage)7> --- Reduced from maximum 1024
[  ]    ==== :    32x4    | BorderExecutor<(eOperationType)1, (eCalculateGlobals)2, (eStage)8> --- Reduced from maximum 1024
[  ]    ==== :    32x4    | BorderExecutor<(eOperationType)1, (eCalculateGlobals)2, (eStage)9> --- Reduced from maximum 1024
[  ]    ==== :    32x4    | BorderExecutor<(eOperationType)3, (eCalculateGlobals)0, (eStage)0> --- Reduced from maximum 1024
[  ]    ==== :    32x4    | BorderExecutor<(eOperationType)3, (eCalculateGlobals)0, (eStage)1> --- Reduced from maximum 1024
[  ]    ==== :    32x4    | BorderExecutor<(eOperationType)3, (eCalculateGlobals)0, (eStage)2> --- Reduced from maximum 1024
[  ]    ==== :    32x4    | BorderExecutor<(eOperationType)3, (eCalculateGlobals)0, (eStage)3> --- Reduced from maximum 1024
[  ]    ==== :    32x4    | BorderExecutor<(eOperationType)3, (eCalculateGlobals)0, (eStage)4> --- Reduced from maximum 1024
[  ]    ==== :    32x4    | BorderExecutor<(eOperationType)3, (eCalculateGlobals)0, (eStage)5> --- Reduced from maximum 1024
[  ]    ==== :    32x4    | BorderExecutor<(eOperationType)3, (eCalculateGlobals)0, (eStage)6> --- Reduced from maximum 1024
[  ]    ==== :    32x4    | BorderExecutor<(eOperationType)3, (eCalculateGlobals)0, (eStage)7> --- Reduced from maximum 1024
[  ]    ==== :    32x4    | BorderExecutor<(eOperationType)3, (eCalculateGlobals)0, (eStage)8> --- Reduced from maximum 1024
[  ]    ==== :    32x4    | BorderExecutor<(eOperationType)3, (eCalculateGlobals)0, (eStage)9> --- Reduced from maximum 1024
[  ]    ==== :    32x4    | BorderExecutor<(eOperationType)3, (eCalculateGlobals)1, (eStage)0> --- Reduced from maximum 1024
[  ]    ==== :    32x4    | BorderExecutor<(eOperationType)3, (eCalculateGlobals)1, (eStage)1> --- Reduced from maximum 1024
[  ]    ==== :    32x4    | BorderExecutor<(eOperationType)3, (eCalculateGlobals)1, (eStage)2> --- Reduced from maximum 1024
[  ]    ==== :    32x4    | BorderExecutor<(eOperationType)3, (eCalculateGlobals)1, (eStage)3> --- Reduced from maximum 1024
[  ]    ==== :    32x4    | BorderExecutor<(eOperationType)3, (eCalculateGlobals)1, (eStage)4> --- Reduced from maximum 1024
[  ]    ==== :    32x4    | BorderExecutor<(eOperationType)3, (eCalculateGlobals)1, (eStage)5> --- Reduced from maximum 1024
[  ]    ==== :    32x4    | BorderExecutor<(eOperationType)3, (eCalculateGlobals)1, (eStage)6> --- Reduced from maximum 1024
[  ]    ==== :    32x4    | BorderExecutor<(eOperationType)3, (eCalculateGlobals)1, (eStage)7> --- Reduced from maximum 1024
[  ]    ==== :    32x4    | BorderExecutor<(eOperationType)3, (eCalculateGlobals)1, (eStage)8> --- Reduced from maximum 1024
[  ]    ==== :    32x4    | BorderExecutor<(eOperationType)3, (eCalculateGlobals)1, (eStage)9> --- Reduced from maximum 1024
[  ]    ==== :    32x4    | BorderExecutor<(eOperationType)3, (eCalculateGlobals)2, (eStage)0> --- Reduced from maximum 1024
[  ]    ==== :    32x4    | BorderExecutor<(eOperationType)3, (eCalculateGlobals)2, (eStage)1> --- Reduced from maximum 1024
[  ]    ==== :    32x4    | BorderExecutor<(eOperationType)3, (eCalculateGlobals)2, (eStage)2> --- Reduced from maximum 1024
[  ]    ==== :    32x4    | BorderExecutor<(eOperationType)3, (eCalculateGlobals)2, (eStage)3> --- Reduced from maximum 1024
[  ]    ==== :    32x4    | BorderExecutor<(eOperationType)3, (eCalculateGlobals)2, (eStage)4> --- Reduced from maximum 1024
[  ]    ==== :    32x4    | BorderExecutor<(eOperationType)3, (eCalculateGlobals)2, (eStage)5> --- Reduced from maximum 1024
[  ]    ==== :    32x4    | BorderExecutor<(eOperationType)3, (eCalculateGlobals)2, (eStage)6> --- Reduced from maximum 1024
[  ]    ==== :    32x4    | BorderExecutor<(eOperationType)3, (eCalculateGlobals)2, (eStage)7> --- Reduced from maximum 1024
[  ]    ==== :    32x4    | BorderExecutor<(eOperationType)3, (eCalculateGlobals)2, (eStage)8> --- Reduced from maximum 1024
[  ]    ==== :    32x4    | BorderExecutor<(eOperationType)3, (eCalculateGlobals)2, (eStage)9> --- Reduced from maximum 1024
[  ]    ==== :    32x4    | BorderExecutor<(eOperationType)4, (eCalculateGlobals)0, (eStage)0> --- Reduced from maximum 1024
[  ]    ==== :    32x4    | BorderExecutor<(eOperationType)4, (eCalculateGlobals)0, (eStage)1> --- Reduced from maximum 1024
[  ]    ==== :    32x4    | BorderExecutor<(eOperationType)4, (eCalculateGlobals)0, (eStage)2> --- Reduced from maximum 1024
[  ]    ==== :    32x4    | BorderExecutor<(eOperationType)4, (eCalculateGlobals)0, (eStage)3> --- Reduced from maximum 1024
[  ]    ==== :    32x4    | BorderExecutor<(eOperationType)4, (eCalculateGlobals)0, (eStage)4> --- Reduced from maximum 1024
[  ]    ==== :    32x4    | BorderExecutor<(eOperationType)4, (eCalculateGlobals)0, (eStage)5> --- Reduced from maximum 1024
[  ]    ==== :    32x4    | BorderExecutor<(eOperationType)4, (eCalculateGlobals)0, (eStage)6> --- Reduced from maximum 1024
[  ]    ==== :    32x4    | BorderExecutor<(eOperationType)4, (eCalculateGlobals)0, (eStage)7> --- Reduced from maximum 1024
[  ]    ==== :    32x4    | BorderExecutor<(eOperationType)4, (eCalculateGlobals)0, (eStage)8> --- Reduced from maximum 1024
[  ]    ==== :    32x4    | BorderExecutor<(eOperationType)4, (eCalculateGlobals)0, (eStage)9> --- Reduced from maximum 1024
[  ]    ==== :    32x4    | BorderExecutor<(eOperationType)4, (eCalculateGlobals)1, (eStage)0> --- Reduced from maximum 1024
[  ]    ==== :    32x4    | BorderExecutor<(eOperationType)4, (eCalculateGlobals)1, (eStage)1> --- Reduced from maximum 1024
[  ]    ==== :    32x4    | BorderExecutor<(eOperationType)4, (eCalculateGlobals)1, (eStage)2> --- Reduced from maximum 1024
[  ]    ==== :    32x4    | BorderExecutor<(eOperationType)4, (eCalculateGlobals)1, (eStage)3> --- Reduced from maximum 1024
[  ]    ==== :    32x4    | BorderExecutor<(eOperationType)4, (eCalculateGlobals)1, (eStage)4> --- Reduced from maximum 1024
[  ]    ==== :    32x4    | BorderExecutor<(eOperationType)4, (eCalculateGlobals)1, (eStage)5> --- Reduced from maximum 1024
[  ]    ==== :    32x4    | BorderExecutor<(eOperationType)4, (eCalculateGlobals)1, (eStage)6> --- Reduced from maximum 1024
[  ]    ==== :    32x4    | BorderExecutor<(eOperationType)4, (eCalculateGlobals)1, (eStage)7> --- Reduced from maximum 1024
[  ]    ==== :    32x4    | BorderExecutor<(eOperationType)4, (eCalculateGlobals)1, (eStage)8> --- Reduced from maximum 1024
[  ]    ==== :    32x4    | BorderExecutor<(eOperationType)4, (eCalculateGlobals)1, (eStage)9> --- Reduced from maximum 1024
[  ]    ==== :    32x4    | BorderExecutor<(eOperationType)4, (eCalculateGlobals)2, (eStage)0> --- Reduced from maximum 1024
[  ]    ==== :    32x4    | BorderExecutor<(eOperationType)4, (eCalculateGlobals)2, (eStage)1> --- Reduced from maximum 1024
[  ]    ==== :    32x4    | BorderExecutor<(eOperationType)4, (eCalculateGlobals)2, (eStage)2> --- Reduced from maximum 1024
[  ]    ==== :    32x4    | BorderExecutor<(eOperationType)4, (eCalculateGlobals)2, (eStage)3> --- Reduced from maximum 1024
[  ]    ==== :    32x4    | BorderExecutor<(eOperationType)4, (eCalculateGlobals)2, (eStage)4> --- Reduced from maximum 1024
[  ]    ==== :    32x4    | BorderExecutor<(eOperationType)4, (eCalculateGlobals)2, (eStage)5> --- Reduced from maximum 1024
[  ]    ==== :    32x4    | BorderExecutor<(eOperationType)4, (eCalculateGlobals)2, (eStage)6> --- Reduced from maximum 1024
[  ]    ==== :    32x4    | BorderExecutor<(eOperationType)4, (eCalculateGlobals)2, (eStage)7> --- Reduced from maximum 1024
[  ]    ==== :    32x4    | BorderExecutor<(eOperationType)4, (eCalculateGlobals)2, (eStage)8> --- Reduced from maximum 1024
[  ]    ==== :    32x4    | BorderExecutor<(eOperationType)4, (eCalculateGlobals)2, (eStage)9> --- Reduced from maximum 1024
[  ]    ==== :    32x4    | InteriorExecutor<(eOperationType)0, (eCalculateGlobals)0, (eStage)0> --- Reduced from maximum 1024
[  ]    ==== :    32x4    | InteriorExecutor<(eOperationType)0, (eCalculateGlobals)0, (eStage)1> --- Reduced from maximum 640
[  ]    ==== :    32x4    | InteriorExecutor<(eOperationType)0, (eCalculateGlobals)0, (eStage)2> --- Reduced from maximum 384
[  ]    ==== :    32x4    | InteriorExecutor<(eOperationType)0, (eCalculateGlobals)0, (eStage)3> --- Reduced from maximum 256
[  ]    ==== :    32x4    | InteriorExecutor<(eOperationType)0, (eCalculateGlobals)0, (eStage)4> --- Reduced from maximum 1024
[  ]    ==== :    32x4    | InteriorExecutor<(eOperationType)0, (eCalculateGlobals)0, (eStage)5> --- Reduced from maximum 640
[  ]    ==== :    32x4    | InteriorExecutor<(eOperationType)0, (eCalculateGlobals)0, (eStage)6> --- Reduced from maximum 256
[  ]    ==== :    32x4    | InteriorExecutor<(eOperationType)0, (eCalculateGlobals)0, (eStage)7> --- Reduced from maximum 384
[  ]    ==== :    32x4    | InteriorExecutor<(eOperationType)0, (eCalculateGlobals)0, (eStage)8> --- Reduced from maximum 512
[  ]    ==== :    32x4    | InteriorExecutor<(eOperationType)0, (eCalculateGlobals)0, (eStage)9> --- Reduced from maximum 384
[  ]    ==== :    32x4    | InteriorExecutor<(eOperationType)0, (eCalculateGlobals)1, (eStage)0> --- Reduced from maximum 1024
[  ]    ==== :    32x4    | InteriorExecutor<(eOperationType)0, (eCalculateGlobals)1, (eStage)1> --- Reduced from maximum 384
[  ]    ==== :    32x4    | InteriorExecutor<(eOperationType)0, (eCalculateGlobals)1, (eStage)2> --- Reduced from maximum 256
[  ]    ==== :    32x4    | InteriorExecutor<(eOperationType)0, (eCalculateGlobals)1, (eStage)3> --- Reduced from maximum 256
[  ]    ==== :    32x4    | InteriorExecutor<(eOperationType)0, (eCalculateGlobals)1, (eStage)4> --- Reduced from maximum 1024
[  ]    ==== :    32x4    | InteriorExecutor<(eOperationType)0, (eCalculateGlobals)1, (eStage)5> --- Reduced from maximum 768
[  ]    ==== :    32x4    | InteriorExecutor<(eOperationType)0, (eCalculateGlobals)1, (eStage)6> --- Reduced from maximum 256
[  ]    ==== :    32x4    | InteriorExecutor<(eOperationType)0, (eCalculateGlobals)1, (eStage)7> --- Reduced from maximum 384
[  ]    ==== :    32x4    | InteriorExecutor<(eOperationType)0, (eCalculateGlobals)1, (eStage)8> --- Reduced from maximum 512
[  ]    ==== :    32x4    | InteriorExecutor<(eOperationType)0, (eCalculateGlobals)1, (eStage)9> --- Reduced from maximum 384
[  ]    ==== :    32x4    | InteriorExecutor<(eOperationType)0, (eCalculateGlobals)2, (eStage)0> --- Reduced from maximum 1024
[  ]    ==== :    32x4    | InteriorExecutor<(eOperationType)0, (eCalculateGlobals)2, (eStage)1> --- Reduced from maximum 1024
[  ]    ==== :    32x4    | InteriorExecutor<(eOperationType)0, (eCalculateGlobals)2, (eStage)2> --- Reduced from maximum 1024
[  ]    ==== :    32x4    | InteriorExecutor<(eOperationType)0, (eCalculateGlobals)2, (eStage)3> --- Reduced from maximum 1024
[  ]    ==== :    32x4    | InteriorExecutor<(eOperationType)0, (eCalculateGlobals)2, (eStage)4> --- Reduced from maximum 1024
[  ]    ==== :    32x4    | InteriorExecutor<(eOperationType)0, (eCalculateGlobals)2, (eStage)5> --- Reduced from maximum 1024
[  ]    ==== :    32x4    | InteriorExecutor<(eOperationType)0, (eCalculateGlobals)2, (eStage)6> --- Reduced from maximum 1024
[  ]    ==== :    32x4    | InteriorExecutor<(eOperationType)0, (eCalculateGlobals)2, (eStage)7> --- Reduced from maximum 1024
[  ]    ==== :    32x4    | InteriorExecutor<(eOperationType)0, (eCalculateGlobals)2, (eStage)8> --- Reduced from maximum 1024
[  ]    ==== :    32x4    | InteriorExecutor<(eOperationType)0, (eCalculateGlobals)2, (eStage)9> --- Reduced from maximum 1024
[  ]    ==== :    32x4    | InteriorExecutor<(eOperationType)1, (eCalculateGlobals)0, (eStage)0> --- Reduced from maximum 1024
[  ]    ==== :    32x4    | InteriorExecutor<(eOperationType)1, (eCalculateGlobals)0, (eStage)1> --- Reduced from maximum 1024
[  ]    ==== :    32x4    | InteriorExecutor<(eOperationType)1, (eCalculateGlobals)0, (eStage)2> --- Reduced from maximum 1024
[  ]    ==== :    32x4    | InteriorExecutor<(eOperationType)1, (eCalculateGlobals)0, (eStage)3> --- Reduced from maximum 1024
[  ]    ==== :    32x4    | InteriorExecutor<(eOperationType)1, (eCalculateGlobals)0, (eStage)4> --- Reduced from maximum 1024
[  ]    ==== :    32x4    | InteriorExecutor<(eOperationType)1, (eCalculateGlobals)0, (eStage)5> --- Reduced from maximum 1024
[  ]    ==== :    32x4    | InteriorExecutor<(eOperationType)1, (eCalculateGlobals)0, (eStage)6> --- Reduced from maximum 1024
[  ]    ==== :    32x4    | InteriorExecutor<(eOperationType)1, (eCalculateGlobals)0, (eStage)7> --- Reduced from maximum 1024
[  ]    ==== :    32x4    | InteriorExecutor<(eOperationType)1, (eCalculateGlobals)0, (eStage)8> --- Reduced from maximum 1024
[  ]    ==== :    32x4    | InteriorExecutor<(eOperationType)1, (eCalculateGlobals)0, (eStage)9> --- Reduced from maximum 1024
[  ]    ==== :    32x4    | InteriorExecutor<(eOperationType)1, (eCalculateGlobals)1, (eStage)0> --- Reduced from maximum 1024
[  ]    ==== :    32x4    | InteriorExecutor<(eOperationType)1, (eCalculateGlobals)1, (eStage)1> --- Reduced from maximum 1024
[  ]    ==== :    32x4    | InteriorExecutor<(eOperationType)1, (eCalculateGlobals)1, (eStage)2> --- Reduced from maximum 1024
[  ]    ==== :    32x4    | InteriorExecutor<(eOperationType)1, (eCalculateGlobals)1, (eStage)3> --- Reduced from maximum 1024
[  ]    ==== :    32x4    | InteriorExecutor<(eOperationType)1, (eCalculateGlobals)1, (eStage)4> --- Reduced from maximum 1024
[  ]    ==== :    32x4    | InteriorExecutor<(eOperationType)1, (eCalculateGlobals)1, (eStage)5> --- Reduced from maximum 1024
[  ]    ==== :    32x4    | InteriorExecutor<(eOperationType)1, (eCalculateGlobals)1, (eStage)6> --- Reduced from maximum 1024
[  ]    ==== :    32x4    | InteriorExecutor<(eOperationType)1, (eCalculateGlobals)1, (eStage)7> --- Reduced from maximum 1024
[  ]    ==== :    32x4    | InteriorExecutor<(eOperationType)1, (eCalculateGlobals)1, (eStage)8> --- Reduced from maximum 1024
[  ]    ==== :    32x4    | InteriorExecutor<(eOperationType)1, (eCalculateGlobals)1, (eStage)9> --- Reduced from maximum 1024
[  ]    ==== :    32x4    | InteriorExecutor<(eOperationType)1, (eCalculateGlobals)2, (eStage)0> --- Reduced from maximum 1024
[  ]    ==== :    32x4    | InteriorExecutor<(eOperationType)1, (eCalculateGlobals)2, (eStage)1> --- Reduced from maximum 1024
[  ]    ==== :    32x4    | InteriorExecutor<(eOperationType)1, (eCalculateGlobals)2, (eStage)2> --- Reduced from maximum 1024
[  ]    ==== :    32x4    | InteriorExecutor<(eOperationType)1, (eCalculateGlobals)2, (eStage)3> --- Reduced from maximum 1024
[  ]    ==== :    32x4    | InteriorExecutor<(eOperationType)1, (eCalculateGlobals)2, (eStage)4> --- Reduced from maximum 1024
[  ]    ==== :    32x4    | InteriorExecutor<(eOperationType)1, (eCalculateGlobals)2, (eStage)5> --- Reduced from maximum 1024
[  ]    ==== :    32x4    | InteriorExecutor<(eOperationType)1, (eCalculateGlobals)2, (eStage)6> --- Reduced from maximum 1024
[  ]    ==== :    32x4    | InteriorExecutor<(eOperationType)1, (eCalculateGlobals)2, (eStage)7> --- Reduced from maximum 1024
[  ]    ==== :    32x4    | InteriorExecutor<(eOperationType)1, (eCalculateGlobals)2, (eStage)8> --- Reduced from maximum 1024
[  ]    ==== :    32x4    | InteriorExecutor<(eOperationType)1, (eCalculateGlobals)2, (eStage)9> --- Reduced from maximum 1024
[  ]    ==== :    32x4    | InteriorExecutor<(eOperationType)3, (eCalculateGlobals)0, (eStage)0> --- Reduced from maximum 1024
[  ]    ==== :    32x4    | InteriorExecutor<(eOperationType)3, (eCalculateGlobals)0, (eStage)1> --- Reduced from maximum 1024
[  ]    ==== :    32x4    | InteriorExecutor<(eOperationType)3, (eCalculateGlobals)0, (eStage)2> --- Reduced from maximum 1024
[  ]    ==== :    32x4    | InteriorExecutor<(eOperationType)3, (eCalculateGlobals)0, (eStage)3> --- Reduced from maximum 1024
[  ]    ==== :    32x4    | InteriorExecutor<(eOperationType)3, (eCalculateGlobals)0, (eStage)4> --- Reduced from maximum 1024
[  ]    ==== :    32x4    | InteriorExecutor<(eOperationType)3, (eCalculateGlobals)0, (eStage)5> --- Reduced from maximum 1024
[  ]    ==== :    32x4    | InteriorExecutor<(eOperationType)3, (eCalculateGlobals)0, (eStage)6> --- Reduced from maximum 1024
[  ]    ==== :    32x4    | InteriorExecutor<(eOperationType)3, (eCalculateGlobals)0, (eStage)7> --- Reduced from maximum 1024
[  ]    ==== :    32x4    | InteriorExecutor<(eOperationType)3, (eCalculateGlobals)0, (eStage)8> --- Reduced from maximum 1024
[  ]    ==== :    32x4    | InteriorExecutor<(eOperationType)3, (eCalculateGlobals)0, (eStage)9> --- Reduced from maximum 1024
[  ]    ==== :    32x4    | InteriorExecutor<(eOperationType)3, (eCalculateGlobals)1, (eStage)0> --- Reduced from maximum 1024
[  ]    ==== :    32x4    | InteriorExecutor<(eOperationType)3, (eCalculateGlobals)1, (eStage)1> --- Reduced from maximum 1024
[  ]    ==== :    32x4    | InteriorExecutor<(eOperationType)3, (eCalculateGlobals)1, (eStage)2> --- Reduced from maximum 1024
[  ]    ==== :    32x4    | InteriorExecutor<(eOperationType)3, (eCalculateGlobals)1, (eStage)3> --- Reduced from maximum 1024
[  ]    ==== :    32x4    | InteriorExecutor<(eOperationType)3, (eCalculateGlobals)1, (eStage)4> --- Reduced from maximum 1024
[  ]    ==== :    32x4    | InteriorExecutor<(eOperationType)3, (eCalculateGlobals)1, (eStage)5> --- Reduced from maximum 1024
[  ]    ==== :    32x4    | InteriorExecutor<(eOperationType)3, (eCalculateGlobals)1, (eStage)6> --- Reduced from maximum 1024
[  ]    ==== :    32x4    | InteriorExecutor<(eOperationType)3, (eCalculateGlobals)1, (eStage)7> --- Reduced from maximum 1024
[  ]    ==== :    32x4    | InteriorExecutor<(eOperationType)3, (eCalculateGlobals)1, (eStage)8> --- Reduced from maximum 1024
[  ]    ==== :    32x4    | InteriorExecutor<(eOperationType)3, (eCalculateGlobals)1, (eStage)9> --- Reduced from maximum 1024
[  ]    ==== :    32x4    | InteriorExecutor<(eOperationType)3, (eCalculateGlobals)2, (eStage)0> --- Reduced from maximum 1024
[  ]    ==== :    32x4    | InteriorExecutor<(eOperationType)3, (eCalculateGlobals)2, (eStage)1> --- Reduced from maximum 1024
[  ]    ==== :    32x4    | InteriorExecutor<(eOperationType)3, (eCalculateGlobals)2, (eStage)2> --- Reduced from maximum 1024
[  ]    ==== :    32x4    | InteriorExecutor<(eOperationType)3, (eCalculateGlobals)2, (eStage)3> --- Reduced from maximum 1024
[  ]    ==== :    32x4    | InteriorExecutor<(eOperationType)3, (eCalculateGlobals)2, (eStage)4> --- Reduced from maximum 1024
[  ]    ==== :    32x4    | InteriorExecutor<(eOperationType)3, (eCalculateGlobals)2, (eStage)5> --- Reduced from maximum 1024
[  ]    ==== :    32x4    | InteriorExecutor<(eOperationType)3, (eCalculateGlobals)2, (eStage)6> --- Reduced from maximum 1024
[  ]    ==== :    32x4    | InteriorExecutor<(eOperationType)3, (eCalculateGlobals)2, (eStage)7> --- Reduced from maximum 1024
[  ]    ==== :    32x4    | InteriorExecutor<(eOperationType)3, (eCalculateGlobals)2, (eStage)8> --- Reduced from maximum 1024
[  ]    ==== :    32x4    | InteriorExecutor<(eOperationType)3, (eCalculateGlobals)2, (eStage)9> --- Reduced from maximum 1024
[  ]    ==== :    32x4    | InteriorExecutor<(eOperationType)4, (eCalculateGlobals)0, (eStage)0> --- Reduced from maximum 1024
[  ]    ==== :    32x4    | InteriorExecutor<(eOperationType)4, (eCalculateGlobals)0, (eStage)1> --- Reduced from maximum 1024
[  ]    ==== :    32x4    | InteriorExecutor<(eOperationType)4, (eCalculateGlobals)0, (eStage)2> --- Reduced from maximum 1024
[  ]    ==== :    32x4    | InteriorExecutor<(eOperationType)4, (eCalculateGlobals)0, (eStage)3> --- Reduced from maximum 1024
[  ]    ==== :    32x4    | InteriorExecutor<(eOperationType)4, (eCalculateGlobals)0, (eStage)4> --- Reduced from maximum 1024
[  ]    ==== :    32x4    | InteriorExecutor<(eOperationType)4, (eCalculateGlobals)0, (eStage)5> --- Reduced from maximum 1024
[  ]    ==== :    32x4    | InteriorExecutor<(eOperationType)4, (eCalculateGlobals)0, (eStage)6> --- Reduced from maximum 1024
[  ]    ==== :    32x4    | InteriorExecutor<(eOperationType)4, (eCalculateGlobals)0, (eStage)7> --- Reduced from maximum 1024
[  ]    ==== :    32x4    | InteriorExecutor<(eOperationType)4, (eCalculateGlobals)0, (eStage)8> --- Reduced from maximum 1024
[  ]    ==== :    32x4    | InteriorExecutor<(eOperationType)4, (eCalculateGlobals)0, (eStage)9> --- Reduced from maximum 1024
[  ]    ==== :    32x4    | InteriorExecutor<(eOperationType)4, (eCalculateGlobals)1, (eStage)0> --- Reduced from maximum 1024
[  ]    ==== :    32x4    | InteriorExecutor<(eOperationType)4, (eCalculateGlobals)1, (eStage)1> --- Reduced from maximum 1024
[  ]    ==== :    32x4    | InteriorExecutor<(eOperationType)4, (eCalculateGlobals)1, (eStage)2> --- Reduced from maximum 1024
[  ]    ==== :    32x4    | InteriorExecutor<(eOperationType)4, (eCalculateGlobals)1, (eStage)3> --- Reduced from maximum 1024
[  ]    ==== :    32x4    | InteriorExecutor<(eOperationType)4, (eCalculateGlobals)1, (eStage)4> --- Reduced from maximum 1024
[  ]    ==== :    32x4    | InteriorExecutor<(eOperationType)4, (eCalculateGlobals)1, (eStage)5> --- Reduced from maximum 1024
[  ]    ==== :    32x4    | InteriorExecutor<(eOperationType)4, (eCalculateGlobals)1, (eStage)6> --- Reduced from maximum 1024
[  ]    ==== :    32x4    | InteriorExecutor<(eOperationType)4, (eCalculateGlobals)1, (eStage)7> --- Reduced from maximum 1024
[  ]    ==== :    32x4    | InteriorExecutor<(eOperationType)4, (eCalculateGlobals)1, (eStage)8> --- Reduced from maximum 1024
[  ]    ==== :    32x4    | InteriorExecutor<(eOperationType)4, (eCalculateGlobals)1, (eStage)9> --- Reduced from maximum 1024
[  ]    ==== :    32x4    | InteriorExecutor<(eOperationType)4, (eCalculateGlobals)2, (eStage)0> --- Reduced from maximum 1024
[  ]    ==== :    32x4    | InteriorExecutor<(eOperationType)4, (eCalculateGlobals)2, (eStage)1> --- Reduced from maximum 1024
[  ]    ==== :    32x4    | InteriorExecutor<(eOperationType)4, (eCalculateGlobals)2, (eStage)2> --- Reduced from maximum 1024
[  ]    ==== :    32x4    | InteriorExecutor<(eOperationType)4, (eCalculateGlobals)2, (eStage)3> --- Reduced from maximum 1024
[  ]    ==== :    32x4    | InteriorExecutor<(eOperationType)4, (eCalculateGlobals)2, (eStage)4> --- Reduced from maximum 1024
[  ]    ==== :    32x4    | InteriorExecutor<(eOperationType)4, (eCalculateGlobals)2, (eStage)5> --- Reduced from maximum 1024
[  ]    ==== :    32x4    | InteriorExecutor<(eOperationType)4, (eCalculateGlobals)2, (eStage)6> --- Reduced from maximum 1024
[  ]    ==== :    32x4    | InteriorExecutor<(eOperationType)4, (eCalculateGlobals)2, (eStage)7> --- Reduced from maximum 1024
[  ]    ==== :    32x4    | InteriorExecutor<(eOperationType)4, (eCalculateGlobals)2, (eStage)8> --- Reduced from maximum 1024
[  ]    ==== :    32x4    | InteriorExecutor<(eOperationType)4, (eCalculateGlobals)2, (eStage)9> --- Reduced from maximum 1024
[ 0] warning ! No "Units" element in config file
[  ]    ==== : Mesh size in config file: 80x80x120
[  ]    ---- : Global lattice size: 80x80x120
[  ]    ==== : Max region size: 921600. Mesh size 921600. Overhead:  0%
[  ]    ---- : Local lattice size: 96x80x120
[  ]    #### : [0] Cumulative allocation of 230233088 b (4.5 GB)
[  ]    ---- : Creating geom size:921600
[  ]    #### : Setting output path to: case
[  ]    #### : Setting output path to: output/case
[  ]    ---- : loading geometry ...
[  ]    ---- : overwriting all flags
[  ]    ---- : Setting number of zones to 3
[  ]    ---- : Setting Density_h to 1 (1.000000)
[  ]    ---- : Setting Density_l to 0.005 (0.005000)
[  ]    ---- : Setting Viscosity_h to 0.1 (0.100000)
[  ]    ---- : Setting Viscosity_l to 0.1 (0.100000)
[  ]    ---- : Setting tauUpdate to 1 (1.000000)
[  ]    ---- : Setting sigma to 5e-05 (0.000050)
[  ]    ---- : Setting M to 0.6 (0.600000)
[  ]    ---- : Setting IntWidth to 3 (3.000000)
[  ]    ---- : Setting Radius to 0 (0.000000)
[  ]    ---- : Setting CenterX to 40.0 (40.000000)
[  ]    ---- : Setting CenterY to 40.0 (40.000000)
[  ]    ---- : Setting CenterZ to 72.0 (72.000000)
[  ]    ---- : Setting SphereCapInit to 1 (1.000000)
[  ]    ---- : Setting SphereCapInitParentRadius to 18.47147913178317 (18.471479)
[  ]    ---- : Setting SphereCapInitCenterX to 40.0 (40.000000)
[  ]    ---- : Setting SphereCapInitCenterY to 40.0 (40.000000)
[  ]    ---- : Setting SphereCapInitCenterZ to 67.28123332881582 (67.281233)
[  ]    ---- : Setting SphereCapInitSolidCenterX to 40.0 (40.000000)
[  ]    ---- : Setting SphereCapInitSolidCenterY to 40.0 (40.000000)
[  ]    ---- : Setting SphereCapInitSolidCenterZ to 48.0 (48.000000)
[  ]    ---- : Setting SphereCapInitSolidRadius to 20.0 (20.000000)
[  ]    ---- : Setting BubbleType to 1.0 (1.000000)
[  ]    ---- : Setting VelocityX in zone  (-1) to 0 (0.000000)
[  ]    ---- : Setting VelocityY in zone  (-1) to 0 (0.000000)
[  ]    ---- : Setting VelocityZ in zone  (-1) to 0 (0.000000)
[  ]    ---- : Setting GravitationX to 0 (0.000000)
[  ]    ---- : Setting GravitationY to 0 (0.000000)
[  ]    ---- : Setting GravitationZ to 0 (0.000000)
[  ]    ---- : Setting radAngle in zone  (-1) to 90d (1.570796)
[ 0] WARNING ! Zone-specific settings in zone 0 were overwritten from 1.570796 to 1.570796
[  ]    ---- : Setting radAngle in zone OuterDomain (1) to 90d (1.570796)
[  ]    ---- : Setting radAngle in zone AnalyticSphere (2) to 90d (1.570796)
[  ]    ---- : Setting AnalyticWetting to 1 (1.000000)
[  ]    ---- : Setting AnalyticSolidType to 3 (3.000000)
[  ]    ---- : Setting AnalyticSolidCenterX to 40.0 (40.000000)
[  ]    ---- : Setting AnalyticSolidCenterY to 40.0 (40.000000)
[  ]    ---- : Setting AnalyticSolidCenterZ to 48.0 (48.000000)
[  ]    ---- : Setting AnalyticSolidRadius to 20.0 (20.000000)
[  ]    ---- : Setting WettingBCMode to 0 (0.000000)
[  ]    ---- : Setting WallCompactStencilMode to 0 (0.000000)
[  ]    ---- : Setting WallCompactStencilWriteAllowedFlag to 0 (0.000000)
[  ]    ---- : Setting Stage17BDiffuseSolidMode to 1 (1.000000)
[  ]    ---- : Setting Stage17BWriteMode to 0 (0.000000)
[  ]    ---- : Setting Stage17BShadowThetaDeg to 60 (60.000000)
[  ]    ---- : Setting Stage17BPsiEps to 1.25 (1.250000)
[  ]    ---- : Setting Stage17BWriteBand to 1.8 (1.800000)
[  ]    ---- : Setting Stage17BGradPsiMin to 1e-4 (0.000100)
[  ]    ---- : Setting ReplayDiagnosticsMode to 0 (0.000000)
[  ]    ---- : Setting MomentumClosureDiagnosticsMode to 0 (0.000000)
[  ]    ---- : Setting DynamicCLMode to 0 (0.000000)
[  ]    ---- : Setting ForceFixedTol to 0 (0.000000)
[  ]    ---- : Setting ForceFixedMaxIter to 2 (2.000000)
[  ]    ---- : Setting minGradient to 1e-8 (0.000000)
[  ]    ---- : Initializing Lattice ...
[  ]     46.8 MLBUps    217.83 GB/s [====================]  0s
[  ]    ---- : Callback VTK with no Iterations attribute
[  ]    ---- :        0 it writing vtk
[  ]    ---- : Setting callback Log at 500.000000 iterations
[  ]    ---- : Adding Log to the solver hands
[  ]    ---- : Setting callback Failcheck at 500.000000 iterations
[  ]    ---- : Adding Failcheck to the solver hands
[  ]    ---- : Setting action Solve at 12000.000000 iterations
[  ]    ---- : Setting callback VTK at 3000.000000 iterations
[  ]    ---- : Adding VTK to the solver hands
[  ]    ---- : Setting callback Log at 500.000000 iterations
[  ]    ---- : Adding Log to the solver hands
[  ]    ---- : Setting callback Failcheck at 500.000000 iterations
[  ]    ---- : Adding Failcheck to the solver hands
[  ]     14.9 MLBUps     69.27 GB/s [==                  ]  3s
[  ]     18.6 MLBUps     86.85 GB/s [==                  ]  3s
[  ]     18.6 MLBUps     86.84 GB/s [===                 ]  4s
[  ]     18.6 MLBUps     86.86 GB/s [====                ]  5s
[  ]     18.6 MLBUps     86.85 GB/s [=====               ]  6s
[  ]     18.7 MLBUps     86.89 GB/s [=====               ]  7s
[  ]     18.6 MLBUps     86.85 GB/s [======              ]  8s
[  ]     18.6 MLBUps     86.86 GB/s [=======             ]  9s
[  ]     18.6 MLBUps     86.87 GB/s [========            ] 10s
[  ]     18.7 MLBUps     86.89 GB/s [=========           ] 11s
[  ]     18.7 MLBUps     86.87 GB/s [=========           ] 12s
[  ]     18.7 MLBUps     86.89 GB/s [==========          ] 13s
[  ]     18.6 MLBUps     86.87 GB/s [===========         ] 14s
[  ]     18.6 MLBUps     86.85 GB/s [============        ] 15s
[  ]     18.7 MLBUps     86.91 GB/s [=============       ] 16s
[  ]     18.7 MLBUps     86.90 GB/s [=============       ] 17s
[  ]     18.7 MLBUps     86.87 GB/s [==============      ] 18s
[  ]     18.7 MLBUps     86.93 GB/s [===============     ] 19s
[  ]     18.6 MLBUps     86.86 GB/s [================    ] 20s
[  ]     18.7 MLBUps     86.88 GB/s [=================   ] 21s
[  ]     18.6 MLBUps     86.85 GB/s [=================   ] 22s
[  ]     18.7 MLBUps     86.88 GB/s [==================  ] 23s
[  ]     18.6 MLBUps     86.82 GB/s [=================== ] 24s
[  ]    ---- :     18.0 MLBUps     83.83 GB/s [====================]
[  ]     18.4 MLBUps     85.63 GB/s [                    ]  1s
[  ]     18.6 MLBUps     86.77 GB/s [=                   ]  1s
[  ]     18.6 MLBUps     86.75 GB/s [==                  ]  2s
[  ]     18.6 MLBUps     86.70 GB/s [===                 ]  3s
[  ]     18.6 MLBUps     86.73 GB/s [====                ]  4s
[  ]     18.6 MLBUps     86.68 GB/s [====                ]  5s
[  ]     18.6 MLBUps     86.71 GB/s [=====               ]  6s
[  ]     18.6 MLBUps     86.70 GB/s [======              ]  7s
[  ]     18.6 MLBUps     86.75 GB/s [=======             ]  8s
[  ]     18.1 MLBUps     84.36 GB/s [========            ]  9s
[  ]     17.9 MLBUps     83.57 GB/s [========            ] 10s
[  ]     18.0 MLBUps     83.70 GB/s [=========           ] 11s
[  ]     18.0 MLBUps     83.64 GB/s [==========          ] 13s
[  ]     17.9 MLBUps     83.51 GB/s [===========         ] 14s
[  ]     17.9 MLBUps     83.61 GB/s [============        ] 15s
[  ]     17.9 MLBUps     83.56 GB/s [============        ] 16s
[  ]     18.0 MLBUps     83.66 GB/s [=============       ] 17s
[  ]     17.9 MLBUps     83.55 GB/s [==============      ] 18s
[  ]     17.9 MLBUps     83.50 GB/s [===============     ] 19s
[  ]     17.9 MLBUps     83.44 GB/s [================    ] 20s
[  ]     17.9 MLBUps     83.58 GB/s [================    ] 21s
[  ]     17.9 MLBUps     83.55 GB/s [=================   ] 22s
[  ]     17.9 MLBUps     83.51 GB/s [==================  ] 23s
[  ]     16.5 MLBUps     76.97 GB/s [=================== ] 24s
[  ]     14.9 MLBUps     69.49 GB/s [=================== ] 25s
[  ]    ---- :     13.3 MLBUps     62.16 GB/s [====================]
[  ]     15.2 MLBUps     70.79 GB/s [                    ]  1s
[  ]     15.4 MLBUps     71.52 GB/s [=                   ]  2s
[  ]     15.3 MLBUps     71.06 GB/s [==                  ]  3s
[  ]     15.0 MLBUps     70.09 GB/s [==                  ]  4s
[  ]     15.2 MLBUps     70.70 GB/s [===                 ]  5s
[  ]     15.4 MLBUps     71.71 GB/s [====                ]  6s
[  ]     15.1 MLBUps     70.23 GB/s [====                ]  7s
[  ]     15.3 MLBUps     71.43 GB/s [=====               ]  7s
[  ]     15.0 MLBUps     69.93 GB/s [=====               ]  8s
[  ]     15.4 MLBUps     71.54 GB/s [======              ]  9s
[  ]     17.2 MLBUps     80.08 GB/s [=======             ] 10s
[  ]     17.2 MLBUps     80.15 GB/s [=======             ] 11s
[  ]     17.2 MLBUps     79.93 GB/s [========            ] 12s
[  ]     17.1 MLBUps     79.72 GB/s [=========           ] 13s
[  ]     17.2 MLBUps     79.96 GB/s [==========          ] 14s
[  ]     17.1 MLBUps     79.82 GB/s [==========          ] 15s
[  ]     17.1 MLBUps     79.82 GB/s [===========         ] 16s
[  ]     17.1 MLBUps     79.62 GB/s [============        ] 17s
[  ]     17.1 MLBUps     79.88 GB/s [============        ] 18s
[  ]     17.2 MLBUps     80.25 GB/s [=============       ] 19s
[  ]     17.2 MLBUps     80.15 GB/s [==============      ] 20s
[  ]     17.3 MLBUps     80.44 GB/s [===============     ] 21s
[  ]     17.1 MLBUps     79.77 GB/s [===============     ] 22s
[  ]     17.1 MLBUps     79.66 GB/s [================    ] 23s
[  ]     17.2 MLBUps     80.07 GB/s [=================   ] 24s
[  ]     17.2 MLBUps     79.97 GB/s [==================  ] 25s
[  ]     17.1 MLBUps     79.74 GB/s [==================  ] 26s
[  ]     17.2 MLBUps     79.94 GB/s [=================== ] 27s
[  ]    ---- :     17.0 MLBUps     79.12 GB/s [====================]
[  ]     17.2 MLBUps     80.35 GB/s [                    ]  0s
[  ]     17.2 MLBUps     80.11 GB/s [=                   ]  1s
[  ]     17.1 MLBUps     79.81 GB/s [==                  ]  2s
[  ]     17.2 MLBUps     80.03 GB/s [==                  ]  3s
[  ]     17.1 MLBUps     79.80 GB/s [===                 ]  4s
[  ]     17.1 MLBUps     79.83 GB/s [====                ]  5s
[  ]     17.1 MLBUps     79.71 GB/s [=====               ]  6s
[  ]     17.0 MLBUps     79.19 GB/s [=====               ]  7s
[  ]     17.0 MLBUps     79.26 GB/s [======              ]  8s
[  ]     17.1 MLBUps     79.75 GB/s [=======             ]  9s
[  ]     17.1 MLBUps     79.80 GB/s [=======             ] 10s
[  ]     17.2 MLBUps     79.92 GB/s [========            ] 11s
[  ]     17.1 MLBUps     79.88 GB/s [=========           ] 12s
[  ]     17.1 MLBUps     79.83 GB/s [==========          ] 13s
[  ]     17.1 MLBUps     79.60 GB/s [==========          ] 14s
[  ]     17.1 MLBUps     79.79 GB/s [===========         ] 15s
[  ]     17.1 MLBUps     79.58 GB/s [============        ] 16s
[  ]     17.0 MLBUps     79.30 GB/s [============        ] 17s
[  ]     17.0 MLBUps     79.40 GB/s [=============       ] 18s
[  ]     17.1 MLBUps     79.69 GB/s [==============      ] 19s
[  ]     17.0 MLBUps     79.22 GB/s [===============     ] 20s
[  ]     17.2 MLBUps     79.91 GB/s [===============     ] 21s
[  ]     17.1 MLBUps     79.78 GB/s [================    ] 22s
[  ]     17.1 MLBUps     79.59 GB/s [=================   ] 23s
[  ]     17.1 MLBUps     79.61 GB/s [==================  ] 24s
[  ]     17.1 MLBUps     79.85 GB/s [==================  ] 25s
[  ]     17.1 MLBUps     79.43 GB/s [=================== ] 26s
[  ]    ---- :     16.7 MLBUps     77.75 GB/s [====================]
[  ]     17.0 MLBUps     79.34 GB/s [                    ]  0s
[  ]     17.0 MLBUps     79.31 GB/s [=                   ]  1s
[  ]     17.1 MLBUps     79.53 GB/s [==                  ]  2s
[  ]     17.1 MLBUps     79.57 GB/s [==                  ]  3s
[  ]     17.1 MLBUps     79.45 GB/s [===                 ]  4s
[  ]     17.0 MLBUps     79.34 GB/s [====                ]  5s
[  ]     17.0 MLBUps     79.04 GB/s [=====               ]  6s
[  ]     17.0 MLBUps     79.39 GB/s [=====               ]  7s
[  ]     17.0 MLBUps     79.20 GB/s [======              ]  8s
[  ]     17.0 MLBUps     79.25 GB/s [=======             ]  9s
[  ]     17.1 MLBUps     79.81 GB/s [=======             ] 10s
[  ]     17.1 MLBUps     79.49 GB/s [========            ] 11s
[  ]     17.0 MLBUps     79.36 GB/s [=========           ] 12s
[  ]     17.1 MLBUps     79.55 GB/s [==========          ] 13s
[  ]     17.0 MLBUps     79.25 GB/s [==========          ] 14s
[  ]     17.0 MLBUps     79.25 GB/s [===========         ] 15s
[  ]     17.0 MLBUps     79.36 GB/s [============        ] 16s
[  ]     17.0 MLBUps     79.38 GB/s [============        ] 17s
[  ]     17.0 MLBUps     79.31 GB/s [=============       ] 18s
[  ]     17.0 MLBUps     79.32 GB/s [==============      ] 19s
[  ]     17.1 MLBUps     79.52 GB/s [===============     ] 20s
[  ]     17.2 MLBUps     79.90 GB/s [===============     ] 21s
[  ]     17.1 MLBUps     79.72 GB/s [================    ] 22s
[  ]     17.1 MLBUps     79.79 GB/s [=================   ] 23s
[  ]     17.1 MLBUps     79.57 GB/s [==================  ] 24s
[  ]     17.1 MLBUps     79.49 GB/s [==================  ] 25s
[  ]     17.1 MLBUps     79.82 GB/s [=================== ] 26s
[  ]    ---- :     16.9 MLBUps     78.54 GB/s [====================]
[  ]     17.1 MLBUps     79.65 GB/s [                    ]  0s
[  ]     17.1 MLBUps     79.63 GB/s [=                   ]  1s
[  ]     17.2 MLBUps     79.93 GB/s [==                  ]  2s
[  ]     17.2 MLBUps     79.89 GB/s [==                  ]  3s
[  ]     17.0 MLBUps     79.41 GB/s [===                 ]  4s
[  ]     14.5 MLBUps     67.68 GB/s [====                ]  5s
[  ]      8.0 MLBUps     37.07 GB/s [====                ]  7s
[  ]      8.0 MLBUps     37.11 GB/s [=====               ]  8s
[  ]      8.0 MLBUps     37.12 GB/s [=====               ]  9s
[  ]      8.0 MLBUps     37.07 GB/s [=====               ] 10s
[  ]      8.0 MLBUps     37.09 GB/s [======              ] 11s
[  ]      8.0 MLBUps     37.10 GB/s [======              ] 12s
[  ]      8.0 MLBUps     37.09 GB/s [======              ] 13s
[  ]     12.8 MLBUps     59.59 GB/s [=======             ] 13s
[  ]     17.9 MLBUps     83.32 GB/s [=======             ] 14s
[  ]     17.9 MLBUps     83.16 GB/s [========            ] 15s
[  ]     17.8 MLBUps     83.08 GB/s [=========           ] 16s
[  ]     12.3 MLBUps     57.48 GB/s [==========          ] 18s
[  ]      8.0 MLBUps     37.08 GB/s [==========          ] 19s
[  ]      8.0 MLBUps     37.06 GB/s [===========         ] 20s
[  ]      9.2 MLBUps     42.75 GB/s [===========         ] 21s
[  ]     17.7 MLBUps     82.62 GB/s [===========         ] 22s
[  ]     17.8 MLBUps     82.79 GB/s [============        ] 23s
[  ]     17.8 MLBUps     82.80 GB/s [=============       ] 24s
[  ]     17.8 MLBUps     82.74 GB/s [==============      ] 25s
[  ]     17.8 MLBUps     82.73 GB/s [==============      ] 26s
[  ]     17.7 MLBUps     82.66 GB/s [===============     ] 27s
[  ]     17.7 MLBUps     82.59 GB/s [================    ] 28s
[  ]     12.5 MLBUps     58.22 GB/s [=================   ] 29s
[  ]      8.0 MLBUps     37.07 GB/s [=================   ] 31s
[  ]      8.0 MLBUps     37.09 GB/s [==================  ] 32s
[  ]      8.0 MLBUps     37.06 GB/s [==================  ] 33s
[  ]      8.0 MLBUps     37.12 GB/s [==================  ] 34s
[  ]     12.8 MLBUps     59.61 GB/s [=================== ] 34s
[  ]     18.0 MLBUps     83.71 GB/s [=================== ] 35s
[  ]    ---- :     17.3 MLBUps     80.53 GB/s [====================]
[  ]    ---- :     3000 it writing vtk
[  ]      9.6 MLBUps     44.84 GB/s [                    ]  1s
[  ]     18.0 MLBUps     83.81 GB/s [                    ]  1s
[  ]     17.9 MLBUps     83.61 GB/s [=                   ]  2s
[  ]      9.3 MLBUps     43.11 GB/s [==                  ]  4s
[  ]      8.0 MLBUps     37.10 GB/s [==                  ]  6s
[  ]     16.0 MLBUps     74.37 GB/s [===                 ]  6s
[  ]     17.9 MLBUps     83.22 GB/s [====                ]  7s
[  ]     17.9 MLBUps     83.22 GB/s [====                ]  8s
[  ]     17.9 MLBUps     83.23 GB/s [=====               ]  9s
[  ]     17.9 MLBUps     83.19 GB/s [======              ] 10s
[  ]     17.9 MLBUps     83.18 GB/s [=======             ] 11s
[  ]     16.8 MLBUps     78.36 GB/s [========            ] 12s
[  ]      8.4 MLBUps     39.01 GB/s [========            ] 14s
[  ]      8.0 MLBUps     37.07 GB/s [=========           ] 15s
[  ]      8.0 MLBUps     37.10 GB/s [=========           ] 16s
[  ]      8.9 MLBUps     41.45 GB/s [=========           ] 17s
[  ]     17.8 MLBUps     83.03 GB/s [==========          ] 18s
[  ]     17.8 MLBUps     82.87 GB/s [==========          ] 19s
[  ]     17.8 MLBUps     82.85 GB/s [===========         ] 20s
[  ]     17.8 MLBUps     82.74 GB/s [============        ] 21s
[  ]     17.0 MLBUps     79.22 GB/s [=============       ] 22s
[  ]     14.0 MLBUps     65.19 GB/s [==============      ] 23s
[  ]     14.0 MLBUps     65.15 GB/s [==============      ] 24s
[  ]     13.8 MLBUps     64.24 GB/s [===============     ] 25s
[  ]     13.8 MLBUps     64.40 GB/s [===============     ] 26s
[  ]     13.9 MLBUps     64.56 GB/s [================    ] 27s
[  ]     14.0 MLBUps     65.17 GB/s [=================   ] 28s
[  ]     14.1 MLBUps     65.76 GB/s [=================   ] 29s
[  ]     14.1 MLBUps     65.51 GB/s [==================  ] 30s
[  ]     14.2 MLBUps     65.95 GB/s [=================== ] 31s
[  ]     14.3 MLBUps     66.45 GB/s [=================== ] 32s
[  ]    ---- :     13.6 MLBUps     63.13 GB/s [====================]
[  ]     14.8 MLBUps     68.97 GB/s [                    ]  0s
[  ]     16.9 MLBUps     78.56 GB/s [=                   ]  1s
[  ]     16.9 MLBUps     78.65 GB/s [==                  ]  2s
[  ]     16.9 MLBUps     78.79 GB/s [==                  ]  3s
[  ]     17.0 MLBUps     79.04 GB/s [===                 ]  4s
[  ]     17.0 MLBUps     78.96 GB/s [====                ]  5s
[  ]     16.9 MLBUps     78.75 GB/s [====                ]  6s
[  ]     17.0 MLBUps     79.02 GB/s [=====               ]  7s
[  ]     16.8 MLBUps     78.42 GB/s [======              ]  8s
[  ]     16.9 MLBUps     78.79 GB/s [=======             ]  9s
[  ]     16.9 MLBUps     78.91 GB/s [=======             ] 10s
[  ]     17.0 MLBUps     78.99 GB/s [========            ] 11s
[  ]     16.9 MLBUps     78.89 GB/s [=========           ] 12s
[  ]     17.0 MLBUps     79.17 GB/s [=========           ] 13s
[  ]     16.9 MLBUps     78.83 GB/s [==========          ] 14s
[  ]     16.9 MLBUps     78.71 GB/s [===========         ] 15s
[  ]     16.9 MLBUps     78.52 GB/s [============        ] 16s
[  ]     16.9 MLBUps     78.55 GB/s [============        ] 17s
[  ]     16.9 MLBUps     78.80 GB/s [=============       ] 18s
[  ]     16.9 MLBUps     78.60 GB/s [==============      ] 19s
[  ]     16.9 MLBUps     78.83 GB/s [==============      ] 20s
[  ]     16.9 MLBUps     78.78 GB/s [===============     ] 21s
[  ]     17.0 MLBUps     79.04 GB/s [================    ] 22s
[  ]     17.0 MLBUps     79.02 GB/s [=================   ] 23s
[  ]     17.0 MLBUps     78.97 GB/s [=================   ] 24s
[  ]     17.0 MLBUps     79.12 GB/s [==================  ] 25s
[  ]     16.9 MLBUps     78.53 GB/s [=================== ] 26s
[  ]    ---- :     16.6 MLBUps     77.46 GB/s [====================]
[  ]     16.9 MLBUps     78.71 GB/s [                    ]  0s
[  ]     16.9 MLBUps     78.73 GB/s [=                   ]  1s
[  ]     16.8 MLBUps     78.30 GB/s [==                  ]  2s
[  ]     16.8 MLBUps     78.46 GB/s [==                  ]  3s
[  ]     16.9 MLBUps     78.72 GB/s [===                 ]  4s
[  ]     16.9 MLBUps     78.79 GB/s [====                ]  5s
[  ]     16.8 MLBUps     78.30 GB/s [=====               ]  6s
[  ]     16.8 MLBUps     78.46 GB/s [=====               ]  7s
[  ]     16.9 MLBUps     78.54 GB/s [======              ]  8s
[  ]     16.9 MLBUps     78.95 GB/s [=======             ]  9s
[  ]     16.9 MLBUps     78.51 GB/s [=======             ] 10s
[  ]     16.9 MLBUps     78.51 GB/s [========            ] 11s
[  ]     16.8 MLBUps     78.40 GB/s [=========           ] 12s
[  ]     16.9 MLBUps     78.64 GB/s [==========          ] 13s
[  ]     16.8 MLBUps     78.32 GB/s [==========          ] 14s
[  ]     16.9 MLBUps     78.67 GB/s [===========         ] 15s
[  ]     16.9 MLBUps     78.53 GB/s [============        ] 16s
[  ]     16.9 MLBUps     78.55 GB/s [============        ] 17s
[  ]     16.9 MLBUps     78.65 GB/s [=============       ] 18s
[  ]     16.9 MLBUps     78.77 GB/s [==============      ] 19s
[  ]     16.8 MLBUps     78.42 GB/s [===============     ] 20s
[  ]     16.9 MLBUps     78.67 GB/s [===============     ] 21s
[  ]     16.9 MLBUps     78.81 GB/s [================    ] 22s
[  ]     16.8 MLBUps     78.43 GB/s [=================   ] 23s
[  ]     16.8 MLBUps     78.43 GB/s [==================  ] 24s
[  ]     16.9 MLBUps     78.63 GB/s [==================  ] 25s
[  ]     17.0 MLBUps     78.97 GB/s [=================== ] 26s
[  ]    ---- :     16.5 MLBUps     77.06 GB/s [====================]
[  ]     16.8 MLBUps     78.09 GB/s [                    ]  0s
[  ]     16.9 MLBUps     78.75 GB/s [=                   ]  1s
[  ]     16.8 MLBUps     78.27 GB/s [==                  ]  2s
[  ]     16.9 MLBUps     78.81 GB/s [==                  ]  3s
[  ]     16.8 MLBUps     78.40 GB/s [===                 ]  4s
[  ]     16.9 MLBUps     78.53 GB/s [====                ]  5s
[  ]     16.9 MLBUps     78.74 GB/s [=====               ]  6s
[  ]     16.9 MLBUps     78.64 GB/s [=====               ]  7s
[  ]     16.9 MLBUps     78.60 GB/s [======              ]  8s
[  ]     16.9 MLBUps     78.54 GB/s [=======             ]  9s
[  ]     16.9 MLBUps     78.77 GB/s [=======             ] 10s
[  ]     16.9 MLBUps     78.83 GB/s [========            ] 11s
[  ]     16.8 MLBUps     78.40 GB/s [=========           ] 12s
[  ]     16.8 MLBUps     78.45 GB/s [==========          ] 13s
[  ]     16.9 MLBUps     78.64 GB/s [==========          ] 14s
[  ]     17.0 MLBUps     79.03 GB/s [===========         ] 15s
[  ]     16.9 MLBUps     78.57 GB/s [============        ] 16s
[  ]     16.8 MLBUps     78.48 GB/s [============        ] 17s
[  ]     16.9 MLBUps     78.72 GB/s [=============       ] 18s
[  ]     16.9 MLBUps     78.65 GB/s [==============      ] 19s
[  ]     16.8 MLBUps     78.40 GB/s [===============     ] 20s
[  ]     16.9 MLBUps     78.55 GB/s [===============     ] 21s
[  ]     16.8 MLBUps     78.48 GB/s [================    ] 22s
[  ]     16.9 MLBUps     78.88 GB/s [=================   ] 23s
[  ]     16.8 MLBUps     78.44 GB/s [==================  ] 24s
[  ]     16.8 MLBUps     78.45 GB/s [==================  ] 25s
[  ]     16.9 MLBUps     78.63 GB/s [=================== ] 26s
[  ]    ---- :     16.5 MLBUps     77.01 GB/s [====================]
[  ]     16.9 MLBUps     78.73 GB/s [                    ]  0s
[  ]     16.9 MLBUps     78.55 GB/s [=                   ]  1s
[  ]     16.9 MLBUps     78.55 GB/s [==                  ]  2s
[  ]     16.9 MLBUps     78.72 GB/s [==                  ]  3s
[  ]     16.8 MLBUps     78.48 GB/s [===                 ]  4s
[  ]     16.9 MLBUps     78.88 GB/s [====                ]  5s
[  ]     16.9 MLBUps     78.82 GB/s [=====               ]  6s
[  ]     16.9 MLBUps     78.79 GB/s [=====               ]  7s
[  ]     16.9 MLBUps     78.94 GB/s [======              ]  8s
[  ]     16.9 MLBUps     78.81 GB/s [=======             ]  9s
[  ]     16.9 MLBUps     78.84 GB/s [=======             ] 10s
[  ]     16.9 MLBUps     78.63 GB/s [========            ] 11s
[  ]     17.0 MLBUps     79.02 GB/s [=========           ] 12s
[  ]     16.9 MLBUps     78.56 GB/s [==========          ] 13s
[  ]     16.9 MLBUps     78.58 GB/s [==========          ] 14s
[  ]     17.0 MLBUps     78.97 GB/s [===========         ] 15s
[  ]     16.9 MLBUps     78.93 GB/s [============        ] 16s
[  ]     16.9 MLBUps     78.83 GB/s [============        ] 17s
[  ]     16.9 MLBUps     78.59 GB/s [=============       ] 18s
[  ]     17.0 MLBUps     78.99 GB/s [==============      ] 19s
[  ]     16.9 MLBUps     78.70 GB/s [===============     ] 20s
[  ]     16.8 MLBUps     78.48 GB/s [===============     ] 21s
[  ]     16.9 MLBUps     78.66 GB/s [================    ] 22s
[  ]     16.9 MLBUps     78.56 GB/s [=================   ] 23s
[  ]     16.9 MLBUps     78.67 GB/s [==================  ] 24s
[  ]     16.9 MLBUps     78.68 GB/s [==================  ] 25s
[  ]     16.9 MLBUps     78.62 GB/s [=================== ] 26s
[  ]    ---- :     16.5 MLBUps     76.81 GB/s [====================]
[  ]     16.8 MLBUps     78.40 GB/s [                    ]  0s
[  ]     16.9 MLBUps     78.82 GB/s [=                   ]  1s
[  ]     17.0 MLBUps     79.00 GB/s [==                  ]  2s
[  ]     17.0 MLBUps     79.05 GB/s [==                  ]  3s
[  ]     16.9 MLBUps     78.65 GB/s [===                 ]  4s
[  ]     16.9 MLBUps     78.51 GB/s [====                ]  5s
[  ]     16.8 MLBUps     78.36 GB/s [=====               ]  6s
[  ]     16.8 MLBUps     78.43 GB/s [=====               ]  7s
[  ]     16.8 MLBUps     78.10 GB/s [======              ]  8s
[  ]     16.9 MLBUps     78.84 GB/s [=======             ]  9s
[  ]     16.8 MLBUps     78.20 GB/s [=======             ] 10s
[  ]     16.9 MLBUps     78.55 GB/s [========            ] 11s
[  ]     16.9 MLBUps     78.72 GB/s [=========           ] 12s
[  ]     16.9 MLBUps     78.52 GB/s [==========          ] 13s
[  ]     16.9 MLBUps     78.85 GB/s [==========          ] 14s
[  ]     17.0 MLBUps     79.02 GB/s [===========         ] 15s
[  ]     16.9 MLBUps     78.50 GB/s [============        ] 16s
[  ]     16.9 MLBUps     78.89 GB/s [============        ] 17s
[  ]     17.0 MLBUps     78.96 GB/s [=============       ] 18s
[  ]     16.9 MLBUps     78.93 GB/s [==============      ] 19s
[  ]     16.9 MLBUps     78.65 GB/s [===============     ] 20s
[  ]     17.0 MLBUps     79.04 GB/s [===============     ] 21s
[  ]     16.9 MLBUps     78.84 GB/s [================    ] 22s
[  ]     16.9 MLBUps     78.89 GB/s [=================   ] 23s
[  ]     17.0 MLBUps     79.11 GB/s [==================  ] 24s
[  ]     16.8 MLBUps     78.45 GB/s [==================  ] 25s
[  ]     16.8 MLBUps     78.38 GB/s [=================== ] 26s
[  ]    ---- :     16.6 MLBUps     77.31 GB/s [====================]
[  ]    ---- :     6000 it writing vtk
[  ]     10.3 MLBUps     47.99 GB/s [                    ]  1s
[  ]     16.9 MLBUps     78.76 GB/s [=                   ]  2s
[  ]     16.9 MLBUps     78.55 GB/s [=                   ]  3s
[  ]     16.8 MLBUps     78.27 GB/s [==                  ]  4s
[  ]     16.8 MLBUps     78.36 GB/s [===                 ]  5s
[  ]     16.9 MLBUps     78.72 GB/s [====                ]  6s
[  ]     16.9 MLBUps     78.55 GB/s [====                ]  7s
[  ]     16.9 MLBUps     78.53 GB/s [=====               ]  8s
[  ]     16.8 MLBUps     78.03 GB/s [======              ]  9s
[  ]     16.9 MLBUps     78.72 GB/s [======              ] 10s
[  ]     16.8 MLBUps     78.39 GB/s [=======             ] 11s
[  ]     16.9 MLBUps     78.51 GB/s [========            ] 12s
[  ]     16.8 MLBUps     78.32 GB/s [=========           ] 13s
[  ]     16.9 MLBUps     78.56 GB/s [=========           ] 14s
[  ]     16.8 MLBUps     78.42 GB/s [==========          ] 15s
[  ]     16.9 MLBUps     78.69 GB/s [===========         ] 16s
[  ]     16.8 MLBUps     78.29 GB/s [============        ] 17s
[  ]     16.9 MLBUps     78.63 GB/s [============        ] 18s
[  ]     16.9 MLBUps     78.59 GB/s [=============       ] 19s
[  ]     16.9 MLBUps     78.64 GB/s [==============      ] 19s
[  ]     16.8 MLBUps     78.41 GB/s [==============      ] 20s
[  ]     16.8 MLBUps     78.47 GB/s [===============     ] 21s
[  ]     16.8 MLBUps     78.43 GB/s [================    ] 22s
[  ]     16.9 MLBUps     78.55 GB/s [=================   ] 23s
[  ]     16.8 MLBUps     78.34 GB/s [=================   ] 24s
[  ]     16.8 MLBUps     78.42 GB/s [==================  ] 25s
[  ]     16.9 MLBUps     78.78 GB/s [=================== ] 26s
[  ]     16.9 MLBUps     78.62 GB/s [=================== ] 27s
[  ]    ---- :     15.1 MLBUps     70.40 GB/s [====================]
[  ]     16.9 MLBUps     78.65 GB/s [                    ]  0s
[  ]     16.9 MLBUps     78.64 GB/s [=                   ]  1s
[  ]     16.8 MLBUps     78.34 GB/s [==                  ]  2s
[  ]     16.9 MLBUps     78.58 GB/s [==                  ]  3s
[  ]     16.9 MLBUps     78.51 GB/s [===                 ]  4s
[  ]     16.8 MLBUps     78.27 GB/s [====                ]  5s
[  ]     16.8 MLBUps     78.47 GB/s [=====               ]  6s
[  ]     16.8 MLBUps     78.36 GB/s [=====               ]  7s
[  ]     16.9 MLBUps     78.67 GB/s [======              ]  8s
[  ]     16.8 MLBUps     78.33 GB/s [=======             ]  9s
[  ]     16.9 MLBUps     78.75 GB/s [=======             ] 10s
[  ]     16.9 MLBUps     78.57 GB/s [========            ] 11s
[  ]     16.9 MLBUps     78.56 GB/s [=========           ] 12s
[  ]     16.9 MLBUps     78.51 GB/s [==========          ] 13s
[  ]     16.7 MLBUps     77.99 GB/s [==========          ] 14s
[  ]     16.8 MLBUps     78.45 GB/s [===========         ] 15s
[  ]     16.8 MLBUps     78.42 GB/s [============        ] 16s
[  ]     16.8 MLBUps     78.06 GB/s [============        ] 17s
[  ]     16.8 MLBUps     78.36 GB/s [=============       ] 18s
[  ]     16.8 MLBUps     78.47 GB/s [==============      ] 19s
[  ]     16.7 MLBUps     77.73 GB/s [===============     ] 20s
[  ]     16.9 MLBUps     78.69 GB/s [===============     ] 21s
[  ]     16.7 MLBUps     77.94 GB/s [================    ] 22s
[  ]     16.8 MLBUps     78.19 GB/s [=================   ] 23s
[  ]     16.7 MLBUps     77.92 GB/s [==================  ] 24s
[  ]     16.7 MLBUps     77.90 GB/s [==================  ] 25s
[  ]     16.7 MLBUps     77.91 GB/s [=================== ] 26s
[  ]    ---- :     16.3 MLBUps     75.71 GB/s [====================]
[  ]     16.7 MLBUps     77.77 GB/s [                    ]  0s
[  ]     16.6 MLBUps     77.48 GB/s [=                   ]  1s
[  ]     16.7 MLBUps     77.92 GB/s [==                  ]  2s
[  ]     16.8 MLBUps     78.12 GB/s [==                  ]  3s
[  ]     16.7 MLBUps     77.98 GB/s [===                 ]  4s
[  ]     16.8 MLBUps     78.40 GB/s [====                ]  5s
[  ]     16.7 MLBUps     77.87 GB/s [=====               ]  6s
[  ]     16.8 MLBUps     78.25 GB/s [=====               ]  7s
[  ]     16.7 MLBUps     77.57 GB/s [======              ]  8s
[  ]     16.9 MLBUps     78.51 GB/s [=======             ]  9s
[  ]     16.7 MLBUps     77.93 GB/s [=======             ] 10s
[  ]     16.8 MLBUps     78.32 GB/s [========            ] 11s
[  ]     16.7 MLBUps     77.71 GB/s [=========           ] 12s
[  ]     16.7 MLBUps     77.85 GB/s [==========          ] 13s
[  ]     16.9 MLBUps     78.53 GB/s [==========          ] 14s
[  ]     16.8 MLBUps     78.23 GB/s [===========         ] 15s
[  ]     16.8 MLBUps     78.25 GB/s [============        ] 16s
[  ]     16.8 MLBUps     78.34 GB/s [============        ] 17s
[  ]     16.7 MLBUps     77.94 GB/s [=============       ] 18s
[  ]     16.9 MLBUps     78.57 GB/s [==============      ] 19s
[  ]     16.8 MLBUps     78.32 GB/s [===============     ] 20s
[  ]     16.8 MLBUps     78.45 GB/s [===============     ] 21s
[  ]     16.8 MLBUps     78.21 GB/s [================    ] 22s
[  ]     16.8 MLBUps     78.15 GB/s [=================   ] 23s
[  ]     16.8 MLBUps     78.46 GB/s [==================  ] 24s
[  ]     16.8 MLBUps     78.25 GB/s [==================  ] 25s
[  ]     16.7 MLBUps     77.72 GB/s [=================== ] 26s
[  ]    ---- :     16.5 MLBUps     76.68 GB/s [====================]
[  ]     16.8 MLBUps     78.32 GB/s [                    ]  0s
[  ]     16.7 MLBUps     77.90 GB/s [=                   ]  1s
[  ]     16.8 MLBUps     78.23 GB/s [==                  ]  2s
[  ]     16.8 MLBUps     78.07 GB/s [==                  ]  3s
[  ]     16.7 MLBUps     77.90 GB/s [===                 ]  4s
[  ]     16.9 MLBUps     78.61 GB/s [====                ]  5s
[  ]     16.8 MLBUps     78.38 GB/s [=====               ]  6s
[  ]     16.8 MLBUps     78.33 GB/s [=====               ]  7s
[  ]     16.9 MLBUps     78.55 GB/s [======              ]  8s
[  ]     16.7 MLBUps     78.01 GB/s [=======             ]  9s
[  ]     16.8 MLBUps     78.03 GB/s [=======             ] 10s
[  ]     16.8 MLBUps     78.20 GB/s [========            ] 11s
[  ]     16.8 MLBUps     78.17 GB/s [=========           ] 12s
[  ]     16.8 MLBUps     78.30 GB/s [==========          ] 13s
[  ]     16.8 MLBUps     78.39 GB/s [==========          ] 14s
[  ]     16.8 MLBUps     78.45 GB/s [===========         ] 15s
[  ]     16.9 MLBUps     78.62 GB/s [============        ] 16s
[  ]     16.9 MLBUps     78.84 GB/s [============        ] 17s
[  ]     16.8 MLBUps     78.48 GB/s [=============       ] 18s
[  ]     16.8 MLBUps     78.36 GB/s [==============      ] 19s
[  ]     16.9 MLBUps     78.65 GB/s [===============     ] 20s
[  ]     16.8 MLBUps     78.06 GB/s [===============     ] 21s
[  ]     16.8 MLBUps     78.45 GB/s [================    ] 22s
[  ]     16.8 MLBUps     78.04 GB/s [=================   ] 23s
[  ]     16.8 MLBUps     78.27 GB/s [==================  ] 24s
[  ]     16.9 MLBUps     78.68 GB/s [==================  ] 25s
[  ]     16.9 MLBUps     78.63 GB/s [=================== ] 26s
[  ]    ---- :     16.6 MLBUps     77.19 GB/s [====================]
[  ]     16.8 MLBUps     78.08 GB/s [                    ]  0s
[  ]     16.9 MLBUps     78.70 GB/s [=                   ]  1s
[  ]     16.9 MLBUps     78.72 GB/s [==                  ]  2s
[  ]     16.7 MLBUps     77.82 GB/s [==                  ]  3s
[  ]     16.8 MLBUps     78.17 GB/s [===                 ]  4s
[  ]     16.9 MLBUps     78.78 GB/s [====                ]  5s
[  ]     16.9 MLBUps     78.63 GB/s [=====               ]  6s
[  ]     16.8 MLBUps     78.39 GB/s [=====               ]  7s
[  ]     16.8 MLBUps     78.43 GB/s [======              ]  8s
[  ]     16.9 MLBUps     78.62 GB/s [=======             ]  9s
[  ]     16.9 MLBUps     78.51 GB/s [=======             ] 10s
[  ]     16.8 MLBUps     78.16 GB/s [========            ] 11s
[  ]     16.8 MLBUps     78.20 GB/s [=========           ] 12s
[  ]     16.7 MLBUps     77.96 GB/s [==========          ] 13s
[  ]     16.7 MLBUps     77.80 GB/s [==========          ] 14s
[  ]     16.8 MLBUps     78.29 GB/s [===========         ] 15s
[  ]     16.9 MLBUps     78.69 GB/s [============        ] 16s
[  ]      9.0 MLBUps     41.88 GB/s [============        ] 18s
[  ]      8.0 MLBUps     37.07 GB/s [=============       ] 19s
[  ]      8.0 MLBUps     37.07 GB/s [=============       ] 20s
[  ]      8.0 MLBUps     37.15 GB/s [==============      ] 21s
[  ]      8.0 MLBUps     37.08 GB/s [==============      ] 22s
[  ]      8.0 MLBUps     37.08 GB/s [==============      ] 23s
[  ]      8.0 MLBUps     37.05 GB/s [==============      ] 24s
[  ]      8.0 MLBUps     37.09 GB/s [===============     ] 25s
[  ]     12.6 MLBUps     58.63 GB/s [===============     ] 25s
[  ]     17.9 MLBUps     83.53 GB/s [================    ] 26s
[  ]     17.9 MLBUps     83.39 GB/s [================    ] 27s
[  ]     17.9 MLBUps     83.24 GB/s [=================   ] 28s
[  ]     17.9 MLBUps     83.23 GB/s [==================  ] 29s
[  ]     17.9 MLBUps     83.20 GB/s [=================== ] 30s
[  ]    ---- :     17.1 MLBUps     79.83 GB/s [====================]
[  ]      9.0 MLBUps     41.88 GB/s [                    ]  1s
[  ]      8.0 MLBUps     37.08 GB/s [=                   ]  2s
[  ]      8.0 MLBUps     37.12 GB/s [=                   ]  3s
[  ]      8.0 MLBUps     37.11 GB/s [=                   ]  4s
[  ]     12.7 MLBUps     59.07 GB/s [==                  ]  5s
[  ]     18.1 MLBUps     84.13 GB/s [==                  ]  5s
[  ]     17.8 MLBUps     82.88 GB/s [===                 ]  6s
[  ]     15.9 MLBUps     74.04 GB/s [====                ]  8s
[  ]     16.0 MLBUps     74.33 GB/s [====                ]  9s
[  ]     16.2 MLBUps     75.44 GB/s [=====               ] 10s
[  ]     16.2 MLBUps     75.62 GB/s [======              ] 11s
[  ]     16.2 MLBUps     75.69 GB/s [=======             ] 12s
[  ]     15.8 MLBUps     73.78 GB/s [=======             ] 13s
[  ]     15.9 MLBUps     74.14 GB/s [========            ] 14s
[  ]     15.8 MLBUps     73.72 GB/s [=========           ] 15s
[  ]     15.7 MLBUps     72.90 GB/s [=========           ] 16s
[  ]     16.0 MLBUps     74.43 GB/s [==========          ] 17s
[  ]     15.7 MLBUps     73.23 GB/s [===========         ] 18s
[  ]     15.9 MLBUps     74.19 GB/s [============        ] 19s
[  ]     15.7 MLBUps     72.98 GB/s [============        ] 20s
[  ]     15.7 MLBUps     73.33 GB/s [=============       ] 21s
[  ]     15.9 MLBUps     73.96 GB/s [==============      ] 22s
[  ]     15.9 MLBUps     74.02 GB/s [==============      ] 23s
[  ]     16.2 MLBUps     75.24 GB/s [===============     ] 24s
[  ]     16.1 MLBUps     74.88 GB/s [================    ] 25s
[  ]     16.2 MLBUps     75.37 GB/s [=================   ] 26s
[  ]     16.3 MLBUps     75.85 GB/s [=================   ] 27s
[  ]     16.0 MLBUps     74.73 GB/s [==================  ] 28s
[  ]     16.0 MLBUps     74.41 GB/s [=================== ] 29s
[  ]     15.8 MLBUps     73.71 GB/s [=================== ] 30s
[  ]    ---- :     14.5 MLBUps     67.44 GB/s [====================]
[  ]    ---- :     9000 it writing vtk
[  ]      9.7 MLBUps     45.14 GB/s [                    ]  1s
[  ]     16.0 MLBUps     74.50 GB/s [=                   ]  2s
[  ]     16.0 MLBUps     74.73 GB/s [=                   ]  3s
[  ]     16.2 MLBUps     75.46 GB/s [==                  ]  4s
[  ]     15.8 MLBUps     73.83 GB/s [===                 ]  5s
[  ]     15.7 MLBUps     73.27 GB/s [===                 ]  6s
[  ]     16.0 MLBUps     74.73 GB/s [====                ]  7s
[  ]     16.0 MLBUps     74.56 GB/s [=====               ]  8s
[  ]     16.2 MLBUps     75.61 GB/s [======              ]  9s
[  ]     16.1 MLBUps     74.78 GB/s [======              ] 10s
[  ]     16.1 MLBUps     74.83 GB/s [=======             ] 11s
[  ]     16.2 MLBUps     75.46 GB/s [========            ] 12s
[  ]     16.1 MLBUps     75.17 GB/s [========            ] 13s
[  ]     16.3 MLBUps     75.71 GB/s [=========           ] 14s
[  ]     16.1 MLBUps     74.94 GB/s [==========          ] 15s
[  ]     16.0 MLBUps     74.50 GB/s [===========         ] 16s
[  ]     15.9 MLBUps     73.90 GB/s [===========         ] 17s
[  ]     16.2 MLBUps     75.27 GB/s [============        ] 18s
[  ]     16.3 MLBUps     76.13 GB/s [=============       ] 19s
[  ]     16.1 MLBUps     74.94 GB/s [==============      ] 20s
[  ]     15.8 MLBUps     73.80 GB/s [==============      ] 21s
[  ]     16.4 MLBUps     76.62 GB/s [===============     ] 22s
[  ]     16.6 MLBUps     77.30 GB/s [================    ] 23s
[  ]     16.6 MLBUps     77.26 GB/s [================    ] 24s
[  ]     16.7 MLBUps     77.89 GB/s [=================   ] 25s
[  ]     16.5 MLBUps     76.75 GB/s [==================  ] 26s
[  ]     15.9 MLBUps     74.19 GB/s [=================== ] 27s
[  ]     16.5 MLBUps     76.64 GB/s [=================== ] 28s
[  ]    ---- :     15.7 MLBUps     72.99 GB/s [====================]
[  ]     16.0 MLBUps     74.58 GB/s [                    ]  1s
[  ]     16.1 MLBUps     75.16 GB/s [=                   ]  2s
[  ]     16.3 MLBUps     76.13 GB/s [==                  ]  3s
[  ]     16.1 MLBUps     74.78 GB/s [==                  ]  4s
[  ]     16.1 MLBUps     74.79 GB/s [===                 ]  5s
[  ]     15.9 MLBUps     74.25 GB/s [====                ]  6s
[  ]     15.9 MLBUps     74.24 GB/s [=====               ]  7s
[  ]     15.7 MLBUps     72.99 GB/s [=====               ]  8s
[  ]     15.9 MLBUps     74.25 GB/s [======              ]  9s
[  ]     16.1 MLBUps     74.89 GB/s [=======             ] 10s
[  ]     16.0 MLBUps     74.67 GB/s [=======             ] 11s
[  ]     15.8 MLBUps     73.73 GB/s [========            ] 12s
[  ]     16.1 MLBUps     75.00 GB/s [=========           ] 13s
[  ]     15.8 MLBUps     73.76 GB/s [==========          ] 14s
[  ]     16.0 MLBUps     74.75 GB/s [==========          ] 15s
[  ]     16.1 MLBUps     74.97 GB/s [===========         ] 16s
[  ]     15.8 MLBUps     73.64 GB/s [============        ] 17s
[  ]     16.0 MLBUps     74.57 GB/s [============        ] 18s
[  ]     16.2 MLBUps     75.49 GB/s [=============       ] 19s
[  ]     16.0 MLBUps     74.41 GB/s [==============      ] 20s
[  ]     16.2 MLBUps     75.69 GB/s [===============     ] 21s
[  ]     16.2 MLBUps     75.52 GB/s [===============     ] 22s
[  ]     16.3 MLBUps     75.79 GB/s [================    ] 23s
[  ]     16.5 MLBUps     76.72 GB/s [=================   ] 24s
[  ]     16.7 MLBUps     77.63 GB/s [==================  ] 25s
[  ]     16.6 MLBUps     77.38 GB/s [==================  ] 26s
[  ]     16.7 MLBUps     77.85 GB/s [=================== ] 27s
[  ]    ---- :     16.3 MLBUps     75.79 GB/s [====================]
[  ]     16.5 MLBUps     77.03 GB/s [                    ]  1s
[  ]     16.6 MLBUps     77.26 GB/s [=                   ]  2s
[  ]     16.6 MLBUps     77.27 GB/s [==                  ]  3s
[  ]     16.5 MLBUps     76.96 GB/s [==                  ]  4s
[  ]     16.6 MLBUps     77.29 GB/s [===                 ]  5s
[  ]     16.2 MLBUps     75.33 GB/s [====                ]  6s
[  ]     16.1 MLBUps     75.22 GB/s [=====               ]  7s
[  ]     15.7 MLBUps     73.33 GB/s [=====               ]  8s
[  ]     16.0 MLBUps     74.63 GB/s [======              ]  9s
[  ]     15.9 MLBUps     73.84 GB/s [=======             ] 10s
[  ]     16.0 MLBUps     74.62 GB/s [=======             ] 11s
[  ]     16.2 MLBUps     75.41 GB/s [========            ] 12s
[  ]     16.2 MLBUps     75.50 GB/s [=========           ] 13s
[  ]     16.1 MLBUps     74.83 GB/s [==========          ] 14s
[  ]     16.0 MLBUps     74.64 GB/s [==========          ] 15s
[  ]     16.1 MLBUps     75.22 GB/s [===========         ] 16s
[  ]     16.5 MLBUps     77.06 GB/s [============        ] 17s
[  ]     16.7 MLBUps     77.61 GB/s [============        ] 18s
[  ]     16.4 MLBUps     76.24 GB/s [=============       ] 19s
[  ]     16.3 MLBUps     76.16 GB/s [==============      ] 20s
[  ]     16.1 MLBUps     75.20 GB/s [===============     ] 21s
[  ]     16.4 MLBUps     76.55 GB/s [===============     ] 22s
[  ]     16.7 MLBUps     77.59 GB/s [================    ] 23s
[  ]     16.5 MLBUps     76.89 GB/s [=================   ] 24s
[  ]     16.6 MLBUps     77.22 GB/s [==================  ] 25s
[  ]     16.4 MLBUps     76.35 GB/s [==================  ] 26s
[  ]     16.2 MLBUps     75.36 GB/s [=================== ] 27s
[  ]    ---- :     16.2 MLBUps     75.37 GB/s [====================]
[  ]     16.3 MLBUps     76.00 GB/s [                    ]  1s
[  ]     16.6 MLBUps     77.21 GB/s [=                   ]  2s
[  ]     16.4 MLBUps     76.46 GB/s [==                  ]  3s
[  ]     16.2 MLBUps     75.33 GB/s [==                  ]  4s
[  ]     16.1 MLBUps     75.10 GB/s [===                 ]  5s
[  ]     16.4 MLBUps     76.62 GB/s [====                ]  6s
[  ]     16.5 MLBUps     76.84 GB/s [=====               ]  7s
[  ]     16.4 MLBUps     76.16 GB/s [=====               ]  8s
[  ]     16.2 MLBUps     75.64 GB/s [======              ]  9s
[  ]     16.1 MLBUps     74.96 GB/s [=======             ] 10s
[  ]     16.5 MLBUps     76.95 GB/s [=======             ] 11s
[  ]     16.3 MLBUps     76.14 GB/s [========            ] 12s
[  ]     16.1 MLBUps     74.92 GB/s [=========           ] 13s
[  ]     16.2 MLBUps     75.46 GB/s [==========          ] 14s
[  ]     16.5 MLBUps     76.96 GB/s [==========          ] 15s
[  ]     16.2 MLBUps     75.65 GB/s [===========         ] 16s
[  ]     16.0 MLBUps     74.30 GB/s [============        ] 17s
[  ]     16.3 MLBUps     75.70 GB/s [============        ] 18s
[  ]     16.5 MLBUps     76.66 GB/s [=============       ] 19s
[  ]     16.2 MLBUps     75.66 GB/s [==============      ] 20s
[  ]     16.4 MLBUps     76.57 GB/s [===============     ] 21s
[  ]     16.6 MLBUps     77.16 GB/s [===============     ] 22s
[  ]     16.6 MLBUps     77.24 GB/s [================    ] 23s
[  ]     16.6 MLBUps     77.20 GB/s [=================   ] 24s
[  ]     16.5 MLBUps     77.05 GB/s [==================  ] 25s
[  ]     16.4 MLBUps     76.19 GB/s [==================  ] 26s
[  ]     16.3 MLBUps     75.72 GB/s [=================== ] 27s
[  ]    ---- :     16.2 MLBUps     75.34 GB/s [====================]
[  ]     16.1 MLBUps     74.96 GB/s [                    ]  1s
[  ]     16.3 MLBUps     76.06 GB/s [=                   ]  2s
[  ]     16.5 MLBUps     77.08 GB/s [==                  ]  3s
[  ]     16.5 MLBUps     76.76 GB/s [==                  ]  4s
[  ]     16.3 MLBUps     75.92 GB/s [===                 ]  5s
[  ]     16.3 MLBUps     75.88 GB/s [====                ]  6s
[  ]     16.3 MLBUps     75.98 GB/s [=====               ]  7s
[  ]     16.1 MLBUps     74.95 GB/s [=====               ]  8s
[  ]     16.5 MLBUps     76.69 GB/s [======              ]  9s
[  ]     16.5 MLBUps     77.00 GB/s [=======             ] 10s
[  ]     16.4 MLBUps     76.62 GB/s [=======             ] 11s
[  ]     16.5 MLBUps     77.01 GB/s [========            ] 12s
[  ]     16.7 MLBUps     77.80 GB/s [=========           ] 13s
[  ]     16.0 MLBUps     74.45 GB/s [==========          ] 14s
[  ]     16.1 MLBUps     74.76 GB/s [==========          ] 15s
[  ]     16.2 MLBUps     75.55 GB/s [===========         ] 16s
[  ]     16.3 MLBUps     76.06 GB/s [============        ] 17s
[  ]     16.3 MLBUps     75.72 GB/s [============        ] 18s
[  ]     16.6 MLBUps     77.12 GB/s [=============       ] 19s
[  ]     16.2 MLBUps     75.40 GB/s [==============      ] 20s
[  ]     16.2 MLBUps     75.38 GB/s [===============     ] 21s
[  ]     16.5 MLBUps     76.82 GB/s [===============     ] 22s
[  ]     16.5 MLBUps     77.05 GB/s [================    ] 23s
[  ]     16.1 MLBUps     74.99 GB/s [=================   ] 24s
[  ]     16.5 MLBUps     76.97 GB/s [==================  ] 25s
[  ]     16.6 MLBUps     77.46 GB/s [==================  ] 26s
[  ]     16.4 MLBUps     76.40 GB/s [=================== ] 27s
[  ]    ---- :     16.3 MLBUps     75.82 GB/s [====================]
[  ]     16.3 MLBUps     75.88 GB/s [                    ]  1s
[  ]     16.3 MLBUps     75.70 GB/s [=                   ]  2s
[  ]     16.6 MLBUps     77.55 GB/s [==                  ]  3s
[  ]     16.3 MLBUps     75.91 GB/s [==                  ]  4s
[  ]     16.4 MLBUps     76.32 GB/s [===                 ]  5s
[  ]     16.4 MLBUps     76.57 GB/s [====                ]  6s
[  ]     16.7 MLBUps     77.63 GB/s [=====               ]  7s
[  ]     16.5 MLBUps     76.98 GB/s [=====               ]  8s
[  ]     16.3 MLBUps     75.95 GB/s [======              ]  9s
[  ]     16.2 MLBUps     75.52 GB/s [=======             ] 10s
[  ]     16.3 MLBUps     76.14 GB/s [=======             ] 11s
[  ]     16.5 MLBUps     76.90 GB/s [========            ] 12s
[  ]     16.6 MLBUps     77.47 GB/s [=========           ] 13s
[  ]     16.6 MLBUps     77.45 GB/s [==========          ] 14s
[  ]     16.5 MLBUps     76.81 GB/s [==========          ] 15s
[  ]     16.4 MLBUps     76.32 GB/s [===========         ] 16s
[  ]     16.4 MLBUps     76.50 GB/s [============        ] 17s
[  ]     16.5 MLBUps     76.70 GB/s [============        ] 18s
[  ]     16.6 MLBUps     77.19 GB/s [=============       ] 19s
[  ]     16.4 MLBUps     76.28 GB/s [==============      ] 20s
[  ]     16.4 MLBUps     76.19 GB/s [===============     ] 21s
[  ]     16.5 MLBUps     76.92 GB/s [===============     ] 22s
[  ]     16.2 MLBUps     75.27 GB/s [================    ] 23s
[  ]     16.1 MLBUps     75.00 GB/s [=================   ] 24s
[  ]     16.1 MLBUps     75.16 GB/s [==================  ] 25s
[  ]     16.5 MLBUps     76.86 GB/s [==================  ] 26s
[  ]     16.5 MLBUps     76.76 GB/s [=================== ] 27s
[  ]    ---- :     16.0 MLBUps     74.67 GB/s [====================]
[  ]    ---- :    12000 it writing vtk
[  ]    ---- : Total duration: 765.201267 s = 12.753354 min = 0.212556 h
