{
  "status": "runtime_sanity",
  "gate_passed": true,
  "root": "/mnt/8A0E24070E23EAC1/runs/tclb_flat_wall_cap_stage7b_low_angle_20260612/cap_theta030_wall025",
  "output_dir": "/mnt/8A0E24070E23EAC1/runs/tclb_flat_wall_cap_stage7b_low_angle_20260612/cap_theta030_wall025/output",
  "out_dir": "/mnt/8A0E24070E23EAC1/runs/tclb_flat_wall_cap_stage7b_low_angle_20260612/cap_theta030_wall025/analysis_finiteness_gate",
  "required_arrays": [
    "PhaseField",
    "U",
    "P",
    "Rho",
    "WallPhasePred",
    "WallPhaseProfilePred",
    "WallPhaseSignedProfilePred",
    "WallPhaseRawPred",
    "WallPhaseSignedPred",
    "WallContactResidual",
    "WallSignedNormalGrad",
    "WallTangentGradMag",
    "WallSignedDeltaQ",
    "WallSignedQClipped",
    "BoundaryMask",
    "WallStage7Mode",
    "WallStage7ActiveWeight",
    "WallStage7DeltaQRaw",
    "WallStage7DeltaQLimited",
    "WallStage7Denom",
    "WallStage7LimiterReason",
    "WallStage7GradMag",
    "WallStage7ActualCos",
    "WallStage7TargetCos",
    "WallStage7WriteCandidate",
    "WallStage7WriteMinusProfile"
  ],
  "phase_threshold": 0.5,
  "vti_files_checked": 6,
  "vti_steps_checked": [
    0,
    10000,
    20000,
    30000,
    40000,
    50000
  ],
  "csv_files_checked": [
    "/mnt/8A0E24070E23EAC1/runs/tclb_flat_wall_cap_stage7b_low_angle_20260612/cap_theta030_wall025/output/case_Log_P00_00000000.csv"
  ],
  "text_logs_checked": [
    "/mnt/8A0E24070E23EAC1/runs/tclb_flat_wall_cap_stage7b_low_angle_20260612/cap_theta030_wall025/run.log",
    "/mnt/8A0E24070E23EAC1/runs/tclb_flat_wall_cap_stage7b_low_angle_20260612/cap_theta030_wall025/run.stderr"
  ],
  "first_bad": null,
  "first_csv_bad": null,
  "first_text_log_bad": null,
  "first_vti_bad": null,
  "max_fluid_nonfinite_count_by_array": {
    "PhaseField": 0,
    "U": 0,
    "P": 0,
    "Rho": 0,
    "WallPhasePred": 0,
    "WallPhaseProfilePred": 0,
    "WallPhaseSignedProfilePred": 0,
    "WallPhaseRawPred": 0,
    "WallPhaseSignedPred": 0,
    "WallContactResidual": 0,
    "WallSignedNormalGrad": 0,
    "WallTangentGradMag": 0,
    "WallSignedDeltaQ": 0,
    "WallSignedQClipped": 0,
    "BoundaryMask": 0,
    "WallStage7Mode": 0,
    "WallStage7ActiveWeight": 0,
    "WallStage7DeltaQRaw": 0,
    "WallStage7DeltaQLimited": 0,
    "WallStage7Denom": 0,
    "WallStage7LimiterReason": 0,
    "WallStage7GradMag": 0,
    "WallStage7ActualCos": 0,
    "WallStage7TargetCos": 0,
    "WallStage7WriteCandidate": 0,
    "WallStage7WriteMinusProfile": 0
  },
  "claim_limit": "stability gate only; passing this does not validate physical prediction"
}
