MPMD: TCLB: local:0/1 work:0/1 ---  connected to:
[  ]    ---- : Using std::chrono::steady_clock::now() for walltime
[  ]    #### : -------------------------------------------------------------------------
[  ]    #### : -  CLB version:                   ded67cd                               -
[  ]    #### : -        Model: d3q27_pf_velocity_q27_geometric                               -
[  ]    #### : -------------------------------------------------------------------------
[  ]    #### : Setting output path to: case
[  ]    ---- : Discarding 1 comments
[ 0]    ---- : Selecting device 0/1
[  ]    ---- :   Threads  |      Action
[  ]    ==== :    32x4    | BorderExecutor<(eOperationType)0, (eCalculateGlobals)0, (eStage)0> --- Reduced from maximum 1024
[  ]    ==== :    32x4    | BorderExecutor<(eOperationType)0, (eCalculateGlobals)0, (eStage)1> --- Reduced from maximum 384
[  ]    ==== :    32x4    | BorderExecutor<(eOperationType)0, (eCalculateGlobals)0, (eStage)2> --- Reduced from maximum 384
[  ]    ==== :    32x4    | BorderExecutor<(eOperationType)0, (eCalculateGlobals)0, (eStage)3> --- Reduced from maximum 256
[  ]    ==== :    32x4    | BorderExecutor<(eOperationType)0, (eCalculateGlobals)0, (eStage)4> --- Reduced from maximum 1024
[  ]    ==== :    32x4    | BorderExecutor<(eOperationType)0, (eCalculateGlobals)0, (eStage)5> --- Reduced from maximum 512
[  ]    ==== :    32x4    | BorderExecutor<(eOperationType)0, (eCalculateGlobals)0, (eStage)6> --- Reduced from maximum 512
[  ]    ==== :    32x4    | BorderExecutor<(eOperationType)0, (eCalculateGlobals)0, (eStage)7> --- Reduced from maximum 640
[  ]    ==== :    32x4    | BorderExecutor<(eOperationType)0, (eCalculateGlobals)0, (eStage)8> --- Reduced from maximum 640
[  ]    ==== :    32x4    | BorderExecutor<(eOperationType)0, (eCalculateGlobals)0, (eStage)9> --- Reduced from maximum 512
[  ]    ==== :    32x4    | BorderExecutor<(eOperationType)0, (eCalculateGlobals)1, (eStage)0> --- Reduced from maximum 896
[  ]    ==== :    32x4    | BorderExecutor<(eOperationType)0, (eCalculateGlobals)1, (eStage)1> --- Reduced from maximum 384
[  ]    ==== :    32x4    | BorderExecutor<(eOperationType)0, (eCalculateGlobals)1, (eStage)2> --- Reduced from maximum 256
[  ]    ==== :    32x4    | BorderExecutor<(eOperationType)0, (eCalculateGlobals)1, (eStage)3> --- Reduced from maximum 256
[  ]    ==== :    32x4    | BorderExecutor<(eOperationType)0, (eCalculateGlobals)1, (eStage)4> --- Reduced from maximum 1024
[  ]    ==== :    32x4    | BorderExecutor<(eOperationType)0, (eCalculateGlobals)1, (eStage)5> --- Reduced from maximum 512
[  ]    ==== :    32x4    | BorderExecutor<(eOperationType)0, (eCalculateGlobals)1, (eStage)6> --- Reduced from maximum 512
[  ]    ==== :    32x4    | BorderExecutor<(eOperationType)0, (eCalculateGlobals)1, (eStage)7> --- Reduced from maximum 640
[  ]    ==== :    32x4    | BorderExecutor<(eOperationType)0, (eCalculateGlobals)1, (eStage)8> --- Reduced from maximum 640
[  ]    ==== :    32x4    | BorderExecutor<(eOperationType)0, (eCalculateGlobals)1, (eStage)9> --- Reduced from maximum 768
[  ]    ==== :    32x4    | BorderExecutor<(eOperationType)0, (eCalculateGlobals)2, (eStage)0> --- Reduced from maximum 1024
[  ]    ==== :    32x4    | BorderExecutor<(eOperationType)0, (eCalculateGlobals)2, (eStage)1> --- Reduced from maximum 1024
[  ]    ==== :    32x4    | BorderExecutor<(eOperationType)0, (eCalculateGlobals)2, (eStage)2> --- Reduced from maximum 1024
[  ]    ==== :    32x4    | BorderExecutor<(eOperationType)0, (eCalculateGlobals)2, (eStage)3> --- Reduced from maximum 1024
[  ]    ==== :    32x4    | BorderExecutor<(eOperationType)0, (eCalculateGlobals)2, (eStage)4> --- Reduced from maximum 1024
[  ]    ==== :    32x4    | BorderExecutor<(eOperationType)0, (eCalculateGlobals)2, (eStage)5> --- Reduced from maximum 1024
[  ]    ==== :    32x4    | BorderExecutor<(eOperationType)0, (eCalculateGlobals)2, (eStage)6> --- Reduced from maximum 1024
[  ]    ==== :    32x4    | BorderExecutor<(eOperationType)0, (eCalculateGlobals)2, (eStage)7> --- Reduced from maximum 1024
[  ]    ==== :    32x4    | BorderExecutor<(eOperationType)0, (eCalculateGlobals)2, (eStage)8> --- Reduced from maximum 1024
[  ]    ==== :    32x4    | BorderExecutor<(eOperationType)0, (eCalculateGlobals)2, (eStage)9> --- Reduced from maximum 1024
[  ]    ==== :    32x4    | BorderExecutor<(eOperationType)1, (eCalculateGlobals)0, (eStage)0> --- Reduced from maximum 1024
[  ]    ==== :    32x4    | BorderExecutor<(eOperationType)1, (eCalculateGlobals)0, (eStage)1> --- Reduced from maximum 1024
[  ]    ==== :    32x4    | BorderExecutor<(eOperationType)1, (eCalculateGlobals)0, (eStage)2> --- Reduced from maximum 1024
[  ]    ==== :    32x4    | BorderExecutor<(eOperationType)1, (eCalculateGlobals)0, (eStage)3> --- Reduced from maximum 1024
[  ]    ==== :    32x4    | BorderExecutor<(eOperationType)1, (eCalculateGlobals)0, (eStage)4> --- Reduced from maximum 1024
[  ]    ==== :    32x4    | BorderExecutor<(eOperationType)1, (eCalculateGlobals)0, (eStage)5> --- Reduced from maximum 1024
[  ]    ==== :    32x4    | BorderExecutor<(eOperationType)1, (eCalculateGlobals)0, (eStage)6> --- Reduced from maximum 1024
[  ]    ==== :    32x4    | BorderExecutor<(eOperationType)1, (eCalculateGlobals)0, (eStage)7> --- Reduced from maximum 1024
[  ]    ==== :    32x4    | BorderExecutor<(eOperationType)1, (eCalculateGlobals)0, (eStage)8> --- Reduced from maximum 1024
[  ]    ==== :    32x4    | BorderExecutor<(eOperationType)1, (eCalculateGlobals)0, (eStage)9> --- Reduced from maximum 1024
[  ]    ==== :    32x4    | BorderExecutor<(eOperationType)1, (eCalculateGlobals)1, (eStage)0> --- Reduced from maximum 1024
[  ]    ==== :    32x4    | BorderExecutor<(eOperationType)1, (eCalculateGlobals)1, (eStage)1> --- Reduced from maximum 1024
[  ]    ==== :    32x4    | BorderExecutor<(eOperationType)1, (eCalculateGlobals)1, (eStage)2> --- Reduced from maximum 1024
[  ]    ==== :    32x4    | BorderExecutor<(eOperationType)1, (eCalculateGlobals)1, (eStage)3> --- Reduced from maximum 1024
[  ]    ==== :    32x4    | BorderExecutor<(eOperationType)1, (eCalculateGlobals)1, (eStage)4> --- Reduced from maximum 1024
[  ]    ==== :    32x4    | BorderExecutor<(eOperationType)1, (eCalculateGlobals)1, (eStage)5> --- Reduced from maximum 1024
[  ]    ==== :    32x4    | BorderExecutor<(eOperationType)1, (eCalculateGlobals)1, (eStage)6> --- Reduced from maximum 1024
[  ]    ==== :    32x4    | BorderExecutor<(eOperationType)1, (eCalculateGlobals)1, (eStage)7> --- Reduced from maximum 1024
[  ]    ==== :    32x4    | BorderExecutor<(eOperationType)1, (eCalculateGlobals)1, (eStage)8> --- Reduced from maximum 1024
[  ]    ==== :    32x4    | BorderExecutor<(eOperationType)1, (eCalculateGlobals)1, (eStage)9> --- Reduced from maximum 1024
[  ]    ==== :    32x4    | BorderExecutor<(eOperationType)1, (eCalculateGlobals)2, (eStage)0> --- Reduced from maximum 1024
[  ]    ==== :    32x4    | BorderExecutor<(eOperationType)1, (eCalculateGlobals)2, (eStage)1> --- Reduced from maximum 1024
[  ]    ==== :    32x4    | BorderExecutor<(eOperationType)1, (eCalculateGlobals)2, (eStage)2> --- Reduced from maximum 1024
[  ]    ==== :    32x4    | BorderExecutor<(eOperationType)1, (eCalculateGlobals)2, (eStage)3> --- Reduced from maximum 1024
[  ]    ==== :    32x4    | BorderExecutor<(eOperationType)1, (eCalculateGlobals)2, (eStage)4> --- Reduced from maximum 1024
[  ]    ==== :    32x4    | BorderExecutor<(eOperationType)1, (eCalculateGlobals)2, (eStage)5> --- Reduced from maximum 1024
[  ]    ==== :    32x4    | BorderExecutor<(eOperationType)1, (eCalculateGlobals)2, (eStage)6> --- Reduced from maximum 1024
[  ]    ==== :    32x4    | BorderExecutor<(eOperationType)1, (eCalculateGlobals)2, (eStage)7> --- Reduced from maximum 1024
[  ]    ==== :    32x4    | BorderExecutor<(eOperationType)1, (eCalculateGlobals)2, (eStage)8> --- Reduced from maximum 1024
[  ]    ==== :    32x4    | BorderExecutor<(eOperationType)1, (eCalculateGlobals)2, (eStage)9> --- Reduced from maximum 1024
[  ]    ==== :    32x4    | BorderExecutor<(eOperationType)3, (eCalculateGlobals)0, (eStage)0> --- Reduced from maximum 1024
[  ]    ==== :    32x4    | BorderExecutor<(eOperationType)3, (eCalculateGlobals)0, (eStage)1> --- Reduced from maximum 1024
[  ]    ==== :    32x4    | BorderExecutor<(eOperationType)3, (eCalculateGlobals)0, (eStage)2> --- Reduced from maximum 1024
[  ]    ==== :    32x4    | BorderExecutor<(eOperationType)3, (eCalculateGlobals)0, (eStage)3> --- Reduced from maximum 1024
[  ]    ==== :    32x4    | BorderExecutor<(eOperationType)3, (eCalculateGlobals)0, (eStage)4> --- Reduced from maximum 1024
[  ]    ==== :    32x4    | BorderExecutor<(eOperationType)3, (eCalculateGlobals)0, (eStage)5> --- Reduced from maximum 1024
[  ]    ==== :    32x4    | BorderExecutor<(eOperationType)3, (eCalculateGlobals)0, (eStage)6> --- Reduced from maximum 1024
[  ]    ==== :    32x4    | BorderExecutor<(eOperationType)3, (eCalculateGlobals)0, (eStage)7> --- Reduced from maximum 1024
[  ]    ==== :    32x4    | BorderExecutor<(eOperationType)3, (eCalculateGlobals)0, (eStage)8> --- Reduced from maximum 1024
[  ]    ==== :    32x4    | BorderExecutor<(eOperationType)3, (eCalculateGlobals)0, (eStage)9> --- Reduced from maximum 1024
[  ]    ==== :    32x4    | BorderExecutor<(eOperationType)3, (eCalculateGlobals)1, (eStage)0> --- Reduced from maximum 1024
[  ]    ==== :    32x4    | BorderExecutor<(eOperationType)3, (eCalculateGlobals)1, (eStage)1> --- Reduced from maximum 1024
[  ]    ==== :    32x4    | BorderExecutor<(eOperationType)3, (eCalculateGlobals)1, (eStage)2> --- Reduced from maximum 1024
[  ]    ==== :    32x4    | BorderExecutor<(eOperationType)3, (eCalculateGlobals)1, (eStage)3> --- Reduced from maximum 1024
[  ]    ==== :    32x4    | BorderExecutor<(eOperationType)3, (eCalculateGlobals)1, (eStage)4> --- Reduced from maximum 1024
[  ]    ==== :    32x4    | BorderExecutor<(eOperationType)3, (eCalculateGlobals)1, (eStage)5> --- Reduced from maximum 1024
[  ]    ==== :    32x4    | BorderExecutor<(eOperationType)3, (eCalculateGlobals)1, (eStage)6> --- Reduced from maximum 1024
[  ]    ==== :    32x4    | BorderExecutor<(eOperationType)3, (eCalculateGlobals)1, (eStage)7> --- Reduced from maximum 1024
[  ]    ==== :    32x4    | BorderExecutor<(eOperationType)3, (eCalculateGlobals)1, (eStage)8> --- Reduced from maximum 1024
[  ]    ==== :    32x4    | BorderExecutor<(eOperationType)3, (eCalculateGlobals)1, (eStage)9> --- Reduced from maximum 1024
[  ]    ==== :    32x4    | BorderExecutor<(eOperationType)3, (eCalculateGlobals)2, (eStage)0> --- Reduced from maximum 1024
[  ]    ==== :    32x4    | BorderExecutor<(eOperationType)3, (eCalculateGlobals)2, (eStage)1> --- Reduced from maximum 1024
[  ]    ==== :    32x4    | BorderExecutor<(eOperationType)3, (eCalculateGlobals)2, (eStage)2> --- Reduced from maximum 1024
[  ]    ==== :    32x4    | BorderExecutor<(eOperationType)3, (eCalculateGlobals)2, (eStage)3> --- Reduced from maximum 1024
[  ]    ==== :    32x4    | BorderExecutor<(eOperationType)3, (eCalculateGlobals)2, (eStage)4> --- Reduced from maximum 1024
[  ]    ==== :    32x4    | BorderExecutor<(eOperationType)3, (eCalculateGlobals)2, (eStage)5> --- Reduced from maximum 1024
[  ]    ==== :    32x4    | BorderExecutor<(eOperationType)3, (eCalculateGlobals)2, (eStage)6> --- Reduced from maximum 1024
[  ]    ==== :    32x4    | BorderExecutor<(eOperationType)3, (eCalculateGlobals)2, (eStage)7> --- Reduced from maximum 1024
[  ]    ==== :    32x4    | BorderExecutor<(eOperationType)3, (eCalculateGlobals)2, (eStage)8> --- Reduced from maximum 1024
[  ]    ==== :    32x4    | BorderExecutor<(eOperationType)3, (eCalculateGlobals)2, (eStage)9> --- Reduced from maximum 1024
[  ]    ==== :    32x4    | BorderExecutor<(eOperationType)4, (eCalculateGlobals)0, (eStage)0> --- Reduced from maximum 1024
[  ]    ==== :    32x4    | BorderExecutor<(eOperationType)4, (eCalculateGlobals)0, (eStage)1> --- Reduced from maximum 1024
[  ]    ==== :    32x4    | BorderExecutor<(eOperationType)4, (eCalculateGlobals)0, (eStage)2> --- Reduced from maximum 1024
[  ]    ==== :    32x4    | BorderExecutor<(eOperationType)4, (eCalculateGlobals)0, (eStage)3> --- Reduced from maximum 1024
[  ]    ==== :    32x4    | BorderExecutor<(eOperationType)4, (eCalculateGlobals)0, (eStage)4> --- Reduced from maximum 1024
[  ]    ==== :    32x4    | BorderExecutor<(eOperationType)4, (eCalculateGlobals)0, (eStage)5> --- Reduced from maximum 1024
[  ]    ==== :    32x4    | BorderExecutor<(eOperationType)4, (eCalculateGlobals)0, (eStage)6> --- Reduced from maximum 1024
[  ]    ==== :    32x4    | BorderExecutor<(eOperationType)4, (eCalculateGlobals)0, (eStage)7> --- Reduced from maximum 1024
[  ]    ==== :    32x4    | BorderExecutor<(eOperationType)4, (eCalculateGlobals)0, (eStage)8> --- Reduced from maximum 1024
[  ]    ==== :    32x4    | BorderExecutor<(eOperationType)4, (eCalculateGlobals)0, (eStage)9> --- Reduced from maximum 1024
[  ]    ==== :    32x4    | BorderExecutor<(eOperationType)4, (eCalculateGlobals)1, (eStage)0> --- Reduced from maximum 1024
[  ]    ==== :    32x4    | BorderExecutor<(eOperationType)4, (eCalculateGlobals)1, (eStage)1> --- Reduced from maximum 1024
[  ]    ==== :    32x4    | BorderExecutor<(eOperationType)4, (eCalculateGlobals)1, (eStage)2> --- Reduced from maximum 1024
[  ]    ==== :    32x4    | BorderExecutor<(eOperationType)4, (eCalculateGlobals)1, (eStage)3> --- Reduced from maximum 1024
[  ]    ==== :    32x4    | BorderExecutor<(eOperationType)4, (eCalculateGlobals)1, (eStage)4> --- Reduced from maximum 1024
[  ]    ==== :    32x4    | BorderExecutor<(eOperationType)4, (eCalculateGlobals)1, (eStage)5> --- Reduced from maximum 1024
[  ]    ==== :    32x4    | BorderExecutor<(eOperationType)4, (eCalculateGlobals)1, (eStage)6> --- Reduced from maximum 1024
[  ]    ==== :    32x4    | BorderExecutor<(eOperationType)4, (eCalculateGlobals)1, (eStage)7> --- Reduced from maximum 1024
[  ]    ==== :    32x4    | BorderExecutor<(eOperationType)4, (eCalculateGlobals)1, (eStage)8> --- Reduced from maximum 1024
[  ]    ==== :    32x4    | BorderExecutor<(eOperationType)4, (eCalculateGlobals)1, (eStage)9> --- Reduced from maximum 1024
[  ]    ==== :    32x4    | BorderExecutor<(eOperationType)4, (eCalculateGlobals)2, (eStage)0> --- Reduced from maximum 1024
[  ]    ==== :    32x4    | BorderExecutor<(eOperationType)4, (eCalculateGlobals)2, (eStage)1> --- Reduced from maximum 1024
[  ]    ==== :    32x4    | BorderExecutor<(eOperationType)4, (eCalculateGlobals)2, (eStage)2> --- Reduced from maximum 1024
[  ]    ==== :    32x4    | BorderExecutor<(eOperationType)4, (eCalculateGlobals)2, (eStage)3> --- Reduced from maximum 1024
[  ]    ==== :    32x4    | BorderExecutor<(eOperationType)4, (eCalculateGlobals)2, (eStage)4> --- Reduced from maximum 1024
[  ]    ==== :    32x4    | BorderExecutor<(eOperationType)4, (eCalculateGlobals)2, (eStage)5> --- Reduced from maximum 1024
[  ]    ==== :    32x4    | BorderExecutor<(eOperationType)4, (eCalculateGlobals)2, (eStage)6> --- Reduced from maximum 1024
[  ]    ==== :    32x4    | BorderExecutor<(eOperationType)4, (eCalculateGlobals)2, (eStage)7> --- Reduced from maximum 1024
[  ]    ==== :    32x4    | BorderExecutor<(eOperationType)4, (eCalculateGlobals)2, (eStage)8> --- Reduced from maximum 1024
[  ]    ==== :    32x4    | BorderExecutor<(eOperationType)4, (eCalculateGlobals)2, (eStage)9> --- Reduced from maximum 1024
[  ]    ==== :    32x4    | InteriorExecutor<(eOperationType)0, (eCalculateGlobals)0, (eStage)0> --- Reduced from maximum 1024
[  ]    ==== :    32x4    | InteriorExecutor<(eOperationType)0, (eCalculateGlobals)0, (eStage)1> --- Reduced from maximum 640
[  ]    ==== :    32x4    | InteriorExecutor<(eOperationType)0, (eCalculateGlobals)0, (eStage)2> --- Reduced from maximum 384
[  ]    ==== :    32x4    | InteriorExecutor<(eOperationType)0, (eCalculateGlobals)0, (eStage)3> --- Reduced from maximum 256
[  ]    ==== :    32x4    | InteriorExecutor<(eOperationType)0, (eCalculateGlobals)0, (eStage)4> --- Reduced from maximum 1024
[  ]    ==== :    32x4    | InteriorExecutor<(eOperationType)0, (eCalculateGlobals)0, (eStage)5> --- Reduced from maximum 640
[  ]    ==== :    32x4    | InteriorExecutor<(eOperationType)0, (eCalculateGlobals)0, (eStage)6> --- Reduced from maximum 768
[  ]    ==== :    32x4    | InteriorExecutor<(eOperationType)0, (eCalculateGlobals)0, (eStage)7> --- Reduced from maximum 1024
[  ]    ==== :    32x4    | InteriorExecutor<(eOperationType)0, (eCalculateGlobals)0, (eStage)8> --- Reduced from maximum 1024
[  ]    ==== :    32x4    | InteriorExecutor<(eOperationType)0, (eCalculateGlobals)0, (eStage)9> --- Reduced from maximum 896
[  ]    ==== :    32x4    | InteriorExecutor<(eOperationType)0, (eCalculateGlobals)1, (eStage)0> --- Reduced from maximum 1024
[  ]    ==== :    32x4    | InteriorExecutor<(eOperationType)0, (eCalculateGlobals)1, (eStage)1> --- Reduced from maximum 256
[  ]    ==== :    32x4    | InteriorExecutor<(eOperationType)0, (eCalculateGlobals)1, (eStage)2> --- Reduced from maximum 256
[  ]    ==== :    32x4    | InteriorExecutor<(eOperationType)0, (eCalculateGlobals)1, (eStage)3> --- Reduced from maximum 256
[  ]    ==== :    32x4    | InteriorExecutor<(eOperationType)0, (eCalculateGlobals)1, (eStage)4> --- Reduced from maximum 1024
[  ]    ==== :    32x4    | InteriorExecutor<(eOperationType)0, (eCalculateGlobals)1, (eStage)5> --- Reduced from maximum 768
[  ]    ==== :    32x4    | InteriorExecutor<(eOperationType)0, (eCalculateGlobals)1, (eStage)6> --- Reduced from maximum 768
[  ]    ==== :    32x4    | InteriorExecutor<(eOperationType)0, (eCalculateGlobals)1, (eStage)7> --- Reduced from maximum 1024
[  ]    ==== :    32x4    | InteriorExecutor<(eOperationType)0, (eCalculateGlobals)1, (eStage)8> --- Reduced from maximum 896
[  ]    ==== :    32x4    | InteriorExecutor<(eOperationType)0, (eCalculateGlobals)1, (eStage)9> --- Reduced from maximum 768
[  ]    ==== :    32x4    | InteriorExecutor<(eOperationType)0, (eCalculateGlobals)2, (eStage)0> --- Reduced from maximum 1024
[  ]    ==== :    32x4    | InteriorExecutor<(eOperationType)0, (eCalculateGlobals)2, (eStage)1> --- Reduced from maximum 1024
[  ]    ==== :    32x4    | InteriorExecutor<(eOperationType)0, (eCalculateGlobals)2, (eStage)2> --- Reduced from maximum 1024
[  ]    ==== :    32x4    | InteriorExecutor<(eOperationType)0, (eCalculateGlobals)2, (eStage)3> --- Reduced from maximum 1024
[  ]    ==== :    32x4    | InteriorExecutor<(eOperationType)0, (eCalculateGlobals)2, (eStage)4> --- Reduced from maximum 1024
[  ]    ==== :    32x4    | InteriorExecutor<(eOperationType)0, (eCalculateGlobals)2, (eStage)5> --- Reduced from maximum 1024
[  ]    ==== :    32x4    | InteriorExecutor<(eOperationType)0, (eCalculateGlobals)2, (eStage)6> --- Reduced from maximum 1024
[  ]    ==== :    32x4    | InteriorExecutor<(eOperationType)0, (eCalculateGlobals)2, (eStage)7> --- Reduced from maximum 1024
[  ]    ==== :    32x4    | InteriorExecutor<(eOperationType)0, (eCalculateGlobals)2, (eStage)8> --- Reduced from maximum 1024
[  ]    ==== :    32x4    | InteriorExecutor<(eOperationType)0, (eCalculateGlobals)2, (eStage)9> --- Reduced from maximum 1024
[  ]    ==== :    32x4    | InteriorExecutor<(eOperationType)1, (eCalculateGlobals)0, (eStage)0> --- Reduced from maximum 1024
[  ]    ==== :    32x4    | InteriorExecutor<(eOperationType)1, (eCalculateGlobals)0, (eStage)1> --- Reduced from maximum 1024
[  ]    ==== :    32x4    | InteriorExecutor<(eOperationType)1, (eCalculateGlobals)0, (eStage)2> --- Reduced from maximum 1024
[  ]    ==== :    32x4    | InteriorExecutor<(eOperationType)1, (eCalculateGlobals)0, (eStage)3> --- Reduced from maximum 1024
[  ]    ==== :    32x4    | InteriorExecutor<(eOperationType)1, (eCalculateGlobals)0, (eStage)4> --- Reduced from maximum 1024
[  ]    ==== :    32x4    | InteriorExecutor<(eOperationType)1, (eCalculateGlobals)0, (eStage)5> --- Reduced from maximum 1024
[  ]    ==== :    32x4    | InteriorExecutor<(eOperationType)1, (eCalculateGlobals)0, (eStage)6> --- Reduced from maximum 1024
[  ]    ==== :    32x4    | InteriorExecutor<(eOperationType)1, (eCalculateGlobals)0, (eStage)7> --- Reduced from maximum 1024
[  ]    ==== :    32x4    | InteriorExecutor<(eOperationType)1, (eCalculateGlobals)0, (eStage)8> --- Reduced from maximum 1024
[  ]    ==== :    32x4    | InteriorExecutor<(eOperationType)1, (eCalculateGlobals)0, (eStage)9> --- Reduced from maximum 1024
[  ]    ==== :    32x4    | InteriorExecutor<(eOperationType)1, (eCalculateGlobals)1, (eStage)0> --- Reduced from maximum 1024
[  ]    ==== :    32x4    | InteriorExecutor<(eOperationType)1, (eCalculateGlobals)1, (eStage)1> --- Reduced from maximum 1024
[  ]    ==== :    32x4    | InteriorExecutor<(eOperationType)1, (eCalculateGlobals)1, (eStage)2> --- Reduced from maximum 1024
[  ]    ==== :    32x4    | InteriorExecutor<(eOperationType)1, (eCalculateGlobals)1, (eStage)3> --- Reduced from maximum 1024
[  ]    ==== :    32x4    | InteriorExecutor<(eOperationType)1, (eCalculateGlobals)1, (eStage)4> --- Reduced from maximum 1024
[  ]    ==== :    32x4    | InteriorExecutor<(eOperationType)1, (eCalculateGlobals)1, (eStage)5> --- Reduced from maximum 1024
[  ]    ==== :    32x4    | InteriorExecutor<(eOperationType)1, (eCalculateGlobals)1, (eStage)6> --- Reduced from maximum 1024
[  ]    ==== :    32x4    | InteriorExecutor<(eOperationType)1, (eCalculateGlobals)1, (eStage)7> --- Reduced from maximum 1024
[  ]    ==== :    32x4    | InteriorExecutor<(eOperationType)1, (eCalculateGlobals)1, (eStage)8> --- Reduced from maximum 1024
[  ]    ==== :    32x4    | InteriorExecutor<(eOperationType)1, (eCalculateGlobals)1, (eStage)9> --- Reduced from maximum 1024
[  ]    ==== :    32x4    | InteriorExecutor<(eOperationType)1, (eCalculateGlobals)2, (eStage)0> --- Reduced from maximum 1024
[  ]    ==== :    32x4    | InteriorExecutor<(eOperationType)1, (eCalculateGlobals)2, (eStage)1> --- Reduced from maximum 1024
[  ]    ==== :    32x4    | InteriorExecutor<(eOperationType)1, (eCalculateGlobals)2, (eStage)2> --- Reduced from maximum 1024
[  ]    ==== :    32x4    | InteriorExecutor<(eOperationType)1, (eCalculateGlobals)2, (eStage)3> --- Reduced from maximum 1024
[  ]    ==== :    32x4    | InteriorExecutor<(eOperationType)1, (eCalculateGlobals)2, (eStage)4> --- Reduced from maximum 1024
[  ]    ==== :    32x4    | InteriorExecutor<(eOperationType)1, (eCalculateGlobals)2, (eStage)5> --- Reduced from maximum 1024
[  ]    ==== :    32x4    | InteriorExecutor<(eOperationType)1, (eCalculateGlobals)2, (eStage)6> --- Reduced from maximum 1024
[  ]    ==== :    32x4    | InteriorExecutor<(eOperationType)1, (eCalculateGlobals)2, (eStage)7> --- Reduced from maximum 1024
[  ]    ==== :    32x4    | InteriorExecutor<(eOperationType)1, (eCalculateGlobals)2, (eStage)8> --- Reduced from maximum 1024
[  ]    ==== :    32x4    | InteriorExecutor<(eOperationType)1, (eCalculateGlobals)2, (eStage)9> --- Reduced from maximum 1024
[  ]    ==== :    32x4    | InteriorExecutor<(eOperationType)3, (eCalculateGlobals)0, (eStage)0> --- Reduced from maximum 1024
[  ]    ==== :    32x4    | InteriorExecutor<(eOperationType)3, (eCalculateGlobals)0, (eStage)1> --- Reduced from maximum 1024
[  ]    ==== :    32x4    | InteriorExecutor<(eOperationType)3, (eCalculateGlobals)0, (eStage)2> --- Reduced from maximum 1024
[  ]    ==== :    32x4    | InteriorExecutor<(eOperationType)3, (eCalculateGlobals)0, (eStage)3> --- Reduced from maximum 1024
[  ]    ==== :    32x4    | InteriorExecutor<(eOperationType)3, (eCalculateGlobals)0, (eStage)4> --- Reduced from maximum 1024
[  ]    ==== :    32x4    | InteriorExecutor<(eOperationType)3, (eCalculateGlobals)0, (eStage)5> --- Reduced from maximum 1024
[  ]    ==== :    32x4    | InteriorExecutor<(eOperationType)3, (eCalculateGlobals)0, (eStage)6> --- Reduced from maximum 1024
[  ]    ==== :    32x4    | InteriorExecutor<(eOperationType)3, (eCalculateGlobals)0, (eStage)7> --- Reduced from maximum 1024
[  ]    ==== :    32x4    | InteriorExecutor<(eOperationType)3, (eCalculateGlobals)0, (eStage)8> --- Reduced from maximum 1024
[  ]    ==== :    32x4    | InteriorExecutor<(eOperationType)3, (eCalculateGlobals)0, (eStage)9> --- Reduced from maximum 1024
[  ]    ==== :    32x4    | InteriorExecutor<(eOperationType)3, (eCalculateGlobals)1, (eStage)0> --- Reduced from maximum 1024
[  ]    ==== :    32x4    | InteriorExecutor<(eOperationType)3, (eCalculateGlobals)1, (eStage)1> --- Reduced from maximum 1024
[  ]    ==== :    32x4    | InteriorExecutor<(eOperationType)3, (eCalculateGlobals)1, (eStage)2> --- Reduced from maximum 1024
[  ]    ==== :    32x4    | InteriorExecutor<(eOperationType)3, (eCalculateGlobals)1, (eStage)3> --- Reduced from maximum 1024
[  ]    ==== :    32x4    | InteriorExecutor<(eOperationType)3, (eCalculateGlobals)1, (eStage)4> --- Reduced from maximum 1024
[  ]    ==== :    32x4    | InteriorExecutor<(eOperationType)3, (eCalculateGlobals)1, (eStage)5> --- Reduced from maximum 1024
[  ]    ==== :    32x4    | InteriorExecutor<(eOperationType)3, (eCalculateGlobals)1, (eStage)6> --- Reduced from maximum 1024
[  ]    ==== :    32x4    | InteriorExecutor<(eOperationType)3, (eCalculateGlobals)1, (eStage)7> --- Reduced from maximum 1024
[  ]    ==== :    32x4    | InteriorExecutor<(eOperationType)3, (eCalculateGlobals)1, (eStage)8> --- Reduced from maximum 1024
[  ]    ==== :    32x4    | InteriorExecutor<(eOperationType)3, (eCalculateGlobals)1, (eStage)9> --- Reduced from maximum 1024
[  ]    ==== :    32x4    | InteriorExecutor<(eOperationType)3, (eCalculateGlobals)2, (eStage)0> --- Reduced from maximum 1024
[  ]    ==== :    32x4    | InteriorExecutor<(eOperationType)3, (eCalculateGlobals)2, (eStage)1> --- Reduced from maximum 1024
[  ]    ==== :    32x4    | InteriorExecutor<(eOperationType)3, (eCalculateGlobals)2, (eStage)2> --- Reduced from maximum 1024
[  ]    ==== :    32x4    | InteriorExecutor<(eOperationType)3, (eCalculateGlobals)2, (eStage)3> --- Reduced from maximum 1024
[  ]    ==== :    32x4    | InteriorExecutor<(eOperationType)3, (eCalculateGlobals)2, (eStage)4> --- Reduced from maximum 1024
[  ]    ==== :    32x4    | InteriorExecutor<(eOperationType)3, (eCalculateGlobals)2, (eStage)5> --- Reduced from maximum 1024
[  ]    ==== :    32x4    | InteriorExecutor<(eOperationType)3, (eCalculateGlobals)2, (eStage)6> --- Reduced from maximum 1024
[  ]    ==== :    32x4    | InteriorExecutor<(eOperationType)3, (eCalculateGlobals)2, (eStage)7> --- Reduced from maximum 1024
[  ]    ==== :    32x4    | InteriorExecutor<(eOperationType)3, (eCalculateGlobals)2, (eStage)8> --- Reduced from maximum 1024
[  ]    ==== :    32x4    | InteriorExecutor<(eOperationType)3, (eCalculateGlobals)2, (eStage)9> --- Reduced from maximum 1024
[  ]    ==== :    32x4    | InteriorExecutor<(eOperationType)4, (eCalculateGlobals)0, (eStage)0> --- Reduced from maximum 1024
[  ]    ==== :    32x4    | InteriorExecutor<(eOperationType)4, (eCalculateGlobals)0, (eStage)1> --- Reduced from maximum 1024
[  ]    ==== :    32x4    | InteriorExecutor<(eOperationType)4, (eCalculateGlobals)0, (eStage)2> --- Reduced from maximum 1024
[  ]    ==== :    32x4    | InteriorExecutor<(eOperationType)4, (eCalculateGlobals)0, (eStage)3> --- Reduced from maximum 1024
[  ]    ==== :    32x4    | InteriorExecutor<(eOperationType)4, (eCalculateGlobals)0, (eStage)4> --- Reduced from maximum 1024
[  ]    ==== :    32x4    | InteriorExecutor<(eOperationType)4, (eCalculateGlobals)0, (eStage)5> --- Reduced from maximum 1024
[  ]    ==== :    32x4    | InteriorExecutor<(eOperationType)4, (eCalculateGlobals)0, (eStage)6> --- Reduced from maximum 1024
[  ]    ==== :    32x4    | InteriorExecutor<(eOperationType)4, (eCalculateGlobals)0, (eStage)7> --- Reduced from maximum 1024
[  ]    ==== :    32x4    | InteriorExecutor<(eOperationType)4, (eCalculateGlobals)0, (eStage)8> --- Reduced from maximum 1024
[  ]    ==== :    32x4    | InteriorExecutor<(eOperationType)4, (eCalculateGlobals)0, (eStage)9> --- Reduced from maximum 1024
[  ]    ==== :    32x4    | InteriorExecutor<(eOperationType)4, (eCalculateGlobals)1, (eStage)0> --- Reduced from maximum 1024
[  ]    ==== :    32x4    | InteriorExecutor<(eOperationType)4, (eCalculateGlobals)1, (eStage)1> --- Reduced from maximum 1024
[  ]    ==== :    32x4    | InteriorExecutor<(eOperationType)4, (eCalculateGlobals)1, (eStage)2> --- Reduced from maximum 1024
[  ]    ==== :    32x4    | InteriorExecutor<(eOperationType)4, (eCalculateGlobals)1, (eStage)3> --- Reduced from maximum 1024
[  ]    ==== :    32x4    | InteriorExecutor<(eOperationType)4, (eCalculateGlobals)1, (eStage)4> --- Reduced from maximum 1024
[  ]    ==== :    32x4    | InteriorExecutor<(eOperationType)4, (eCalculateGlobals)1, (eStage)5> --- Reduced from maximum 1024
[  ]    ==== :    32x4    | InteriorExecutor<(eOperationType)4, (eCalculateGlobals)1, (eStage)6> --- Reduced from maximum 1024
[  ]    ==== :    32x4    | InteriorExecutor<(eOperationType)4, (eCalculateGlobals)1, (eStage)7> --- Reduced from maximum 1024
[  ]    ==== :    32x4    | InteriorExecutor<(eOperationType)4, (eCalculateGlobals)1, (eStage)8> --- Reduced from maximum 1024
[  ]    ==== :    32x4    | InteriorExecutor<(eOperationType)4, (eCalculateGlobals)1, (eStage)9> --- Reduced from maximum 1024
[  ]    ==== :    32x4    | InteriorExecutor<(eOperationType)4, (eCalculateGlobals)2, (eStage)0> --- Reduced from maximum 1024
[  ]    ==== :    32x4    | InteriorExecutor<(eOperationType)4, (eCalculateGlobals)2, (eStage)1> --- Reduced from maximum 1024
[  ]    ==== :    32x4    | InteriorExecutor<(eOperationType)4, (eCalculateGlobals)2, (eStage)2> --- Reduced from maximum 1024
[  ]    ==== :    32x4    | InteriorExecutor<(eOperationType)4, (eCalculateGlobals)2, (eStage)3> --- Reduced from maximum 1024
[  ]    ==== :    32x4    | InteriorExecutor<(eOperationType)4, (eCalculateGlobals)2, (eStage)4> --- Reduced from maximum 1024
[  ]    ==== :    32x4    | InteriorExecutor<(eOperationType)4, (eCalculateGlobals)2, (eStage)5> --- Reduced from maximum 1024
[  ]    ==== :    32x4    | InteriorExecutor<(eOperationType)4, (eCalculateGlobals)2, (eStage)6> --- Reduced from maximum 1024
[  ]    ==== :    32x4    | InteriorExecutor<(eOperationType)4, (eCalculateGlobals)2, (eStage)7> --- Reduced from maximum 1024
[  ]    ==== :    32x4    | InteriorExecutor<(eOperationType)4, (eCalculateGlobals)2, (eStage)8> --- Reduced from maximum 1024
[  ]    ==== :    32x4    | InteriorExecutor<(eOperationType)4, (eCalculateGlobals)2, (eStage)9> --- Reduced from maximum 1024
[ 0] warning ! No "Units" element in config file
[  ]    ==== : Mesh size in config file: 128x96x128
[  ]    ---- : Global lattice size: 128x96x128
[  ]    ==== : Max region size: 1572864. Mesh size 1572864. Overhead:  0%
[  ]    ---- : Local lattice size: 128x96x128
[  ]    #### : [0] Cumulative allocation of 1850564608 b (1.9 GB)
[  ]    ---- : Creating geom size:1572864
[  ]    #### : Setting output path to: case
[  ]    #### : Setting output path to: /mnt/8A0E24070E23EAC1/runs/tclb_flat_wall_cap_stage7b_low_angle_20260612/cap_theta030_wall025/output/case
[  ]    ---- : loading geometry ...
[  ]    ---- : overwriting all flags
[  ]    ---- : Setting number of zones to 3
[  ]    ---- : Setting Density_h to 1 (1.000000)
[  ]    ---- : Setting Density_l to 0.001 (0.001000)
[  ]    ---- : Setting Viscosity_h to 0.09 (0.090000)
[  ]    ---- : Setting Viscosity_l to 0.1 (0.100000)
[  ]    ---- : Setting tauUpdate to 3 (3.000000)
[  ]    ---- : Setting sigma to 5e-05 (0.000050)
[  ]    ---- : Setting M to 0.1 (0.100000)
[  ]    ---- : Setting IntWidth to 6 (6.000000)
[  ]    ---- : Setting Radius to 0 (0.000000)
[  ]    ---- : Setting BubbleType to 1 (1.000000)
[  ]    ---- : Setting CapInit to 1 (1.000000)
[  ]    ---- : Setting CapInitRadius to 102.4368595766759 (102.436860)
[  ]    ---- : Setting CapInitTheta to 0.5235987755982988 (0.523599)
[  ]    ---- : Setting CapInitCenterX to 64 (64.000000)
[  ]    ---- : Setting CapInitCenterY to -88.71292267730063 (-88.712923)
[  ]    ---- : Setting CapInitCenterZ to 64 (64.000000)
[  ]    ---- : Setting VelocityX in zone  (-1) to 0.0 (0.000000)
[  ]    ---- : Setting VelocityY in zone  (-1) to 0.0 (0.000000)
[  ]    ---- : Setting VelocityZ in zone  (-1) to 0.0 (0.000000)
[  ]    ---- : Setting GravitationX to 0.0 (0.000000)
[  ]    ---- : Setting GravitationY to 0.0 (0.000000)
[  ]    ---- : Setting GravitationZ to 0.0 (0.000000)
[  ]    ---- : Setting BuoyancyX to 0.0 (0.000000)
[  ]    ---- : Setting BuoyancyY to 0.0 (0.000000)
[  ]    ---- : Setting BuoyancyZ to 0.0 (0.000000)
[  ]    ---- : Setting radAngle in zone  (-1) to 90d (1.570796)
[ 0] WARNING ! Zone-specific settings in zone 0 were overwritten from 1.570796 to 1.570796
[  ]    ---- : Setting radAngle in zone OuterDomain (1) to 90d (1.570796)
[  ]    ---- : Setting radAngle in zone FlatLowerY (2) to 25d (0.436332)
[  ]    ---- : Setting minGradient to 1e-08 (0.000000)
[  ]    ---- : Setting Stage7SignedMode to 3 (3.000000)
[  ]    ---- : Setting Stage7DeltaQScale to 1 (1.000000)
[  ]    ---- : Setting Stage7DeltaQAbsCap to 6 (6.000000)
[  ]    ---- : Setting Stage7DenomFloor to 0.05 (0.050000)
[  ]    ---- : Setting Stage7ActiveCMin to 0.02 (0.020000)
[  ]    ---- : Setting Stage7ActiveGradMin to 1e-06 (0.000001)
[  ]    ---- : Setting Stage7ActiveTangentMin to 1e-08 (0.000000)
[  ]    ---- : Setting Stage7RelaxationTau to 1 (1.000000)
[  ]    ---- : Initializing Lattice ...
[  ]    120.7 MLBUps    139.28 GB/s [====================]  0s
[  ]    ---- : Callback VTK with no Iterations attribute
[  ]    ---- :        0 it writing vtk
[  ]    ---- : Setting callback Log at 1000.000000 iterations
[  ]    ---- : Adding Log to the solver hands
[  ]    ---- : Setting callback Failcheck at 1000.000000 iterations
[  ]    ---- : Adding Failcheck to the solver hands
[  ]    ---- : Setting action Solve at 50000.000000 iterations
[  ]    ---- : Setting callback VTK at 10000.000000 iterations
[  ]    ---- : Adding VTK to the solver hands
[  ]    ---- : Setting callback Log at 1000.000000 iterations
[  ]    ---- : Adding Log to the solver hands
[  ]    ---- : Setting callback Failcheck at 1000.000000 iterations
[  ]    ---- : Adding Failcheck to the solver hands
[  ]     19.6 MLBUps     22.66 GB/s [=                   ]  6s
[  ]    227.6 MLBUps    262.65 GB/s [=                   ]  6s
[  ]    227.7 MLBUps    262.81 GB/s [====                ]  7s
[  ]    227.9 MLBUps    263.05 GB/s [=======             ]  8s
[  ]    228.1 MLBUps    263.20 GB/s [==========          ]  9s
[  ]    228.1 MLBUps    263.23 GB/s [=============       ] 10s
[  ]    228.1 MLBUps    263.23 GB/s [================    ] 11s
[  ]    228.0 MLBUps    263.12 GB/s [=================== ] 12s
[  ]    ---- :    215.2 MLBUps    248.29 GB/s [====================]
[  ]    226.5 MLBUps    261.34 GB/s [=                   ]  0s
[  ]    228.1 MLBUps    263.19 GB/s [====                ]  1s
[  ]    228.1 MLBUps    263.28 GB/s [=======             ]  2s
[  ]    228.1 MLBUps    263.27 GB/s [==========          ]  3s
[  ]    228.2 MLBUps    263.31 GB/s [=============       ]  4s
[  ]    228.2 MLBUps    263.36 GB/s [================    ]  5s
[  ]    228.2 MLBUps    263.36 GB/s [=================== ]  6s
[  ]    ---- :    216.6 MLBUps    250.01 GB/s [====================]
[  ]    228.1 MLBUps    263.20 GB/s [==                  ]  0s
[  ]    228.2 MLBUps    263.39 GB/s [=====               ]  1s
[  ]    228.2 MLBUps    263.35 GB/s [========            ]  3s
[  ]    228.1 MLBUps    263.23 GB/s [===========         ]  4s
[  ]    228.1 MLBUps    263.26 GB/s [==============      ]  5s
[  ]    228.0 MLBUps    263.16 GB/s [=================   ]  6s
[  ]    ---- :    223.6 MLBUps    257.99 GB/s [====================]
[  ]    228.0 MLBUps    263.09 GB/s [==                  ]  0s
[  ]    228.2 MLBUps    263.32 GB/s [=====               ]  1s
[  ]    228.3 MLBUps    263.43 GB/s [========            ]  2s
[  ]    228.2 MLBUps    263.39 GB/s [===========         ]  3s
[  ]    228.1 MLBUps    263.25 GB/s [==============      ]  5s
[  ]    228.1 MLBUps    263.28 GB/s [=================   ]  6s
[  ]    ---- :    223.6 MLBUps    258.09 GB/s [====================]
[  ]    228.1 MLBUps    263.22 GB/s [==                  ]  0s
[  ]    228.0 MLBUps    263.15 GB/s [=====               ]  2s
[  ]    228.1 MLBUps    263.26 GB/s [========            ]  2s
[  ]    228.1 MLBUps    263.25 GB/s [===========         ]  3s
[  ]    228.0 MLBUps    263.15 GB/s [==============      ]  5s
[  ]    228.0 MLBUps    263.16 GB/s [=================   ]  5s
[  ]    ---- :    223.8 MLBUps    258.32 GB/s [====================]
[  ]    228.0 MLBUps    263.14 GB/s [==                  ]  0s
[  ]    228.0 MLBUps    263.08 GB/s [=====               ]  1s
[  ]    228.3 MLBUps    263.42 GB/s [========            ]  2s
[  ]    228.2 MLBUps    263.30 GB/s [===========         ]  3s
[  ]    228.1 MLBUps    263.28 GB/s [==============      ]  4s
[  ]    228.1 MLBUps    263.20 GB/s [=================   ]  5s
[  ]    ---- :    223.8 MLBUps    258.23 GB/s [====================]
[  ]    228.1 MLBUps    263.25 GB/s [==                  ]  0s
[  ]    228.1 MLBUps    263.22 GB/s [=====               ]  1s
[  ]    228.1 MLBUps    263.27 GB/s [========            ]  3s
[  ]    228.1 MLBUps    263.28 GB/s [===========         ]  4s
[  ]    228.1 MLBUps    263.25 GB/s [==============      ]  5s
[  ]    228.3 MLBUps    263.41 GB/s [=================   ]  6s
[  ]    ---- :    223.7 MLBUps    258.19 GB/s [====================]
[  ]    228.0 MLBUps    263.15 GB/s [==                  ]  0s
[  ]    228.2 MLBUps    263.29 GB/s [=====               ]  1s
[  ]    228.1 MLBUps    263.28 GB/s [========            ]  2s
[  ]    228.1 MLBUps    263.23 GB/s [===========         ]  3s
[  ]    228.2 MLBUps    263.34 GB/s [==============      ]  5s
[  ]    228.0 MLBUps    263.14 GB/s [=================   ]  6s
[  ]    ---- :    223.7 MLBUps    258.13 GB/s [====================]
[  ]    228.1 MLBUps    263.22 GB/s [==                  ]  0s
[  ]    228.2 MLBUps    263.32 GB/s [=====               ]  1s
[  ]    228.1 MLBUps    263.26 GB/s [========            ]  3s
[  ]    228.2 MLBUps    263.31 GB/s [===========         ]  4s
[  ]    228.2 MLBUps    263.29 GB/s [==============      ]  5s
[  ]    228.2 MLBUps    263.32 GB/s [=================   ]  6s
[  ]    ---- :    223.8 MLBUps    258.32 GB/s [====================]
[  ]    228.1 MLBUps    263.17 GB/s [==                  ]  0s
[  ]    228.1 MLBUps    263.19 GB/s [=====               ]  1s
[  ]    228.0 MLBUps    263.14 GB/s [========            ]  2s
[  ]    228.2 MLBUps    263.36 GB/s [===========         ]  3s
[  ]    228.1 MLBUps    263.27 GB/s [==============      ]  4s
[  ]    228.2 MLBUps    263.30 GB/s [=================   ]  5s
[  ]    ---- :    223.9 MLBUps    258.41 GB/s [====================]
[  ]    ---- :    10000 it writing vtk
[  ]     33.6 MLBUps     38.73 GB/s [==                  ]  6s
[  ]    228.3 MLBUps    263.48 GB/s [===                 ]  6s
[  ]    228.1 MLBUps    263.22 GB/s [======              ]  7s
[  ]    228.1 MLBUps    263.25 GB/s [=========           ]  8s
[  ]    228.0 MLBUps    263.16 GB/s [============        ]  9s
[  ]    228.1 MLBUps    263.28 GB/s [==============      ] 10s
[  ]    228.2 MLBUps    263.29 GB/s [=================   ] 11s
[  ]    ---- :    223.0 MLBUps    257.35 GB/s [====================]
[  ]    228.1 MLBUps    263.20 GB/s [=                   ]  0s
[  ]    228.1 MLBUps    263.28 GB/s [====                ]  1s
[  ]    228.1 MLBUps    263.27 GB/s [=======             ]  2s
[  ]    228.2 MLBUps    263.35 GB/s [==========          ]  3s
[  ]    228.2 MLBUps    263.39 GB/s [=============       ]  4s
[  ]    228.2 MLBUps    263.35 GB/s [================    ]  5s
[  ]    228.0 MLBUps    263.14 GB/s [=================== ]  6s
[  ]    ---- :    216.5 MLBUps    249.79 GB/s [====================]
[  ]    228.0 MLBUps    263.14 GB/s [==                  ]  0s
[  ]    228.2 MLBUps    263.36 GB/s [=====               ]  1s
[  ]    228.0 MLBUps    263.16 GB/s [========            ]  2s
[  ]    228.1 MLBUps    263.27 GB/s [===========         ]  3s
[  ]    228.1 MLBUps    263.27 GB/s [==============      ]  4s
[  ]    228.1 MLBUps    263.21 GB/s [=================   ]  5s
[  ]    ---- :    223.9 MLBUps    258.42 GB/s [====================]
[  ]    228.1 MLBUps    263.19 GB/s [==                  ]  0s
[  ]    228.1 MLBUps    263.26 GB/s [=====               ]  1s
[  ]    228.1 MLBUps    263.27 GB/s [========            ]  3s
[  ]    228.2 MLBUps    263.30 GB/s [===========         ]  4s
[  ]    228.1 MLBUps    263.22 GB/s [==============      ]  5s
[  ]    228.2 MLBUps    263.31 GB/s [=================   ]  6s
[  ]    ---- :    223.6 MLBUps    258.01 GB/s [====================]
[  ]    227.9 MLBUps    263.00 GB/s [==                  ]  0s
[  ]    228.3 MLBUps    263.42 GB/s [=====               ]  1s
[  ]    228.2 MLBUps    263.35 GB/s [========            ]  2s
[  ]    228.1 MLBUps    263.17 GB/s [===========         ]  3s
[  ]    228.2 MLBUps    263.32 GB/s [==============      ]  4s
[  ]    228.1 MLBUps    263.18 GB/s [=================   ]  5s
[  ]    ---- :    223.7 MLBUps    258.10 GB/s [====================]
[  ]    227.9 MLBUps    262.95 GB/s [==                  ]  0s
[  ]    228.0 MLBUps    263.14 GB/s [=====               ]  1s
[  ]    228.2 MLBUps    263.38 GB/s [========            ]  2s
[  ]    228.1 MLBUps    263.27 GB/s [===========         ]  3s
[  ]    228.2 MLBUps    263.36 GB/s [==============      ]  4s
[  ]    228.1 MLBUps    263.26 GB/s [=================   ]  5s
[  ]    ---- :    223.8 MLBUps    258.23 GB/s [====================]
[  ]    228.0 MLBUps    263.11 GB/s [==                  ]  0s
[  ]    228.1 MLBUps    263.22 GB/s [=====               ]  1s
[  ]    228.3 MLBUps    263.44 GB/s [========            ]  2s
[  ]    228.1 MLBUps    263.19 GB/s [===========         ]  3s
[  ]    228.2 MLBUps    263.36 GB/s [==============      ]  5s
[  ]    228.1 MLBUps    263.19 GB/s [=================   ]  6s
[  ]    ---- :    223.6 MLBUps    258.00 GB/s [====================]
[  ]    228.1 MLBUps    263.17 GB/s [==                  ]  0s
[  ]    228.1 MLBUps    263.21 GB/s [=====               ]  1s
[  ]    228.0 MLBUps    263.15 GB/s [========            ]  2s
[  ]    228.1 MLBUps    263.28 GB/s [===========         ]  3s
[  ]    228.2 MLBUps    263.29 GB/s [==============      ]  4s
[  ]    228.2 MLBUps    263.33 GB/s [=================   ]  5s
[  ]    ---- :    223.8 MLBUps    258.27 GB/s [====================]
[  ]    228.1 MLBUps    263.17 GB/s [==                  ]  0s
[  ]    228.2 MLBUps    263.34 GB/s [=====               ]  1s
[  ]    228.2 MLBUps    263.38 GB/s [========            ]  2s
[  ]    228.2 MLBUps    263.30 GB/s [===========         ]  3s
[  ]    228.2 MLBUps    263.31 GB/s [==============      ]  5s
[  ]    228.1 MLBUps    263.25 GB/s [=================   ]  6s
[  ]    ---- :    223.8 MLBUps    258.27 GB/s [====================]
[  ]    228.0 MLBUps    263.08 GB/s [==                  ]  0s
[  ]    228.1 MLBUps    263.27 GB/s [=====               ]  1s
[  ]    228.2 MLBUps    263.29 GB/s [========            ]  2s
[  ]    228.1 MLBUps    263.28 GB/s [===========         ]  3s
[  ]    228.2 MLBUps    263.33 GB/s [==============      ]  5s
[  ]    228.1 MLBUps    263.26 GB/s [=================   ]  6s
[  ]    ---- :    223.7 MLBUps    258.19 GB/s [====================]
[  ]    ---- :    20000 it writing vtk
[  ]     30.3 MLBUps     35.02 GB/s [==                  ]  7s
[  ]    227.9 MLBUps    263.00 GB/s [===                 ]  7s
[  ]    228.2 MLBUps    263.30 GB/s [======              ]  8s
[  ]    228.0 MLBUps    263.07 GB/s [=========           ]  9s
[  ]    228.0 MLBUps    263.17 GB/s [===========         ] 10s
[  ]    228.1 MLBUps    263.23 GB/s [==============      ] 11s
[  ]    228.1 MLBUps    263.17 GB/s [=================   ] 12s
[  ]    ---- :    223.0 MLBUps    257.32 GB/s [====================]
[  ]    227.8 MLBUps    262.92 GB/s [=                   ]  0s
[  ]    228.3 MLBUps    263.44 GB/s [====                ]  1s
[  ]    228.1 MLBUps    263.22 GB/s [=======             ]  2s
[  ]    228.2 MLBUps    263.38 GB/s [==========          ]  3s
[  ]    228.1 MLBUps    263.21 GB/s [=============       ]  4s
[  ]    228.2 MLBUps    263.31 GB/s [================    ]  5s
[  ]    228.1 MLBUps    263.23 GB/s [==================  ]  6s
[  ]    ---- :    217.6 MLBUps    251.13 GB/s [====================]
[  ]    228.0 MLBUps    263.15 GB/s [==                  ]  0s
[  ]    226.0 MLBUps    260.83 GB/s [=====               ]  1s
[  ]    225.0 MLBUps    259.68 GB/s [========            ]  3s
[  ]    225.1 MLBUps    259.82 GB/s [===========         ]  4s
[  ]    225.4 MLBUps    260.09 GB/s [==============      ]  5s
[  ]    225.3 MLBUps    260.02 GB/s [=================   ]  6s
[  ]    ---- :    221.4 MLBUps    255.44 GB/s [====================]
[  ]    225.5 MLBUps    260.24 GB/s [==                  ]  1s
[  ]    225.2 MLBUps    259.83 GB/s [=====               ]  2s
[  ]    225.4 MLBUps    260.10 GB/s [========            ]  3s
[  ]    225.2 MLBUps    259.82 GB/s [===========         ]  4s
[  ]    225.1 MLBUps    259.71 GB/s [==============      ]  5s
[  ]    225.2 MLBUps    259.89 GB/s [=================   ]  6s
[  ]    ---- :    221.3 MLBUps    255.34 GB/s [====================]
[  ]    224.8 MLBUps    259.45 GB/s [==                  ]  0s
[  ]    224.9 MLBUps    259.55 GB/s [=====               ]  1s
[  ]    225.2 MLBUps    259.88 GB/s [========            ]  2s
[  ]    221.1 MLBUps    255.19 GB/s [===========         ]  4s
[  ]    220.4 MLBUps    254.31 GB/s [==============      ]  5s
[  ]    220.2 MLBUps    254.08 GB/s [=================   ]  6s
[  ]    220.7 MLBUps    254.64 GB/s [=================== ]  6s
[  ]    ---- :    176.2 MLBUps    203.36 GB/s [====================]
[  ]    220.2 MLBUps    254.05 GB/s [==                  ]  1s
[  ]    220.3 MLBUps    254.17 GB/s [=====               ]  2s
[  ]    220.1 MLBUps    254.03 GB/s [========            ]  3s
[  ]    220.2 MLBUps    254.13 GB/s [===========         ]  4s
[  ]    220.4 MLBUps    254.37 GB/s [==============      ]  5s
[  ]    220.4 MLBUps    254.33 GB/s [================    ]  6s
[  ]    220.6 MLBUps    254.53 GB/s [=================== ]  7s
[  ]    ---- :    194.8 MLBUps    224.80 GB/s [====================]
[  ]    220.3 MLBUps    254.24 GB/s [==                  ]  0s
[  ]    220.3 MLBUps    254.19 GB/s [=====               ]  1s
[  ]    221.0 MLBUps    255.06 GB/s [========            ]  2s
[  ]    220.2 MLBUps    254.06 GB/s [===========         ]  3s
[  ]    220.2 MLBUps    254.13 GB/s [==============      ]  4s
[  ]    220.3 MLBUps    254.27 GB/s [================    ]  5s
[  ]    220.4 MLBUps    254.35 GB/s [=================== ]  6s
[  ]    ---- :    196.8 MLBUps    227.07 GB/s [====================]
[  ]    220.5 MLBUps    254.47 GB/s [==                  ]  0s
[  ]    220.4 MLBUps    254.36 GB/s [=====               ]  1s
[  ]    220.5 MLBUps    254.42 GB/s [========            ]  2s
[  ]    220.4 MLBUps    254.32 GB/s [===========         ]  3s
[  ]    220.7 MLBUps    254.74 GB/s [==============      ]  4s
[  ]    220.2 MLBUps    254.11 GB/s [================    ]  5s
[  ]    220.2 MLBUps    254.16 GB/s [=================== ]  6s
[  ]    ---- :    196.7 MLBUps    226.97 GB/s [====================]
[  ]    220.4 MLBUps    254.32 GB/s [==                  ]  0s
[  ]    220.7 MLBUps    254.69 GB/s [=====               ]  1s
[  ]    220.5 MLBUps    254.43 GB/s [========            ]  2s
[  ]    220.7 MLBUps    254.69 GB/s [===========         ]  3s
[  ]    220.3 MLBUps    254.25 GB/s [==============      ]  4s
[  ]    220.6 MLBUps    254.62 GB/s [================    ]  5s
[  ]    220.2 MLBUps    254.06 GB/s [=================== ]  6s
[  ]    ---- :    196.5 MLBUps    226.78 GB/s [====================]
[  ]    220.3 MLBUps    254.25 GB/s [==                  ]  0s
[  ]    220.6 MLBUps    254.52 GB/s [=====               ]  1s
[  ]    220.5 MLBUps    254.42 GB/s [========            ]  2s
[  ]    220.5 MLBUps    254.46 GB/s [===========         ]  3s
[  ]    220.4 MLBUps    254.32 GB/s [==============      ]  4s
[  ]    220.5 MLBUps    254.48 GB/s [================    ]  5s
[  ]    220.3 MLBUps    254.23 GB/s [=================== ]  6s
[  ]    ---- :    197.2 MLBUps    227.57 GB/s [====================]
[  ]    ---- :    30000 it writing vtk
[  ]     30.5 MLBUps     35.15 GB/s [==                  ]  7s
[  ]    228.0 MLBUps    263.12 GB/s [===                 ]  7s
[  ]    228.2 MLBUps    263.36 GB/s [======              ]  8s
[  ]    228.2 MLBUps    263.29 GB/s [=========           ]  9s
[  ]    228.2 MLBUps    263.39 GB/s [===========         ] 10s
[  ]    228.1 MLBUps    263.22 GB/s [==============      ] 11s
[  ]    228.1 MLBUps    263.18 GB/s [=================   ] 12s
[  ]    ---- :    223.2 MLBUps    257.56 GB/s [====================]
[  ]    227.8 MLBUps    262.91 GB/s [=                   ]  0s
[  ]    228.1 MLBUps    263.27 GB/s [====                ]  1s
[  ]    227.1 MLBUps    262.08 GB/s [=======             ]  2s
[  ]    225.4 MLBUps    260.12 GB/s [==========          ]  3s
[  ]    225.5 MLBUps    260.17 GB/s [=============       ]  4s
[  ]    225.4 MLBUps    260.14 GB/s [===============     ]  5s
[  ]    225.3 MLBUps    259.94 GB/s [==================  ]  6s
[  ]    ---- :    216.2 MLBUps    249.50 GB/s [====================]
[  ]    225.2 MLBUps    259.84 GB/s [==                  ]  1s
[  ]    225.4 MLBUps    260.16 GB/s [=====               ]  2s
[  ]    225.2 MLBUps    259.90 GB/s [========            ]  3s
[  ]    225.5 MLBUps    260.17 GB/s [===========         ]  4s
[  ]    225.1 MLBUps    259.73 GB/s [==============      ]  5s
[  ]    225.5 MLBUps    260.18 GB/s [=================   ]  6s
[  ]    ---- :    221.5 MLBUps    255.60 GB/s [====================]
[  ]    223.4 MLBUps    257.84 GB/s [==                  ]  0s
[  ]    219.8 MLBUps    253.63 GB/s [=====               ]  2s
[  ]    219.7 MLBUps    253.59 GB/s [========            ]  3s
[  ]    219.9 MLBUps    253.78 GB/s [===========         ]  4s
[  ]    219.7 MLBUps    253.48 GB/s [==============      ]  5s
[  ]    219.6 MLBUps    253.43 GB/s [================    ]  6s
[  ]    219.6 MLBUps    253.47 GB/s [=================== ]  7s
[  ]    ---- :    191.3 MLBUps    220.80 GB/s [====================]
[  ]    219.6 MLBUps    253.43 GB/s [==                  ]  1s
[  ]    219.8 MLBUps    253.66 GB/s [=====               ]  2s
[  ]    219.5 MLBUps    253.28 GB/s [========            ]  3s
[  ]    219.8 MLBUps    253.62 GB/s [===========         ]  4s
[  ]    219.6 MLBUps    253.43 GB/s [==============      ]  5s
[  ]    219.4 MLBUps    253.17 GB/s [================    ]  6s
[  ]    219.7 MLBUps    253.53 GB/s [=================== ]  7s
[  ]    ---- :    196.5 MLBUps    226.74 GB/s [====================]
[  ]    219.9 MLBUps    253.79 GB/s [==                  ]  1s
[  ]    219.9 MLBUps    253.77 GB/s [=====               ]  2s
[  ]    219.8 MLBUps    253.65 GB/s [========            ]  3s
[  ]    219.8 MLBUps    253.69 GB/s [===========         ]  4s
[  ]    219.8 MLBUps    253.60 GB/s [==============      ]  5s
[  ]    219.8 MLBUps    253.63 GB/s [================    ]  6s
[  ]    219.9 MLBUps    253.74 GB/s [=================== ]  7s
[  ]    ---- :    195.7 MLBUps    225.82 GB/s [====================]
[  ]    219.6 MLBUps    253.39 GB/s [==                  ]  1s
[  ]    219.5 MLBUps    253.26 GB/s [=====               ]  2s
[  ]    219.7 MLBUps    253.52 GB/s [========            ]  3s
[  ]    219.7 MLBUps    253.51 GB/s [===========         ]  4s
[  ]    219.9 MLBUps    253.73 GB/s [==============      ]  5s
[  ]    219.8 MLBUps    253.60 GB/s [================    ]  6s
[  ]    219.9 MLBUps    253.81 GB/s [=================== ]  7s
[  ]    ---- :    195.7 MLBUps    225.79 GB/s [====================]
[  ]    219.7 MLBUps    253.53 GB/s [==                  ]  1s
[  ]    219.6 MLBUps    253.47 GB/s [=====               ]  2s
[  ]    219.6 MLBUps    253.39 GB/s [========            ]  3s
[  ]    219.7 MLBUps    253.55 GB/s [===========         ]  4s
[  ]    219.9 MLBUps    253.78 GB/s [==============      ]  5s
[  ]    220.1 MLBUps    253.95 GB/s [================    ]  6s
[  ]    220.0 MLBUps    253.90 GB/s [=================== ]  7s
[  ]    ---- :    196.7 MLBUps    226.95 GB/s [====================]
[  ]    219.8 MLBUps    253.68 GB/s [==                  ]  1s
[  ]    220.0 MLBUps    253.85 GB/s [=====               ]  2s
[  ]    220.1 MLBUps    254.02 GB/s [========            ]  3s
[  ]    219.9 MLBUps    253.73 GB/s [===========         ]  4s
[  ]    219.8 MLBUps    253.60 GB/s [==============      ]  5s
[  ]    219.6 MLBUps    253.39 GB/s [================    ]  6s
[  ]    219.9 MLBUps    253.75 GB/s [=================== ]  7s
[  ]    ---- :    196.4 MLBUps    226.62 GB/s [====================]
[  ]    220.0 MLBUps    253.92 GB/s [==                  ]  1s
[  ]    219.9 MLBUps    253.71 GB/s [=====               ]  2s
[  ]    219.7 MLBUps    253.53 GB/s [========            ]  3s
[  ]    219.8 MLBUps    253.60 GB/s [===========         ]  4s
[  ]    219.5 MLBUps    253.34 GB/s [==============      ]  5s
[  ]    219.6 MLBUps    253.44 GB/s [================    ]  6s
[  ]    220.1 MLBUps    253.96 GB/s [=================== ]  7s
[  ]    ---- :    196.4 MLBUps    226.69 GB/s [====================]
[  ]    ---- :    40000 it writing vtk
[  ]     32.5 MLBUps     37.48 GB/s [==                  ]  6s
[  ]    228.6 MLBUps    263.77 GB/s [===                 ]  6s
[  ]    228.3 MLBUps    263.42 GB/s [======              ]  7s
[  ]    228.1 MLBUps    263.26 GB/s [=========           ]  8s
[  ]    228.1 MLBUps    263.26 GB/s [===========         ]  9s
[  ]    228.1 MLBUps    263.27 GB/s [==============      ] 10s
[  ]    228.1 MLBUps    263.18 GB/s [=================   ] 11s
[  ]    ---- :    223.1 MLBUps    257.43 GB/s [====================]
[  ]    228.1 MLBUps    263.19 GB/s [=                   ]  0s
[  ]    226.3 MLBUps    261.09 GB/s [====                ]  1s
[  ]    225.3 MLBUps    260.01 GB/s [=======             ]  2s
[  ]    225.4 MLBUps    260.16 GB/s [==========          ]  3s
[  ]    225.5 MLBUps    260.28 GB/s [=============       ]  4s
[  ]    225.3 MLBUps    259.95 GB/s [===============     ]  5s
[  ]    225.4 MLBUps    260.08 GB/s [==================  ]  6s
[  ]    ---- :    214.0 MLBUps    246.98 GB/s [====================]
[  ]    219.9 MLBUps    253.82 GB/s [==                  ]  1s
[  ]    219.8 MLBUps    253.67 GB/s [=====               ]  2s
[  ]    219.7 MLBUps    253.57 GB/s [========            ]  3s
[  ]    219.9 MLBUps    253.74 GB/s [===========         ]  4s
[  ]    219.9 MLBUps    253.74 GB/s [==============      ]  5s
[  ]    219.6 MLBUps    253.39 GB/s [================    ]  6s
[  ]    219.6 MLBUps    253.39 GB/s [=================== ]  7s
[  ]    ---- :    190.6 MLBUps    219.96 GB/s [====================]
[  ]    219.9 MLBUps    253.79 GB/s [==                  ]  1s
[  ]    220.0 MLBUps    253.83 GB/s [=====               ]  2s
[  ]    219.5 MLBUps    253.31 GB/s [========            ]  3s
[  ]    219.9 MLBUps    253.72 GB/s [===========         ]  4s
[  ]    219.6 MLBUps    253.40 GB/s [==============      ]  5s
[  ]    219.6 MLBUps    253.45 GB/s [================    ]  6s
[  ]    219.3 MLBUps    253.09 GB/s [=================== ]  7s
[  ]    ---- :    195.8 MLBUps    225.94 GB/s [====================]
[  ]    219.7 MLBUps    253.51 GB/s [==                  ]  1s
[  ]    219.9 MLBUps    253.73 GB/s [=====               ]  2s
[  ]    219.6 MLBUps    253.47 GB/s [========            ]  3s
[  ]    219.7 MLBUps    253.58 GB/s [===========         ]  4s
[  ]    219.8 MLBUps    253.61 GB/s [==============      ]  5s
[  ]    219.7 MLBUps    253.59 GB/s [================    ]  6s
[  ]    219.5 MLBUps    253.35 GB/s [=================== ]  7s
[  ]    ---- :    196.3 MLBUps    226.48 GB/s [====================]
[  ]    220.0 MLBUps    253.90 GB/s [==                  ]  1s
[  ]    219.6 MLBUps    253.38 GB/s [=====               ]  2s
[  ]    219.6 MLBUps    253.46 GB/s [========            ]  3s
[  ]    220.1 MLBUps    253.96 GB/s [===========         ]  4s
[  ]    216.9 MLBUps    250.27 GB/s [==============      ]  5s
[  ]    214.7 MLBUps    247.73 GB/s [================    ]  6s
[  ]    214.6 MLBUps    247.66 GB/s [=================== ]  7s
[  ]    ---- :    196.3 MLBUps    226.48 GB/s [====================]
[  ]    214.6 MLBUps    247.63 GB/s [==                  ]  1s
[  ]    214.9 MLBUps    248.02 GB/s [=====               ]  2s
[  ]    214.7 MLBUps    247.77 GB/s [========            ]  3s
[  ]    214.7 MLBUps    247.71 GB/s [==========          ]  3s
[  ]    214.4 MLBUps    247.45 GB/s [=============       ]  4s
[  ]    214.8 MLBUps    247.92 GB/s [================    ]  5s
[  ]    214.5 MLBUps    247.56 GB/s [=================== ]  6s
[  ]    ---- :    203.9 MLBUps    235.30 GB/s [====================]
[  ]    214.7 MLBUps    247.76 GB/s [==                  ]  0s
[  ]    214.8 MLBUps    247.89 GB/s [=====               ]  1s
[  ]    214.8 MLBUps    247.87 GB/s [========            ]  2s
[  ]    214.7 MLBUps    247.81 GB/s [==========          ]  3s
[  ]    214.8 MLBUps    247.85 GB/s [=============       ]  4s
[  ]    214.8 MLBUps    247.93 GB/s [================    ]  5s
[  ]    214.8 MLBUps    247.84 GB/s [=================== ]  6s
[  ]    ---- :    204.8 MLBUps    236.37 GB/s [====================]
[  ]    214.9 MLBUps    247.98 GB/s [==                  ]  0s
[  ]    214.4 MLBUps    247.41 GB/s [=====               ]  1s
[  ]    214.5 MLBUps    247.53 GB/s [========            ]  2s
[  ]    214.8 MLBUps    247.89 GB/s [==========          ]  3s
[  ]    214.6 MLBUps    247.63 GB/s [=============       ]  4s
[  ]    214.9 MLBUps    247.95 GB/s [================    ]  5s
[  ]    214.8 MLBUps    247.89 GB/s [=================== ]  6s
[  ]    ---- :    204.0 MLBUps    235.45 GB/s [====================]
[  ]    214.7 MLBUps    247.72 GB/s [==                  ]  0s
[  ]    214.7 MLBUps    247.76 GB/s [=====               ]  1s
[  ]    214.6 MLBUps    247.68 GB/s [========            ]  2s
[  ]    214.8 MLBUps    247.85 GB/s [==========          ]  3s
[  ]    215.0 MLBUps    248.07 GB/s [=============       ]  4s
[  ]    214.6 MLBUps    247.62 GB/s [================    ]  5s
[  ]    214.5 MLBUps    247.59 GB/s [=================== ]  6s
[  ]    ---- :    204.7 MLBUps    236.26 GB/s [====================]
[  ]    ---- :    50000 it writing vtk
[  ]    ---- : Total duration: 387.894552 s = 6.464909 min = 0.107748 h
