{
  "status": "runtime_sanity",
  "decision": {
    "status": "runtime_sanity",
    "claim_limit": "runtime_sanity / exploratory_not_validation only",
    "write_mode_allowed": false,
    "write_mode_blocked": true,
    "block_reason": "Stage8h is shadow-only; sphere Stage8OperatorMode=2 remains forbidden",
    "shadow_gate_passed_for_planning": true,
    "root_cause_classification": "stage8h_mode4_combined_shadow_gate_passed",
    "final_stage8g_mode": 3,
    "final_stage8h_mode": 4,
    "final_vector_limiter_fraction": 0.0,
    "final_normal_limiter_fraction": 0.4564102564102564,
    "final_stage8h_limiter_equivalent_fraction": 0.0,
    "final_limiter_ratio_p50": 1.0,
    "final_limiter_ratio_p10": 0.37967009285998377,
    "final_outer90_normal_limiter_count": 0,
    "final_outer90_stage8h_limiter_equivalent_count": 0,
    "final_fallback_stage8h_limiter_equivalent_count": 0,
    "final_ratio_cap_limiter_fraction_of_normal_limiter": 0.4157303370786517,
    "final_abs_cap_limiter_fraction_of_normal_limiter": 0.5842696629213483,
    "final_cap_demand_ratio_p50": 0.7499534643757826,
    "final_regularization_ratio_p50": 0.613814419708195,
    "final_profile_target_mismatch_p50": 0.02749089366209431,
    "final_profile_conflict_p50": 0.0,
    "final_normal_raw_abs_p50": 0.06017788218074154,
    "final_target_minus_raw_abs_p50": 0.030532885830156398,
    "final_tangent_mag_p95": 0.08321320768879015,
    "final_raw_delta_p99": 0.26111415524713644,
    "final_normal_delta_limited_p99": 0.027724369205096053,
    "final_stage8h_candidate_demand_ratio_p50": 0.0338352273308682,
    "final_stage8h_candidate_demand_ratio_p95": 0.1439417104829111,
    "final_stage8h_candidate_demand_ratio_p99": 0.1944604426320138,
    "final_stage8h_beta_relaxation_p50": 0.25,
    "final_stage8h_profile_consistency_weight_p50": 0.564928635499096,
    "final_stage8h_cos_to_tan_ratio_p50": 0.17388362263282273
  },
  "frames": [
    0,
    100,
    1000
  ]
}
