LAUNCH_PREP 2026-06-13T20:16:55+08:00
status=runtime_sanity
claim_limit=exploratory_not_validation
purpose=flat_wall_spherical_cap_stage8h_shadow
run_root=/media/yuan/新加卷1/RUNS/runs/stage8/stage8h_contact_relation_and_profile_path_audit_20260613/flat
case_staging=/tmp/flat_wall_cap_stage8h_contact_relation_cases
queue_script=/tmp/hm570_stage8h_run_queue_20260613.sh
gpu_a=GPU-f650e558-d920-2fcb-0a8e-45cbc17c1ca2
gpu_b=GPU-2abee638-4460-b364-cd98-08cb6eaf11f7
delete_raw_after_analysis=1
LAUNCH_PREP 2026-06-13T21:00:41+08:00
status=runtime_sanity
claim_limit=exploratory_not_validation
purpose=flat_wall_spherical_cap_stage8h_shadow
run_root=/media/yuan/新加卷1/RUNS/runs/stage8/stage8h_contact_relation_and_profile_path_audit_20260613/flat
case_staging=/tmp/flat_wall_cap_stage8h_contact_relation_cases
queue_script=/tmp/hm570_stage8h_run_queue_20260613.sh
gpu_a=GPU-f650e558-d920-2fcb-0a8e-45cbc17c1ca2
gpu_b=GPU-2abee638-4460-b364-cd98-08cb6eaf11f7
delete_raw_after_analysis=1
postprocess_pool=1
postprocess_workers=20
LAUNCH_END 2026-06-13T21:13:38+08:00 case_count=35
