LAUNCH_PREP 2026-06-13T21:00:41+08:00
status=runtime_sanity
claim_limit=exploratory_not_validation
purpose=flat_wall_spherical_cap_stage8h_shadow
run_root=/media/yuan/新加卷1/RUNS/runs/stage8/stage8h_contact_relation_and_profile_path_audit_20260613/flat
case_staging=/tmp/flat_wall_cap_stage8h_contact_relation_cases
queue_script=/tmp/hm570_stage8h_run_queue_20260613.sh
gpu_a=GPU-f650e558-d920-2fcb-0a8e-45cbc17c1ca2
gpu_b=GPU-2abee638-4460-b364-cd98-08cb6eaf11f7
delete_raw_after_analysis=1
postprocess_pool=1
postprocess_workers=20
QUEUE_START 2026-06-13T21:00:41+08:00 queue=flat_a gpu=GPU-f650e558-d920-2fcb-0a8e-45cbc17c1ca2 kind=flat
status=runtime_sanity
claim_limit=exploratory_not_validation
run_root=/media/yuan/新加卷1/RUNS/runs/stage8/stage8h_contact_relation_and_profile_path_audit_20260613/flat
case_staging=/tmp/flat_wall_cap_stage8h_contact_relation_cases
case_list=/media/yuan/新加卷1/RUNS/runs/stage8/stage8h_contact_relation_and_profile_path_audit_20260613/flat/case_queue_a.txt
binary=/home/yuan/src/TCLB_stage8h_contact_relation_and_profile_path_audit_20260613/CLB/d3q27_pf_velocity_q27_geometric/main
cuda_device_order=PCI_BUS_ID
cuda_visible_devices=GPU-f650e558-d920-2fcb-0a8e-45cbc17c1ca2
QUEUE_START 2026-06-13T21:00:41+08:00 queue=flat_b gpu=GPU-2abee638-4460-b364-cd98-08cb6eaf11f7 kind=flat
status=runtime_sanity
claim_limit=exploratory_not_validation
run_root=/media/yuan/新加卷1/RUNS/runs/stage8/stage8h_contact_relation_and_profile_path_audit_20260613/flat
case_staging=/tmp/flat_wall_cap_stage8h_contact_relation_cases
case_list=/media/yuan/新加卷1/RUNS/runs/stage8/stage8h_contact_relation_and_profile_path_audit_20260613/flat/case_queue_b.txt
binary=/home/yuan/src/TCLB_stage8h_contact_relation_and_profile_path_audit_20260613/CLB/d3q27_pf_velocity_q27_geometric/main
cuda_device_order=PCI_BUS_ID
cuda_visible_devices=GPU-2abee638-4460-b364-cd98-08cb6eaf11f7
f083f1b436b137165a7dec2b49cdb77529a37c05de0105f7616bc2288eadf2e5  /home/yuan/src/TCLB_stage8h_contact_relation_and_profile_path_audit_20260613/CLB/d3q27_pf_velocity_q27_geometric/main
f083f1b436b137165a7dec2b49cdb77529a37c05de0105f7616bc2288eadf2e5  /home/yuan/src/TCLB_stage8h_contact_relation_and_profile_path_audit_20260613/CLB/d3q27_pf_velocity_q27_geometric/main
SKIP_DONE 2026-06-13T21:00:41+08:00 queue=flat_a gpu=GPU-f650e558-d920-2fcb-0a8e-45cbc17c1ca2 case=cap_theta030_wall005_stage8h_mode0
SKIP_DONE 2026-06-13T21:00:41+08:00 queue=flat_b gpu=GPU-2abee638-4460-b364-cd98-08cb6eaf11f7 case=cap_theta030_wall005_stage8h_mode1
SKIP_DONE 2026-06-13T21:00:41+08:00 queue=flat_a gpu=GPU-f650e558-d920-2fcb-0a8e-45cbc17c1ca2 case=cap_theta030_wall005_stage8h_mode2
SKIP_DONE 2026-06-13T21:00:41+08:00 queue=flat_b gpu=GPU-2abee638-4460-b364-cd98-08cb6eaf11f7 case=cap_theta030_wall005_stage8h_mode3
SKIP_DONE 2026-06-13T21:00:41+08:00 queue=flat_a gpu=GPU-f650e558-d920-2fcb-0a8e-45cbc17c1ca2 case=cap_theta030_wall005_stage8h_mode4
SKIP_DONE 2026-06-13T21:00:41+08:00 queue=flat_b gpu=GPU-2abee638-4460-b364-cd98-08cb6eaf11f7 case=cap_theta030_wall008_stage8h_mode0
SKIP_DONE 2026-06-13T21:00:41+08:00 queue=flat_a gpu=GPU-f650e558-d920-2fcb-0a8e-45cbc17c1ca2 case=cap_theta030_wall008_stage8h_mode1
SKIP_DONE 2026-06-13T21:00:41+08:00 queue=flat_b gpu=GPU-2abee638-4460-b364-cd98-08cb6eaf11f7 case=cap_theta030_wall008_stage8h_mode2
SKIP_DONE 2026-06-13T21:00:41+08:00 queue=flat_a gpu=GPU-f650e558-d920-2fcb-0a8e-45cbc17c1ca2 case=cap_theta030_wall008_stage8h_mode3
SKIP_DONE 2026-06-13T21:00:41+08:00 queue=flat_b gpu=GPU-2abee638-4460-b364-cd98-08cb6eaf11f7 case=cap_theta030_wall008_stage8h_mode4
SKIP_DONE 2026-06-13T21:00:41+08:00 queue=flat_a gpu=GPU-f650e558-d920-2fcb-0a8e-45cbc17c1ca2 case=cap_theta030_wall011_stage8h_mode0
SKIP_DONE 2026-06-13T21:00:41+08:00 queue=flat_b gpu=GPU-2abee638-4460-b364-cd98-08cb6eaf11f7 case=cap_theta030_wall011_stage8h_mode1
SKIP_DONE 2026-06-13T21:00:41+08:00 queue=flat_a gpu=GPU-f650e558-d920-2fcb-0a8e-45cbc17c1ca2 case=cap_theta030_wall011_stage8h_mode2
SKIP_DONE 2026-06-13T21:00:41+08:00 queue=flat_b gpu=GPU-2abee638-4460-b364-cd98-08cb6eaf11f7 case=cap_theta030_wall011_stage8h_mode3
SKIP_DONE 2026-06-13T21:00:41+08:00 queue=flat_a gpu=GPU-f650e558-d920-2fcb-0a8e-45cbc17c1ca2 case=cap_theta030_wall011_stage8h_mode4
SKIP_DONE 2026-06-13T21:00:41+08:00 queue=flat_b gpu=GPU-2abee638-4460-b364-cd98-08cb6eaf11f7 case=cap_theta030_wall015_stage8h_mode0
SKIP_DONE 2026-06-13T21:00:41+08:00 queue=flat_b gpu=GPU-2abee638-4460-b364-cd98-08cb6eaf11f7 case=cap_theta030_wall015_stage8h_mode2
SKIP_DONE 2026-06-13T21:00:41+08:00 queue=flat_a gpu=GPU-f650e558-d920-2fcb-0a8e-45cbc17c1ca2 case=cap_theta030_wall015_stage8h_mode1
SKIP_DONE 2026-06-13T21:00:41+08:00 queue=flat_b gpu=GPU-2abee638-4460-b364-cd98-08cb6eaf11f7 case=cap_theta030_wall015_stage8h_mode4
SKIP_DONE 2026-06-13T21:00:41+08:00 queue=flat_a gpu=GPU-f650e558-d920-2fcb-0a8e-45cbc17c1ca2 case=cap_theta030_wall015_stage8h_mode3
SKIP_SOLVER_DONE 2026-06-13T21:00:41+08:00 queue=flat_b gpu=GPU-2abee638-4460-b364-cd98-08cb6eaf11f7 case=cap_theta030_wall020_stage8h_mode1
SKIP_SOLVER_DONE 2026-06-13T21:00:41+08:00 queue=flat_a gpu=GPU-f650e558-d920-2fcb-0a8e-45cbc17c1ca2 case=cap_theta030_wall020_stage8h_mode0
CASE_START 2026-06-13T21:00:41+08:00 queue=flat_b gpu=GPU-2abee638-4460-b364-cd98-08cb6eaf11f7 case=cap_theta030_wall020_stage8h_mode3
CASE_START 2026-06-13T21:00:41+08:00 queue=flat_a gpu=GPU-f650e558-d920-2fcb-0a8e-45cbc17c1ca2 case=cap_theta030_wall020_stage8h_mode2
CASE_END 2026-06-13T21:01:10+08:00 queue=flat_a gpu=GPU-f650e558-d920-2fcb-0a8e-45cbc17c1ca2 case=cap_theta030_wall020_stage8h_mode2 rc=0
POSTPROCESS_DEFERRED 2026-06-13T21:01:10+08:00 queue=flat_a gpu=GPU-f650e558-d920-2fcb-0a8e-45cbc17c1ca2 case=cap_theta030_wall020_stage8h_mode2
CASE_START 2026-06-13T21:01:10+08:00 queue=flat_a gpu=GPU-f650e558-d920-2fcb-0a8e-45cbc17c1ca2 case=cap_theta030_wall020_stage8h_mode4
CASE_END 2026-06-13T21:01:11+08:00 queue=flat_b gpu=GPU-2abee638-4460-b364-cd98-08cb6eaf11f7 case=cap_theta030_wall020_stage8h_mode3 rc=0
POSTPROCESS_DEFERRED 2026-06-13T21:01:11+08:00 queue=flat_b gpu=GPU-2abee638-4460-b364-cd98-08cb6eaf11f7 case=cap_theta030_wall020_stage8h_mode3
CASE_START 2026-06-13T21:01:11+08:00 queue=flat_b gpu=GPU-2abee638-4460-b364-cd98-08cb6eaf11f7 case=cap_theta030_wall025_stage8h_mode0
CASE_END 2026-06-13T21:01:54+08:00 queue=flat_b gpu=GPU-2abee638-4460-b364-cd98-08cb6eaf11f7 case=cap_theta030_wall025_stage8h_mode0 rc=0
POSTPROCESS_DEFERRED 2026-06-13T21:01:54+08:00 queue=flat_b gpu=GPU-2abee638-4460-b364-cd98-08cb6eaf11f7 case=cap_theta030_wall025_stage8h_mode0
CASE_START 2026-06-13T21:01:54+08:00 queue=flat_b gpu=GPU-2abee638-4460-b364-cd98-08cb6eaf11f7 case=cap_theta030_wall025_stage8h_mode2
CASE_END 2026-06-13T21:01:54+08:00 queue=flat_a gpu=GPU-f650e558-d920-2fcb-0a8e-45cbc17c1ca2 case=cap_theta030_wall020_stage8h_mode4 rc=0
POSTPROCESS_DEFERRED 2026-06-13T21:01:54+08:00 queue=flat_a gpu=GPU-f650e558-d920-2fcb-0a8e-45cbc17c1ca2 case=cap_theta030_wall020_stage8h_mode4
CASE_START 2026-06-13T21:01:54+08:00 queue=flat_a gpu=GPU-f650e558-d920-2fcb-0a8e-45cbc17c1ca2 case=cap_theta030_wall025_stage8h_mode1
CASE_END 2026-06-13T21:03:17+08:00 queue=flat_b gpu=GPU-2abee638-4460-b364-cd98-08cb6eaf11f7 case=cap_theta030_wall025_stage8h_mode2 rc=0
POSTPROCESS_DEFERRED 2026-06-13T21:03:17+08:00 queue=flat_b gpu=GPU-2abee638-4460-b364-cd98-08cb6eaf11f7 case=cap_theta030_wall025_stage8h_mode2
CASE_START 2026-06-13T21:03:17+08:00 queue=flat_b gpu=GPU-2abee638-4460-b364-cd98-08cb6eaf11f7 case=cap_theta030_wall025_stage8h_mode4
CASE_END 2026-06-13T21:03:20+08:00 queue=flat_a gpu=GPU-f650e558-d920-2fcb-0a8e-45cbc17c1ca2 case=cap_theta030_wall025_stage8h_mode1 rc=0
POSTPROCESS_DEFERRED 2026-06-13T21:03:20+08:00 queue=flat_a gpu=GPU-f650e558-d920-2fcb-0a8e-45cbc17c1ca2 case=cap_theta030_wall025_stage8h_mode1
CASE_START 2026-06-13T21:03:20+08:00 queue=flat_a gpu=GPU-f650e558-d920-2fcb-0a8e-45cbc17c1ca2 case=cap_theta030_wall025_stage8h_mode3
CASE_END 2026-06-13T21:04:37+08:00 queue=flat_b gpu=GPU-2abee638-4460-b364-cd98-08cb6eaf11f7 case=cap_theta030_wall025_stage8h_mode4 rc=0
POSTPROCESS_DEFERRED 2026-06-13T21:04:37+08:00 queue=flat_b gpu=GPU-2abee638-4460-b364-cd98-08cb6eaf11f7 case=cap_theta030_wall025_stage8h_mode4
CASE_START 2026-06-13T21:04:37+08:00 queue=flat_b gpu=GPU-2abee638-4460-b364-cd98-08cb6eaf11f7 case=cap_theta030_wall030_stage8h_mode1
CASE_END 2026-06-13T21:04:52+08:00 queue=flat_a gpu=GPU-f650e558-d920-2fcb-0a8e-45cbc17c1ca2 case=cap_theta030_wall025_stage8h_mode3 rc=0
POSTPROCESS_DEFERRED 2026-06-13T21:04:52+08:00 queue=flat_a gpu=GPU-f650e558-d920-2fcb-0a8e-45cbc17c1ca2 case=cap_theta030_wall025_stage8h_mode3
CASE_START 2026-06-13T21:04:52+08:00 queue=flat_a gpu=GPU-f650e558-d920-2fcb-0a8e-45cbc17c1ca2 case=cap_theta030_wall030_stage8h_mode0
CASE_END 2026-06-13T21:06:00+08:00 queue=flat_b gpu=GPU-2abee638-4460-b364-cd98-08cb6eaf11f7 case=cap_theta030_wall030_stage8h_mode1 rc=0
POSTPROCESS_DEFERRED 2026-06-13T21:06:00+08:00 queue=flat_b gpu=GPU-2abee638-4460-b364-cd98-08cb6eaf11f7 case=cap_theta030_wall030_stage8h_mode1
CASE_START 2026-06-13T21:06:00+08:00 queue=flat_b gpu=GPU-2abee638-4460-b364-cd98-08cb6eaf11f7 case=cap_theta030_wall030_stage8h_mode3
CASE_END 2026-06-13T21:06:20+08:00 queue=flat_a gpu=GPU-f650e558-d920-2fcb-0a8e-45cbc17c1ca2 case=cap_theta030_wall030_stage8h_mode0 rc=0
POSTPROCESS_DEFERRED 2026-06-13T21:06:20+08:00 queue=flat_a gpu=GPU-f650e558-d920-2fcb-0a8e-45cbc17c1ca2 case=cap_theta030_wall030_stage8h_mode0
CASE_START 2026-06-13T21:06:20+08:00 queue=flat_a gpu=GPU-f650e558-d920-2fcb-0a8e-45cbc17c1ca2 case=cap_theta030_wall030_stage8h_mode2
CASE_END 2026-06-13T21:07:20+08:00 queue=flat_b gpu=GPU-2abee638-4460-b364-cd98-08cb6eaf11f7 case=cap_theta030_wall030_stage8h_mode3 rc=0
POSTPROCESS_DEFERRED 2026-06-13T21:07:20+08:00 queue=flat_b gpu=GPU-2abee638-4460-b364-cd98-08cb6eaf11f7 case=cap_theta030_wall030_stage8h_mode3
QUEUE_END 2026-06-13T21:07:20+08:00 queue=flat_b gpu=GPU-2abee638-4460-b364-cd98-08cb6eaf11f7 kind=flat
CASE_END 2026-06-13T21:07:33+08:00 queue=flat_a gpu=GPU-f650e558-d920-2fcb-0a8e-45cbc17c1ca2 case=cap_theta030_wall030_stage8h_mode2 rc=0
POSTPROCESS_DEFERRED 2026-06-13T21:07:33+08:00 queue=flat_a gpu=GPU-f650e558-d920-2fcb-0a8e-45cbc17c1ca2 case=cap_theta030_wall030_stage8h_mode2
CASE_START 2026-06-13T21:07:34+08:00 queue=flat_a gpu=GPU-f650e558-d920-2fcb-0a8e-45cbc17c1ca2 case=cap_theta030_wall030_stage8h_mode4
CASE_END 2026-06-13T21:08:14+08:00 queue=flat_a gpu=GPU-f650e558-d920-2fcb-0a8e-45cbc17c1ca2 case=cap_theta030_wall030_stage8h_mode4 rc=0
POSTPROCESS_DEFERRED 2026-06-13T21:08:14+08:00 queue=flat_a gpu=GPU-f650e558-d920-2fcb-0a8e-45cbc17c1ca2 case=cap_theta030_wall030_stage8h_mode4
QUEUE_END 2026-06-13T21:08:14+08:00 queue=flat_a gpu=GPU-f650e558-d920-2fcb-0a8e-45cbc17c1ca2 kind=flat
LAUNCH_END 2026-06-13T21:13:38+08:00 case_count=35
