MPMD: TCLB: local:0/1 work:0/1 ---  connected to:
[  ]    ---- : Using std::chrono::steady_clock::now() for walltime
[  ]    #### : -------------------------------------------------------------------------
[  ]    #### : -  CLB version:                   ded67cd                               -
[  ]    #### : -        Model: d3q27_pf_velocity_q27_geometric                               -
[  ]    #### : -------------------------------------------------------------------------
[  ]    #### : Setting output path to: case
[  ]    ---- : Discarding 1 comments
[ 0]    ---- : Selecting device 0/1
[  ]    ---- :   Threads  |      Action
[  ]    ==== :    32x4    | BorderExecutor<(eOperationType)0, (eCalculateGlobals)0, (eStage)0> --- Reduced from maximum 1024
[  ]    ==== :    32x4    | BorderExecutor<(eOperationType)0, (eCalculateGlobals)0, (eStage)1> --- Reduced from maximum 384
[  ]    ==== :    32x4    | BorderExecutor<(eOperationType)0, (eCalculateGlobals)0, (eStage)2> --- Reduced from maximum 384
[  ]    ==== :    32x4    | BorderExecutor<(eOperationType)0, (eCalculateGlobals)0, (eStage)3> --- Reduced from maximum 256
[  ]    ==== :    32x4    | BorderExecutor<(eOperationType)0, (eCalculateGlobals)0, (eStage)4> --- Reduced from maximum 1024
[  ]    ==== :    32x4    | BorderExecutor<(eOperationType)0, (eCalculateGlobals)0, (eStage)5> --- Reduced from maximum 512
[  ]    ==== :    32x4    | BorderExecutor<(eOperationType)0, (eCalculateGlobals)0, (eStage)6> --- Reduced from maximum 1024
[  ]    ==== :    32x4    | BorderExecutor<(eOperationType)0, (eCalculateGlobals)0, (eStage)7> --- Reduced from maximum 640
[  ]    ==== :    32x4    | BorderExecutor<(eOperationType)0, (eCalculateGlobals)0, (eStage)8> --- Reduced from maximum 640
[  ]    ==== :    32x4    | BorderExecutor<(eOperationType)0, (eCalculateGlobals)0, (eStage)9> --- Reduced from maximum 1024
[  ]    ==== :    32x4    | BorderExecutor<(eOperationType)0, (eCalculateGlobals)1, (eStage)0> --- Reduced from maximum 896
[  ]    ==== :    32x4    | BorderExecutor<(eOperationType)0, (eCalculateGlobals)1, (eStage)1> --- Reduced from maximum 384
[  ]    ==== :    32x4    | BorderExecutor<(eOperationType)0, (eCalculateGlobals)1, (eStage)2> --- Reduced from maximum 256
[  ]    ==== :    32x4    | BorderExecutor<(eOperationType)0, (eCalculateGlobals)1, (eStage)3> --- Reduced from maximum 256
[  ]    ==== :    32x4    | BorderExecutor<(eOperationType)0, (eCalculateGlobals)1, (eStage)4> --- Reduced from maximum 1024
[  ]    ==== :    32x4    | BorderExecutor<(eOperationType)0, (eCalculateGlobals)1, (eStage)5> --- Reduced from maximum 512
[  ]    ==== :    32x4    | BorderExecutor<(eOperationType)0, (eCalculateGlobals)1, (eStage)6> --- Reduced from maximum 1024
[  ]    ==== :    32x4    | BorderExecutor<(eOperationType)0, (eCalculateGlobals)1, (eStage)7> --- Reduced from maximum 640
[  ]    ==== :    32x4    | BorderExecutor<(eOperationType)0, (eCalculateGlobals)1, (eStage)8> --- Reduced from maximum 640
[  ]    ==== :    32x4    | BorderExecutor<(eOperationType)0, (eCalculateGlobals)1, (eStage)9> --- Reduced from maximum 1024
[  ]    ==== :    32x4    | BorderExecutor<(eOperationType)0, (eCalculateGlobals)2, (eStage)0> --- Reduced from maximum 1024
[  ]    ==== :    32x4    | BorderExecutor<(eOperationType)0, (eCalculateGlobals)2, (eStage)1> --- Reduced from maximum 1024
[  ]    ==== :    32x4    | BorderExecutor<(eOperationType)0, (eCalculateGlobals)2, (eStage)2> --- Reduced from maximum 1024
[  ]    ==== :    32x4    | BorderExecutor<(eOperationType)0, (eCalculateGlobals)2, (eStage)3> --- Reduced from maximum 1024
[  ]    ==== :    32x4    | BorderExecutor<(eOperationType)0, (eCalculateGlobals)2, (eStage)4> --- Reduced from maximum 1024
[  ]    ==== :    32x4    | BorderExecutor<(eOperationType)0, (eCalculateGlobals)2, (eStage)5> --- Reduced from maximum 1024
[  ]    ==== :    32x4    | BorderExecutor<(eOperationType)0, (eCalculateGlobals)2, (eStage)6> --- Reduced from maximum 1024
[  ]    ==== :    32x4    | BorderExecutor<(eOperationType)0, (eCalculateGlobals)2, (eStage)7> --- Reduced from maximum 1024
[  ]    ==== :    32x4    | BorderExecutor<(eOperationType)0, (eCalculateGlobals)2, (eStage)8> --- Reduced from maximum 1024
[  ]    ==== :    32x4    | BorderExecutor<(eOperationType)0, (eCalculateGlobals)2, (eStage)9> --- Reduced from maximum 1024
[  ]    ==== :    32x4    | BorderExecutor<(eOperationType)1, (eCalculateGlobals)0, (eStage)0> --- Reduced from maximum 1024
[  ]    ==== :    32x4    | BorderExecutor<(eOperationType)1, (eCalculateGlobals)0, (eStage)1> --- Reduced from maximum 1024
[  ]    ==== :    32x4    | BorderExecutor<(eOperationType)1, (eCalculateGlobals)0, (eStage)2> --- Reduced from maximum 1024
[  ]    ==== :    32x4    | BorderExecutor<(eOperationType)1, (eCalculateGlobals)0, (eStage)3> --- Reduced from maximum 1024
[  ]    ==== :    32x4    | BorderExecutor<(eOperationType)1, (eCalculateGlobals)0, (eStage)4> --- Reduced from maximum 1024
[  ]    ==== :    32x4    | BorderExecutor<(eOperationType)1, (eCalculateGlobals)0, (eStage)5> --- Reduced from maximum 1024
[  ]    ==== :    32x4    | BorderExecutor<(eOperationType)1, (eCalculateGlobals)0, (eStage)6> --- Reduced from maximum 1024
[  ]    ==== :    32x4    | BorderExecutor<(eOperationType)1, (eCalculateGlobals)0, (eStage)7> --- Reduced from maximum 1024
[  ]    ==== :    32x4    | BorderExecutor<(eOperationType)1, (eCalculateGlobals)0, (eStage)8> --- Reduced from maximum 1024
[  ]    ==== :    32x4    | BorderExecutor<(eOperationType)1, (eCalculateGlobals)0, (eStage)9> --- Reduced from maximum 1024
[  ]    ==== :    32x4    | BorderExecutor<(eOperationType)1, (eCalculateGlobals)1, (eStage)0> --- Reduced from maximum 1024
[  ]    ==== :    32x4    | BorderExecutor<(eOperationType)1, (eCalculateGlobals)1, (eStage)1> --- Reduced from maximum 1024
[  ]    ==== :    32x4    | BorderExecutor<(eOperationType)1, (eCalculateGlobals)1, (eStage)2> --- Reduced from maximum 1024
[  ]    ==== :    32x4    | BorderExecutor<(eOperationType)1, (eCalculateGlobals)1, (eStage)3> --- Reduced from maximum 1024
[  ]    ==== :    32x4    | BorderExecutor<(eOperationType)1, (eCalculateGlobals)1, (eStage)4> --- Reduced from maximum 1024
[  ]    ==== :    32x4    | BorderExecutor<(eOperationType)1, (eCalculateGlobals)1, (eStage)5> --- Reduced from maximum 1024
[  ]    ==== :    32x4    | BorderExecutor<(eOperationType)1, (eCalculateGlobals)1, (eStage)6> --- Reduced from maximum 1024
[  ]    ==== :    32x4    | BorderExecutor<(eOperationType)1, (eCalculateGlobals)1, (eStage)7> --- Reduced from maximum 1024
[  ]    ==== :    32x4    | BorderExecutor<(eOperationType)1, (eCalculateGlobals)1, (eStage)8> --- Reduced from maximum 1024
[  ]    ==== :    32x4    | BorderExecutor<(eOperationType)1, (eCalculateGlobals)1, (eStage)9> --- Reduced from maximum 1024
[  ]    ==== :    32x4    | BorderExecutor<(eOperationType)1, (eCalculateGlobals)2, (eStage)0> --- Reduced from maximum 1024
[  ]    ==== :    32x4    | BorderExecutor<(eOperationType)1, (eCalculateGlobals)2, (eStage)1> --- Reduced from maximum 1024
[  ]    ==== :    32x4    | BorderExecutor<(eOperationType)1, (eCalculateGlobals)2, (eStage)2> --- Reduced from maximum 1024
[  ]    ==== :    32x4    | BorderExecutor<(eOperationType)1, (eCalculateGlobals)2, (eStage)3> --- Reduced from maximum 1024
[  ]    ==== :    32x4    | BorderExecutor<(eOperationType)1, (eCalculateGlobals)2, (eStage)4> --- Reduced from maximum 1024
[  ]    ==== :    32x4    | BorderExecutor<(eOperationType)1, (eCalculateGlobals)2, (eStage)5> --- Reduced from maximum 1024
[  ]    ==== :    32x4    | BorderExecutor<(eOperationType)1, (eCalculateGlobals)2, (eStage)6> --- Reduced from maximum 1024
[  ]    ==== :    32x4    | BorderExecutor<(eOperationType)1, (eCalculateGlobals)2, (eStage)7> --- Reduced from maximum 1024
[  ]    ==== :    32x4    | BorderExecutor<(eOperationType)1, (eCalculateGlobals)2, (eStage)8> --- Reduced from maximum 1024
[  ]    ==== :    32x4    | BorderExecutor<(eOperationType)1, (eCalculateGlobals)2, (eStage)9> --- Reduced from maximum 1024
[  ]    ==== :    32x4    | BorderExecutor<(eOperationType)3, (eCalculateGlobals)0, (eStage)0> --- Reduced from maximum 1024
[  ]    ==== :    32x4    | BorderExecutor<(eOperationType)3, (eCalculateGlobals)0, (eStage)1> --- Reduced from maximum 1024
[  ]    ==== :    32x4    | BorderExecutor<(eOperationType)3, (eCalculateGlobals)0, (eStage)2> --- Reduced from maximum 1024
[  ]    ==== :    32x4    | BorderExecutor<(eOperationType)3, (eCalculateGlobals)0, (eStage)3> --- Reduced from maximum 1024
[  ]    ==== :    32x4    | BorderExecutor<(eOperationType)3, (eCalculateGlobals)0, (eStage)4> --- Reduced from maximum 1024
[  ]    ==== :    32x4    | BorderExecutor<(eOperationType)3, (eCalculateGlobals)0, (eStage)5> --- Reduced from maximum 1024
[  ]    ==== :    32x4    | BorderExecutor<(eOperationType)3, (eCalculateGlobals)0, (eStage)6> --- Reduced from maximum 1024
[  ]    ==== :    32x4    | BorderExecutor<(eOperationType)3, (eCalculateGlobals)0, (eStage)7> --- Reduced from maximum 1024
[  ]    ==== :    32x4    | BorderExecutor<(eOperationType)3, (eCalculateGlobals)0, (eStage)8> --- Reduced from maximum 1024
[  ]    ==== :    32x4    | BorderExecutor<(eOperationType)3, (eCalculateGlobals)0, (eStage)9> --- Reduced from maximum 1024
[  ]    ==== :    32x4    | BorderExecutor<(eOperationType)3, (eCalculateGlobals)1, (eStage)0> --- Reduced from maximum 1024
[  ]    ==== :    32x4    | BorderExecutor<(eOperationType)3, (eCalculateGlobals)1, (eStage)1> --- Reduced from maximum 1024
[  ]    ==== :    32x4    | BorderExecutor<(eOperationType)3, (eCalculateGlobals)1, (eStage)2> --- Reduced from maximum 1024
[  ]    ==== :    32x4    | BorderExecutor<(eOperationType)3, (eCalculateGlobals)1, (eStage)3> --- Reduced from maximum 1024
[  ]    ==== :    32x4    | BorderExecutor<(eOperationType)3, (eCalculateGlobals)1, (eStage)4> --- Reduced from maximum 1024
[  ]    ==== :    32x4    | BorderExecutor<(eOperationType)3, (eCalculateGlobals)1, (eStage)5> --- Reduced from maximum 1024
[  ]    ==== :    32x4    | BorderExecutor<(eOperationType)3, (eCalculateGlobals)1, (eStage)6> --- Reduced from maximum 1024
[  ]    ==== :    32x4    | BorderExecutor<(eOperationType)3, (eCalculateGlobals)1, (eStage)7> --- Reduced from maximum 1024
[  ]    ==== :    32x4    | BorderExecutor<(eOperationType)3, (eCalculateGlobals)1, (eStage)8> --- Reduced from maximum 1024
[  ]    ==== :    32x4    | BorderExecutor<(eOperationType)3, (eCalculateGlobals)1, (eStage)9> --- Reduced from maximum 1024
[  ]    ==== :    32x4    | BorderExecutor<(eOperationType)3, (eCalculateGlobals)2, (eStage)0> --- Reduced from maximum 1024
[  ]    ==== :    32x4    | BorderExecutor<(eOperationType)3, (eCalculateGlobals)2, (eStage)1> --- Reduced from maximum 1024
[  ]    ==== :    32x4    | BorderExecutor<(eOperationType)3, (eCalculateGlobals)2, (eStage)2> --- Reduced from maximum 1024
[  ]    ==== :    32x4    | BorderExecutor<(eOperationType)3, (eCalculateGlobals)2, (eStage)3> --- Reduced from maximum 1024
[  ]    ==== :    32x4    | BorderExecutor<(eOperationType)3, (eCalculateGlobals)2, (eStage)4> --- Reduced from maximum 1024
[  ]    ==== :    32x4    | BorderExecutor<(eOperationType)3, (eCalculateGlobals)2, (eStage)5> --- Reduced from maximum 1024
[  ]    ==== :    32x4    | BorderExecutor<(eOperationType)3, (eCalculateGlobals)2, (eStage)6> --- Reduced from maximum 1024
[  ]    ==== :    32x4    | BorderExecutor<(eOperationType)3, (eCalculateGlobals)2, (eStage)7> --- Reduced from maximum 1024
[  ]    ==== :    32x4    | BorderExecutor<(eOperationType)3, (eCalculateGlobals)2, (eStage)8> --- Reduced from maximum 1024
[  ]    ==== :    32x4    | BorderExecutor<(eOperationType)3, (eCalculateGlobals)2, (eStage)9> --- Reduced from maximum 1024
[  ]    ==== :    32x4    | BorderExecutor<(eOperationType)4, (eCalculateGlobals)0, (eStage)0> --- Reduced from maximum 1024
[  ]    ==== :    32x4    | BorderExecutor<(eOperationType)4, (eCalculateGlobals)0, (eStage)1> --- Reduced from maximum 1024
[  ]    ==== :    32x4    | BorderExecutor<(eOperationType)4, (eCalculateGlobals)0, (eStage)2> --- Reduced from maximum 1024
[  ]    ==== :    32x4    | BorderExecutor<(eOperationType)4, (eCalculateGlobals)0, (eStage)3> --- Reduced from maximum 1024
[  ]    ==== :    32x4    | BorderExecutor<(eOperationType)4, (eCalculateGlobals)0, (eStage)4> --- Reduced from maximum 1024
[  ]    ==== :    32x4    | BorderExecutor<(eOperationType)4, (eCalculateGlobals)0, (eStage)5> --- Reduced from maximum 1024
[  ]    ==== :    32x4    | BorderExecutor<(eOperationType)4, (eCalculateGlobals)0, (eStage)6> --- Reduced from maximum 1024
[  ]    ==== :    32x4    | BorderExecutor<(eOperationType)4, (eCalculateGlobals)0, (eStage)7> --- Reduced from maximum 1024
[  ]    ==== :    32x4    | BorderExecutor<(eOperationType)4, (eCalculateGlobals)0, (eStage)8> --- Reduced from maximum 1024
[  ]    ==== :    32x4    | BorderExecutor<(eOperationType)4, (eCalculateGlobals)0, (eStage)9> --- Reduced from maximum 1024
[  ]    ==== :    32x4    | BorderExecutor<(eOperationType)4, (eCalculateGlobals)1, (eStage)0> --- Reduced from maximum 1024
[  ]    ==== :    32x4    | BorderExecutor<(eOperationType)4, (eCalculateGlobals)1, (eStage)1> --- Reduced from maximum 1024
[  ]    ==== :    32x4    | BorderExecutor<(eOperationType)4, (eCalculateGlobals)1, (eStage)2> --- Reduced from maximum 1024
[  ]    ==== :    32x4    | BorderExecutor<(eOperationType)4, (eCalculateGlobals)1, (eStage)3> --- Reduced from maximum 1024
[  ]    ==== :    32x4    | BorderExecutor<(eOperationType)4, (eCalculateGlobals)1, (eStage)4> --- Reduced from maximum 1024
[  ]    ==== :    32x4    | BorderExecutor<(eOperationType)4, (eCalculateGlobals)1, (eStage)5> --- Reduced from maximum 1024
[  ]    ==== :    32x4    | BorderExecutor<(eOperationType)4, (eCalculateGlobals)1, (eStage)6> --- Reduced from maximum 1024
[  ]    ==== :    32x4    | BorderExecutor<(eOperationType)4, (eCalculateGlobals)1, (eStage)7> --- Reduced from maximum 1024
[  ]    ==== :    32x4    | BorderExecutor<(eOperationType)4, (eCalculateGlobals)1, (eStage)8> --- Reduced from maximum 1024
[  ]    ==== :    32x4    | BorderExecutor<(eOperationType)4, (eCalculateGlobals)1, (eStage)9> --- Reduced from maximum 1024
[  ]    ==== :    32x4    | BorderExecutor<(eOperationType)4, (eCalculateGlobals)2, (eStage)0> --- Reduced from maximum 1024
[  ]    ==== :    32x4    | BorderExecutor<(eOperationType)4, (eCalculateGlobals)2, (eStage)1> --- Reduced from maximum 1024
[  ]    ==== :    32x4    | BorderExecutor<(eOperationType)4, (eCalculateGlobals)2, (eStage)2> --- Reduced from maximum 1024
[  ]    ==== :    32x4    | BorderExecutor<(eOperationType)4, (eCalculateGlobals)2, (eStage)3> --- Reduced from maximum 1024
[  ]    ==== :    32x4    | BorderExecutor<(eOperationType)4, (eCalculateGlobals)2, (eStage)4> --- Reduced from maximum 1024
[  ]    ==== :    32x4    | BorderExecutor<(eOperationType)4, (eCalculateGlobals)2, (eStage)5> --- Reduced from maximum 1024
[  ]    ==== :    32x4    | BorderExecutor<(eOperationType)4, (eCalculateGlobals)2, (eStage)6> --- Reduced from maximum 1024
[  ]    ==== :    32x4    | BorderExecutor<(eOperationType)4, (eCalculateGlobals)2, (eStage)7> --- Reduced from maximum 1024
[  ]    ==== :    32x4    | BorderExecutor<(eOperationType)4, (eCalculateGlobals)2, (eStage)8> --- Reduced from maximum 1024
[  ]    ==== :    32x4    | BorderExecutor<(eOperationType)4, (eCalculateGlobals)2, (eStage)9> --- Reduced from maximum 1024
[  ]    ==== :    32x4    | InteriorExecutor<(eOperationType)0, (eCalculateGlobals)0, (eStage)0> --- Reduced from maximum 1024
[  ]    ==== :    32x4    | InteriorExecutor<(eOperationType)0, (eCalculateGlobals)0, (eStage)1> --- Reduced from maximum 640
[  ]    ==== :    32x4    | InteriorExecutor<(eOperationType)0, (eCalculateGlobals)0, (eStage)2> --- Reduced from maximum 384
[  ]    ==== :    32x4    | InteriorExecutor<(eOperationType)0, (eCalculateGlobals)0, (eStage)3> --- Reduced from maximum 256
[  ]    ==== :    32x4    | InteriorExecutor<(eOperationType)0, (eCalculateGlobals)0, (eStage)4> --- Reduced from maximum 1024
[  ]    ==== :    32x4    | InteriorExecutor<(eOperationType)0, (eCalculateGlobals)0, (eStage)5> --- Reduced from maximum 640
[  ]    ==== :    32x4    | InteriorExecutor<(eOperationType)0, (eCalculateGlobals)0, (eStage)6> --- Reduced from maximum 1024
[  ]    ==== :    32x4    | InteriorExecutor<(eOperationType)0, (eCalculateGlobals)0, (eStage)7> --- Reduced from maximum 1024
[  ]    ==== :    32x4    | InteriorExecutor<(eOperationType)0, (eCalculateGlobals)0, (eStage)8> --- Reduced from maximum 1024
[  ]    ==== :    32x4    | InteriorExecutor<(eOperationType)0, (eCalculateGlobals)0, (eStage)9> --- Reduced from maximum 1024
[  ]    ==== :    32x4    | InteriorExecutor<(eOperationType)0, (eCalculateGlobals)1, (eStage)0> --- Reduced from maximum 1024
[  ]    ==== :    32x4    | InteriorExecutor<(eOperationType)0, (eCalculateGlobals)1, (eStage)1> --- Reduced from maximum 256
[  ]    ==== :    32x4    | InteriorExecutor<(eOperationType)0, (eCalculateGlobals)1, (eStage)2> --- Reduced from maximum 256
[  ]    ==== :    32x4    | InteriorExecutor<(eOperationType)0, (eCalculateGlobals)1, (eStage)3> --- Reduced from maximum 256
[  ]    ==== :    32x4    | InteriorExecutor<(eOperationType)0, (eCalculateGlobals)1, (eStage)4> --- Reduced from maximum 1024
[  ]    ==== :    32x4    | InteriorExecutor<(eOperationType)0, (eCalculateGlobals)1, (eStage)5> --- Reduced from maximum 768
[  ]    ==== :    32x4    | InteriorExecutor<(eOperationType)0, (eCalculateGlobals)1, (eStage)6> --- Reduced from maximum 1024
[  ]    ==== :    32x4    | InteriorExecutor<(eOperationType)0, (eCalculateGlobals)1, (eStage)7> --- Reduced from maximum 1024
[  ]    ==== :    32x4    | InteriorExecutor<(eOperationType)0, (eCalculateGlobals)1, (eStage)8> --- Reduced from maximum 896
[  ]    ==== :    32x4    | InteriorExecutor<(eOperationType)0, (eCalculateGlobals)1, (eStage)9> --- Reduced from maximum 1024
[  ]    ==== :    32x4    | InteriorExecutor<(eOperationType)0, (eCalculateGlobals)2, (eStage)0> --- Reduced from maximum 1024
[  ]    ==== :    32x4    | InteriorExecutor<(eOperationType)0, (eCalculateGlobals)2, (eStage)1> --- Reduced from maximum 1024
[  ]    ==== :    32x4    | InteriorExecutor<(eOperationType)0, (eCalculateGlobals)2, (eStage)2> --- Reduced from maximum 1024
[  ]    ==== :    32x4    | InteriorExecutor<(eOperationType)0, (eCalculateGlobals)2, (eStage)3> --- Reduced from maximum 1024
[  ]    ==== :    32x4    | InteriorExecutor<(eOperationType)0, (eCalculateGlobals)2, (eStage)4> --- Reduced from maximum 1024
[  ]    ==== :    32x4    | InteriorExecutor<(eOperationType)0, (eCalculateGlobals)2, (eStage)5> --- Reduced from maximum 1024
[  ]    ==== :    32x4    | InteriorExecutor<(eOperationType)0, (eCalculateGlobals)2, (eStage)6> --- Reduced from maximum 1024
[  ]    ==== :    32x4    | InteriorExecutor<(eOperationType)0, (eCalculateGlobals)2, (eStage)7> --- Reduced from maximum 1024
[  ]    ==== :    32x4    | InteriorExecutor<(eOperationType)0, (eCalculateGlobals)2, (eStage)8> --- Reduced from maximum 1024
[  ]    ==== :    32x4    | InteriorExecutor<(eOperationType)0, (eCalculateGlobals)2, (eStage)9> --- Reduced from maximum 1024
[  ]    ==== :    32x4    | InteriorExecutor<(eOperationType)1, (eCalculateGlobals)0, (eStage)0> --- Reduced from maximum 1024
[  ]    ==== :    32x4    | InteriorExecutor<(eOperationType)1, (eCalculateGlobals)0, (eStage)1> --- Reduced from maximum 1024
[  ]    ==== :    32x4    | InteriorExecutor<(eOperationType)1, (eCalculateGlobals)0, (eStage)2> --- Reduced from maximum 1024
[  ]    ==== :    32x4    | InteriorExecutor<(eOperationType)1, (eCalculateGlobals)0, (eStage)3> --- Reduced from maximum 1024
[  ]    ==== :    32x4    | InteriorExecutor<(eOperationType)1, (eCalculateGlobals)0, (eStage)4> --- Reduced from maximum 1024
[  ]    ==== :    32x4    | InteriorExecutor<(eOperationType)1, (eCalculateGlobals)0, (eStage)5> --- Reduced from maximum 1024
[  ]    ==== :    32x4    | InteriorExecutor<(eOperationType)1, (eCalculateGlobals)0, (eStage)6> --- Reduced from maximum 1024
[  ]    ==== :    32x4    | InteriorExecutor<(eOperationType)1, (eCalculateGlobals)0, (eStage)7> --- Reduced from maximum 1024
[  ]    ==== :    32x4    | InteriorExecutor<(eOperationType)1, (eCalculateGlobals)0, (eStage)8> --- Reduced from maximum 1024
[  ]    ==== :    32x4    | InteriorExecutor<(eOperationType)1, (eCalculateGlobals)0, (eStage)9> --- Reduced from maximum 1024
[  ]    ==== :    32x4    | InteriorExecutor<(eOperationType)1, (eCalculateGlobals)1, (eStage)0> --- Reduced from maximum 1024
[  ]    ==== :    32x4    | InteriorExecutor<(eOperationType)1, (eCalculateGlobals)1, (eStage)1> --- Reduced from maximum 1024
[  ]    ==== :    32x4    | InteriorExecutor<(eOperationType)1, (eCalculateGlobals)1, (eStage)2> --- Reduced from maximum 1024
[  ]    ==== :    32x4    | InteriorExecutor<(eOperationType)1, (eCalculateGlobals)1, (eStage)3> --- Reduced from maximum 1024
[  ]    ==== :    32x4    | InteriorExecutor<(eOperationType)1, (eCalculateGlobals)1, (eStage)4> --- Reduced from maximum 1024
[  ]    ==== :    32x4    | InteriorExecutor<(eOperationType)1, (eCalculateGlobals)1, (eStage)5> --- Reduced from maximum 1024
[  ]    ==== :    32x4    | InteriorExecutor<(eOperationType)1, (eCalculateGlobals)1, (eStage)6> --- Reduced from maximum 1024
[  ]    ==== :    32x4    | InteriorExecutor<(eOperationType)1, (eCalculateGlobals)1, (eStage)7> --- Reduced from maximum 1024
[  ]    ==== :    32x4    | InteriorExecutor<(eOperationType)1, (eCalculateGlobals)1, (eStage)8> --- Reduced from maximum 1024
[  ]    ==== :    32x4    | InteriorExecutor<(eOperationType)1, (eCalculateGlobals)1, (eStage)9> --- Reduced from maximum 1024
[  ]    ==== :    32x4    | InteriorExecutor<(eOperationType)1, (eCalculateGlobals)2, (eStage)0> --- Reduced from maximum 1024
[  ]    ==== :    32x4    | InteriorExecutor<(eOperationType)1, (eCalculateGlobals)2, (eStage)1> --- Reduced from maximum 1024
[  ]    ==== :    32x4    | InteriorExecutor<(eOperationType)1, (eCalculateGlobals)2, (eStage)2> --- Reduced from maximum 1024
[  ]    ==== :    32x4    | InteriorExecutor<(eOperationType)1, (eCalculateGlobals)2, (eStage)3> --- Reduced from maximum 1024
[  ]    ==== :    32x4    | InteriorExecutor<(eOperationType)1, (eCalculateGlobals)2, (eStage)4> --- Reduced from maximum 1024
[  ]    ==== :    32x4    | InteriorExecutor<(eOperationType)1, (eCalculateGlobals)2, (eStage)5> --- Reduced from maximum 1024
[  ]    ==== :    32x4    | InteriorExecutor<(eOperationType)1, (eCalculateGlobals)2, (eStage)6> --- Reduced from maximum 1024
[  ]    ==== :    32x4    | InteriorExecutor<(eOperationType)1, (eCalculateGlobals)2, (eStage)7> --- Reduced from maximum 1024
[  ]    ==== :    32x4    | InteriorExecutor<(eOperationType)1, (eCalculateGlobals)2, (eStage)8> --- Reduced from maximum 1024
[  ]    ==== :    32x4    | InteriorExecutor<(eOperationType)1, (eCalculateGlobals)2, (eStage)9> --- Reduced from maximum 1024
[  ]    ==== :    32x4    | InteriorExecutor<(eOperationType)3, (eCalculateGlobals)0, (eStage)0> --- Reduced from maximum 1024
[  ]    ==== :    32x4    | InteriorExecutor<(eOperationType)3, (eCalculateGlobals)0, (eStage)1> --- Reduced from maximum 1024
[  ]    ==== :    32x4    | InteriorExecutor<(eOperationType)3, (eCalculateGlobals)0, (eStage)2> --- Reduced from maximum 1024
[  ]    ==== :    32x4    | InteriorExecutor<(eOperationType)3, (eCalculateGlobals)0, (eStage)3> --- Reduced from maximum 1024
[  ]    ==== :    32x4    | InteriorExecutor<(eOperationType)3, (eCalculateGlobals)0, (eStage)4> --- Reduced from maximum 1024
[  ]    ==== :    32x4    | InteriorExecutor<(eOperationType)3, (eCalculateGlobals)0, (eStage)5> --- Reduced from maximum 1024
[  ]    ==== :    32x4    | InteriorExecutor<(eOperationType)3, (eCalculateGlobals)0, (eStage)6> --- Reduced from maximum 1024
[  ]    ==== :    32x4    | InteriorExecutor<(eOperationType)3, (eCalculateGlobals)0, (eStage)7> --- Reduced from maximum 1024
[  ]    ==== :    32x4    | InteriorExecutor<(eOperationType)3, (eCalculateGlobals)0, (eStage)8> --- Reduced from maximum 1024
[  ]    ==== :    32x4    | InteriorExecutor<(eOperationType)3, (eCalculateGlobals)0, (eStage)9> --- Reduced from maximum 1024
[  ]    ==== :    32x4    | InteriorExecutor<(eOperationType)3, (eCalculateGlobals)1, (eStage)0> --- Reduced from maximum 1024
[  ]    ==== :    32x4    | InteriorExecutor<(eOperationType)3, (eCalculateGlobals)1, (eStage)1> --- Reduced from maximum 1024
[  ]    ==== :    32x4    | InteriorExecutor<(eOperationType)3, (eCalculateGlobals)1, (eStage)2> --- Reduced from maximum 1024
[  ]    ==== :    32x4    | InteriorExecutor<(eOperationType)3, (eCalculateGlobals)1, (eStage)3> --- Reduced from maximum 1024
[  ]    ==== :    32x4    | InteriorExecutor<(eOperationType)3, (eCalculateGlobals)1, (eStage)4> --- Reduced from maximum 1024
[  ]    ==== :    32x4    | InteriorExecutor<(eOperationType)3, (eCalculateGlobals)1, (eStage)5> --- Reduced from maximum 1024
[  ]    ==== :    32x4    | InteriorExecutor<(eOperationType)3, (eCalculateGlobals)1, (eStage)6> --- Reduced from maximum 1024
[  ]    ==== :    32x4    | InteriorExecutor<(eOperationType)3, (eCalculateGlobals)1, (eStage)7> --- Reduced from maximum 1024
[  ]    ==== :    32x4    | InteriorExecutor<(eOperationType)3, (eCalculateGlobals)1, (eStage)8> --- Reduced from maximum 1024
[  ]    ==== :    32x4    | InteriorExecutor<(eOperationType)3, (eCalculateGlobals)1, (eStage)9> --- Reduced from maximum 1024
[  ]    ==== :    32x4    | InteriorExecutor<(eOperationType)3, (eCalculateGlobals)2, (eStage)0> --- Reduced from maximum 1024
[  ]    ==== :    32x4    | InteriorExecutor<(eOperationType)3, (eCalculateGlobals)2, (eStage)1> --- Reduced from maximum 1024
[  ]    ==== :    32x4    | InteriorExecutor<(eOperationType)3, (eCalculateGlobals)2, (eStage)2> --- Reduced from maximum 1024
[  ]    ==== :    32x4    | InteriorExecutor<(eOperationType)3, (eCalculateGlobals)2, (eStage)3> --- Reduced from maximum 1024
[  ]    ==== :    32x4    | InteriorExecutor<(eOperationType)3, (eCalculateGlobals)2, (eStage)4> --- Reduced from maximum 1024
[  ]    ==== :    32x4    | InteriorExecutor<(eOperationType)3, (eCalculateGlobals)2, (eStage)5> --- Reduced from maximum 1024
[  ]    ==== :    32x4    | InteriorExecutor<(eOperationType)3, (eCalculateGlobals)2, (eStage)6> --- Reduced from maximum 1024
[  ]    ==== :    32x4    | InteriorExecutor<(eOperationType)3, (eCalculateGlobals)2, (eStage)7> --- Reduced from maximum 1024
[  ]    ==== :    32x4    | InteriorExecutor<(eOperationType)3, (eCalculateGlobals)2, (eStage)8> --- Reduced from maximum 1024
[  ]    ==== :    32x4    | InteriorExecutor<(eOperationType)3, (eCalculateGlobals)2, (eStage)9> --- Reduced from maximum 1024
[  ]    ==== :    32x4    | InteriorExecutor<(eOperationType)4, (eCalculateGlobals)0, (eStage)0> --- Reduced from maximum 1024
[  ]    ==== :    32x4    | InteriorExecutor<(eOperationType)4, (eCalculateGlobals)0, (eStage)1> --- Reduced from maximum 1024
[  ]    ==== :    32x4    | InteriorExecutor<(eOperationType)4, (eCalculateGlobals)0, (eStage)2> --- Reduced from maximum 1024
[  ]    ==== :    32x4    | InteriorExecutor<(eOperationType)4, (eCalculateGlobals)0, (eStage)3> --- Reduced from maximum 1024
[  ]    ==== :    32x4    | InteriorExecutor<(eOperationType)4, (eCalculateGlobals)0, (eStage)4> --- Reduced from maximum 1024
[  ]    ==== :    32x4    | InteriorExecutor<(eOperationType)4, (eCalculateGlobals)0, (eStage)5> --- Reduced from maximum 1024
[  ]    ==== :    32x4    | InteriorExecutor<(eOperationType)4, (eCalculateGlobals)0, (eStage)6> --- Reduced from maximum 1024
[  ]    ==== :    32x4    | InteriorExecutor<(eOperationType)4, (eCalculateGlobals)0, (eStage)7> --- Reduced from maximum 1024
[  ]    ==== :    32x4    | InteriorExecutor<(eOperationType)4, (eCalculateGlobals)0, (eStage)8> --- Reduced from maximum 1024
[  ]    ==== :    32x4    | InteriorExecutor<(eOperationType)4, (eCalculateGlobals)0, (eStage)9> --- Reduced from maximum 1024
[  ]    ==== :    32x4    | InteriorExecutor<(eOperationType)4, (eCalculateGlobals)1, (eStage)0> --- Reduced from maximum 1024
[  ]    ==== :    32x4    | InteriorExecutor<(eOperationType)4, (eCalculateGlobals)1, (eStage)1> --- Reduced from maximum 1024
[  ]    ==== :    32x4    | InteriorExecutor<(eOperationType)4, (eCalculateGlobals)1, (eStage)2> --- Reduced from maximum 1024
[  ]    ==== :    32x4    | InteriorExecutor<(eOperationType)4, (eCalculateGlobals)1, (eStage)3> --- Reduced from maximum 1024
[  ]    ==== :    32x4    | InteriorExecutor<(eOperationType)4, (eCalculateGlobals)1, (eStage)4> --- Reduced from maximum 1024
[  ]    ==== :    32x4    | InteriorExecutor<(eOperationType)4, (eCalculateGlobals)1, (eStage)5> --- Reduced from maximum 1024
[  ]    ==== :    32x4    | InteriorExecutor<(eOperationType)4, (eCalculateGlobals)1, (eStage)6> --- Reduced from maximum 1024
[  ]    ==== :    32x4    | InteriorExecutor<(eOperationType)4, (eCalculateGlobals)1, (eStage)7> --- Reduced from maximum 1024
[  ]    ==== :    32x4    | InteriorExecutor<(eOperationType)4, (eCalculateGlobals)1, (eStage)8> --- Reduced from maximum 1024
[  ]    ==== :    32x4    | InteriorExecutor<(eOperationType)4, (eCalculateGlobals)1, (eStage)9> --- Reduced from maximum 1024
[  ]    ==== :    32x4    | InteriorExecutor<(eOperationType)4, (eCalculateGlobals)2, (eStage)0> --- Reduced from maximum 1024
[  ]    ==== :    32x4    | InteriorExecutor<(eOperationType)4, (eCalculateGlobals)2, (eStage)1> --- Reduced from maximum 1024
[  ]    ==== :    32x4    | InteriorExecutor<(eOperationType)4, (eCalculateGlobals)2, (eStage)2> --- Reduced from maximum 1024
[  ]    ==== :    32x4    | InteriorExecutor<(eOperationType)4, (eCalculateGlobals)2, (eStage)3> --- Reduced from maximum 1024
[  ]    ==== :    32x4    | InteriorExecutor<(eOperationType)4, (eCalculateGlobals)2, (eStage)4> --- Reduced from maximum 1024
[  ]    ==== :    32x4    | InteriorExecutor<(eOperationType)4, (eCalculateGlobals)2, (eStage)5> --- Reduced from maximum 1024
[  ]    ==== :    32x4    | InteriorExecutor<(eOperationType)4, (eCalculateGlobals)2, (eStage)6> --- Reduced from maximum 1024
[  ]    ==== :    32x4    | InteriorExecutor<(eOperationType)4, (eCalculateGlobals)2, (eStage)7> --- Reduced from maximum 1024
[  ]    ==== :    32x4    | InteriorExecutor<(eOperationType)4, (eCalculateGlobals)2, (eStage)8> --- Reduced from maximum 1024
[  ]    ==== :    32x4    | InteriorExecutor<(eOperationType)4, (eCalculateGlobals)2, (eStage)9> --- Reduced from maximum 1024
[ 0] warning ! No "Units" element in config file
[  ]    ==== : Mesh size in config file: 80x80x140
[  ]    ---- : Global lattice size: 80x80x140
[  ]    ==== : Max region size: 1075200. Mesh size 1075200. Overhead:  0%
[  ]    ---- : Local lattice size: 96x80x140
[  ]    #### : [0] Cumulative allocation of 1269176320 b (1.3 GB)
[  ]    ---- : Creating geom size:1075200
[  ]    #### : Setting output path to: case
[  ]    #### : Setting output path to: /mnt/8A0E24070E23EAC1/runs/tclb_pre2025_sphere_theta030_profile_radAngle011_M0p1_W6_50k_20260610/theta030/output/case
[  ]    ---- : loading geometry ...
[  ]    ---- : overwriting all flags
[  ]    ---- : Setting number of zones to 3
[  ]    ---- : Setting Density_h to 1 (1.000000)
[  ]    ---- : Setting Density_l to 0.001 (0.001000)
[  ]    ---- : Setting Viscosity_h to 0.09 (0.090000)
[  ]    ---- : Setting Viscosity_l to 0.1 (0.100000)
[  ]    ---- : Setting tauUpdate to 3 (3.000000)
[  ]    ---- : Setting sigma to 5e-05 (0.000050)
[  ]    ---- : Setting M to 0.1 (0.100000)
[  ]    ---- : Setting IntWidth to 6 (6.000000)
[  ]    ---- : Setting Radius to 24 (24.000000)
[  ]    ---- : Setting BubbleType to 1 (1.000000)
[  ]    ---- : Setting CenterX to 40 (40.000000)
[  ]    ---- : Setting CenterY to 40 (40.000000)
[  ]    ---- : Setting CenterZ to 72 (72.000000)
[  ]    ---- : Setting VelocityX in zone  (-1) to 0.0 (0.000000)
[  ]    ---- : Setting VelocityY in zone  (-1) to 0.0 (0.000000)
[  ]    ---- : Setting VelocityZ in zone  (-1) to 0.0 (0.000000)
[ 0] WARNING ! Unknown setting DropletOnlyVelocity
[ 0] WARNING ! Unknown setting DropletVelocityX
[ 0] WARNING ! Unknown setting DropletVelocityY
[ 0] WARNING ! Unknown setting DropletVelocityZ
[  ]    ---- : Setting GravitationX to 0.0 (0.000000)
[  ]    ---- : Setting GravitationY to 0.0 (0.000000)
[  ]    ---- : Setting GravitationZ to 0.0 (0.000000)
[  ]    ---- : Setting BuoyancyX to 0.0 (0.000000)
[  ]    ---- : Setting BuoyancyY to 0.0 (0.000000)
[  ]    ---- : Setting BuoyancyZ to 0.0 (0.000000)
[  ]    ---- : Setting radAngle in zone  (-1) to 11d (0.191986)
[ 0] WARNING ! Zone-specific settings in zone 0 were overwritten from 1.570796 to 0.191986
[  ]    ---- : Setting minGradient to 1e-08 (0.000000)
[  ]    ---- : Initializing Lattice ...
[  ]    128.9 MLBUps    148.77 GB/s [====================]  0s
[  ]    ---- : Callback VTK with no Iterations attribute
[  ]    ---- :        0 it writing vtk
[  ]    ---- : Setting callback Log at 1000.000000 iterations
[  ]    ---- : Adding Log to the solver hands
[  ]    ---- : Setting callback Failcheck at 1000.000000 iterations
[  ]    ---- : Adding Failcheck to the solver hands
[  ]    ---- : Setting action Solve at 50000.000000 iterations
[  ]    ---- : Setting callback VTK at 10000.000000 iterations
[  ]    ---- : Adding VTK to the solver hands
[  ]    ---- : Setting callback Log at 1000.000000 iterations
[  ]    ---- : Adding Log to the solver hands
[  ]    ---- : Setting callback Failcheck at 1000.000000 iterations
[  ]    ---- : Adding Failcheck to the solver hands
[  ]     66.8 MLBUps     77.03 GB/s [==                  ]  1s
[  ]    220.8 MLBUps    254.81 GB/s [===                 ]  2s
[  ]    221.2 MLBUps    255.23 GB/s [=======             ]  3s
[  ]    221.2 MLBUps    255.22 GB/s [===========         ]  4s
[  ]    221.0 MLBUps    255.04 GB/s [================    ]  5s
[  ]    ---- :    218.3 MLBUps    251.93 GB/s [====================]
[  ]    220.7 MLBUps    254.64 GB/s [===                 ]  0s
[  ]    221.1 MLBUps    255.15 GB/s [=======             ]  1s
[  ]    221.2 MLBUps    255.21 GB/s [===========         ]  2s
[  ]    221.1 MLBUps    255.19 GB/s [===============     ]  3s
[  ]    220.9 MLBUps    254.97 GB/s [=================== ]  4s
[  ]    ---- :    191.4 MLBUps    220.86 GB/s [====================]
[  ]    220.9 MLBUps    254.89 GB/s [====                ]  1s
[  ]    221.0 MLBUps    255.03 GB/s [========            ]  2s
[  ]    221.2 MLBUps    255.28 GB/s [============        ]  3s
[  ]    221.1 MLBUps    255.20 GB/s [================    ]  4s
[  ]    ---- :    218.0 MLBUps    251.57 GB/s [====================]
[  ]    220.9 MLBUps    254.98 GB/s [====                ]  1s
[  ]    221.0 MLBUps    255.04 GB/s [========            ]  2s
[  ]    221.1 MLBUps    255.14 GB/s [============        ]  3s
[  ]    221.3 MLBUps    255.39 GB/s [================    ]  4s
[  ]    ---- :    218.1 MLBUps    251.65 GB/s [====================]
[  ]    221.0 MLBUps    255.06 GB/s [====                ]  1s
[  ]    221.0 MLBUps    255.08 GB/s [========            ]  2s
[  ]    221.1 MLBUps    255.12 GB/s [============        ]  3s
[  ]    221.2 MLBUps    255.24 GB/s [================    ]  4s
[  ]    ---- :    218.0 MLBUps    251.55 GB/s [====================]
[  ]    221.2 MLBUps    255.27 GB/s [====                ]  1s
[  ]    219.9 MLBUps    253.80 GB/s [========            ]  2s
[  ]    220.7 MLBUps    254.65 GB/s [============        ]  3s
[  ]    219.8 MLBUps    253.60 GB/s [================    ]  4s
[  ]    ---- :    218.3 MLBUps    251.87 GB/s [====================]
[  ]    221.4 MLBUps    255.45 GB/s [====                ]  0s
[  ]    221.3 MLBUps    255.42 GB/s [========            ]  1s
[  ]    221.1 MLBUps    255.13 GB/s [============        ]  2s
[  ]    221.1 MLBUps    255.20 GB/s [================    ]  3s
[  ]    ---- :    218.0 MLBUps    251.57 GB/s [====================]
[  ]    221.2 MLBUps    255.26 GB/s [====                ]  1s
[  ]    221.0 MLBUps    255.03 GB/s [========            ]  2s
[  ]    221.2 MLBUps    255.26 GB/s [============        ]  3s
[  ]    221.3 MLBUps    255.37 GB/s [================    ]  4s
[  ]    ---- :    218.2 MLBUps    251.75 GB/s [====================]
[  ]    221.2 MLBUps    255.22 GB/s [====                ]  1s
[  ]    221.0 MLBUps    255.04 GB/s [========            ]  2s
[  ]    221.1 MLBUps    255.18 GB/s [============        ]  3s
[  ]    221.2 MLBUps    255.30 GB/s [================    ]  4s
[  ]    ---- :    218.0 MLBUps    251.59 GB/s [====================]
[  ]    221.1 MLBUps    255.12 GB/s [====                ]  1s
[  ]    221.4 MLBUps    255.45 GB/s [========            ]  2s
[  ]    221.4 MLBUps    255.47 GB/s [============        ]  3s
[  ]    221.4 MLBUps    255.54 GB/s [================    ]  4s
[  ]    ---- :    218.3 MLBUps    251.87 GB/s [====================]
[  ]    ---- :    10000 it writing vtk
[  ]     95.9 MLBUps    110.68 GB/s [====                ]  2s
[  ]    222.9 MLBUps    257.27 GB/s [=====               ]  2s
[  ]    222.7 MLBUps    257.01 GB/s [==========          ]  3s
[  ]    222.8 MLBUps    257.15 GB/s [==============      ]  4s
[  ]    222.8 MLBUps    257.11 GB/s [==================  ]  5s
[  ]    ---- :    215.9 MLBUps    249.21 GB/s [====================]
[  ]    222.8 MLBUps    257.11 GB/s [===                 ]  0s
[  ]    223.0 MLBUps    257.31 GB/s [=======             ]  1s
[  ]    222.9 MLBUps    257.23 GB/s [===========         ]  2s
[  ]    222.9 MLBUps    257.20 GB/s [===============     ]  3s
[  ]    222.8 MLBUps    257.10 GB/s [=================== ]  4s
[  ]    ---- :    157.0 MLBUps    181.23 GB/s [====================]
[  ]    222.9 MLBUps    257.21 GB/s [====                ]  0s
[  ]    222.8 MLBUps    257.15 GB/s [========            ]  1s
[  ]    222.8 MLBUps    257.14 GB/s [============        ]  3s
[  ]    222.9 MLBUps    257.18 GB/s [================    ]  4s
[  ]    ---- :    219.8 MLBUps    253.63 GB/s [====================]
[  ]    223.0 MLBUps    257.30 GB/s [====                ]  0s
[  ]    222.8 MLBUps    257.15 GB/s [========            ]  1s
[  ]    222.9 MLBUps    257.22 GB/s [============        ]  3s
[  ]    222.8 MLBUps    257.12 GB/s [================    ]  4s
[  ]    ---- :    219.6 MLBUps    253.43 GB/s [====================]
[  ]    222.8 MLBUps    257.14 GB/s [====                ]  0s
[  ]    222.9 MLBUps    257.20 GB/s [========            ]  1s
[  ]    223.0 MLBUps    257.39 GB/s [============        ]  3s
[  ]    223.0 MLBUps    257.35 GB/s [================    ]  4s
[  ]    ---- :    219.7 MLBUps    253.50 GB/s [====================]
[  ]    222.9 MLBUps    257.25 GB/s [====                ]  0s
[  ]    223.0 MLBUps    257.36 GB/s [========            ]  1s
[  ]    223.0 MLBUps    257.29 GB/s [============        ]  2s
[  ]    223.0 MLBUps    257.32 GB/s [================    ]  4s
[  ]    ---- :    219.7 MLBUps    253.51 GB/s [====================]
[  ]    222.8 MLBUps    257.09 GB/s [====                ]  0s
[  ]    222.9 MLBUps    257.26 GB/s [========            ]  1s
[  ]    222.9 MLBUps    257.26 GB/s [============        ]  3s
[  ]    222.9 MLBUps    257.26 GB/s [================    ]  4s
[  ]    ---- :    219.6 MLBUps    253.46 GB/s [====================]
[  ]    222.9 MLBUps    257.20 GB/s [====                ]  0s
[  ]    223.0 MLBUps    257.35 GB/s [========            ]  1s
[  ]    223.1 MLBUps    257.47 GB/s [============        ]  2s
[  ]    223.0 MLBUps    257.36 GB/s [================    ]  4s
[  ]    ---- :    219.6 MLBUps    253.46 GB/s [====================]
[  ]    223.0 MLBUps    257.37 GB/s [====                ]  0s
[  ]    223.0 MLBUps    257.39 GB/s [========            ]  1s
[  ]    222.9 MLBUps    257.25 GB/s [============        ]  2s
[  ]    223.1 MLBUps    257.41 GB/s [================    ]  4s
[  ]    ---- :    219.7 MLBUps    253.51 GB/s [====================]
[  ]    222.8 MLBUps    257.08 GB/s [====                ]  0s
[  ]    223.2 MLBUps    257.52 GB/s [========            ]  1s
[  ]    222.9 MLBUps    257.28 GB/s [============        ]  2s
[  ]    222.8 MLBUps    257.17 GB/s [================    ]  4s
[  ]    ---- :    219.7 MLBUps    253.58 GB/s [====================]
[  ]    ---- :    20000 it writing vtk
[  ]     89.0 MLBUps    102.70 GB/s [====                ]  2s
[  ]    221.6 MLBUps    255.75 GB/s [=====               ]  2s
[  ]    221.6 MLBUps    255.70 GB/s [=========           ]  3s
[  ]    221.7 MLBUps    255.86 GB/s [==============      ]  4s
[  ]    221.5 MLBUps    255.65 GB/s [==================  ]  5s
[  ]    ---- :    215.8 MLBUps    249.06 GB/s [====================]
[  ]    221.3 MLBUps    255.40 GB/s [===                 ]  0s
[  ]    221.7 MLBUps    255.86 GB/s [=======             ]  1s
[  ]    221.6 MLBUps    255.76 GB/s [===========         ]  2s
[  ]    221.6 MLBUps    255.77 GB/s [===============     ]  3s
[  ]    221.5 MLBUps    255.60 GB/s [=================== ]  4s
[  ]    ---- :    195.1 MLBUps    225.11 GB/s [====================]
[  ]    221.5 MLBUps    255.65 GB/s [====                ]  0s
[  ]    221.4 MLBUps    255.54 GB/s [========            ]  2s
[  ]    221.7 MLBUps    255.80 GB/s [============        ]  2s
[  ]    221.6 MLBUps    255.78 GB/s [================    ]  3s
[  ]    ---- :    218.6 MLBUps    252.22 GB/s [====================]
[  ]    221.5 MLBUps    255.61 GB/s [====                ]  0s
[  ]    221.6 MLBUps    255.67 GB/s [========            ]  1s
[  ]    221.5 MLBUps    255.66 GB/s [============        ]  2s
[  ]    221.7 MLBUps    255.83 GB/s [================    ]  3s
[  ]    ---- :    218.6 MLBUps    252.28 GB/s [====================]
[  ]    221.6 MLBUps    255.74 GB/s [====                ]  0s
[  ]    221.7 MLBUps    255.90 GB/s [========            ]  1s
[  ]    221.7 MLBUps    255.89 GB/s [============        ]  2s
[  ]    221.7 MLBUps    255.86 GB/s [================    ]  3s
[  ]    ---- :    218.5 MLBUps    252.14 GB/s [====================]
[  ]    221.5 MLBUps    255.61 GB/s [====                ]  0s
[  ]    221.9 MLBUps    256.07 GB/s [========            ]  1s
[  ]    221.7 MLBUps    255.81 GB/s [============        ]  2s
[  ]    221.7 MLBUps    255.81 GB/s [================    ]  3s
[  ]    ---- :    218.5 MLBUps    252.16 GB/s [====================]
[  ]    221.6 MLBUps    255.70 GB/s [====                ]  0s
[  ]    221.7 MLBUps    255.85 GB/s [========            ]  1s
[  ]    221.7 MLBUps    255.86 GB/s [============        ]  2s
[  ]    221.6 MLBUps    255.74 GB/s [================    ]  3s
[  ]    ---- :    218.6 MLBUps    252.23 GB/s [====================]
[  ]    221.6 MLBUps    255.73 GB/s [====                ]  0s
[  ]    221.7 MLBUps    255.85 GB/s [========            ]  1s
[  ]    221.8 MLBUps    255.93 GB/s [============        ]  2s
[  ]    221.7 MLBUps    255.79 GB/s [================    ]  3s
[  ]    ---- :    218.7 MLBUps    252.34 GB/s [====================]
[  ]    221.5 MLBUps    255.58 GB/s [====                ]  1s
[  ]    221.6 MLBUps    255.74 GB/s [========            ]  1s
[  ]    221.6 MLBUps    255.76 GB/s [============        ]  2s
[  ]    221.7 MLBUps    255.84 GB/s [================    ]  3s
[  ]    ---- :    218.6 MLBUps    252.24 GB/s [====================]
[  ]    221.6 MLBUps    255.74 GB/s [====                ]  0s
[  ]    221.7 MLBUps    255.83 GB/s [========            ]  1s
[  ]    221.5 MLBUps    255.57 GB/s [============        ]  2s
[  ]    221.2 MLBUps    255.27 GB/s [================    ]  4s
[  ]    ---- :    218.6 MLBUps    252.23 GB/s [====================]
[  ]    ---- :    30000 it writing vtk
[  ]     94.0 MLBUps    108.44 GB/s [====                ]  2s
[  ]    223.2 MLBUps    257.61 GB/s [=====               ]  2s
[  ]    223.1 MLBUps    257.51 GB/s [==========          ]  3s
[  ]    223.3 MLBUps    257.68 GB/s [==============      ]  4s
[  ]    223.1 MLBUps    257.50 GB/s [==================  ]  5s
[  ]    ---- :    216.5 MLBUps    249.84 GB/s [====================]
[  ]    223.0 MLBUps    257.31 GB/s [===                 ]  0s
[  ]    223.1 MLBUps    257.42 GB/s [=======             ]  1s
[  ]    223.0 MLBUps    257.33 GB/s [===========         ]  2s
[  ]    223.0 MLBUps    257.34 GB/s [===============     ]  3s
[  ]    223.1 MLBUps    257.51 GB/s [=================== ]  4s
[  ]    ---- :    157.1 MLBUps    181.35 GB/s [====================]
[  ]    222.9 MLBUps    257.27 GB/s [====                ]  0s
[  ]    223.2 MLBUps    257.56 GB/s [========            ]  1s
[  ]    223.2 MLBUps    257.56 GB/s [============        ]  2s
[  ]    223.2 MLBUps    257.61 GB/s [================    ]  3s
[  ]    ---- :    219.8 MLBUps    253.61 GB/s [====================]
[  ]    223.0 MLBUps    257.36 GB/s [====                ]  0s
[  ]    223.2 MLBUps    257.52 GB/s [========            ]  1s
[  ]    223.2 MLBUps    257.52 GB/s [============        ]  2s
[  ]    223.1 MLBUps    257.46 GB/s [================    ]  3s
[  ]    ---- :    219.9 MLBUps    253.80 GB/s [====================]
[  ]    223.1 MLBUps    257.47 GB/s [====                ]  0s
[  ]    223.2 MLBUps    257.58 GB/s [========            ]  1s
[  ]    223.2 MLBUps    257.52 GB/s [============        ]  2s
[  ]    223.2 MLBUps    257.58 GB/s [================    ]  3s
[  ]    ---- :    220.0 MLBUps    253.83 GB/s [====================]
[  ]    223.0 MLBUps    257.37 GB/s [====                ]  1s
[  ]    223.1 MLBUps    257.50 GB/s [========            ]  2s
[  ]    223.2 MLBUps    257.54 GB/s [============        ]  3s
[  ]    223.2 MLBUps    257.57 GB/s [================    ]  4s
[  ]    ---- :    219.8 MLBUps    253.69 GB/s [====================]
[  ]    223.1 MLBUps    257.48 GB/s [====                ]  1s
[  ]    223.2 MLBUps    257.55 GB/s [========            ]  2s
[  ]    223.1 MLBUps    257.49 GB/s [============        ]  3s
[  ]    223.0 MLBUps    257.38 GB/s [================    ]  4s
[  ]    ---- :    220.0 MLBUps    253.92 GB/s [====================]
[  ]    223.0 MLBUps    257.33 GB/s [====                ]  1s
[  ]    223.1 MLBUps    257.44 GB/s [========            ]  2s
[  ]    223.2 MLBUps    257.53 GB/s [============        ]  3s
[  ]    223.2 MLBUps    257.61 GB/s [================    ]  4s
[  ]    ---- :    219.9 MLBUps    253.81 GB/s [====================]
[  ]    223.1 MLBUps    257.42 GB/s [====                ]  1s
[  ]    223.1 MLBUps    257.48 GB/s [========            ]  2s
[  ]    223.1 MLBUps    257.48 GB/s [============        ]  3s
[  ]    223.2 MLBUps    257.63 GB/s [================    ]  4s
[  ]    ---- :    219.9 MLBUps    253.78 GB/s [====================]
[  ]    223.1 MLBUps    257.45 GB/s [====                ]  1s
[  ]    223.3 MLBUps    257.71 GB/s [========            ]  2s
[  ]    223.1 MLBUps    257.48 GB/s [============        ]  3s
[  ]    223.2 MLBUps    257.55 GB/s [================    ]  4s
[  ]    ---- :    220.0 MLBUps    253.85 GB/s [====================]
[  ]    ---- :    40000 it writing vtk
[  ]     89.1 MLBUps    102.87 GB/s [====                ]  2s
[  ]    220.3 MLBUps    254.25 GB/s [=====               ]  2s
[  ]    221.6 MLBUps    255.74 GB/s [=========           ]  3s
[  ]    221.8 MLBUps    255.97 GB/s [==============      ]  4s
[  ]    221.7 MLBUps    255.86 GB/s [==================  ]  5s
[  ]    ---- :    215.9 MLBUps    249.13 GB/s [====================]
[  ]    221.7 MLBUps    255.81 GB/s [===                 ]  0s
[  ]    221.8 MLBUps    255.97 GB/s [=======             ]  1s
[  ]    221.7 MLBUps    255.86 GB/s [===========         ]  2s
[  ]    221.8 MLBUps    255.99 GB/s [===============     ]  3s
[  ]    221.7 MLBUps    255.90 GB/s [=================== ]  4s
[  ]    ---- :    194.8 MLBUps    224.84 GB/s [====================]
[  ]    221.4 MLBUps    255.55 GB/s [====                ]  1s
[  ]    221.7 MLBUps    255.82 GB/s [========            ]  1s
[  ]    221.9 MLBUps    256.07 GB/s [============        ]  2s
[  ]    221.8 MLBUps    255.94 GB/s [================    ]  3s
[  ]    ---- :    218.7 MLBUps    252.38 GB/s [====================]
[  ]    221.6 MLBUps    255.74 GB/s [====                ]  0s
[  ]    221.9 MLBUps    256.13 GB/s [========            ]  1s
[  ]    221.8 MLBUps    255.96 GB/s [============        ]  2s
[  ]    221.7 MLBUps    255.79 GB/s [================    ]  3s
[  ]    ---- :    218.6 MLBUps    252.29 GB/s [====================]
[  ]    221.5 MLBUps    255.65 GB/s [====                ]  0s
[  ]    222.1 MLBUps    256.32 GB/s [========            ]  1s
[  ]    221.9 MLBUps    256.05 GB/s [============        ]  2s
[  ]    221.6 MLBUps    255.77 GB/s [================    ]  3s
[  ]    ---- :    218.8 MLBUps    252.53 GB/s [====================]
[  ]    221.7 MLBUps    255.82 GB/s [====                ]  0s
[  ]    221.9 MLBUps    256.06 GB/s [========            ]  1s
[  ]    221.8 MLBUps    255.99 GB/s [============        ]  2s
[  ]    221.8 MLBUps    255.91 GB/s [================    ]  3s
[  ]    ---- :    218.6 MLBUps    252.25 GB/s [====================]
[  ]    221.7 MLBUps    255.86 GB/s [====                ]  0s
[  ]    221.8 MLBUps    255.96 GB/s [========            ]  1s
[  ]    221.9 MLBUps    256.10 GB/s [============        ]  2s
[  ]    221.9 MLBUps    256.12 GB/s [================    ]  3s
[  ]    ---- :    218.7 MLBUps    252.40 GB/s [====================]
[  ]    221.7 MLBUps    255.85 GB/s [====                ]  0s
[  ]    221.9 MLBUps    256.06 GB/s [========            ]  1s
[  ]    221.8 MLBUps    255.92 GB/s [============        ]  2s
[  ]    221.8 MLBUps    256.01 GB/s [================    ]  3s
[  ]    ---- :    218.5 MLBUps    252.20 GB/s [====================]
[  ]    221.7 MLBUps    255.83 GB/s [====                ]  0s
[  ]    221.7 MLBUps    255.86 GB/s [========            ]  1s
[  ]    221.8 MLBUps    255.94 GB/s [============        ]  2s
[  ]    221.8 MLBUps    255.94 GB/s [================    ]  3s
[  ]    ---- :    218.6 MLBUps    252.29 GB/s [====================]
[  ]    221.7 MLBUps    255.90 GB/s [====                ]  0s
[  ]    221.8 MLBUps    255.93 GB/s [========            ]  1s
[  ]    221.8 MLBUps    255.97 GB/s [============        ]  2s
[  ]    221.7 MLBUps    255.83 GB/s [================    ]  3s
[  ]    ---- :    218.8 MLBUps    252.51 GB/s [====================]
[  ]    ---- :    50000 it writing vtk
[  ]    ---- : Total duration: 251.177115 s = 4.186285 min = 0.069771 h
