{
  "status": "runtime_sanity",
  "decision": {
    "status": "runtime_sanity",
    "claim_limit": "runtime_sanity / exploratory_not_validation only",
    "write_mode_allowed": false,
    "write_mode_blocked": true,
    "block_reason": "Stage8h is shadow-only; sphere Stage8OperatorMode=2 remains forbidden",
    "shadow_gate_passed_for_planning": false,
    "root_cause_classification": "undetermined_shadow_only_cos_residual_weaker_than_tan",
    "final_stage8g_mode": 3,
    "final_stage8h_mode": 3,
    "final_vector_limiter_fraction": 0.0,
    "final_normal_limiter_fraction": 0.09164969450101833,
    "final_stage8h_limiter_equivalent_fraction": 0.09164969450101833,
    "final_limiter_ratio_p50": 1.0,
    "final_limiter_ratio_p10": 1.0,
    "final_outer90_normal_limiter_count": 0,
    "final_outer90_stage8h_limiter_equivalent_count": 0,
    "final_fallback_stage8h_limiter_equivalent_count": 720,
    "final_ratio_cap_limiter_fraction_of_normal_limiter": 1.0,
    "final_abs_cap_limiter_fraction_of_normal_limiter": 0.0,
    "final_cap_demand_ratio_p50": 0.8053071344564894,
    "final_regularization_ratio_p50": 0.731172199918383,
    "final_profile_target_mismatch_p50": 0.03411163497089817,
    "final_profile_conflict_p50": 0.0,
    "final_normal_raw_abs_p50": 0.06454598473763312,
    "final_target_minus_raw_abs_p50": 0.026336739964275813,
    "final_tangent_mag_p95": 0.07344943965504354,
    "final_raw_delta_p99": 0.04966358746420883,
    "final_normal_delta_limited_p99": -6.374437245099225e-07,
    "final_stage8h_candidate_demand_ratio_p50": 0.8053071344564894,
    "final_stage8h_candidate_demand_ratio_p95": 1.0488331729427858,
    "final_stage8h_candidate_demand_ratio_p99": 1.0923475562942695,
    "final_stage8h_beta_relaxation_p50": 0.25,
    "final_stage8h_profile_consistency_weight_p50": 0.5944480810211279,
    "final_stage8h_cos_to_tan_ratio_p50": 0.2247842865440715
  },
  "frames": [
    0,
    100,
    1000
  ]
}
