MPMD: TCLB: local:0/1 work:0/1 ---  connected to:
[  ]    ---- : Using std::chrono::steady_clock::now() for walltime
[  ]    #### : -------------------------------------------------------------------------
[  ]    #### : -  CLB version:                   ded67cd                               -
[  ]    #### : -        Model: d3q27_pf_velocity_q27_geometric                               -
[  ]    #### : -------------------------------------------------------------------------
[  ]    #### : Setting output path to: case
[  ]    ---- : Discarding 1 comments
[ 0]    ---- : Selecting device 0/1
[  ]    ---- :   Threads  |      Action
[  ]    ==== :    32x4    | BorderExecutor<(eOperationType)0, (eCalculateGlobals)0, (eStage)0> --- Reduced from maximum 1024
[  ]    ==== :    32x4    | BorderExecutor<(eOperationType)0, (eCalculateGlobals)0, (eStage)1> --- Reduced from maximum 384
[  ]    ==== :    32x4    | BorderExecutor<(eOperationType)0, (eCalculateGlobals)0, (eStage)2> --- Reduced from maximum 384
[  ]    ==== :    32x4    | BorderExecutor<(eOperationType)0, (eCalculateGlobals)0, (eStage)3> --- Reduced from maximum 256
[  ]    ==== :    32x4    | BorderExecutor<(eOperationType)0, (eCalculateGlobals)0, (eStage)4> --- Reduced from maximum 1024
[  ]    ==== :    32x4    | BorderExecutor<(eOperationType)0, (eCalculateGlobals)0, (eStage)5> --- Reduced from maximum 512
[  ]    ==== :    32x4    | BorderExecutor<(eOperationType)0, (eCalculateGlobals)0, (eStage)6> --- Reduced from maximum 512
[  ]    ==== :    32x4    | BorderExecutor<(eOperationType)0, (eCalculateGlobals)0, (eStage)7> --- Reduced from maximum 640
[  ]    ==== :    32x4    | BorderExecutor<(eOperationType)0, (eCalculateGlobals)0, (eStage)8> --- Reduced from maximum 640
[  ]    ==== :    32x4    | BorderExecutor<(eOperationType)0, (eCalculateGlobals)0, (eStage)9> --- Reduced from maximum 512
[  ]    ==== :    32x4    | BorderExecutor<(eOperationType)0, (eCalculateGlobals)1, (eStage)0> --- Reduced from maximum 896
[  ]    ==== :    32x4    | BorderExecutor<(eOperationType)0, (eCalculateGlobals)1, (eStage)1> --- Reduced from maximum 384
[  ]    ==== :    32x4    | BorderExecutor<(eOperationType)0, (eCalculateGlobals)1, (eStage)2> --- Reduced from maximum 256
[  ]    ==== :    32x4    | BorderExecutor<(eOperationType)0, (eCalculateGlobals)1, (eStage)3> --- Reduced from maximum 256
[  ]    ==== :    32x4    | BorderExecutor<(eOperationType)0, (eCalculateGlobals)1, (eStage)4> --- Reduced from maximum 1024
[  ]    ==== :    32x4    | BorderExecutor<(eOperationType)0, (eCalculateGlobals)1, (eStage)5> --- Reduced from maximum 512
[  ]    ==== :    32x4    | BorderExecutor<(eOperationType)0, (eCalculateGlobals)1, (eStage)6> --- Reduced from maximum 512
[  ]    ==== :    32x4    | BorderExecutor<(eOperationType)0, (eCalculateGlobals)1, (eStage)7> --- Reduced from maximum 640
[  ]    ==== :    32x4    | BorderExecutor<(eOperationType)0, (eCalculateGlobals)1, (eStage)8> --- Reduced from maximum 640
[  ]    ==== :    32x4    | BorderExecutor<(eOperationType)0, (eCalculateGlobals)1, (eStage)9> --- Reduced from maximum 768
[  ]    ==== :    32x4    | BorderExecutor<(eOperationType)0, (eCalculateGlobals)2, (eStage)0> --- Reduced from maximum 1024
[  ]    ==== :    32x4    | BorderExecutor<(eOperationType)0, (eCalculateGlobals)2, (eStage)1> --- Reduced from maximum 1024
[  ]    ==== :    32x4    | BorderExecutor<(eOperationType)0, (eCalculateGlobals)2, (eStage)2> --- Reduced from maximum 1024
[  ]    ==== :    32x4    | BorderExecutor<(eOperationType)0, (eCalculateGlobals)2, (eStage)3> --- Reduced from maximum 1024
[  ]    ==== :    32x4    | BorderExecutor<(eOperationType)0, (eCalculateGlobals)2, (eStage)4> --- Reduced from maximum 1024
[  ]    ==== :    32x4    | BorderExecutor<(eOperationType)0, (eCalculateGlobals)2, (eStage)5> --- Reduced from maximum 1024
[  ]    ==== :    32x4    | BorderExecutor<(eOperationType)0, (eCalculateGlobals)2, (eStage)6> --- Reduced from maximum 1024
[  ]    ==== :    32x4    | BorderExecutor<(eOperationType)0, (eCalculateGlobals)2, (eStage)7> --- Reduced from maximum 1024
[  ]    ==== :    32x4    | BorderExecutor<(eOperationType)0, (eCalculateGlobals)2, (eStage)8> --- Reduced from maximum 1024
[  ]    ==== :    32x4    | BorderExecutor<(eOperationType)0, (eCalculateGlobals)2, (eStage)9> --- Reduced from maximum 1024
[  ]    ==== :    32x4    | BorderExecutor<(eOperationType)1, (eCalculateGlobals)0, (eStage)0> --- Reduced from maximum 1024
[  ]    ==== :    32x4    | BorderExecutor<(eOperationType)1, (eCalculateGlobals)0, (eStage)1> --- Reduced from maximum 1024
[  ]    ==== :    32x4    | BorderExecutor<(eOperationType)1, (eCalculateGlobals)0, (eStage)2> --- Reduced from maximum 1024
[  ]    ==== :    32x4    | BorderExecutor<(eOperationType)1, (eCalculateGlobals)0, (eStage)3> --- Reduced from maximum 1024
[  ]    ==== :    32x4    | BorderExecutor<(eOperationType)1, (eCalculateGlobals)0, (eStage)4> --- Reduced from maximum 1024
[  ]    ==== :    32x4    | BorderExecutor<(eOperationType)1, (eCalculateGlobals)0, (eStage)5> --- Reduced from maximum 1024
[  ]    ==== :    32x4    | BorderExecutor<(eOperationType)1, (eCalculateGlobals)0, (eStage)6> --- Reduced from maximum 1024
[  ]    ==== :    32x4    | BorderExecutor<(eOperationType)1, (eCalculateGlobals)0, (eStage)7> --- Reduced from maximum 1024
[  ]    ==== :    32x4    | BorderExecutor<(eOperationType)1, (eCalculateGlobals)0, (eStage)8> --- Reduced from maximum 1024
[  ]    ==== :    32x4    | BorderExecutor<(eOperationType)1, (eCalculateGlobals)0, (eStage)9> --- Reduced from maximum 1024
[  ]    ==== :    32x4    | BorderExecutor<(eOperationType)1, (eCalculateGlobals)1, (eStage)0> --- Reduced from maximum 1024
[  ]    ==== :    32x4    | BorderExecutor<(eOperationType)1, (eCalculateGlobals)1, (eStage)1> --- Reduced from maximum 1024
[  ]    ==== :    32x4    | BorderExecutor<(eOperationType)1, (eCalculateGlobals)1, (eStage)2> --- Reduced from maximum 1024
[  ]    ==== :    32x4    | BorderExecutor<(eOperationType)1, (eCalculateGlobals)1, (eStage)3> --- Reduced from maximum 1024
[  ]    ==== :    32x4    | BorderExecutor<(eOperationType)1, (eCalculateGlobals)1, (eStage)4> --- Reduced from maximum 1024
[  ]    ==== :    32x4    | BorderExecutor<(eOperationType)1, (eCalculateGlobals)1, (eStage)5> --- Reduced from maximum 1024
[  ]    ==== :    32x4    | BorderExecutor<(eOperationType)1, (eCalculateGlobals)1, (eStage)6> --- Reduced from maximum 1024
[  ]    ==== :    32x4    | BorderExecutor<(eOperationType)1, (eCalculateGlobals)1, (eStage)7> --- Reduced from maximum 1024
[  ]    ==== :    32x4    | BorderExecutor<(eOperationType)1, (eCalculateGlobals)1, (eStage)8> --- Reduced from maximum 1024
[  ]    ==== :    32x4    | BorderExecutor<(eOperationType)1, (eCalculateGlobals)1, (eStage)9> --- Reduced from maximum 1024
[  ]    ==== :    32x4    | BorderExecutor<(eOperationType)1, (eCalculateGlobals)2, (eStage)0> --- Reduced from maximum 1024
[  ]    ==== :    32x4    | BorderExecutor<(eOperationType)1, (eCalculateGlobals)2, (eStage)1> --- Reduced from maximum 1024
[  ]    ==== :    32x4    | BorderExecutor<(eOperationType)1, (eCalculateGlobals)2, (eStage)2> --- Reduced from maximum 1024
[  ]    ==== :    32x4    | BorderExecutor<(eOperationType)1, (eCalculateGlobals)2, (eStage)3> --- Reduced from maximum 1024
[  ]    ==== :    32x4    | BorderExecutor<(eOperationType)1, (eCalculateGlobals)2, (eStage)4> --- Reduced from maximum 1024
[  ]    ==== :    32x4    | BorderExecutor<(eOperationType)1, (eCalculateGlobals)2, (eStage)5> --- Reduced from maximum 1024
[  ]    ==== :    32x4    | BorderExecutor<(eOperationType)1, (eCalculateGlobals)2, (eStage)6> --- Reduced from maximum 1024
[  ]    ==== :    32x4    | BorderExecutor<(eOperationType)1, (eCalculateGlobals)2, (eStage)7> --- Reduced from maximum 1024
[  ]    ==== :    32x4    | BorderExecutor<(eOperationType)1, (eCalculateGlobals)2, (eStage)8> --- Reduced from maximum 1024
[  ]    ==== :    32x4    | BorderExecutor<(eOperationType)1, (eCalculateGlobals)2, (eStage)9> --- Reduced from maximum 1024
[  ]    ==== :    32x4    | BorderExecutor<(eOperationType)3, (eCalculateGlobals)0, (eStage)0> --- Reduced from maximum 1024
[  ]    ==== :    32x4    | BorderExecutor<(eOperationType)3, (eCalculateGlobals)0, (eStage)1> --- Reduced from maximum 1024
[  ]    ==== :    32x4    | BorderExecutor<(eOperationType)3, (eCalculateGlobals)0, (eStage)2> --- Reduced from maximum 1024
[  ]    ==== :    32x4    | BorderExecutor<(eOperationType)3, (eCalculateGlobals)0, (eStage)3> --- Reduced from maximum 1024
[  ]    ==== :    32x4    | BorderExecutor<(eOperationType)3, (eCalculateGlobals)0, (eStage)4> --- Reduced from maximum 1024
[  ]    ==== :    32x4    | BorderExecutor<(eOperationType)3, (eCalculateGlobals)0, (eStage)5> --- Reduced from maximum 1024
[  ]    ==== :    32x4    | BorderExecutor<(eOperationType)3, (eCalculateGlobals)0, (eStage)6> --- Reduced from maximum 1024
[  ]    ==== :    32x4    | BorderExecutor<(eOperationType)3, (eCalculateGlobals)0, (eStage)7> --- Reduced from maximum 1024
[  ]    ==== :    32x4    | BorderExecutor<(eOperationType)3, (eCalculateGlobals)0, (eStage)8> --- Reduced from maximum 1024
[  ]    ==== :    32x4    | BorderExecutor<(eOperationType)3, (eCalculateGlobals)0, (eStage)9> --- Reduced from maximum 1024
[  ]    ==== :    32x4    | BorderExecutor<(eOperationType)3, (eCalculateGlobals)1, (eStage)0> --- Reduced from maximum 1024
[  ]    ==== :    32x4    | BorderExecutor<(eOperationType)3, (eCalculateGlobals)1, (eStage)1> --- Reduced from maximum 1024
[  ]    ==== :    32x4    | BorderExecutor<(eOperationType)3, (eCalculateGlobals)1, (eStage)2> --- Reduced from maximum 1024
[  ]    ==== :    32x4    | BorderExecutor<(eOperationType)3, (eCalculateGlobals)1, (eStage)3> --- Reduced from maximum 1024
[  ]    ==== :    32x4    | BorderExecutor<(eOperationType)3, (eCalculateGlobals)1, (eStage)4> --- Reduced from maximum 1024
[  ]    ==== :    32x4    | BorderExecutor<(eOperationType)3, (eCalculateGlobals)1, (eStage)5> --- Reduced from maximum 1024
[  ]    ==== :    32x4    | BorderExecutor<(eOperationType)3, (eCalculateGlobals)1, (eStage)6> --- Reduced from maximum 1024
[  ]    ==== :    32x4    | BorderExecutor<(eOperationType)3, (eCalculateGlobals)1, (eStage)7> --- Reduced from maximum 1024
[  ]    ==== :    32x4    | BorderExecutor<(eOperationType)3, (eCalculateGlobals)1, (eStage)8> --- Reduced from maximum 1024
[  ]    ==== :    32x4    | BorderExecutor<(eOperationType)3, (eCalculateGlobals)1, (eStage)9> --- Reduced from maximum 1024
[  ]    ==== :    32x4    | BorderExecutor<(eOperationType)3, (eCalculateGlobals)2, (eStage)0> --- Reduced from maximum 1024
[  ]    ==== :    32x4    | BorderExecutor<(eOperationType)3, (eCalculateGlobals)2, (eStage)1> --- Reduced from maximum 1024
[  ]    ==== :    32x4    | BorderExecutor<(eOperationType)3, (eCalculateGlobals)2, (eStage)2> --- Reduced from maximum 1024
[  ]    ==== :    32x4    | BorderExecutor<(eOperationType)3, (eCalculateGlobals)2, (eStage)3> --- Reduced from maximum 1024
[  ]    ==== :    32x4    | BorderExecutor<(eOperationType)3, (eCalculateGlobals)2, (eStage)4> --- Reduced from maximum 1024
[  ]    ==== :    32x4    | BorderExecutor<(eOperationType)3, (eCalculateGlobals)2, (eStage)5> --- Reduced from maximum 1024
[  ]    ==== :    32x4    | BorderExecutor<(eOperationType)3, (eCalculateGlobals)2, (eStage)6> --- Reduced from maximum 1024
[  ]    ==== :    32x4    | BorderExecutor<(eOperationType)3, (eCalculateGlobals)2, (eStage)7> --- Reduced from maximum 1024
[  ]    ==== :    32x4    | BorderExecutor<(eOperationType)3, (eCalculateGlobals)2, (eStage)8> --- Reduced from maximum 1024
[  ]    ==== :    32x4    | BorderExecutor<(eOperationType)3, (eCalculateGlobals)2, (eStage)9> --- Reduced from maximum 1024
[  ]    ==== :    32x4    | BorderExecutor<(eOperationType)4, (eCalculateGlobals)0, (eStage)0> --- Reduced from maximum 1024
[  ]    ==== :    32x4    | BorderExecutor<(eOperationType)4, (eCalculateGlobals)0, (eStage)1> --- Reduced from maximum 1024
[  ]    ==== :    32x4    | BorderExecutor<(eOperationType)4, (eCalculateGlobals)0, (eStage)2> --- Reduced from maximum 1024
[  ]    ==== :    32x4    | BorderExecutor<(eOperationType)4, (eCalculateGlobals)0, (eStage)3> --- Reduced from maximum 1024
[  ]    ==== :    32x4    | BorderExecutor<(eOperationType)4, (eCalculateGlobals)0, (eStage)4> --- Reduced from maximum 1024
[  ]    ==== :    32x4    | BorderExecutor<(eOperationType)4, (eCalculateGlobals)0, (eStage)5> --- Reduced from maximum 1024
[  ]    ==== :    32x4    | BorderExecutor<(eOperationType)4, (eCalculateGlobals)0, (eStage)6> --- Reduced from maximum 1024
[  ]    ==== :    32x4    | BorderExecutor<(eOperationType)4, (eCalculateGlobals)0, (eStage)7> --- Reduced from maximum 1024
[  ]    ==== :    32x4    | BorderExecutor<(eOperationType)4, (eCalculateGlobals)0, (eStage)8> --- Reduced from maximum 1024
[  ]    ==== :    32x4    | BorderExecutor<(eOperationType)4, (eCalculateGlobals)0, (eStage)9> --- Reduced from maximum 1024
[  ]    ==== :    32x4    | BorderExecutor<(eOperationType)4, (eCalculateGlobals)1, (eStage)0> --- Reduced from maximum 1024
[  ]    ==== :    32x4    | BorderExecutor<(eOperationType)4, (eCalculateGlobals)1, (eStage)1> --- Reduced from maximum 1024
[  ]    ==== :    32x4    | BorderExecutor<(eOperationType)4, (eCalculateGlobals)1, (eStage)2> --- Reduced from maximum 1024
[  ]    ==== :    32x4    | BorderExecutor<(eOperationType)4, (eCalculateGlobals)1, (eStage)3> --- Reduced from maximum 1024
[  ]    ==== :    32x4    | BorderExecutor<(eOperationType)4, (eCalculateGlobals)1, (eStage)4> --- Reduced from maximum 1024
[  ]    ==== :    32x4    | BorderExecutor<(eOperationType)4, (eCalculateGlobals)1, (eStage)5> --- Reduced from maximum 1024
[  ]    ==== :    32x4    | BorderExecutor<(eOperationType)4, (eCalculateGlobals)1, (eStage)6> --- Reduced from maximum 1024
[  ]    ==== :    32x4    | BorderExecutor<(eOperationType)4, (eCalculateGlobals)1, (eStage)7> --- Reduced from maximum 1024
[  ]    ==== :    32x4    | BorderExecutor<(eOperationType)4, (eCalculateGlobals)1, (eStage)8> --- Reduced from maximum 1024
[  ]    ==== :    32x4    | BorderExecutor<(eOperationType)4, (eCalculateGlobals)1, (eStage)9> --- Reduced from maximum 1024
[  ]    ==== :    32x4    | BorderExecutor<(eOperationType)4, (eCalculateGlobals)2, (eStage)0> --- Reduced from maximum 1024
[  ]    ==== :    32x4    | BorderExecutor<(eOperationType)4, (eCalculateGlobals)2, (eStage)1> --- Reduced from maximum 1024
[  ]    ==== :    32x4    | BorderExecutor<(eOperationType)4, (eCalculateGlobals)2, (eStage)2> --- Reduced from maximum 1024
[  ]    ==== :    32x4    | BorderExecutor<(eOperationType)4, (eCalculateGlobals)2, (eStage)3> --- Reduced from maximum 1024
[  ]    ==== :    32x4    | BorderExecutor<(eOperationType)4, (eCalculateGlobals)2, (eStage)4> --- Reduced from maximum 1024
[  ]    ==== :    32x4    | BorderExecutor<(eOperationType)4, (eCalculateGlobals)2, (eStage)5> --- Reduced from maximum 1024
[  ]    ==== :    32x4    | BorderExecutor<(eOperationType)4, (eCalculateGlobals)2, (eStage)6> --- Reduced from maximum 1024
[  ]    ==== :    32x4    | BorderExecutor<(eOperationType)4, (eCalculateGlobals)2, (eStage)7> --- Reduced from maximum 1024
[  ]    ==== :    32x4    | BorderExecutor<(eOperationType)4, (eCalculateGlobals)2, (eStage)8> --- Reduced from maximum 1024
[  ]    ==== :    32x4    | BorderExecutor<(eOperationType)4, (eCalculateGlobals)2, (eStage)9> --- Reduced from maximum 1024
[  ]    ==== :    32x4    | InteriorExecutor<(eOperationType)0, (eCalculateGlobals)0, (eStage)0> --- Reduced from maximum 1024
[  ]    ==== :    32x4    | InteriorExecutor<(eOperationType)0, (eCalculateGlobals)0, (eStage)1> --- Reduced from maximum 640
[  ]    ==== :    32x4    | InteriorExecutor<(eOperationType)0, (eCalculateGlobals)0, (eStage)2> --- Reduced from maximum 384
[  ]    ==== :    32x4    | InteriorExecutor<(eOperationType)0, (eCalculateGlobals)0, (eStage)3> --- Reduced from maximum 256
[  ]    ==== :    32x4    | InteriorExecutor<(eOperationType)0, (eCalculateGlobals)0, (eStage)4> --- Reduced from maximum 1024
[  ]    ==== :    32x4    | InteriorExecutor<(eOperationType)0, (eCalculateGlobals)0, (eStage)5> --- Reduced from maximum 640
[  ]    ==== :    32x4    | InteriorExecutor<(eOperationType)0, (eCalculateGlobals)0, (eStage)6> --- Reduced from maximum 768
[  ]    ==== :    32x4    | InteriorExecutor<(eOperationType)0, (eCalculateGlobals)0, (eStage)7> --- Reduced from maximum 1024
[  ]    ==== :    32x4    | InteriorExecutor<(eOperationType)0, (eCalculateGlobals)0, (eStage)8> --- Reduced from maximum 1024
[  ]    ==== :    32x4    | InteriorExecutor<(eOperationType)0, (eCalculateGlobals)0, (eStage)9> --- Reduced from maximum 896
[  ]    ==== :    32x4    | InteriorExecutor<(eOperationType)0, (eCalculateGlobals)1, (eStage)0> --- Reduced from maximum 1024
[  ]    ==== :    32x4    | InteriorExecutor<(eOperationType)0, (eCalculateGlobals)1, (eStage)1> --- Reduced from maximum 256
[  ]    ==== :    32x4    | InteriorExecutor<(eOperationType)0, (eCalculateGlobals)1, (eStage)2> --- Reduced from maximum 256
[  ]    ==== :    32x4    | InteriorExecutor<(eOperationType)0, (eCalculateGlobals)1, (eStage)3> --- Reduced from maximum 256
[  ]    ==== :    32x4    | InteriorExecutor<(eOperationType)0, (eCalculateGlobals)1, (eStage)4> --- Reduced from maximum 1024
[  ]    ==== :    32x4    | InteriorExecutor<(eOperationType)0, (eCalculateGlobals)1, (eStage)5> --- Reduced from maximum 768
[  ]    ==== :    32x4    | InteriorExecutor<(eOperationType)0, (eCalculateGlobals)1, (eStage)6> --- Reduced from maximum 768
[  ]    ==== :    32x4    | InteriorExecutor<(eOperationType)0, (eCalculateGlobals)1, (eStage)7> --- Reduced from maximum 1024
[  ]    ==== :    32x4    | InteriorExecutor<(eOperationType)0, (eCalculateGlobals)1, (eStage)8> --- Reduced from maximum 896
[  ]    ==== :    32x4    | InteriorExecutor<(eOperationType)0, (eCalculateGlobals)1, (eStage)9> --- Reduced from maximum 768
[  ]    ==== :    32x4    | InteriorExecutor<(eOperationType)0, (eCalculateGlobals)2, (eStage)0> --- Reduced from maximum 1024
[  ]    ==== :    32x4    | InteriorExecutor<(eOperationType)0, (eCalculateGlobals)2, (eStage)1> --- Reduced from maximum 1024
[  ]    ==== :    32x4    | InteriorExecutor<(eOperationType)0, (eCalculateGlobals)2, (eStage)2> --- Reduced from maximum 1024
[  ]    ==== :    32x4    | InteriorExecutor<(eOperationType)0, (eCalculateGlobals)2, (eStage)3> --- Reduced from maximum 1024
[  ]    ==== :    32x4    | InteriorExecutor<(eOperationType)0, (eCalculateGlobals)2, (eStage)4> --- Reduced from maximum 1024
[  ]    ==== :    32x4    | InteriorExecutor<(eOperationType)0, (eCalculateGlobals)2, (eStage)5> --- Reduced from maximum 1024
[  ]    ==== :    32x4    | InteriorExecutor<(eOperationType)0, (eCalculateGlobals)2, (eStage)6> --- Reduced from maximum 1024
[  ]    ==== :    32x4    | InteriorExecutor<(eOperationType)0, (eCalculateGlobals)2, (eStage)7> --- Reduced from maximum 1024
[  ]    ==== :    32x4    | InteriorExecutor<(eOperationType)0, (eCalculateGlobals)2, (eStage)8> --- Reduced from maximum 1024
[  ]    ==== :    32x4    | InteriorExecutor<(eOperationType)0, (eCalculateGlobals)2, (eStage)9> --- Reduced from maximum 1024
[  ]    ==== :    32x4    | InteriorExecutor<(eOperationType)1, (eCalculateGlobals)0, (eStage)0> --- Reduced from maximum 1024
[  ]    ==== :    32x4    | InteriorExecutor<(eOperationType)1, (eCalculateGlobals)0, (eStage)1> --- Reduced from maximum 1024
[  ]    ==== :    32x4    | InteriorExecutor<(eOperationType)1, (eCalculateGlobals)0, (eStage)2> --- Reduced from maximum 1024
[  ]    ==== :    32x4    | InteriorExecutor<(eOperationType)1, (eCalculateGlobals)0, (eStage)3> --- Reduced from maximum 1024
[  ]    ==== :    32x4    | InteriorExecutor<(eOperationType)1, (eCalculateGlobals)0, (eStage)4> --- Reduced from maximum 1024
[  ]    ==== :    32x4    | InteriorExecutor<(eOperationType)1, (eCalculateGlobals)0, (eStage)5> --- Reduced from maximum 1024
[  ]    ==== :    32x4    | InteriorExecutor<(eOperationType)1, (eCalculateGlobals)0, (eStage)6> --- Reduced from maximum 1024
[  ]    ==== :    32x4    | InteriorExecutor<(eOperationType)1, (eCalculateGlobals)0, (eStage)7> --- Reduced from maximum 1024
[  ]    ==== :    32x4    | InteriorExecutor<(eOperationType)1, (eCalculateGlobals)0, (eStage)8> --- Reduced from maximum 1024
[  ]    ==== :    32x4    | InteriorExecutor<(eOperationType)1, (eCalculateGlobals)0, (eStage)9> --- Reduced from maximum 1024
[  ]    ==== :    32x4    | InteriorExecutor<(eOperationType)1, (eCalculateGlobals)1, (eStage)0> --- Reduced from maximum 1024
[  ]    ==== :    32x4    | InteriorExecutor<(eOperationType)1, (eCalculateGlobals)1, (eStage)1> --- Reduced from maximum 1024
[  ]    ==== :    32x4    | InteriorExecutor<(eOperationType)1, (eCalculateGlobals)1, (eStage)2> --- Reduced from maximum 1024
[  ]    ==== :    32x4    | InteriorExecutor<(eOperationType)1, (eCalculateGlobals)1, (eStage)3> --- Reduced from maximum 1024
[  ]    ==== :    32x4    | InteriorExecutor<(eOperationType)1, (eCalculateGlobals)1, (eStage)4> --- Reduced from maximum 1024
[  ]    ==== :    32x4    | InteriorExecutor<(eOperationType)1, (eCalculateGlobals)1, (eStage)5> --- Reduced from maximum 1024
[  ]    ==== :    32x4    | InteriorExecutor<(eOperationType)1, (eCalculateGlobals)1, (eStage)6> --- Reduced from maximum 1024
[  ]    ==== :    32x4    | InteriorExecutor<(eOperationType)1, (eCalculateGlobals)1, (eStage)7> --- Reduced from maximum 1024
[  ]    ==== :    32x4    | InteriorExecutor<(eOperationType)1, (eCalculateGlobals)1, (eStage)8> --- Reduced from maximum 1024
[  ]    ==== :    32x4    | InteriorExecutor<(eOperationType)1, (eCalculateGlobals)1, (eStage)9> --- Reduced from maximum 1024
[  ]    ==== :    32x4    | InteriorExecutor<(eOperationType)1, (eCalculateGlobals)2, (eStage)0> --- Reduced from maximum 1024
[  ]    ==== :    32x4    | InteriorExecutor<(eOperationType)1, (eCalculateGlobals)2, (eStage)1> --- Reduced from maximum 1024
[  ]    ==== :    32x4    | InteriorExecutor<(eOperationType)1, (eCalculateGlobals)2, (eStage)2> --- Reduced from maximum 1024
[  ]    ==== :    32x4    | InteriorExecutor<(eOperationType)1, (eCalculateGlobals)2, (eStage)3> --- Reduced from maximum 1024
[  ]    ==== :    32x4    | InteriorExecutor<(eOperationType)1, (eCalculateGlobals)2, (eStage)4> --- Reduced from maximum 1024
[  ]    ==== :    32x4    | InteriorExecutor<(eOperationType)1, (eCalculateGlobals)2, (eStage)5> --- Reduced from maximum 1024
[  ]    ==== :    32x4    | InteriorExecutor<(eOperationType)1, (eCalculateGlobals)2, (eStage)6> --- Reduced from maximum 1024
[  ]    ==== :    32x4    | InteriorExecutor<(eOperationType)1, (eCalculateGlobals)2, (eStage)7> --- Reduced from maximum 1024
[  ]    ==== :    32x4    | InteriorExecutor<(eOperationType)1, (eCalculateGlobals)2, (eStage)8> --- Reduced from maximum 1024
[  ]    ==== :    32x4    | InteriorExecutor<(eOperationType)1, (eCalculateGlobals)2, (eStage)9> --- Reduced from maximum 1024
[  ]    ==== :    32x4    | InteriorExecutor<(eOperationType)3, (eCalculateGlobals)0, (eStage)0> --- Reduced from maximum 1024
[  ]    ==== :    32x4    | InteriorExecutor<(eOperationType)3, (eCalculateGlobals)0, (eStage)1> --- Reduced from maximum 1024
[  ]    ==== :    32x4    | InteriorExecutor<(eOperationType)3, (eCalculateGlobals)0, (eStage)2> --- Reduced from maximum 1024
[  ]    ==== :    32x4    | InteriorExecutor<(eOperationType)3, (eCalculateGlobals)0, (eStage)3> --- Reduced from maximum 1024
[  ]    ==== :    32x4    | InteriorExecutor<(eOperationType)3, (eCalculateGlobals)0, (eStage)4> --- Reduced from maximum 1024
[  ]    ==== :    32x4    | InteriorExecutor<(eOperationType)3, (eCalculateGlobals)0, (eStage)5> --- Reduced from maximum 1024
[  ]    ==== :    32x4    | InteriorExecutor<(eOperationType)3, (eCalculateGlobals)0, (eStage)6> --- Reduced from maximum 1024
[  ]    ==== :    32x4    | InteriorExecutor<(eOperationType)3, (eCalculateGlobals)0, (eStage)7> --- Reduced from maximum 1024
[  ]    ==== :    32x4    | InteriorExecutor<(eOperationType)3, (eCalculateGlobals)0, (eStage)8> --- Reduced from maximum 1024
[  ]    ==== :    32x4    | InteriorExecutor<(eOperationType)3, (eCalculateGlobals)0, (eStage)9> --- Reduced from maximum 1024
[  ]    ==== :    32x4    | InteriorExecutor<(eOperationType)3, (eCalculateGlobals)1, (eStage)0> --- Reduced from maximum 1024
[  ]    ==== :    32x4    | InteriorExecutor<(eOperationType)3, (eCalculateGlobals)1, (eStage)1> --- Reduced from maximum 1024
[  ]    ==== :    32x4    | InteriorExecutor<(eOperationType)3, (eCalculateGlobals)1, (eStage)2> --- Reduced from maximum 1024
[  ]    ==== :    32x4    | InteriorExecutor<(eOperationType)3, (eCalculateGlobals)1, (eStage)3> --- Reduced from maximum 1024
[  ]    ==== :    32x4    | InteriorExecutor<(eOperationType)3, (eCalculateGlobals)1, (eStage)4> --- Reduced from maximum 1024
[  ]    ==== :    32x4    | InteriorExecutor<(eOperationType)3, (eCalculateGlobals)1, (eStage)5> --- Reduced from maximum 1024
[  ]    ==== :    32x4    | InteriorExecutor<(eOperationType)3, (eCalculateGlobals)1, (eStage)6> --- Reduced from maximum 1024
[  ]    ==== :    32x4    | InteriorExecutor<(eOperationType)3, (eCalculateGlobals)1, (eStage)7> --- Reduced from maximum 1024
[  ]    ==== :    32x4    | InteriorExecutor<(eOperationType)3, (eCalculateGlobals)1, (eStage)8> --- Reduced from maximum 1024
[  ]    ==== :    32x4    | InteriorExecutor<(eOperationType)3, (eCalculateGlobals)1, (eStage)9> --- Reduced from maximum 1024
[  ]    ==== :    32x4    | InteriorExecutor<(eOperationType)3, (eCalculateGlobals)2, (eStage)0> --- Reduced from maximum 1024
[  ]    ==== :    32x4    | InteriorExecutor<(eOperationType)3, (eCalculateGlobals)2, (eStage)1> --- Reduced from maximum 1024
[  ]    ==== :    32x4    | InteriorExecutor<(eOperationType)3, (eCalculateGlobals)2, (eStage)2> --- Reduced from maximum 1024
[  ]    ==== :    32x4    | InteriorExecutor<(eOperationType)3, (eCalculateGlobals)2, (eStage)3> --- Reduced from maximum 1024
[  ]    ==== :    32x4    | InteriorExecutor<(eOperationType)3, (eCalculateGlobals)2, (eStage)4> --- Reduced from maximum 1024
[  ]    ==== :    32x4    | InteriorExecutor<(eOperationType)3, (eCalculateGlobals)2, (eStage)5> --- Reduced from maximum 1024
[  ]    ==== :    32x4    | InteriorExecutor<(eOperationType)3, (eCalculateGlobals)2, (eStage)6> --- Reduced from maximum 1024
[  ]    ==== :    32x4    | InteriorExecutor<(eOperationType)3, (eCalculateGlobals)2, (eStage)7> --- Reduced from maximum 1024
[  ]    ==== :    32x4    | InteriorExecutor<(eOperationType)3, (eCalculateGlobals)2, (eStage)8> --- Reduced from maximum 1024
[  ]    ==== :    32x4    | InteriorExecutor<(eOperationType)3, (eCalculateGlobals)2, (eStage)9> --- Reduced from maximum 1024
[  ]    ==== :    32x4    | InteriorExecutor<(eOperationType)4, (eCalculateGlobals)0, (eStage)0> --- Reduced from maximum 1024
[  ]    ==== :    32x4    | InteriorExecutor<(eOperationType)4, (eCalculateGlobals)0, (eStage)1> --- Reduced from maximum 1024
[  ]    ==== :    32x4    | InteriorExecutor<(eOperationType)4, (eCalculateGlobals)0, (eStage)2> --- Reduced from maximum 1024
[  ]    ==== :    32x4    | InteriorExecutor<(eOperationType)4, (eCalculateGlobals)0, (eStage)3> --- Reduced from maximum 1024
[  ]    ==== :    32x4    | InteriorExecutor<(eOperationType)4, (eCalculateGlobals)0, (eStage)4> --- Reduced from maximum 1024
[  ]    ==== :    32x4    | InteriorExecutor<(eOperationType)4, (eCalculateGlobals)0, (eStage)5> --- Reduced from maximum 1024
[  ]    ==== :    32x4    | InteriorExecutor<(eOperationType)4, (eCalculateGlobals)0, (eStage)6> --- Reduced from maximum 1024
[  ]    ==== :    32x4    | InteriorExecutor<(eOperationType)4, (eCalculateGlobals)0, (eStage)7> --- Reduced from maximum 1024
[  ]    ==== :    32x4    | InteriorExecutor<(eOperationType)4, (eCalculateGlobals)0, (eStage)8> --- Reduced from maximum 1024
[  ]    ==== :    32x4    | InteriorExecutor<(eOperationType)4, (eCalculateGlobals)0, (eStage)9> --- Reduced from maximum 1024
[  ]    ==== :    32x4    | InteriorExecutor<(eOperationType)4, (eCalculateGlobals)1, (eStage)0> --- Reduced from maximum 1024
[  ]    ==== :    32x4    | InteriorExecutor<(eOperationType)4, (eCalculateGlobals)1, (eStage)1> --- Reduced from maximum 1024
[  ]    ==== :    32x4    | InteriorExecutor<(eOperationType)4, (eCalculateGlobals)1, (eStage)2> --- Reduced from maximum 1024
[  ]    ==== :    32x4    | InteriorExecutor<(eOperationType)4, (eCalculateGlobals)1, (eStage)3> --- Reduced from maximum 1024
[  ]    ==== :    32x4    | InteriorExecutor<(eOperationType)4, (eCalculateGlobals)1, (eStage)4> --- Reduced from maximum 1024
[  ]    ==== :    32x4    | InteriorExecutor<(eOperationType)4, (eCalculateGlobals)1, (eStage)5> --- Reduced from maximum 1024
[  ]    ==== :    32x4    | InteriorExecutor<(eOperationType)4, (eCalculateGlobals)1, (eStage)6> --- Reduced from maximum 1024
[  ]    ==== :    32x4    | InteriorExecutor<(eOperationType)4, (eCalculateGlobals)1, (eStage)7> --- Reduced from maximum 1024
[  ]    ==== :    32x4    | InteriorExecutor<(eOperationType)4, (eCalculateGlobals)1, (eStage)8> --- Reduced from maximum 1024
[  ]    ==== :    32x4    | InteriorExecutor<(eOperationType)4, (eCalculateGlobals)1, (eStage)9> --- Reduced from maximum 1024
[  ]    ==== :    32x4    | InteriorExecutor<(eOperationType)4, (eCalculateGlobals)2, (eStage)0> --- Reduced from maximum 1024
[  ]    ==== :    32x4    | InteriorExecutor<(eOperationType)4, (eCalculateGlobals)2, (eStage)1> --- Reduced from maximum 1024
[  ]    ==== :    32x4    | InteriorExecutor<(eOperationType)4, (eCalculateGlobals)2, (eStage)2> --- Reduced from maximum 1024
[  ]    ==== :    32x4    | InteriorExecutor<(eOperationType)4, (eCalculateGlobals)2, (eStage)3> --- Reduced from maximum 1024
[  ]    ==== :    32x4    | InteriorExecutor<(eOperationType)4, (eCalculateGlobals)2, (eStage)4> --- Reduced from maximum 1024
[  ]    ==== :    32x4    | InteriorExecutor<(eOperationType)4, (eCalculateGlobals)2, (eStage)5> --- Reduced from maximum 1024
[  ]    ==== :    32x4    | InteriorExecutor<(eOperationType)4, (eCalculateGlobals)2, (eStage)6> --- Reduced from maximum 1024
[  ]    ==== :    32x4    | InteriorExecutor<(eOperationType)4, (eCalculateGlobals)2, (eStage)7> --- Reduced from maximum 1024
[  ]    ==== :    32x4    | InteriorExecutor<(eOperationType)4, (eCalculateGlobals)2, (eStage)8> --- Reduced from maximum 1024
[  ]    ==== :    32x4    | InteriorExecutor<(eOperationType)4, (eCalculateGlobals)2, (eStage)9> --- Reduced from maximum 1024
[ 0] warning ! No "Units" element in config file
[  ]    ==== : Mesh size in config file: 128x96x128
[  ]    ---- : Global lattice size: 128x96x128
[  ]    ==== : Max region size: 1572864. Mesh size 1572864. Overhead:  0%
[  ]    ---- : Local lattice size: 128x96x128
[  ]    #### : [0] Cumulative allocation of 1850564608 b (1.9 GB)
[  ]    ---- : Creating geom size:1572864
[  ]    #### : Setting output path to: case
[  ]    #### : Setting output path to: /mnt/8A0E24070E23EAC1/runs/tclb_flat_wall_cap_stage7b_wall011_modes_20260612/cap_theta030_wall011_mode0/output/case
[  ]    ---- : loading geometry ...
[  ]    ---- : overwriting all flags
[  ]    ---- : Setting number of zones to 3
[  ]    ---- : Setting Density_h to 1 (1.000000)
[  ]    ---- : Setting Density_l to 0.001 (0.001000)
[  ]    ---- : Setting Viscosity_h to 0.09 (0.090000)
[  ]    ---- : Setting Viscosity_l to 0.1 (0.100000)
[  ]    ---- : Setting tauUpdate to 3 (3.000000)
[  ]    ---- : Setting sigma to 5e-05 (0.000050)
[  ]    ---- : Setting M to 0.1 (0.100000)
[  ]    ---- : Setting IntWidth to 6 (6.000000)
[  ]    ---- : Setting Radius to 0 (0.000000)
[  ]    ---- : Setting BubbleType to 1 (1.000000)
[  ]    ---- : Setting CapInit to 1 (1.000000)
[  ]    ---- : Setting CapInitRadius to 102.4368595766759 (102.436860)
[  ]    ---- : Setting CapInitTheta to 0.5235987755982988 (0.523599)
[  ]    ---- : Setting CapInitCenterX to 64 (64.000000)
[  ]    ---- : Setting CapInitCenterY to -88.71292267730063 (-88.712923)
[  ]    ---- : Setting CapInitCenterZ to 64 (64.000000)
[  ]    ---- : Setting VelocityX in zone  (-1) to 0.0 (0.000000)
[  ]    ---- : Setting VelocityY in zone  (-1) to 0.0 (0.000000)
[  ]    ---- : Setting VelocityZ in zone  (-1) to 0.0 (0.000000)
[  ]    ---- : Setting GravitationX to 0.0 (0.000000)
[  ]    ---- : Setting GravitationY to 0.0 (0.000000)
[  ]    ---- : Setting GravitationZ to 0.0 (0.000000)
[  ]    ---- : Setting BuoyancyX to 0.0 (0.000000)
[  ]    ---- : Setting BuoyancyY to 0.0 (0.000000)
[  ]    ---- : Setting BuoyancyZ to 0.0 (0.000000)
[  ]    ---- : Setting radAngle in zone  (-1) to 90d (1.570796)
[ 0] WARNING ! Zone-specific settings in zone 0 were overwritten from 1.570796 to 1.570796
[  ]    ---- : Setting radAngle in zone OuterDomain (1) to 90d (1.570796)
[  ]    ---- : Setting radAngle in zone FlatLowerY (2) to 11d (0.191986)
[  ]    ---- : Setting minGradient to 1e-08 (0.000000)
[  ]    ---- : Initializing Lattice ...
[  ]    103.3 MLBUps    119.18 GB/s [====================]  0s
[  ]    ---- : Callback VTK with no Iterations attribute
[  ]    ---- :        0 it writing vtk
[  ]    ---- : Setting callback Log at 1000.000000 iterations
[  ]    ---- : Adding Log to the solver hands
[  ]    ---- : Setting callback Failcheck at 1000.000000 iterations
[  ]    ---- : Adding Failcheck to the solver hands
[  ]    ---- : Setting action Solve at 50000.000000 iterations
[  ]    ---- : Setting callback VTK at 10000.000000 iterations
[  ]    ---- : Adding VTK to the solver hands
[  ]    ---- : Setting callback Log at 1000.000000 iterations
[  ]    ---- : Adding Log to the solver hands
[  ]    ---- : Setting callback Failcheck at 1000.000000 iterations
[  ]    ---- : Adding Failcheck to the solver hands
[  ]     15.3 MLBUps     17.66 GB/s [=                   ]  6s
[  ]    229.0 MLBUps    264.32 GB/s [=                   ]  6s
[  ]    229.2 MLBUps    264.46 GB/s [====                ]  7s
[  ]    229.2 MLBUps    264.54 GB/s [=======             ]  8s
[  ]    229.4 MLBUps    264.78 GB/s [==========          ]  9s
[  ]    229.6 MLBUps    264.93 GB/s [=============       ] 10s
[  ]    229.6 MLBUps    264.96 GB/s [================    ] 11s
[  ]    229.4 MLBUps    264.75 GB/s [=================== ] 12s
[  ]    ---- :    217.9 MLBUps    251.50 GB/s [====================]
[  ]    227.6 MLBUps    262.66 GB/s [=                   ]  0s
[  ]    229.5 MLBUps    264.86 GB/s [====                ]  1s
[  ]    229.4 MLBUps    264.77 GB/s [=======             ]  2s
[  ]    229.5 MLBUps    264.86 GB/s [==========          ]  3s
[  ]    229.6 MLBUps    264.92 GB/s [=============       ]  4s
[  ]    229.5 MLBUps    264.86 GB/s [================    ]  5s
[  ]    229.5 MLBUps    264.86 GB/s [=================== ]  6s
[  ]    ---- :    218.5 MLBUps    252.14 GB/s [====================]
[  ]    229.2 MLBUps    264.51 GB/s [==                  ]  1s
[  ]    229.5 MLBUps    264.84 GB/s [=====               ]  2s
[  ]    229.5 MLBUps    264.84 GB/s [========            ]  3s
[  ]    229.6 MLBUps    264.96 GB/s [===========         ]  4s
[  ]    229.5 MLBUps    264.86 GB/s [==============      ]  5s
[  ]    229.5 MLBUps    264.79 GB/s [=================   ]  6s
[  ]    ---- :    224.9 MLBUps    259.54 GB/s [====================]
[  ]    229.4 MLBUps    264.67 GB/s [==                  ]  1s
[  ]    229.5 MLBUps    264.79 GB/s [=====               ]  2s
[  ]    229.5 MLBUps    264.79 GB/s [========            ]  3s
[  ]    229.5 MLBUps    264.89 GB/s [===========         ]  4s
[  ]    229.6 MLBUps    264.90 GB/s [==============      ]  5s
[  ]    229.6 MLBUps    265.00 GB/s [=================   ]  6s
[  ]    ---- :    225.0 MLBUps    259.62 GB/s [====================]
[  ]    229.4 MLBUps    264.74 GB/s [==                  ]  1s
[  ]    229.5 MLBUps    264.81 GB/s [=====               ]  2s
[  ]    229.6 MLBUps    264.98 GB/s [========            ]  3s
[  ]    229.4 MLBUps    264.75 GB/s [===========         ]  4s
[  ]    229.5 MLBUps    264.90 GB/s [==============      ]  5s
[  ]    229.5 MLBUps    264.81 GB/s [=================   ]  6s
[  ]    ---- :    225.0 MLBUps    259.61 GB/s [====================]
[  ]    229.5 MLBUps    264.82 GB/s [==                  ]  1s
[  ]    229.5 MLBUps    264.81 GB/s [=====               ]  2s
[  ]    229.6 MLBUps    264.93 GB/s [========            ]  3s
[  ]    229.6 MLBUps    264.91 GB/s [===========         ]  4s
[  ]    229.5 MLBUps    264.82 GB/s [==============      ]  5s
[  ]    229.5 MLBUps    264.87 GB/s [=================   ]  6s
[  ]    ---- :    224.8 MLBUps    259.47 GB/s [====================]
[  ]    229.3 MLBUps    264.63 GB/s [==                  ]  1s
[  ]    229.4 MLBUps    264.70 GB/s [=====               ]  2s
[  ]    229.5 MLBUps    264.80 GB/s [========            ]  3s
[  ]    229.5 MLBUps    264.85 GB/s [===========         ]  4s
[  ]    229.5 MLBUps    264.88 GB/s [==============      ]  5s
[  ]    229.7 MLBUps    265.04 GB/s [=================   ]  6s
[  ]    ---- :    225.1 MLBUps    259.75 GB/s [====================]
[  ]    229.5 MLBUps    264.83 GB/s [==                  ]  1s
[  ]    229.5 MLBUps    264.87 GB/s [=====               ]  2s
[  ]    229.4 MLBUps    264.76 GB/s [========            ]  3s
[  ]    229.5 MLBUps    264.79 GB/s [===========         ]  4s
[  ]    229.5 MLBUps    264.87 GB/s [==============      ]  5s
[  ]    229.6 MLBUps    264.92 GB/s [=================   ]  6s
[  ]    ---- :    224.9 MLBUps    259.56 GB/s [====================]
[  ]    229.4 MLBUps    264.78 GB/s [==                  ]  1s
[  ]    229.4 MLBUps    264.76 GB/s [=====               ]  2s
[  ]    229.5 MLBUps    264.84 GB/s [========            ]  3s
[  ]    229.5 MLBUps    264.79 GB/s [===========         ]  4s
[  ]    229.5 MLBUps    264.81 GB/s [==============      ]  5s
[  ]    229.4 MLBUps    264.68 GB/s [=================   ]  6s
[  ]    ---- :    225.0 MLBUps    259.65 GB/s [====================]
[  ]    229.4 MLBUps    264.72 GB/s [==                  ]  1s
[  ]    229.6 MLBUps    264.90 GB/s [=====               ]  2s
[  ]    229.6 MLBUps    264.96 GB/s [========            ]  3s
[  ]    229.7 MLBUps    265.06 GB/s [===========         ]  4s
[  ]    229.5 MLBUps    264.86 GB/s [==============      ]  5s
[  ]    229.5 MLBUps    264.86 GB/s [=================   ]  6s
[  ]    ---- :    225.0 MLBUps    259.67 GB/s [====================]
[  ]    ---- :    10000 it writing vtk
[  ]     35.0 MLBUps     40.35 GB/s [==                  ]  6s
[  ]    229.6 MLBUps    265.00 GB/s [===                 ]  6s
[  ]    229.7 MLBUps    265.02 GB/s [======              ]  7s
[  ]    229.6 MLBUps    264.97 GB/s [=========           ]  8s
[  ]    229.5 MLBUps    264.89 GB/s [============        ]  9s
[  ]    229.5 MLBUps    264.86 GB/s [===============     ] 10s
[  ]    229.5 MLBUps    264.89 GB/s [=================   ] 11s
[  ]    ---- :    224.0 MLBUps    258.51 GB/s [====================]
[  ]    229.4 MLBUps    264.68 GB/s [=                   ]  0s
[  ]    229.5 MLBUps    264.87 GB/s [====                ]  1s
[  ]    229.6 MLBUps    264.93 GB/s [=======             ]  2s
[  ]    229.4 MLBUps    264.74 GB/s [==========          ]  3s
[  ]    229.5 MLBUps    264.86 GB/s [=============       ]  4s
[  ]    229.6 MLBUps    264.92 GB/s [================    ]  5s
[  ]    229.4 MLBUps    264.72 GB/s [=================== ]  6s
[  ]    ---- :    217.0 MLBUps    250.46 GB/s [====================]
[  ]    229.4 MLBUps    264.72 GB/s [==                  ]  1s
[  ]    229.5 MLBUps    264.86 GB/s [=====               ]  2s
[  ]    229.5 MLBUps    264.86 GB/s [========            ]  3s
[  ]    229.6 MLBUps    264.93 GB/s [===========         ]  4s
[  ]    229.5 MLBUps    264.85 GB/s [==============      ]  5s
[  ]    229.5 MLBUps    264.80 GB/s [=================   ]  6s
[  ]    ---- :    225.0 MLBUps    259.63 GB/s [====================]
[  ]    229.5 MLBUps    264.83 GB/s [==                  ]  1s
[  ]    229.5 MLBUps    264.84 GB/s [=====               ]  2s
[  ]    229.3 MLBUps    264.64 GB/s [========            ]  3s
[  ]    229.4 MLBUps    264.69 GB/s [===========         ]  4s
[  ]    229.5 MLBUps    264.87 GB/s [==============      ]  5s
[  ]    229.6 MLBUps    264.91 GB/s [=================   ]  6s
[  ]    ---- :    224.9 MLBUps    259.51 GB/s [====================]
[  ]    229.5 MLBUps    264.82 GB/s [==                  ]  1s
[  ]    229.6 MLBUps    264.93 GB/s [=====               ]  2s
[  ]    229.4 MLBUps    264.69 GB/s [========            ]  3s
[  ]    229.5 MLBUps    264.87 GB/s [===========         ]  4s
[  ]    229.5 MLBUps    264.80 GB/s [==============      ]  5s
[  ]    229.4 MLBUps    264.74 GB/s [=================   ]  6s
[  ]    ---- :    224.9 MLBUps    259.55 GB/s [====================]
[  ]    229.4 MLBUps    264.75 GB/s [==                  ]  1s
[  ]    229.6 MLBUps    264.97 GB/s [=====               ]  2s
[  ]    229.5 MLBUps    264.87 GB/s [========            ]  3s
[  ]    229.6 MLBUps    264.91 GB/s [===========         ]  4s
[  ]    229.5 MLBUps    264.81 GB/s [==============      ]  5s
[  ]    229.5 MLBUps    264.87 GB/s [=================   ]  6s
[  ]    ---- :    224.9 MLBUps    259.53 GB/s [====================]
[  ]    229.5 MLBUps    264.89 GB/s [==                  ]  1s
[  ]    229.5 MLBUps    264.85 GB/s [=====               ]  2s
[  ]    229.5 MLBUps    264.88 GB/s [========            ]  3s
[  ]    229.4 MLBUps    264.77 GB/s [===========         ]  4s
[  ]    229.5 MLBUps    264.86 GB/s [==============      ]  5s
[  ]    229.5 MLBUps    264.83 GB/s [=================   ]  6s
[  ]    ---- :    225.1 MLBUps    259.72 GB/s [====================]
[  ]    229.5 MLBUps    264.86 GB/s [==                  ]  1s
[  ]    229.6 MLBUps    264.92 GB/s [=====               ]  2s
[  ]    229.6 MLBUps    264.94 GB/s [========            ]  3s
[  ]    229.5 MLBUps    264.88 GB/s [===========         ]  4s
[  ]    229.5 MLBUps    264.83 GB/s [==============      ]  5s
[  ]    229.6 MLBUps    264.94 GB/s [=================   ]  6s
[  ]    ---- :    225.0 MLBUps    259.60 GB/s [====================]
[  ]    229.5 MLBUps    264.80 GB/s [==                  ]  1s
[  ]    229.6 MLBUps    264.95 GB/s [=====               ]  2s
[  ]    229.5 MLBUps    264.87 GB/s [========            ]  3s
[  ]    229.6 MLBUps    264.94 GB/s [===========         ]  4s
[  ]    229.5 MLBUps    264.86 GB/s [==============      ]  5s
[  ]    229.5 MLBUps    264.83 GB/s [=================   ]  6s
[  ]    ---- :    225.1 MLBUps    259.72 GB/s [====================]
[  ]    229.3 MLBUps    264.62 GB/s [==                  ]  1s
[  ]    229.5 MLBUps    264.81 GB/s [=====               ]  2s
[  ]    229.5 MLBUps    264.89 GB/s [========            ]  3s
[  ]    229.6 MLBUps    264.92 GB/s [===========         ]  4s
[  ]    229.5 MLBUps    264.87 GB/s [==============      ]  5s
[  ]    229.4 MLBUps    264.75 GB/s [=================   ]  6s
[  ]    ---- :    225.0 MLBUps    259.61 GB/s [====================]
[  ]    ---- :    20000 it writing vtk
[  ]     35.3 MLBUps     40.75 GB/s [==                  ]  6s
[  ]    229.5 MLBUps    264.82 GB/s [===                 ]  6s
[  ]    229.5 MLBUps    264.83 GB/s [======              ]  7s
[  ]    229.6 MLBUps    264.98 GB/s [=========           ]  8s
[  ]    229.5 MLBUps    264.90 GB/s [============        ]  9s
[  ]    229.6 MLBUps    264.95 GB/s [===============     ] 10s
[  ]    229.6 MLBUps    264.94 GB/s [=================   ] 11s
[  ]    ---- :    224.0 MLBUps    258.44 GB/s [====================]
[  ]    229.3 MLBUps    264.64 GB/s [=                   ]  0s
[  ]    229.6 MLBUps    264.91 GB/s [====                ]  1s
[  ]    229.4 MLBUps    264.78 GB/s [=======             ]  2s
[  ]    229.5 MLBUps    264.82 GB/s [==========          ]  3s
[  ]    229.5 MLBUps    264.82 GB/s [=============       ]  4s
[  ]    229.7 MLBUps    265.03 GB/s [================    ]  5s
[  ]    229.5 MLBUps    264.86 GB/s [=================== ]  6s
[  ]    ---- :    217.0 MLBUps    250.42 GB/s [====================]
[  ]    229.5 MLBUps    264.88 GB/s [==                  ]  1s
[  ]    229.4 MLBUps    264.76 GB/s [=====               ]  2s
[  ]    229.6 MLBUps    264.92 GB/s [========            ]  3s
[  ]    229.5 MLBUps    264.84 GB/s [===========         ]  4s
[  ]    229.6 MLBUps    264.94 GB/s [==============      ]  5s
[  ]    229.6 MLBUps    264.90 GB/s [=================   ]  6s
[  ]    ---- :    224.9 MLBUps    259.56 GB/s [====================]
[  ]    229.5 MLBUps    264.85 GB/s [==                  ]  1s
[  ]    229.5 MLBUps    264.81 GB/s [=====               ]  2s
[  ]    229.6 MLBUps    264.98 GB/s [========            ]  3s
[  ]    229.6 MLBUps    264.95 GB/s [===========         ]  4s
[  ]    229.6 MLBUps    264.94 GB/s [==============      ]  5s
[  ]    229.5 MLBUps    264.82 GB/s [=================   ]  6s
[  ]    ---- :    225.0 MLBUps    259.61 GB/s [====================]
[  ]    229.4 MLBUps    264.68 GB/s [==                  ]  1s
[  ]    229.6 MLBUps    265.01 GB/s [=====               ]  2s
[  ]    229.5 MLBUps    264.89 GB/s [========            ]  3s
[  ]    229.5 MLBUps    264.84 GB/s [===========         ]  4s
[  ]    229.5 MLBUps    264.86 GB/s [==============      ]  5s
[  ]    229.6 MLBUps    264.90 GB/s [=================   ]  6s
[  ]    ---- :    225.0 MLBUps    259.63 GB/s [====================]
[  ]    229.5 MLBUps    264.81 GB/s [==                  ]  1s
[  ]    229.6 MLBUps    264.95 GB/s [=====               ]  2s
[  ]    229.6 MLBUps    264.99 GB/s [========            ]  3s
[  ]    229.5 MLBUps    264.87 GB/s [===========         ]  4s
[  ]    229.5 MLBUps    264.86 GB/s [==============      ]  5s
[  ]    229.5 MLBUps    264.89 GB/s [=================   ]  6s
[  ]    ---- :    225.0 MLBUps    259.64 GB/s [====================]
[  ]    229.4 MLBUps    264.78 GB/s [==                  ]  1s
[  ]    229.5 MLBUps    264.83 GB/s [=====               ]  2s
[  ]    229.5 MLBUps    264.83 GB/s [========            ]  3s
[  ]    229.6 MLBUps    264.92 GB/s [===========         ]  4s
[  ]    229.6 MLBUps    264.90 GB/s [==============      ]  5s
[  ]    229.5 MLBUps    264.88 GB/s [=================   ]  6s
[  ]    ---- :    225.0 MLBUps    259.68 GB/s [====================]
[  ]    229.2 MLBUps    264.55 GB/s [==                  ]  1s
[  ]    229.4 MLBUps    264.77 GB/s [=====               ]  2s
[  ]    229.5 MLBUps    264.85 GB/s [========            ]  3s
[  ]    229.5 MLBUps    264.81 GB/s [===========         ]  4s
[  ]    229.4 MLBUps    264.78 GB/s [==============      ]  5s
[  ]    229.4 MLBUps    264.76 GB/s [=================   ]  6s
[  ]    ---- :    225.0 MLBUps    259.67 GB/s [====================]
[  ]    229.4 MLBUps    264.72 GB/s [==                  ]  1s
[  ]    229.6 MLBUps    264.94 GB/s [=====               ]  2s
[  ]    229.5 MLBUps    264.87 GB/s [========            ]  3s
[  ]    229.5 MLBUps    264.82 GB/s [===========         ]  4s
[  ]    229.5 MLBUps    264.90 GB/s [==============      ]  5s
[  ]    229.5 MLBUps    264.83 GB/s [=================   ]  6s
[  ]    ---- :    224.9 MLBUps    259.51 GB/s [====================]
[  ]    229.5 MLBUps    264.80 GB/s [==                  ]  1s
[  ]    229.5 MLBUps    264.83 GB/s [=====               ]  2s
[  ]    229.5 MLBUps    264.85 GB/s [========            ]  3s
[  ]    229.4 MLBUps    264.69 GB/s [===========         ]  4s
[  ]    229.4 MLBUps    264.78 GB/s [==============      ]  5s
[  ]    229.6 MLBUps    264.98 GB/s [=================   ]  6s
[  ]    ---- :    225.0 MLBUps    259.63 GB/s [====================]
[  ]    ---- :    30000 it writing vtk
[  ]     35.5 MLBUps     40.94 GB/s [==                  ]  6s
[  ]    229.4 MLBUps    264.69 GB/s [===                 ]  6s
[  ]    229.6 MLBUps    264.98 GB/s [======              ]  7s
[  ]    229.5 MLBUps    264.81 GB/s [=========           ]  8s
[  ]    229.6 MLBUps    264.95 GB/s [============        ]  9s
[  ]    229.6 MLBUps    264.92 GB/s [===============     ] 10s
[  ]    229.5 MLBUps    264.82 GB/s [=================   ] 11s
[  ]    ---- :    224.0 MLBUps    258.45 GB/s [====================]
[  ]    229.2 MLBUps    264.53 GB/s [=                   ]  0s
[  ]    229.5 MLBUps    264.87 GB/s [====                ]  1s
[  ]    229.6 MLBUps    264.99 GB/s [=======             ]  2s
[  ]    229.6 MLBUps    264.91 GB/s [==========          ]  3s
[  ]    229.6 MLBUps    264.95 GB/s [=============       ]  4s
[  ]    229.3 MLBUps    264.62 GB/s [================    ]  5s
[  ]    229.5 MLBUps    264.80 GB/s [=================== ]  6s
[  ]    ---- :    216.5 MLBUps    249.88 GB/s [====================]
[  ]    229.4 MLBUps    264.68 GB/s [==                  ]  1s
[  ]    229.7 MLBUps    265.03 GB/s [=====               ]  2s
[  ]    229.6 MLBUps    265.01 GB/s [========            ]  3s
[  ]    229.5 MLBUps    264.88 GB/s [===========         ]  4s
[  ]    229.4 MLBUps    264.74 GB/s [==============      ]  5s
[  ]    229.5 MLBUps    264.81 GB/s [=================   ]  6s
[  ]    ---- :    225.0 MLBUps    259.61 GB/s [====================]
[  ]    229.4 MLBUps    264.69 GB/s [==                  ]  1s
[  ]    229.6 MLBUps    264.99 GB/s [=====               ]  2s
[  ]    229.4 MLBUps    264.75 GB/s [========            ]  3s
[  ]    229.5 MLBUps    264.90 GB/s [===========         ]  4s
[  ]    229.6 MLBUps    264.91 GB/s [==============      ]  5s
[  ]    229.5 MLBUps    264.86 GB/s [=================   ]  6s
[  ]    ---- :    225.0 MLBUps    259.60 GB/s [====================]
[  ]    229.5 MLBUps    264.79 GB/s [==                  ]  1s
[  ]    229.5 MLBUps    264.83 GB/s [=====               ]  2s
[  ]    229.6 MLBUps    264.96 GB/s [========            ]  3s
[  ]    229.6 MLBUps    265.00 GB/s [===========         ]  4s
[  ]    229.5 MLBUps    264.89 GB/s [==============      ]  5s
[  ]    229.4 MLBUps    264.78 GB/s [=================   ]  6s
[  ]    ---- :    225.0 MLBUps    259.69 GB/s [====================]
[  ]    229.4 MLBUps    264.74 GB/s [==                  ]  1s
[  ]    229.5 MLBUps    264.86 GB/s [=====               ]  2s
[  ]    229.6 MLBUps    264.94 GB/s [========            ]  3s
[  ]    229.5 MLBUps    264.85 GB/s [===========         ]  4s
[  ]    229.5 MLBUps    264.80 GB/s [==============      ]  5s
[  ]    229.5 MLBUps    264.89 GB/s [=================   ]  6s
[  ]    ---- :    225.0 MLBUps    259.59 GB/s [====================]
[  ]    229.5 MLBUps    264.85 GB/s [==                  ]  1s
[  ]    229.5 MLBUps    264.86 GB/s [=====               ]  2s
[  ]    229.5 MLBUps    264.88 GB/s [========            ]  3s
[  ]    229.5 MLBUps    264.87 GB/s [===========         ]  4s
[  ]    229.6 MLBUps    265.01 GB/s [==============      ]  5s
[  ]    229.5 MLBUps    264.82 GB/s [=================   ]  6s
[  ]    ---- :    224.9 MLBUps    259.59 GB/s [====================]
[  ]    229.5 MLBUps    264.81 GB/s [==                  ]  1s
[  ]    229.6 MLBUps    264.91 GB/s [=====               ]  2s
[  ]    229.5 MLBUps    264.88 GB/s [========            ]  3s
[  ]    229.6 MLBUps    264.95 GB/s [===========         ]  4s
[  ]    229.5 MLBUps    264.88 GB/s [==============      ]  5s
[  ]    229.6 MLBUps    264.96 GB/s [=================   ]  6s
[  ]    ---- :    225.0 MLBUps    259.62 GB/s [====================]
[  ]    229.4 MLBUps    264.76 GB/s [==                  ]  1s
[  ]    229.6 MLBUps    264.95 GB/s [=====               ]  2s
[  ]    229.4 MLBUps    264.73 GB/s [========            ]  3s
[  ]    229.6 MLBUps    264.94 GB/s [===========         ]  4s
[  ]    229.5 MLBUps    264.84 GB/s [==============      ]  5s
[  ]    229.5 MLBUps    264.84 GB/s [=================   ]  6s
[  ]    ---- :    224.9 MLBUps    259.56 GB/s [====================]
[  ]    229.4 MLBUps    264.76 GB/s [==                  ]  1s
[  ]    229.5 MLBUps    264.88 GB/s [=====               ]  2s
[  ]    229.7 MLBUps    265.07 GB/s [========            ]  3s
[  ]    229.5 MLBUps    264.83 GB/s [===========         ]  4s
[  ]    229.6 MLBUps    265.00 GB/s [==============      ]  5s
[  ]    229.6 MLBUps    264.91 GB/s [=================   ]  6s
[  ]    ---- :    225.1 MLBUps    259.74 GB/s [====================]
[  ]    ---- :    40000 it writing vtk
[  ]     34.0 MLBUps     39.24 GB/s [==                  ]  6s
[  ]    229.6 MLBUps    265.00 GB/s [===                 ]  6s
[  ]    229.5 MLBUps    264.89 GB/s [======              ]  7s
[  ]    229.6 MLBUps    264.92 GB/s [=========           ]  8s
[  ]    229.5 MLBUps    264.83 GB/s [============        ]  9s
[  ]    229.5 MLBUps    264.88 GB/s [===============     ] 10s
[  ]    229.5 MLBUps    264.83 GB/s [=================   ] 11s
[  ]    ---- :    224.1 MLBUps    258.59 GB/s [====================]
[  ]    229.5 MLBUps    264.83 GB/s [=                   ]  0s
[  ]    229.6 MLBUps    264.92 GB/s [====                ]  1s
[  ]    229.6 MLBUps    264.97 GB/s [=======             ]  2s
[  ]    229.5 MLBUps    264.83 GB/s [==========          ]  3s
[  ]    229.4 MLBUps    264.77 GB/s [=============       ]  4s
[  ]    229.5 MLBUps    264.89 GB/s [================    ]  5s
[  ]    229.4 MLBUps    264.76 GB/s [=================== ]  6s
[  ]    ---- :    217.2 MLBUps    250.67 GB/s [====================]
[  ]    229.4 MLBUps    264.68 GB/s [==                  ]  1s
[  ]    229.6 MLBUps    264.90 GB/s [=====               ]  2s
[  ]    229.4 MLBUps    264.76 GB/s [========            ]  3s
[  ]    229.7 MLBUps    265.11 GB/s [===========         ]  4s
[  ]    229.5 MLBUps    264.84 GB/s [==============      ]  5s
[  ]    229.5 MLBUps    264.85 GB/s [=================   ]  6s
[  ]    ---- :    224.9 MLBUps    259.52 GB/s [====================]
[  ]    229.5 MLBUps    264.79 GB/s [==                  ]  1s
[  ]    229.5 MLBUps    264.87 GB/s [=====               ]  2s
[  ]    229.4 MLBUps    264.77 GB/s [========            ]  3s
[  ]    227.0 MLBUps    261.93 GB/s [===========         ]  4s
[  ]    226.6 MLBUps    261.45 GB/s [==============      ]  5s
[  ]    226.6 MLBUps    261.48 GB/s [=================   ]  6s
[  ]    ---- :    222.4 MLBUps    256.59 GB/s [====================]
[  ]    226.6 MLBUps    261.53 GB/s [==                  ]  0s
[  ]    226.5 MLBUps    261.42 GB/s [=====               ]  1s
[  ]    226.6 MLBUps    261.47 GB/s [========            ]  2s
[  ]    226.5 MLBUps    261.33 GB/s [===========         ]  3s
[  ]    226.7 MLBUps    261.64 GB/s [==============      ]  4s
[  ]    226.5 MLBUps    261.43 GB/s [=================   ]  5s
[  ]    ---- :    222.7 MLBUps    257.01 GB/s [====================]
[  ]    226.4 MLBUps    261.23 GB/s [==                  ]  1s
[  ]    226.8 MLBUps    261.68 GB/s [=====               ]  1s
[  ]    226.8 MLBUps    261.71 GB/s [========            ]  2s
[  ]    226.5 MLBUps    261.40 GB/s [===========         ]  3s
[  ]    226.6 MLBUps    261.49 GB/s [==============      ]  4s
[  ]    226.4 MLBUps    261.23 GB/s [=================   ]  5s
[  ]    ---- :    222.3 MLBUps    256.58 GB/s [====================]
[  ]    226.2 MLBUps    261.02 GB/s [==                  ]  1s
[  ]    226.6 MLBUps    261.47 GB/s [=====               ]  2s
[  ]    226.4 MLBUps    261.26 GB/s [========            ]  3s
[  ]    226.6 MLBUps    261.48 GB/s [===========         ]  4s
[  ]    226.4 MLBUps    261.21 GB/s [==============      ]  5s
[  ]    223.2 MLBUps    257.62 GB/s [=================   ]  6s
[  ]    ---- :    219.3 MLBUps    253.03 GB/s [====================]
[  ]    223.6 MLBUps    258.05 GB/s [==                  ]  1s
[  ]    223.1 MLBUps    257.49 GB/s [=====               ]  2s
[  ]    223.4 MLBUps    257.77 GB/s [========            ]  3s
[  ]    223.5 MLBUps    257.90 GB/s [===========         ]  4s
[  ]    223.6 MLBUps    258.09 GB/s [==============      ]  5s
[  ]    223.9 MLBUps    258.39 GB/s [=================   ]  6s
[  ]    223.9 MLBUps    258.36 GB/s [=================== ]  7s
[  ]    ---- :    138.3 MLBUps    159.61 GB/s [====================]
[  ]    222.9 MLBUps    257.20 GB/s [==                  ]  1s
[  ]    223.2 MLBUps    257.63 GB/s [=====               ]  2s
[  ]    223.3 MLBUps    257.74 GB/s [========            ]  3s
[  ]    223.1 MLBUps    257.44 GB/s [===========         ]  4s
[  ]    222.9 MLBUps    257.27 GB/s [==============      ]  5s
[  ]    223.8 MLBUps    258.28 GB/s [=================   ]  6s
[  ]    223.0 MLBUps    257.40 GB/s [=================== ]  7s
[  ]    ---- :    158.8 MLBUps    183.24 GB/s [====================]
[  ]    223.1 MLBUps    257.50 GB/s [==                  ]  1s
[  ]    223.3 MLBUps    257.68 GB/s [=====               ]  2s
[  ]    223.7 MLBUps    258.11 GB/s [========            ]  2s
[  ]    223.3 MLBUps    257.70 GB/s [===========         ]  3s
[  ]    223.6 MLBUps    258.00 GB/s [==============      ]  4s
[  ]    223.3 MLBUps    257.67 GB/s [=================   ]  5s
[  ]    223.3 MLBUps    257.71 GB/s [=================== ]  6s
[  ]    ---- :    157.7 MLBUps    181.93 GB/s [====================]
[  ]    ---- :    50000 it writing vtk
[  ]    ---- : Total duration: 394.518963 s = 6.575316 min = 0.109589 h
