MPMD: TCLB: local:0/1 work:0/1 ---  connected to:
[  ]    ---- : Using std::chrono::steady_clock::now() for walltime
[  ]    #### : -------------------------------------------------------------------------
[  ]    #### : -  CLB version:                                                         -
[  ]    #### : -        Model: d3q27_pf_velocity_q27_geometric                               -
[  ]    #### : -------------------------------------------------------------------------
[  ]    #### : Setting output path to: case
[ 0]    ---- : Selecting device 0/1
[  ]    ---- :   Threads  |      Action
[  ]    ==== :    32x4    | BorderExecutor<(eOperationType)0, (eCalculateGlobals)0, (eStage)0> --- Reduced from maximum 512
[  ]    ==== :    32x4    | BorderExecutor<(eOperationType)0, (eCalculateGlobals)0, (eStage)1> --- Reduced from maximum 384
[  ]    ==== :    32x4    | BorderExecutor<(eOperationType)0, (eCalculateGlobals)0, (eStage)2> --- Reduced from maximum 384
[  ]    ==== :    32x4    | BorderExecutor<(eOperationType)0, (eCalculateGlobals)0, (eStage)3> --- Reduced from maximum 256
[  ]    ==== :    32x4    | BorderExecutor<(eOperationType)0, (eCalculateGlobals)0, (eStage)4> --- Reduced from maximum 1024
[  ]    ==== :    32x4    | BorderExecutor<(eOperationType)0, (eCalculateGlobals)0, (eStage)5> --- Reduced from maximum 512
[  ]    ==== :    32x4    | BorderExecutor<(eOperationType)0, (eCalculateGlobals)0, (eStage)6> --- Reduced from maximum 256
[  ]    ==== :    32x4    | BorderExecutor<(eOperationType)0, (eCalculateGlobals)0, (eStage)7> --- Reduced from maximum 640
[  ]    ==== :    32x4    | BorderExecutor<(eOperationType)0, (eCalculateGlobals)0, (eStage)8> --- Reduced from maximum 640
[  ]    ==== :    32x4    | BorderExecutor<(eOperationType)0, (eCalculateGlobals)0, (eStage)9> --- Reduced from maximum 256
[  ]    ==== :    32x4    | BorderExecutor<(eOperationType)0, (eCalculateGlobals)1, (eStage)0> --- Reduced from maximum 640
[  ]    ==== :    32x4    | BorderExecutor<(eOperationType)0, (eCalculateGlobals)1, (eStage)1> --- Reduced from maximum 384
[  ]    ==== :    32x4    | BorderExecutor<(eOperationType)0, (eCalculateGlobals)1, (eStage)2> --- Reduced from maximum 256
[  ]    ==== :    32x4    | BorderExecutor<(eOperationType)0, (eCalculateGlobals)1, (eStage)3> --- Reduced from maximum 256
[  ]    ==== :    32x4    | BorderExecutor<(eOperationType)0, (eCalculateGlobals)1, (eStage)4> --- Reduced from maximum 1024
[  ]    ==== :    32x4    | BorderExecutor<(eOperationType)0, (eCalculateGlobals)1, (eStage)5> --- Reduced from maximum 384
[  ]    ==== :    32x4    | BorderExecutor<(eOperationType)0, (eCalculateGlobals)1, (eStage)6> --- Reduced from maximum 256
[  ]    ==== :    32x4    | BorderExecutor<(eOperationType)0, (eCalculateGlobals)1, (eStage)7> --- Reduced from maximum 256
[  ]    ==== :    32x4    | BorderExecutor<(eOperationType)0, (eCalculateGlobals)1, (eStage)8> --- Reduced from maximum 512
[  ]    ==== :    32x4    | BorderExecutor<(eOperationType)0, (eCalculateGlobals)1, (eStage)9> --- Reduced from maximum 384
[  ]    ==== :    32x4    | BorderExecutor<(eOperationType)0, (eCalculateGlobals)2, (eStage)0> --- Reduced from maximum 1024
[  ]    ==== :    32x4    | BorderExecutor<(eOperationType)0, (eCalculateGlobals)2, (eStage)1> --- Reduced from maximum 1024
[  ]    ==== :    32x4    | BorderExecutor<(eOperationType)0, (eCalculateGlobals)2, (eStage)2> --- Reduced from maximum 1024
[  ]    ==== :    32x4    | BorderExecutor<(eOperationType)0, (eCalculateGlobals)2, (eStage)3> --- Reduced from maximum 1024
[  ]    ==== :    32x4    | BorderExecutor<(eOperationType)0, (eCalculateGlobals)2, (eStage)4> --- Reduced from maximum 1024
[  ]    ==== :    32x4    | BorderExecutor<(eOperationType)0, (eCalculateGlobals)2, (eStage)5> --- Reduced from maximum 1024
[  ]    ==== :    32x4    | BorderExecutor<(eOperationType)0, (eCalculateGlobals)2, (eStage)6> --- Reduced from maximum 1024
[  ]    ==== :    32x4    | BorderExecutor<(eOperationType)0, (eCalculateGlobals)2, (eStage)7> --- Reduced from maximum 1024
[  ]    ==== :    32x4    | BorderExecutor<(eOperationType)0, (eCalculateGlobals)2, (eStage)8> --- Reduced from maximum 1024
[  ]    ==== :    32x4    | BorderExecutor<(eOperationType)0, (eCalculateGlobals)2, (eStage)9> --- Reduced from maximum 1024
[  ]    ==== :    32x4    | BorderExecutor<(eOperationType)1, (eCalculateGlobals)0, (eStage)0> --- Reduced from maximum 1024
[  ]    ==== :    32x4    | BorderExecutor<(eOperationType)1, (eCalculateGlobals)0, (eStage)1> --- Reduced from maximum 1024
[  ]    ==== :    32x4    | BorderExecutor<(eOperationType)1, (eCalculateGlobals)0, (eStage)2> --- Reduced from maximum 1024
[  ]    ==== :    32x4    | BorderExecutor<(eOperationType)1, (eCalculateGlobals)0, (eStage)3> --- Reduced from maximum 1024
[  ]    ==== :    32x4    | BorderExecutor<(eOperationType)1, (eCalculateGlobals)0, (eStage)4> --- Reduced from maximum 1024
[  ]    ==== :    32x4    | BorderExecutor<(eOperationType)1, (eCalculateGlobals)0, (eStage)5> --- Reduced from maximum 1024
[  ]    ==== :    32x4    | BorderExecutor<(eOperationType)1, (eCalculateGlobals)0, (eStage)6> --- Reduced from maximum 1024
[  ]    ==== :    32x4    | BorderExecutor<(eOperationType)1, (eCalculateGlobals)0, (eStage)7> --- Reduced from maximum 1024
[  ]    ==== :    32x4    | BorderExecutor<(eOperationType)1, (eCalculateGlobals)0, (eStage)8> --- Reduced from maximum 1024
[  ]    ==== :    32x4    | BorderExecutor<(eOperationType)1, (eCalculateGlobals)0, (eStage)9> --- Reduced from maximum 1024
[  ]    ==== :    32x4    | BorderExecutor<(eOperationType)1, (eCalculateGlobals)1, (eStage)0> --- Reduced from maximum 1024
[  ]    ==== :    32x4    | BorderExecutor<(eOperationType)1, (eCalculateGlobals)1, (eStage)1> --- Reduced from maximum 1024
[  ]    ==== :    32x4    | BorderExecutor<(eOperationType)1, (eCalculateGlobals)1, (eStage)2> --- Reduced from maximum 1024
[  ]    ==== :    32x4    | BorderExecutor<(eOperationType)1, (eCalculateGlobals)1, (eStage)3> --- Reduced from maximum 1024
[  ]    ==== :    32x4    | BorderExecutor<(eOperationType)1, (eCalculateGlobals)1, (eStage)4> --- Reduced from maximum 1024
[  ]    ==== :    32x4    | BorderExecutor<(eOperationType)1, (eCalculateGlobals)1, (eStage)5> --- Reduced from maximum 1024
[  ]    ==== :    32x4    | BorderExecutor<(eOperationType)1, (eCalculateGlobals)1, (eStage)6> --- Reduced from maximum 1024
[  ]    ==== :    32x4    | BorderExecutor<(eOperationType)1, (eCalculateGlobals)1, (eStage)7> --- Reduced from maximum 1024
[  ]    ==== :    32x4    | BorderExecutor<(eOperationType)1, (eCalculateGlobals)1, (eStage)8> --- Reduced from maximum 1024
[  ]    ==== :    32x4    | BorderExecutor<(eOperationType)1, (eCalculateGlobals)1, (eStage)9> --- Reduced from maximum 1024
[  ]    ==== :    32x4    | BorderExecutor<(eOperationType)1, (eCalculateGlobals)2, (eStage)0> --- Reduced from maximum 1024
[  ]    ==== :    32x4    | BorderExecutor<(eOperationType)1, (eCalculateGlobals)2, (eStage)1> --- Reduced from maximum 1024
[  ]    ==== :    32x4    | BorderExecutor<(eOperationType)1, (eCalculateGlobals)2, (eStage)2> --- Reduced from maximum 1024
[  ]    ==== :    32x4    | BorderExecutor<(eOperationType)1, (eCalculateGlobals)2, (eStage)3> --- Reduced from maximum 1024
[  ]    ==== :    32x4    | BorderExecutor<(eOperationType)1, (eCalculateGlobals)2, (eStage)4> --- Reduced from maximum 1024
[  ]    ==== :    32x4    | BorderExecutor<(eOperationType)1, (eCalculateGlobals)2, (eStage)5> --- Reduced from maximum 1024
[  ]    ==== :    32x4    | BorderExecutor<(eOperationType)1, (eCalculateGlobals)2, (eStage)6> --- Reduced from maximum 1024
[  ]    ==== :    32x4    | BorderExecutor<(eOperationType)1, (eCalculateGlobals)2, (eStage)7> --- Reduced from maximum 1024
[  ]    ==== :    32x4    | BorderExecutor<(eOperationType)1, (eCalculateGlobals)2, (eStage)8> --- Reduced from maximum 1024
[  ]    ==== :    32x4    | BorderExecutor<(eOperationType)1, (eCalculateGlobals)2, (eStage)9> --- Reduced from maximum 1024
[  ]    ==== :    32x4    | BorderExecutor<(eOperationType)3, (eCalculateGlobals)0, (eStage)0> --- Reduced from maximum 1024
[  ]    ==== :    32x4    | BorderExecutor<(eOperationType)3, (eCalculateGlobals)0, (eStage)1> --- Reduced from maximum 1024
[  ]    ==== :    32x4    | BorderExecutor<(eOperationType)3, (eCalculateGlobals)0, (eStage)2> --- Reduced from maximum 1024
[  ]    ==== :    32x4    | BorderExecutor<(eOperationType)3, (eCalculateGlobals)0, (eStage)3> --- Reduced from maximum 1024
[  ]    ==== :    32x4    | BorderExecutor<(eOperationType)3, (eCalculateGlobals)0, (eStage)4> --- Reduced from maximum 1024
[  ]    ==== :    32x4    | BorderExecutor<(eOperationType)3, (eCalculateGlobals)0, (eStage)5> --- Reduced from maximum 1024
[  ]    ==== :    32x4    | BorderExecutor<(eOperationType)3, (eCalculateGlobals)0, (eStage)6> --- Reduced from maximum 1024
[  ]    ==== :    32x4    | BorderExecutor<(eOperationType)3, (eCalculateGlobals)0, (eStage)7> --- Reduced from maximum 1024
[  ]    ==== :    32x4    | BorderExecutor<(eOperationType)3, (eCalculateGlobals)0, (eStage)8> --- Reduced from maximum 1024
[  ]    ==== :    32x4    | BorderExecutor<(eOperationType)3, (eCalculateGlobals)0, (eStage)9> --- Reduced from maximum 1024
[  ]    ==== :    32x4    | BorderExecutor<(eOperationType)3, (eCalculateGlobals)1, (eStage)0> --- Reduced from maximum 1024
[  ]    ==== :    32x4    | BorderExecutor<(eOperationType)3, (eCalculateGlobals)1, (eStage)1> --- Reduced from maximum 1024
[  ]    ==== :    32x4    | BorderExecutor<(eOperationType)3, (eCalculateGlobals)1, (eStage)2> --- Reduced from maximum 1024
[  ]    ==== :    32x4    | BorderExecutor<(eOperationType)3, (eCalculateGlobals)1, (eStage)3> --- Reduced from maximum 1024
[  ]    ==== :    32x4    | BorderExecutor<(eOperationType)3, (eCalculateGlobals)1, (eStage)4> --- Reduced from maximum 1024
[  ]    ==== :    32x4    | BorderExecutor<(eOperationType)3, (eCalculateGlobals)1, (eStage)5> --- Reduced from maximum 1024
[  ]    ==== :    32x4    | BorderExecutor<(eOperationType)3, (eCalculateGlobals)1, (eStage)6> --- Reduced from maximum 1024
[  ]    ==== :    32x4    | BorderExecutor<(eOperationType)3, (eCalculateGlobals)1, (eStage)7> --- Reduced from maximum 1024
[  ]    ==== :    32x4    | BorderExecutor<(eOperationType)3, (eCalculateGlobals)1, (eStage)8> --- Reduced from maximum 1024
[  ]    ==== :    32x4    | BorderExecutor<(eOperationType)3, (eCalculateGlobals)1, (eStage)9> --- Reduced from maximum 1024
[  ]    ==== :    32x4    | BorderExecutor<(eOperationType)3, (eCalculateGlobals)2, (eStage)0> --- Reduced from maximum 1024
[  ]    ==== :    32x4    | BorderExecutor<(eOperationType)3, (eCalculateGlobals)2, (eStage)1> --- Reduced from maximum 1024
[  ]    ==== :    32x4    | BorderExecutor<(eOperationType)3, (eCalculateGlobals)2, (eStage)2> --- Reduced from maximum 1024
[  ]    ==== :    32x4    | BorderExecutor<(eOperationType)3, (eCalculateGlobals)2, (eStage)3> --- Reduced from maximum 1024
[  ]    ==== :    32x4    | BorderExecutor<(eOperationType)3, (eCalculateGlobals)2, (eStage)4> --- Reduced from maximum 1024
[  ]    ==== :    32x4    | BorderExecutor<(eOperationType)3, (eCalculateGlobals)2, (eStage)5> --- Reduced from maximum 1024
[  ]    ==== :    32x4    | BorderExecutor<(eOperationType)3, (eCalculateGlobals)2, (eStage)6> --- Reduced from maximum 1024
[  ]    ==== :    32x4    | BorderExecutor<(eOperationType)3, (eCalculateGlobals)2, (eStage)7> --- Reduced from maximum 1024
[  ]    ==== :    32x4    | BorderExecutor<(eOperationType)3, (eCalculateGlobals)2, (eStage)8> --- Reduced from maximum 1024
[  ]    ==== :    32x4    | BorderExecutor<(eOperationType)3, (eCalculateGlobals)2, (eStage)9> --- Reduced from maximum 1024
[  ]    ==== :    32x4    | BorderExecutor<(eOperationType)4, (eCalculateGlobals)0, (eStage)0> --- Reduced from maximum 1024
[  ]    ==== :    32x4    | BorderExecutor<(eOperationType)4, (eCalculateGlobals)0, (eStage)1> --- Reduced from maximum 1024
[  ]    ==== :    32x4    | BorderExecutor<(eOperationType)4, (eCalculateGlobals)0, (eStage)2> --- Reduced from maximum 1024
[  ]    ==== :    32x4    | BorderExecutor<(eOperationType)4, (eCalculateGlobals)0, (eStage)3> --- Reduced from maximum 1024
[  ]    ==== :    32x4    | BorderExecutor<(eOperationType)4, (eCalculateGlobals)0, (eStage)4> --- Reduced from maximum 1024
[  ]    ==== :    32x4    | BorderExecutor<(eOperationType)4, (eCalculateGlobals)0, (eStage)5> --- Reduced from maximum 1024
[  ]    ==== :    32x4    | BorderExecutor<(eOperationType)4, (eCalculateGlobals)0, (eStage)6> --- Reduced from maximum 1024
[  ]    ==== :    32x4    | BorderExecutor<(eOperationType)4, (eCalculateGlobals)0, (eStage)7> --- Reduced from maximum 1024
[  ]    ==== :    32x4    | BorderExecutor<(eOperationType)4, (eCalculateGlobals)0, (eStage)8> --- Reduced from maximum 1024
[  ]    ==== :    32x4    | BorderExecutor<(eOperationType)4, (eCalculateGlobals)0, (eStage)9> --- Reduced from maximum 1024
[  ]    ==== :    32x4    | BorderExecutor<(eOperationType)4, (eCalculateGlobals)1, (eStage)0> --- Reduced from maximum 1024
[  ]    ==== :    32x4    | BorderExecutor<(eOperationType)4, (eCalculateGlobals)1, (eStage)1> --- Reduced from maximum 1024
[  ]    ==== :    32x4    | BorderExecutor<(eOperationType)4, (eCalculateGlobals)1, (eStage)2> --- Reduced from maximum 1024
[  ]    ==== :    32x4    | BorderExecutor<(eOperationType)4, (eCalculateGlobals)1, (eStage)3> --- Reduced from maximum 1024
[  ]    ==== :    32x4    | BorderExecutor<(eOperationType)4, (eCalculateGlobals)1, (eStage)4> --- Reduced from maximum 1024
[  ]    ==== :    32x4    | BorderExecutor<(eOperationType)4, (eCalculateGlobals)1, (eStage)5> --- Reduced from maximum 1024
[  ]    ==== :    32x4    | BorderExecutor<(eOperationType)4, (eCalculateGlobals)1, (eStage)6> --- Reduced from maximum 1024
[  ]    ==== :    32x4    | BorderExecutor<(eOperationType)4, (eCalculateGlobals)1, (eStage)7> --- Reduced from maximum 1024
[  ]    ==== :    32x4    | BorderExecutor<(eOperationType)4, (eCalculateGlobals)1, (eStage)8> --- Reduced from maximum 1024
[  ]    ==== :    32x4    | BorderExecutor<(eOperationType)4, (eCalculateGlobals)1, (eStage)9> --- Reduced from maximum 1024
[  ]    ==== :    32x4    | BorderExecutor<(eOperationType)4, (eCalculateGlobals)2, (eStage)0> --- Reduced from maximum 1024
[  ]    ==== :    32x4    | BorderExecutor<(eOperationType)4, (eCalculateGlobals)2, (eStage)1> --- Reduced from maximum 1024
[  ]    ==== :    32x4    | BorderExecutor<(eOperationType)4, (eCalculateGlobals)2, (eStage)2> --- Reduced from maximum 1024
[  ]    ==== :    32x4    | BorderExecutor<(eOperationType)4, (eCalculateGlobals)2, (eStage)3> --- Reduced from maximum 1024
[  ]    ==== :    32x4    | BorderExecutor<(eOperationType)4, (eCalculateGlobals)2, (eStage)4> --- Reduced from maximum 1024
[  ]    ==== :    32x4    | BorderExecutor<(eOperationType)4, (eCalculateGlobals)2, (eStage)5> --- Reduced from maximum 1024
[  ]    ==== :    32x4    | BorderExecutor<(eOperationType)4, (eCalculateGlobals)2, (eStage)6> --- Reduced from maximum 1024
[  ]    ==== :    32x4    | BorderExecutor<(eOperationType)4, (eCalculateGlobals)2, (eStage)7> --- Reduced from maximum 1024
[  ]    ==== :    32x4    | BorderExecutor<(eOperationType)4, (eCalculateGlobals)2, (eStage)8> --- Reduced from maximum 1024
[  ]    ==== :    32x4    | BorderExecutor<(eOperationType)4, (eCalculateGlobals)2, (eStage)9> --- Reduced from maximum 1024
[  ]    ==== :    32x4    | InteriorExecutor<(eOperationType)0, (eCalculateGlobals)0, (eStage)0> --- Reduced from maximum 1024
[  ]    ==== :    32x4    | InteriorExecutor<(eOperationType)0, (eCalculateGlobals)0, (eStage)1> --- Reduced from maximum 640
[  ]    ==== :    32x4    | InteriorExecutor<(eOperationType)0, (eCalculateGlobals)0, (eStage)2> --- Reduced from maximum 384
[  ]    ==== :    32x4    | InteriorExecutor<(eOperationType)0, (eCalculateGlobals)0, (eStage)3> --- Reduced from maximum 256
[  ]    ==== :    32x4    | InteriorExecutor<(eOperationType)0, (eCalculateGlobals)0, (eStage)4> --- Reduced from maximum 1024
[  ]    ==== :    32x4    | InteriorExecutor<(eOperationType)0, (eCalculateGlobals)0, (eStage)5> --- Reduced from maximum 640
[  ]    ==== :    32x4    | InteriorExecutor<(eOperationType)0, (eCalculateGlobals)0, (eStage)6> --- Reduced from maximum 256
[  ]    ==== :    32x4    | InteriorExecutor<(eOperationType)0, (eCalculateGlobals)0, (eStage)7> --- Reduced from maximum 384
[  ]    ==== :    32x4    | InteriorExecutor<(eOperationType)0, (eCalculateGlobals)0, (eStage)8> --- Reduced from maximum 512
[  ]    ==== :    32x4    | InteriorExecutor<(eOperationType)0, (eCalculateGlobals)0, (eStage)9> --- Reduced from maximum 384
[  ]    ==== :    32x4    | InteriorExecutor<(eOperationType)0, (eCalculateGlobals)1, (eStage)0> --- Reduced from maximum 1024
[  ]    ==== :    32x4    | InteriorExecutor<(eOperationType)0, (eCalculateGlobals)1, (eStage)1> --- Reduced from maximum 384
[  ]    ==== :    32x4    | InteriorExecutor<(eOperationType)0, (eCalculateGlobals)1, (eStage)2> --- Reduced from maximum 256
[  ]    ==== :    32x4    | InteriorExecutor<(eOperationType)0, (eCalculateGlobals)1, (eStage)3> --- Reduced from maximum 256
[  ]    ==== :    32x4    | InteriorExecutor<(eOperationType)0, (eCalculateGlobals)1, (eStage)4> --- Reduced from maximum 1024
[  ]    ==== :    32x4    | InteriorExecutor<(eOperationType)0, (eCalculateGlobals)1, (eStage)5> --- Reduced from maximum 768
[  ]    ==== :    32x4    | InteriorExecutor<(eOperationType)0, (eCalculateGlobals)1, (eStage)6> --- Reduced from maximum 256
[  ]    ==== :    32x4    | InteriorExecutor<(eOperationType)0, (eCalculateGlobals)1, (eStage)7> --- Reduced from maximum 384
[  ]    ==== :    32x4    | InteriorExecutor<(eOperationType)0, (eCalculateGlobals)1, (eStage)8> --- Reduced from maximum 512
[  ]    ==== :    32x4    | InteriorExecutor<(eOperationType)0, (eCalculateGlobals)1, (eStage)9> --- Reduced from maximum 384
[  ]    ==== :    32x4    | InteriorExecutor<(eOperationType)0, (eCalculateGlobals)2, (eStage)0> --- Reduced from maximum 1024
[  ]    ==== :    32x4    | InteriorExecutor<(eOperationType)0, (eCalculateGlobals)2, (eStage)1> --- Reduced from maximum 1024
[  ]    ==== :    32x4    | InteriorExecutor<(eOperationType)0, (eCalculateGlobals)2, (eStage)2> --- Reduced from maximum 1024
[  ]    ==== :    32x4    | InteriorExecutor<(eOperationType)0, (eCalculateGlobals)2, (eStage)3> --- Reduced from maximum 1024
[  ]    ==== :    32x4    | InteriorExecutor<(eOperationType)0, (eCalculateGlobals)2, (eStage)4> --- Reduced from maximum 1024
[  ]    ==== :    32x4    | InteriorExecutor<(eOperationType)0, (eCalculateGlobals)2, (eStage)5> --- Reduced from maximum 1024
[  ]    ==== :    32x4    | InteriorExecutor<(eOperationType)0, (eCalculateGlobals)2, (eStage)6> --- Reduced from maximum 1024
[  ]    ==== :    32x4    | InteriorExecutor<(eOperationType)0, (eCalculateGlobals)2, (eStage)7> --- Reduced from maximum 1024
[  ]    ==== :    32x4    | InteriorExecutor<(eOperationType)0, (eCalculateGlobals)2, (eStage)8> --- Reduced from maximum 1024
[  ]    ==== :    32x4    | InteriorExecutor<(eOperationType)0, (eCalculateGlobals)2, (eStage)9> --- Reduced from maximum 1024
[  ]    ==== :    32x4    | InteriorExecutor<(eOperationType)1, (eCalculateGlobals)0, (eStage)0> --- Reduced from maximum 1024
[  ]    ==== :    32x4    | InteriorExecutor<(eOperationType)1, (eCalculateGlobals)0, (eStage)1> --- Reduced from maximum 1024
[  ]    ==== :    32x4    | InteriorExecutor<(eOperationType)1, (eCalculateGlobals)0, (eStage)2> --- Reduced from maximum 1024
[  ]    ==== :    32x4    | InteriorExecutor<(eOperationType)1, (eCalculateGlobals)0, (eStage)3> --- Reduced from maximum 1024
[  ]    ==== :    32x4    | InteriorExecutor<(eOperationType)1, (eCalculateGlobals)0, (eStage)4> --- Reduced from maximum 1024
[  ]    ==== :    32x4    | InteriorExecutor<(eOperationType)1, (eCalculateGlobals)0, (eStage)5> --- Reduced from maximum 1024
[  ]    ==== :    32x4    | InteriorExecutor<(eOperationType)1, (eCalculateGlobals)0, (eStage)6> --- Reduced from maximum 1024
[  ]    ==== :    32x4    | InteriorExecutor<(eOperationType)1, (eCalculateGlobals)0, (eStage)7> --- Reduced from maximum 1024
[  ]    ==== :    32x4    | InteriorExecutor<(eOperationType)1, (eCalculateGlobals)0, (eStage)8> --- Reduced from maximum 1024
[  ]    ==== :    32x4    | InteriorExecutor<(eOperationType)1, (eCalculateGlobals)0, (eStage)9> --- Reduced from maximum 1024
[  ]    ==== :    32x4    | InteriorExecutor<(eOperationType)1, (eCalculateGlobals)1, (eStage)0> --- Reduced from maximum 1024
[  ]    ==== :    32x4    | InteriorExecutor<(eOperationType)1, (eCalculateGlobals)1, (eStage)1> --- Reduced from maximum 1024
[  ]    ==== :    32x4    | InteriorExecutor<(eOperationType)1, (eCalculateGlobals)1, (eStage)2> --- Reduced from maximum 1024
[  ]    ==== :    32x4    | InteriorExecutor<(eOperationType)1, (eCalculateGlobals)1, (eStage)3> --- Reduced from maximum 1024
[  ]    ==== :    32x4    | InteriorExecutor<(eOperationType)1, (eCalculateGlobals)1, (eStage)4> --- Reduced from maximum 1024
[  ]    ==== :    32x4    | InteriorExecutor<(eOperationType)1, (eCalculateGlobals)1, (eStage)5> --- Reduced from maximum 1024
[  ]    ==== :    32x4    | InteriorExecutor<(eOperationType)1, (eCalculateGlobals)1, (eStage)6> --- Reduced from maximum 1024
[  ]    ==== :    32x4    | InteriorExecutor<(eOperationType)1, (eCalculateGlobals)1, (eStage)7> --- Reduced from maximum 1024
[  ]    ==== :    32x4    | InteriorExecutor<(eOperationType)1, (eCalculateGlobals)1, (eStage)8> --- Reduced from maximum 1024
[  ]    ==== :    32x4    | InteriorExecutor<(eOperationType)1, (eCalculateGlobals)1, (eStage)9> --- Reduced from maximum 1024
[  ]    ==== :    32x4    | InteriorExecutor<(eOperationType)1, (eCalculateGlobals)2, (eStage)0> --- Reduced from maximum 1024
[  ]    ==== :    32x4    | InteriorExecutor<(eOperationType)1, (eCalculateGlobals)2, (eStage)1> --- Reduced from maximum 1024
[  ]    ==== :    32x4    | InteriorExecutor<(eOperationType)1, (eCalculateGlobals)2, (eStage)2> --- Reduced from maximum 1024
[  ]    ==== :    32x4    | InteriorExecutor<(eOperationType)1, (eCalculateGlobals)2, (eStage)3> --- Reduced from maximum 1024
[  ]    ==== :    32x4    | InteriorExecutor<(eOperationType)1, (eCalculateGlobals)2, (eStage)4> --- Reduced from maximum 1024
[  ]    ==== :    32x4    | InteriorExecutor<(eOperationType)1, (eCalculateGlobals)2, (eStage)5> --- Reduced from maximum 1024
[  ]    ==== :    32x4    | InteriorExecutor<(eOperationType)1, (eCalculateGlobals)2, (eStage)6> --- Reduced from maximum 1024
[  ]    ==== :    32x4    | InteriorExecutor<(eOperationType)1, (eCalculateGlobals)2, (eStage)7> --- Reduced from maximum 1024
[  ]    ==== :    32x4    | InteriorExecutor<(eOperationType)1, (eCalculateGlobals)2, (eStage)8> --- Reduced from maximum 1024
[  ]    ==== :    32x4    | InteriorExecutor<(eOperationType)1, (eCalculateGlobals)2, (eStage)9> --- Reduced from maximum 1024
[  ]    ==== :    32x4    | InteriorExecutor<(eOperationType)3, (eCalculateGlobals)0, (eStage)0> --- Reduced from maximum 1024
[  ]    ==== :    32x4    | InteriorExecutor<(eOperationType)3, (eCalculateGlobals)0, (eStage)1> --- Reduced from maximum 1024
[  ]    ==== :    32x4    | InteriorExecutor<(eOperationType)3, (eCalculateGlobals)0, (eStage)2> --- Reduced from maximum 1024
[  ]    ==== :    32x4    | InteriorExecutor<(eOperationType)3, (eCalculateGlobals)0, (eStage)3> --- Reduced from maximum 1024
[  ]    ==== :    32x4    | InteriorExecutor<(eOperationType)3, (eCalculateGlobals)0, (eStage)4> --- Reduced from maximum 1024
[  ]    ==== :    32x4    | InteriorExecutor<(eOperationType)3, (eCalculateGlobals)0, (eStage)5> --- Reduced from maximum 1024
[  ]    ==== :    32x4    | InteriorExecutor<(eOperationType)3, (eCalculateGlobals)0, (eStage)6> --- Reduced from maximum 1024
[  ]    ==== :    32x4    | InteriorExecutor<(eOperationType)3, (eCalculateGlobals)0, (eStage)7> --- Reduced from maximum 1024
[  ]    ==== :    32x4    | InteriorExecutor<(eOperationType)3, (eCalculateGlobals)0, (eStage)8> --- Reduced from maximum 1024
[  ]    ==== :    32x4    | InteriorExecutor<(eOperationType)3, (eCalculateGlobals)0, (eStage)9> --- Reduced from maximum 1024
[  ]    ==== :    32x4    | InteriorExecutor<(eOperationType)3, (eCalculateGlobals)1, (eStage)0> --- Reduced from maximum 1024
[  ]    ==== :    32x4    | InteriorExecutor<(eOperationType)3, (eCalculateGlobals)1, (eStage)1> --- Reduced from maximum 1024
[  ]    ==== :    32x4    | InteriorExecutor<(eOperationType)3, (eCalculateGlobals)1, (eStage)2> --- Reduced from maximum 1024
[  ]    ==== :    32x4    | InteriorExecutor<(eOperationType)3, (eCalculateGlobals)1, (eStage)3> --- Reduced from maximum 1024
[  ]    ==== :    32x4    | InteriorExecutor<(eOperationType)3, (eCalculateGlobals)1, (eStage)4> --- Reduced from maximum 1024
[  ]    ==== :    32x4    | InteriorExecutor<(eOperationType)3, (eCalculateGlobals)1, (eStage)5> --- Reduced from maximum 1024
[  ]    ==== :    32x4    | InteriorExecutor<(eOperationType)3, (eCalculateGlobals)1, (eStage)6> --- Reduced from maximum 1024
[  ]    ==== :    32x4    | InteriorExecutor<(eOperationType)3, (eCalculateGlobals)1, (eStage)7> --- Reduced from maximum 1024
[  ]    ==== :    32x4    | InteriorExecutor<(eOperationType)3, (eCalculateGlobals)1, (eStage)8> --- Reduced from maximum 1024
[  ]    ==== :    32x4    | InteriorExecutor<(eOperationType)3, (eCalculateGlobals)1, (eStage)9> --- Reduced from maximum 1024
[  ]    ==== :    32x4    | InteriorExecutor<(eOperationType)3, (eCalculateGlobals)2, (eStage)0> --- Reduced from maximum 1024
[  ]    ==== :    32x4    | InteriorExecutor<(eOperationType)3, (eCalculateGlobals)2, (eStage)1> --- Reduced from maximum 1024
[  ]    ==== :    32x4    | InteriorExecutor<(eOperationType)3, (eCalculateGlobals)2, (eStage)2> --- Reduced from maximum 1024
[  ]    ==== :    32x4    | InteriorExecutor<(eOperationType)3, (eCalculateGlobals)2, (eStage)3> --- Reduced from maximum 1024
[  ]    ==== :    32x4    | InteriorExecutor<(eOperationType)3, (eCalculateGlobals)2, (eStage)4> --- Reduced from maximum 1024
[  ]    ==== :    32x4    | InteriorExecutor<(eOperationType)3, (eCalculateGlobals)2, (eStage)5> --- Reduced from maximum 1024
[  ]    ==== :    32x4    | InteriorExecutor<(eOperationType)3, (eCalculateGlobals)2, (eStage)6> --- Reduced from maximum 1024
[  ]    ==== :    32x4    | InteriorExecutor<(eOperationType)3, (eCalculateGlobals)2, (eStage)7> --- Reduced from maximum 1024
[  ]    ==== :    32x4    | InteriorExecutor<(eOperationType)3, (eCalculateGlobals)2, (eStage)8> --- Reduced from maximum 1024
[  ]    ==== :    32x4    | InteriorExecutor<(eOperationType)3, (eCalculateGlobals)2, (eStage)9> --- Reduced from maximum 1024
[  ]    ==== :    32x4    | InteriorExecutor<(eOperationType)4, (eCalculateGlobals)0, (eStage)0> --- Reduced from maximum 1024
[  ]    ==== :    32x4    | InteriorExecutor<(eOperationType)4, (eCalculateGlobals)0, (eStage)1> --- Reduced from maximum 1024
[  ]    ==== :    32x4    | InteriorExecutor<(eOperationType)4, (eCalculateGlobals)0, (eStage)2> --- Reduced from maximum 1024
[  ]    ==== :    32x4    | InteriorExecutor<(eOperationType)4, (eCalculateGlobals)0, (eStage)3> --- Reduced from maximum 1024
[  ]    ==== :    32x4    | InteriorExecutor<(eOperationType)4, (eCalculateGlobals)0, (eStage)4> --- Reduced from maximum 1024
[  ]    ==== :    32x4    | InteriorExecutor<(eOperationType)4, (eCalculateGlobals)0, (eStage)5> --- Reduced from maximum 1024
[  ]    ==== :    32x4    | InteriorExecutor<(eOperationType)4, (eCalculateGlobals)0, (eStage)6> --- Reduced from maximum 1024
[  ]    ==== :    32x4    | InteriorExecutor<(eOperationType)4, (eCalculateGlobals)0, (eStage)7> --- Reduced from maximum 1024
[  ]    ==== :    32x4    | InteriorExecutor<(eOperationType)4, (eCalculateGlobals)0, (eStage)8> --- Reduced from maximum 1024
[  ]    ==== :    32x4    | InteriorExecutor<(eOperationType)4, (eCalculateGlobals)0, (eStage)9> --- Reduced from maximum 1024
[  ]    ==== :    32x4    | InteriorExecutor<(eOperationType)4, (eCalculateGlobals)1, (eStage)0> --- Reduced from maximum 1024
[  ]    ==== :    32x4    | InteriorExecutor<(eOperationType)4, (eCalculateGlobals)1, (eStage)1> --- Reduced from maximum 1024
[  ]    ==== :    32x4    | InteriorExecutor<(eOperationType)4, (eCalculateGlobals)1, (eStage)2> --- Reduced from maximum 1024
[  ]    ==== :    32x4    | InteriorExecutor<(eOperationType)4, (eCalculateGlobals)1, (eStage)3> --- Reduced from maximum 1024
[  ]    ==== :    32x4    | InteriorExecutor<(eOperationType)4, (eCalculateGlobals)1, (eStage)4> --- Reduced from maximum 1024
[  ]    ==== :    32x4    | InteriorExecutor<(eOperationType)4, (eCalculateGlobals)1, (eStage)5> --- Reduced from maximum 1024
[  ]    ==== :    32x4    | InteriorExecutor<(eOperationType)4, (eCalculateGlobals)1, (eStage)6> --- Reduced from maximum 1024
[  ]    ==== :    32x4    | InteriorExecutor<(eOperationType)4, (eCalculateGlobals)1, (eStage)7> --- Reduced from maximum 1024
[  ]    ==== :    32x4    | InteriorExecutor<(eOperationType)4, (eCalculateGlobals)1, (eStage)8> --- Reduced from maximum 1024
[  ]    ==== :    32x4    | InteriorExecutor<(eOperationType)4, (eCalculateGlobals)1, (eStage)9> --- Reduced from maximum 1024
[  ]    ==== :    32x4    | InteriorExecutor<(eOperationType)4, (eCalculateGlobals)2, (eStage)0> --- Reduced from maximum 1024
[  ]    ==== :    32x4    | InteriorExecutor<(eOperationType)4, (eCalculateGlobals)2, (eStage)1> --- Reduced from maximum 1024
[  ]    ==== :    32x4    | InteriorExecutor<(eOperationType)4, (eCalculateGlobals)2, (eStage)2> --- Reduced from maximum 1024
[  ]    ==== :    32x4    | InteriorExecutor<(eOperationType)4, (eCalculateGlobals)2, (eStage)3> --- Reduced from maximum 1024
[  ]    ==== :    32x4    | InteriorExecutor<(eOperationType)4, (eCalculateGlobals)2, (eStage)4> --- Reduced from maximum 1024
[  ]    ==== :    32x4    | InteriorExecutor<(eOperationType)4, (eCalculateGlobals)2, (eStage)5> --- Reduced from maximum 1024
[  ]    ==== :    32x4    | InteriorExecutor<(eOperationType)4, (eCalculateGlobals)2, (eStage)6> --- Reduced from maximum 1024
[  ]    ==== :    32x4    | InteriorExecutor<(eOperationType)4, (eCalculateGlobals)2, (eStage)7> --- Reduced from maximum 1024
[  ]    ==== :    32x4    | InteriorExecutor<(eOperationType)4, (eCalculateGlobals)2, (eStage)8> --- Reduced from maximum 1024
[  ]    ==== :    32x4    | InteriorExecutor<(eOperationType)4, (eCalculateGlobals)2, (eStage)9> --- Reduced from maximum 1024
[ 0] warning ! No "Units" element in config file
[  ]    ==== : Mesh size in config file: 80x80x120
[  ]    ---- : Global lattice size: 80x80x120
[  ]    ==== : Max region size: 921600. Mesh size 921600. Overhead:  0%
[  ]    ---- : Local lattice size: 96x80x120
[  ]    #### : [0] Cumulative allocation of 292979712 b (4.6 GB)
[  ]    ---- : Creating geom size:921600
[  ]    #### : Setting output path to: case
[  ]    #### : Setting output path to: output/case
[  ]    ---- : loading geometry ...
[  ]    ---- : overwriting all flags
[  ]    ---- : Setting number of zones to 3
[  ]    ---- : Setting Density_h to 1 (1.000000)
[  ]    ---- : Setting Density_l to 0.005 (0.005000)
[  ]    ---- : Setting Viscosity_h to 0.1 (0.100000)
[  ]    ---- : Setting Viscosity_l to 0.1 (0.100000)
[  ]    ---- : Setting tauUpdate to 1 (1.000000)
[  ]    ---- : Setting sigma to 5e-05 (0.000050)
[  ]    ---- : Setting M to 0.6 (0.600000)
[  ]    ---- : Setting IntWidth to 3 (3.000000)
[  ]    ---- : Setting Radius to 0 (0.000000)
[  ]    ---- : Setting CenterX to 40.0 (40.000000)
[  ]    ---- : Setting CenterY to 40.0 (40.000000)
[  ]    ---- : Setting CenterZ to 72.0 (72.000000)
[  ]    ---- : Setting SphereCapInit to 1 (1.000000)
[  ]    ---- : Setting SphereCapInitParentRadius to 16.873041484995277 (16.873041)
[  ]    ---- : Setting SphereCapInitCenterX to 40.0 (40.000000)
[  ]    ---- : Setting SphereCapInitCenterY to 40.0 (40.000000)
[  ]    ---- : Setting SphereCapInitCenterZ to 74.16676382272695 (74.166764)
[  ]    ---- : Setting SphereCapInitSolidCenterX to 40.0 (40.000000)
[  ]    ---- : Setting SphereCapInitSolidCenterY to 40.0 (40.000000)
[  ]    ---- : Setting SphereCapInitSolidCenterZ to 48.0 (48.000000)
[  ]    ---- : Setting SphereCapInitSolidRadius to 20.0 (20.000000)
[  ]    ---- : Setting BubbleType to 1.0 (1.000000)
[  ]    ---- : Setting VelocityX in zone  (-1) to 0 (0.000000)
[  ]    ---- : Setting VelocityY in zone  (-1) to 0 (0.000000)
[  ]    ---- : Setting VelocityZ in zone  (-1) to 0 (0.000000)
[  ]    ---- : Setting GravitationX to 0 (0.000000)
[  ]    ---- : Setting GravitationY to 0 (0.000000)
[  ]    ---- : Setting GravitationZ to 0 (0.000000)
[  ]    ---- : Setting radAngle in zone  (-1) to 90d (1.570796)
[ 0] WARNING ! Zone-specific settings in zone 0 were overwritten from 1.570796 to 1.570796
[  ]    ---- : Setting radAngle in zone OuterDomain (1) to 90d (1.570796)
[  ]    ---- : Setting radAngle in zone AnalyticSphere (2) to 90d (1.570796)
[  ]    ---- : Setting AnalyticWetting to 1 (1.000000)
[  ]    ---- : Setting AnalyticSolidType to 3 (3.000000)
[  ]    ---- : Setting AnalyticSolidCenterX to 40.0 (40.000000)
[  ]    ---- : Setting AnalyticSolidCenterY to 40.0 (40.000000)
[  ]    ---- : Setting AnalyticSolidCenterZ to 48.0 (48.000000)
[  ]    ---- : Setting AnalyticSolidRadius to 20.0 (20.000000)
[  ]    ---- : Setting WettingBCMode to 0 (0.000000)
[  ]    ---- : Setting WallCompactStencilMode to 0 (0.000000)
[  ]    ---- : Setting WallCompactStencilWriteAllowedFlag to 0 (0.000000)
[  ]    ---- : Setting Stage17BDiffuseSolidMode to 1 (1.000000)
[  ]    ---- : Setting Stage17BWriteMode to 2 (2.000000)
[  ]    ---- : Setting Stage17BShadowThetaDeg to 90 (90.000000)
[  ]    ---- : Setting Stage17BPsiEps to 1.25 (1.250000)
[  ]    ---- : Setting Stage17BWriteBand to 1.8 (1.800000)
[  ]    ---- : Setting Stage17BGradPsiMin to 1e-4 (0.000100)
[  ]    ---- : Setting ReplayDiagnosticsMode to 0 (0.000000)
[  ]    ---- : Setting MomentumClosureDiagnosticsMode to 0 (0.000000)
[  ]    ---- : Setting DynamicCLMode to 0 (0.000000)
[  ]    ---- : Setting ForceFixedTol to 0 (0.000000)
[  ]    ---- : Setting ForceFixedMaxIter to 2 (2.000000)
[  ]    ---- : Setting minGradient to 1e-8 (0.000000)
[  ]    ---- : Initializing Lattice ...
[  ]     43.7 MLBUps    206.25 GB/s [====================]  0s
[  ]    ---- : Callback VTK with no Iterations attribute
[  ]    ---- :        0 it writing vtk
[  ]    ---- : Setting callback Log at 300.000000 iterations
[  ]    ---- : Adding Log to the solver hands
[  ]    ---- : Setting callback Failcheck at 300.000000 iterations
[  ]    ---- : Adding Failcheck to the solver hands
[  ]    ---- : Setting action Solve at 3000.000000 iterations
[  ]    ---- : Setting callback VTK at 1000.000000 iterations
[  ]    ---- : Adding VTK to the solver hands
[  ]    ---- : Setting callback Log at 300.000000 iterations
[  ]    ---- : Adding Log to the solver hands
[  ]    ---- : Setting callback Failcheck at 300.000000 iterations
[  ]    ---- : Adding Failcheck to the solver hands
[  ]     14.1 MLBUps     66.51 GB/s [===                 ]  3s
[  ]     18.4 MLBUps     86.90 GB/s [====                ]  3s
[  ]     18.4 MLBUps     86.93 GB/s [=====               ]  4s
[  ]     18.4 MLBUps     86.90 GB/s [======              ]  5s
[  ]     18.4 MLBUps     86.92 GB/s [========            ]  6s
[  ]     18.4 MLBUps     86.91 GB/s [=========           ]  7s
[  ]     18.4 MLBUps     86.97 GB/s [==========          ]  8s
[  ]     18.4 MLBUps     86.94 GB/s [============        ]  9s
[  ]     18.4 MLBUps     86.94 GB/s [=============       ] 10s
[  ]     18.4 MLBUps     86.95 GB/s [==============      ] 11s
[  ]     18.4 MLBUps     86.96 GB/s [================    ] 12s
[  ]     18.4 MLBUps     86.95 GB/s [=================   ] 13s
[  ]     18.4 MLBUps     86.94 GB/s [==================  ] 14s
[  ]    ---- :     17.8 MLBUps     84.25 GB/s [====================]
[  ]     18.1 MLBUps     85.63 GB/s [=                   ]  0s
[  ]     18.4 MLBUps     86.96 GB/s [==                  ]  1s
[  ]     18.4 MLBUps     86.94 GB/s [===                 ]  2s
[  ]     18.4 MLBUps     86.95 GB/s [=====               ]  3s
[  ]     18.4 MLBUps     86.90 GB/s [======              ]  4s
[  ]     18.4 MLBUps     86.93 GB/s [=======             ]  5s
[  ]     18.4 MLBUps     86.93 GB/s [=========           ]  6s
[  ]     18.4 MLBUps     86.93 GB/s [==========          ]  7s
[  ]     18.4 MLBUps     86.91 GB/s [===========         ]  8s
[  ]     18.4 MLBUps     86.90 GB/s [=============       ]  9s
[  ]     18.4 MLBUps     86.92 GB/s [==============      ] 10s
[  ]     18.4 MLBUps     86.91 GB/s [===============     ] 11s
[  ]     18.4 MLBUps     86.93 GB/s [=================   ] 12s
[  ]     17.6 MLBUps     83.17 GB/s [==================  ] 13s
[  ]     17.5 MLBUps     82.73 GB/s [=================== ] 15s
[  ]    ---- :     15.7 MLBUps     73.95 GB/s [====================]
[  ]     17.5 MLBUps     82.77 GB/s [=                   ]  1s
[  ]     17.5 MLBUps     82.75 GB/s [==                  ]  2s
[  ]     17.5 MLBUps     82.85 GB/s [====                ]  3s
[  ]     17.6 MLBUps     82.94 GB/s [=====               ]  4s
[  ]     17.5 MLBUps     82.68 GB/s [======              ]  5s
[  ]     17.5 MLBUps     82.62 GB/s [=======             ]  6s
[  ]     17.6 MLBUps     82.89 GB/s [=========           ]  7s
[  ]     17.6 MLBUps     82.92 GB/s [==========          ]  8s
[  ]     17.6 MLBUps     82.97 GB/s [===========         ]  9s
[  ]     17.5 MLBUps     82.84 GB/s [=============       ] 10s
[  ]     17.5 MLBUps     82.71 GB/s [==============      ] 11s
[  ]     17.5 MLBUps     82.82 GB/s [===============     ] 12s
[  ]     17.5 MLBUps     82.69 GB/s [=================   ] 13s
[  ]     17.5 MLBUps     82.71 GB/s [==================  ] 14s
[  ]     17.5 MLBUps     82.54 GB/s [=================== ] 15s
[  ]    ---- :     16.5 MLBUps     77.97 GB/s [====================]
[  ]     17.5 MLBUps     82.72 GB/s [====                ]  1s
[  ]     17.5 MLBUps     82.76 GB/s [========            ]  2s
[  ]     17.5 MLBUps     82.80 GB/s [============        ]  3s
[  ]      8.5 MLBUps     40.06 GB/s [================    ]  5s
[  ]     10.8 MLBUps     51.18 GB/s [==================  ]  6s
[  ]    ---- :     17.4 MLBUps     82.11 GB/s [====================]
[  ]    ---- :     1000 it writing vtk
[  ]      8.9 MLBUps     42.12 GB/s [=                   ]  1s
[  ]     17.8 MLBUps     84.01 GB/s [==                  ]  1s
[  ]     17.8 MLBUps     83.85 GB/s [====                ]  3s
[  ]     17.4 MLBUps     81.94 GB/s [======              ]  4s
[  ]     15.1 MLBUps     71.18 GB/s [========            ]  5s
[  ]     15.4 MLBUps     72.90 GB/s [=========           ]  6s
[  ]     15.3 MLBUps     72.13 GB/s [===========         ]  7s
[  ]     15.4 MLBUps     72.76 GB/s [=============       ]  8s
[  ]     15.4 MLBUps     72.62 GB/s [==============      ]  9s
[  ]     15.6 MLBUps     73.44 GB/s [================    ]  9s
[  ]     15.5 MLBUps     72.98 GB/s [=================   ] 10s
[  ]     15.7 MLBUps     74.06 GB/s [=================== ] 11s
[  ]    ---- :     14.7 MLBUps     69.36 GB/s [====================]
[  ]     15.4 MLBUps     72.63 GB/s [=                   ]  0s
[  ]     15.5 MLBUps     73.27 GB/s [==                  ]  1s
[  ]     15.5 MLBUps     73.08 GB/s [===                 ]  2s
[  ]     15.3 MLBUps     72.36 GB/s [====                ]  3s
[  ]     15.1 MLBUps     71.46 GB/s [=====               ]  4s
[  ]     15.5 MLBUps     73.40 GB/s [======              ]  5s
[  ]     15.3 MLBUps     72.25 GB/s [=======             ]  6s
[  ]     15.4 MLBUps     72.73 GB/s [========            ]  7s
[  ]     15.6 MLBUps     73.50 GB/s [=========           ]  8s
[  ]     15.6 MLBUps     73.63 GB/s [==========          ]  9s
[  ]     15.5 MLBUps     73.21 GB/s [===========         ] 10s
[  ]     15.5 MLBUps     73.10 GB/s [============        ] 11s
[  ]     15.5 MLBUps     73.28 GB/s [=============       ] 12s
[  ]     15.4 MLBUps     72.75 GB/s [==============      ] 13s
[  ]     15.7 MLBUps     74.02 GB/s [================    ] 14s
[  ]     15.7 MLBUps     74.05 GB/s [=================   ] 15s
[  ]     15.3 MLBUps     72.33 GB/s [==================  ] 16s
[  ]     15.6 MLBUps     73.48 GB/s [=================== ] 17s
[  ]    ---- :     15.2 MLBUps     71.59 GB/s [====================]
[  ]     15.4 MLBUps     72.78 GB/s [=                   ]  0s
[  ]     15.5 MLBUps     73.23 GB/s [==                  ]  1s
[  ]     15.7 MLBUps     74.07 GB/s [===                 ]  2s
[  ]     15.6 MLBUps     73.62 GB/s [====                ]  3s
[  ]     15.8 MLBUps     74.42 GB/s [=====               ]  4s
[  ]     15.3 MLBUps     72.47 GB/s [======              ]  5s
[  ]     15.7 MLBUps     74.01 GB/s [=======             ]  6s
[  ]     15.6 MLBUps     73.51 GB/s [========            ]  7s
[  ]     15.8 MLBUps     74.66 GB/s [==========          ]  8s
[  ]     15.3 MLBUps     72.19 GB/s [===========         ]  9s
[  ]     15.3 MLBUps     72.12 GB/s [============        ] 10s
[  ]     15.1 MLBUps     71.40 GB/s [=============       ] 11s
[  ]     15.4 MLBUps     72.50 GB/s [==============      ] 12s
[  ]     15.3 MLBUps     72.30 GB/s [===============     ] 13s
[  ]     15.0 MLBUps     70.81 GB/s [================    ] 14s
[  ]     15.4 MLBUps     72.82 GB/s [=================   ] 15s
[  ]     15.3 MLBUps     72.24 GB/s [==================  ] 16s
[  ]     15.4 MLBUps     72.68 GB/s [=================== ] 17s
[  ]    ---- :     14.4 MLBUps     68.12 GB/s [====================]
[  ]     15.6 MLBUps     73.53 GB/s [=                   ]  0s
[  ]     15.7 MLBUps     74.22 GB/s [===                 ]  1s
[  ]     15.2 MLBUps     71.77 GB/s [=====               ]  2s
[  ]     14.9 MLBUps     70.28 GB/s [======              ]  3s
[  ]     15.3 MLBUps     72.25 GB/s [========            ]  4s
[  ]     15.4 MLBUps     72.95 GB/s [=========           ]  5s
[  ]     15.7 MLBUps     74.16 GB/s [===========         ]  6s
[  ]     15.2 MLBUps     71.89 GB/s [=============       ]  7s
[  ]     15.4 MLBUps     72.74 GB/s [==============      ]  8s
[  ]     15.3 MLBUps     72.29 GB/s [================    ]  9s
[  ]     15.3 MLBUps     72.45 GB/s [==================  ] 10s
[  ]     15.6 MLBUps     73.72 GB/s [=================== ] 11s
[  ]    ---- :     15.1 MLBUps     71.41 GB/s [====================]
[  ]    ---- :     2000 it writing vtk
[  ]      8.8 MLBUps     41.65 GB/s [===                 ]  1s
[  ]     15.5 MLBUps     72.97 GB/s [=====               ]  2s
[  ]     15.4 MLBUps     72.56 GB/s [========            ]  3s
[  ]     15.1 MLBUps     71.47 GB/s [===========         ]  4s
[  ]     15.4 MLBUps     72.52 GB/s [==============      ]  5s
[  ]     15.6 MLBUps     73.87 GB/s [==================  ]  6s
[  ]    ---- :     15.3 MLBUps     72.43 GB/s [====================]
[  ]     16.1 MLBUps     75.91 GB/s [                    ]  0s
[  ]     15.3 MLBUps     72.26 GB/s [==                  ]  1s
[  ]     15.2 MLBUps     71.79 GB/s [===                 ]  2s
[  ]     15.9 MLBUps     74.91 GB/s [====                ]  3s
[  ]     15.3 MLBUps     72.10 GB/s [=====               ]  4s
[  ]     15.4 MLBUps     72.57 GB/s [======              ]  5s
[  ]     15.4 MLBUps     72.62 GB/s [=======             ]  6s
[  ]     15.3 MLBUps     72.27 GB/s [========            ]  7s
[  ]     15.3 MLBUps     72.40 GB/s [=========           ]  8s
[  ]     15.0 MLBUps     70.89 GB/s [==========          ]  9s
[  ]     15.4 MLBUps     72.86 GB/s [===========         ] 10s
[  ]     15.3 MLBUps     72.15 GB/s [============        ] 11s
[  ]     15.4 MLBUps     72.92 GB/s [==============      ] 12s
[  ]     15.3 MLBUps     72.14 GB/s [===============     ] 13s
[  ]     15.4 MLBUps     72.54 GB/s [================    ] 14s
[  ]     15.6 MLBUps     73.46 GB/s [=================   ] 15s
[  ]     15.5 MLBUps     73.21 GB/s [==================  ] 16s
[  ]     15.4 MLBUps     72.59 GB/s [=================== ] 17s
[  ]    ---- :     15.1 MLBUps     71.51 GB/s [====================]
[  ]     15.5 MLBUps     73.22 GB/s [=                   ]  0s
[  ]     15.4 MLBUps     72.88 GB/s [==                  ]  1s
[  ]     15.6 MLBUps     73.51 GB/s [===                 ]  2s
[  ]     15.9 MLBUps     75.21 GB/s [====                ]  3s
[  ]     15.9 MLBUps     75.10 GB/s [=====               ]  4s
[  ]     15.6 MLBUps     73.46 GB/s [======              ]  5s
[  ]     15.6 MLBUps     73.89 GB/s [=======             ]  6s
[  ]     15.7 MLBUps     73.92 GB/s [========            ]  7s
[  ]     15.4 MLBUps     72.61 GB/s [=========           ]  8s
[  ]     15.7 MLBUps     74.36 GB/s [==========          ]  9s
[  ]     15.9 MLBUps     75.01 GB/s [============        ] 10s
[  ]     15.9 MLBUps     74.89 GB/s [=============       ] 11s
[  ]     15.3 MLBUps     72.42 GB/s [==============      ] 12s
[  ]     15.5 MLBUps     73.10 GB/s [===============     ] 13s
[  ]     16.0 MLBUps     75.33 GB/s [================    ] 14s
[  ]     15.4 MLBUps     72.59 GB/s [=================   ] 15s
[  ]     16.0 MLBUps     75.49 GB/s [==================  ] 16s
[  ]    ---- :     15.2 MLBUps     71.68 GB/s [====================]
[  ]     15.5 MLBUps     73.12 GB/s [=                   ]  0s
[  ]     15.7 MLBUps     74.23 GB/s [==                  ]  1s
[  ]     15.5 MLBUps     73.12 GB/s [===                 ]  2s
[  ]     15.5 MLBUps     73.21 GB/s [====                ]  3s
[  ]     15.4 MLBUps     72.56 GB/s [=====               ]  4s
[  ]     15.2 MLBUps     71.90 GB/s [======              ]  5s
[  ]     15.4 MLBUps     72.83 GB/s [=======             ]  6s
[  ]     15.7 MLBUps     74.15 GB/s [========            ]  7s
[  ]     15.8 MLBUps     74.76 GB/s [=========           ]  8s
[  ]     15.5 MLBUps     73.31 GB/s [===========         ]  9s
[  ]     15.7 MLBUps     73.94 GB/s [============        ] 10s
[  ]     15.2 MLBUps     71.96 GB/s [=============       ] 11s
[  ]     15.4 MLBUps     72.82 GB/s [==============      ] 12s
[  ]     15.3 MLBUps     72.43 GB/s [===============     ] 13s
[  ]     15.9 MLBUps     74.87 GB/s [================    ] 14s
[  ]     15.4 MLBUps     72.93 GB/s [=================   ] 15s
[  ]     15.4 MLBUps     72.73 GB/s [==================  ] 16s
[  ]     15.3 MLBUps     72.22 GB/s [=================== ] 17s
[  ]    ---- :     14.4 MLBUps     68.00 GB/s [====================]
[  ]    ---- :     3000 it writing vtk
[  ]    ---- : Total duration: 258.958425 s = 4.315974 min = 0.071933 h
