MPMD: TCLB: local:0/1 work:0/1 ---  connected to:
[  ]    ---- : Using std::chrono::steady_clock::now() for walltime
[  ]    #### : -------------------------------------------------------------------------
[  ]    #### : -  CLB version:                   ded67cd                               -
[  ]    #### : -        Model: d3q27_pf_velocity_q27_geometric                               -
[  ]    #### : -------------------------------------------------------------------------
[  ]    #### : Setting output path to: case
[  ]    ---- : Discarding 1 comments
[ 0]    ---- : Selecting device 0/1
[  ]    ---- :   Threads  |      Action
[  ]    ==== :    32x4    | BorderExecutor<(eOperationType)0, (eCalculateGlobals)0, (eStage)0> --- Reduced from maximum 1024
[  ]    ==== :    32x4    | BorderExecutor<(eOperationType)0, (eCalculateGlobals)0, (eStage)1> --- Reduced from maximum 384
[  ]    ==== :    32x4    | BorderExecutor<(eOperationType)0, (eCalculateGlobals)0, (eStage)2> --- Reduced from maximum 384
[  ]    ==== :    32x4    | BorderExecutor<(eOperationType)0, (eCalculateGlobals)0, (eStage)3> --- Reduced from maximum 256
[  ]    ==== :    32x4    | BorderExecutor<(eOperationType)0, (eCalculateGlobals)0, (eStage)4> --- Reduced from maximum 1024
[  ]    ==== :    32x4    | BorderExecutor<(eOperationType)0, (eCalculateGlobals)0, (eStage)5> --- Reduced from maximum 512
[  ]    ==== :    32x4    | BorderExecutor<(eOperationType)0, (eCalculateGlobals)0, (eStage)6> --- Reduced from maximum 512
[  ]    ==== :    32x4    | BorderExecutor<(eOperationType)0, (eCalculateGlobals)0, (eStage)7> --- Reduced from maximum 640
[  ]    ==== :    32x4    | BorderExecutor<(eOperationType)0, (eCalculateGlobals)0, (eStage)8> --- Reduced from maximum 640
[  ]    ==== :    32x4    | BorderExecutor<(eOperationType)0, (eCalculateGlobals)0, (eStage)9> --- Reduced from maximum 512
[  ]    ==== :    32x4    | BorderExecutor<(eOperationType)0, (eCalculateGlobals)1, (eStage)0> --- Reduced from maximum 896
[  ]    ==== :    32x4    | BorderExecutor<(eOperationType)0, (eCalculateGlobals)1, (eStage)1> --- Reduced from maximum 384
[  ]    ==== :    32x4    | BorderExecutor<(eOperationType)0, (eCalculateGlobals)1, (eStage)2> --- Reduced from maximum 256
[  ]    ==== :    32x4    | BorderExecutor<(eOperationType)0, (eCalculateGlobals)1, (eStage)3> --- Reduced from maximum 256
[  ]    ==== :    32x4    | BorderExecutor<(eOperationType)0, (eCalculateGlobals)1, (eStage)4> --- Reduced from maximum 1024
[  ]    ==== :    32x4    | BorderExecutor<(eOperationType)0, (eCalculateGlobals)1, (eStage)5> --- Reduced from maximum 512
[  ]    ==== :    32x4    | BorderExecutor<(eOperationType)0, (eCalculateGlobals)1, (eStage)6> --- Reduced from maximum 512
[  ]    ==== :    32x4    | BorderExecutor<(eOperationType)0, (eCalculateGlobals)1, (eStage)7> --- Reduced from maximum 640
[  ]    ==== :    32x4    | BorderExecutor<(eOperationType)0, (eCalculateGlobals)1, (eStage)8> --- Reduced from maximum 640
[  ]    ==== :    32x4    | BorderExecutor<(eOperationType)0, (eCalculateGlobals)1, (eStage)9> --- Reduced from maximum 768
[  ]    ==== :    32x4    | BorderExecutor<(eOperationType)0, (eCalculateGlobals)2, (eStage)0> --- Reduced from maximum 1024
[  ]    ==== :    32x4    | BorderExecutor<(eOperationType)0, (eCalculateGlobals)2, (eStage)1> --- Reduced from maximum 1024
[  ]    ==== :    32x4    | BorderExecutor<(eOperationType)0, (eCalculateGlobals)2, (eStage)2> --- Reduced from maximum 1024
[  ]    ==== :    32x4    | BorderExecutor<(eOperationType)0, (eCalculateGlobals)2, (eStage)3> --- Reduced from maximum 1024
[  ]    ==== :    32x4    | BorderExecutor<(eOperationType)0, (eCalculateGlobals)2, (eStage)4> --- Reduced from maximum 1024
[  ]    ==== :    32x4    | BorderExecutor<(eOperationType)0, (eCalculateGlobals)2, (eStage)5> --- Reduced from maximum 1024
[  ]    ==== :    32x4    | BorderExecutor<(eOperationType)0, (eCalculateGlobals)2, (eStage)6> --- Reduced from maximum 1024
[  ]    ==== :    32x4    | BorderExecutor<(eOperationType)0, (eCalculateGlobals)2, (eStage)7> --- Reduced from maximum 1024
[  ]    ==== :    32x4    | BorderExecutor<(eOperationType)0, (eCalculateGlobals)2, (eStage)8> --- Reduced from maximum 1024
[  ]    ==== :    32x4    | BorderExecutor<(eOperationType)0, (eCalculateGlobals)2, (eStage)9> --- Reduced from maximum 1024
[  ]    ==== :    32x4    | BorderExecutor<(eOperationType)1, (eCalculateGlobals)0, (eStage)0> --- Reduced from maximum 1024
[  ]    ==== :    32x4    | BorderExecutor<(eOperationType)1, (eCalculateGlobals)0, (eStage)1> --- Reduced from maximum 1024
[  ]    ==== :    32x4    | BorderExecutor<(eOperationType)1, (eCalculateGlobals)0, (eStage)2> --- Reduced from maximum 1024
[  ]    ==== :    32x4    | BorderExecutor<(eOperationType)1, (eCalculateGlobals)0, (eStage)3> --- Reduced from maximum 1024
[  ]    ==== :    32x4    | BorderExecutor<(eOperationType)1, (eCalculateGlobals)0, (eStage)4> --- Reduced from maximum 1024
[  ]    ==== :    32x4    | BorderExecutor<(eOperationType)1, (eCalculateGlobals)0, (eStage)5> --- Reduced from maximum 1024
[  ]    ==== :    32x4    | BorderExecutor<(eOperationType)1, (eCalculateGlobals)0, (eStage)6> --- Reduced from maximum 1024
[  ]    ==== :    32x4    | BorderExecutor<(eOperationType)1, (eCalculateGlobals)0, (eStage)7> --- Reduced from maximum 1024
[  ]    ==== :    32x4    | BorderExecutor<(eOperationType)1, (eCalculateGlobals)0, (eStage)8> --- Reduced from maximum 1024
[  ]    ==== :    32x4    | BorderExecutor<(eOperationType)1, (eCalculateGlobals)0, (eStage)9> --- Reduced from maximum 1024
[  ]    ==== :    32x4    | BorderExecutor<(eOperationType)1, (eCalculateGlobals)1, (eStage)0> --- Reduced from maximum 1024
[  ]    ==== :    32x4    | BorderExecutor<(eOperationType)1, (eCalculateGlobals)1, (eStage)1> --- Reduced from maximum 1024
[  ]    ==== :    32x4    | BorderExecutor<(eOperationType)1, (eCalculateGlobals)1, (eStage)2> --- Reduced from maximum 1024
[  ]    ==== :    32x4    | BorderExecutor<(eOperationType)1, (eCalculateGlobals)1, (eStage)3> --- Reduced from maximum 1024
[  ]    ==== :    32x4    | BorderExecutor<(eOperationType)1, (eCalculateGlobals)1, (eStage)4> --- Reduced from maximum 1024
[  ]    ==== :    32x4    | BorderExecutor<(eOperationType)1, (eCalculateGlobals)1, (eStage)5> --- Reduced from maximum 1024
[  ]    ==== :    32x4    | BorderExecutor<(eOperationType)1, (eCalculateGlobals)1, (eStage)6> --- Reduced from maximum 1024
[  ]    ==== :    32x4    | BorderExecutor<(eOperationType)1, (eCalculateGlobals)1, (eStage)7> --- Reduced from maximum 1024
[  ]    ==== :    32x4    | BorderExecutor<(eOperationType)1, (eCalculateGlobals)1, (eStage)8> --- Reduced from maximum 1024
[  ]    ==== :    32x4    | BorderExecutor<(eOperationType)1, (eCalculateGlobals)1, (eStage)9> --- Reduced from maximum 1024
[  ]    ==== :    32x4    | BorderExecutor<(eOperationType)1, (eCalculateGlobals)2, (eStage)0> --- Reduced from maximum 1024
[  ]    ==== :    32x4    | BorderExecutor<(eOperationType)1, (eCalculateGlobals)2, (eStage)1> --- Reduced from maximum 1024
[  ]    ==== :    32x4    | BorderExecutor<(eOperationType)1, (eCalculateGlobals)2, (eStage)2> --- Reduced from maximum 1024
[  ]    ==== :    32x4    | BorderExecutor<(eOperationType)1, (eCalculateGlobals)2, (eStage)3> --- Reduced from maximum 1024
[  ]    ==== :    32x4    | BorderExecutor<(eOperationType)1, (eCalculateGlobals)2, (eStage)4> --- Reduced from maximum 1024
[  ]    ==== :    32x4    | BorderExecutor<(eOperationType)1, (eCalculateGlobals)2, (eStage)5> --- Reduced from maximum 1024
[  ]    ==== :    32x4    | BorderExecutor<(eOperationType)1, (eCalculateGlobals)2, (eStage)6> --- Reduced from maximum 1024
[  ]    ==== :    32x4    | BorderExecutor<(eOperationType)1, (eCalculateGlobals)2, (eStage)7> --- Reduced from maximum 1024
[  ]    ==== :    32x4    | BorderExecutor<(eOperationType)1, (eCalculateGlobals)2, (eStage)8> --- Reduced from maximum 1024
[  ]    ==== :    32x4    | BorderExecutor<(eOperationType)1, (eCalculateGlobals)2, (eStage)9> --- Reduced from maximum 1024
[  ]    ==== :    32x4    | BorderExecutor<(eOperationType)3, (eCalculateGlobals)0, (eStage)0> --- Reduced from maximum 1024
[  ]    ==== :    32x4    | BorderExecutor<(eOperationType)3, (eCalculateGlobals)0, (eStage)1> --- Reduced from maximum 1024
[  ]    ==== :    32x4    | BorderExecutor<(eOperationType)3, (eCalculateGlobals)0, (eStage)2> --- Reduced from maximum 1024
[  ]    ==== :    32x4    | BorderExecutor<(eOperationType)3, (eCalculateGlobals)0, (eStage)3> --- Reduced from maximum 1024
[  ]    ==== :    32x4    | BorderExecutor<(eOperationType)3, (eCalculateGlobals)0, (eStage)4> --- Reduced from maximum 1024
[  ]    ==== :    32x4    | BorderExecutor<(eOperationType)3, (eCalculateGlobals)0, (eStage)5> --- Reduced from maximum 1024
[  ]    ==== :    32x4    | BorderExecutor<(eOperationType)3, (eCalculateGlobals)0, (eStage)6> --- Reduced from maximum 1024
[  ]    ==== :    32x4    | BorderExecutor<(eOperationType)3, (eCalculateGlobals)0, (eStage)7> --- Reduced from maximum 1024
[  ]    ==== :    32x4    | BorderExecutor<(eOperationType)3, (eCalculateGlobals)0, (eStage)8> --- Reduced from maximum 1024
[  ]    ==== :    32x4    | BorderExecutor<(eOperationType)3, (eCalculateGlobals)0, (eStage)9> --- Reduced from maximum 1024
[  ]    ==== :    32x4    | BorderExecutor<(eOperationType)3, (eCalculateGlobals)1, (eStage)0> --- Reduced from maximum 1024
[  ]    ==== :    32x4    | BorderExecutor<(eOperationType)3, (eCalculateGlobals)1, (eStage)1> --- Reduced from maximum 1024
[  ]    ==== :    32x4    | BorderExecutor<(eOperationType)3, (eCalculateGlobals)1, (eStage)2> --- Reduced from maximum 1024
[  ]    ==== :    32x4    | BorderExecutor<(eOperationType)3, (eCalculateGlobals)1, (eStage)3> --- Reduced from maximum 1024
[  ]    ==== :    32x4    | BorderExecutor<(eOperationType)3, (eCalculateGlobals)1, (eStage)4> --- Reduced from maximum 1024
[  ]    ==== :    32x4    | BorderExecutor<(eOperationType)3, (eCalculateGlobals)1, (eStage)5> --- Reduced from maximum 1024
[  ]    ==== :    32x4    | BorderExecutor<(eOperationType)3, (eCalculateGlobals)1, (eStage)6> --- Reduced from maximum 1024
[  ]    ==== :    32x4    | BorderExecutor<(eOperationType)3, (eCalculateGlobals)1, (eStage)7> --- Reduced from maximum 1024
[  ]    ==== :    32x4    | BorderExecutor<(eOperationType)3, (eCalculateGlobals)1, (eStage)8> --- Reduced from maximum 1024
[  ]    ==== :    32x4    | BorderExecutor<(eOperationType)3, (eCalculateGlobals)1, (eStage)9> --- Reduced from maximum 1024
[  ]    ==== :    32x4    | BorderExecutor<(eOperationType)3, (eCalculateGlobals)2, (eStage)0> --- Reduced from maximum 1024
[  ]    ==== :    32x4    | BorderExecutor<(eOperationType)3, (eCalculateGlobals)2, (eStage)1> --- Reduced from maximum 1024
[  ]    ==== :    32x4    | BorderExecutor<(eOperationType)3, (eCalculateGlobals)2, (eStage)2> --- Reduced from maximum 1024
[  ]    ==== :    32x4    | BorderExecutor<(eOperationType)3, (eCalculateGlobals)2, (eStage)3> --- Reduced from maximum 1024
[  ]    ==== :    32x4    | BorderExecutor<(eOperationType)3, (eCalculateGlobals)2, (eStage)4> --- Reduced from maximum 1024
[  ]    ==== :    32x4    | BorderExecutor<(eOperationType)3, (eCalculateGlobals)2, (eStage)5> --- Reduced from maximum 1024
[  ]    ==== :    32x4    | BorderExecutor<(eOperationType)3, (eCalculateGlobals)2, (eStage)6> --- Reduced from maximum 1024
[  ]    ==== :    32x4    | BorderExecutor<(eOperationType)3, (eCalculateGlobals)2, (eStage)7> --- Reduced from maximum 1024
[  ]    ==== :    32x4    | BorderExecutor<(eOperationType)3, (eCalculateGlobals)2, (eStage)8> --- Reduced from maximum 1024
[  ]    ==== :    32x4    | BorderExecutor<(eOperationType)3, (eCalculateGlobals)2, (eStage)9> --- Reduced from maximum 1024
[  ]    ==== :    32x4    | BorderExecutor<(eOperationType)4, (eCalculateGlobals)0, (eStage)0> --- Reduced from maximum 1024
[  ]    ==== :    32x4    | BorderExecutor<(eOperationType)4, (eCalculateGlobals)0, (eStage)1> --- Reduced from maximum 1024
[  ]    ==== :    32x4    | BorderExecutor<(eOperationType)4, (eCalculateGlobals)0, (eStage)2> --- Reduced from maximum 1024
[  ]    ==== :    32x4    | BorderExecutor<(eOperationType)4, (eCalculateGlobals)0, (eStage)3> --- Reduced from maximum 1024
[  ]    ==== :    32x4    | BorderExecutor<(eOperationType)4, (eCalculateGlobals)0, (eStage)4> --- Reduced from maximum 1024
[  ]    ==== :    32x4    | BorderExecutor<(eOperationType)4, (eCalculateGlobals)0, (eStage)5> --- Reduced from maximum 1024
[  ]    ==== :    32x4    | BorderExecutor<(eOperationType)4, (eCalculateGlobals)0, (eStage)6> --- Reduced from maximum 1024
[  ]    ==== :    32x4    | BorderExecutor<(eOperationType)4, (eCalculateGlobals)0, (eStage)7> --- Reduced from maximum 1024
[  ]    ==== :    32x4    | BorderExecutor<(eOperationType)4, (eCalculateGlobals)0, (eStage)8> --- Reduced from maximum 1024
[  ]    ==== :    32x4    | BorderExecutor<(eOperationType)4, (eCalculateGlobals)0, (eStage)9> --- Reduced from maximum 1024
[  ]    ==== :    32x4    | BorderExecutor<(eOperationType)4, (eCalculateGlobals)1, (eStage)0> --- Reduced from maximum 1024
[  ]    ==== :    32x4    | BorderExecutor<(eOperationType)4, (eCalculateGlobals)1, (eStage)1> --- Reduced from maximum 1024
[  ]    ==== :    32x4    | BorderExecutor<(eOperationType)4, (eCalculateGlobals)1, (eStage)2> --- Reduced from maximum 1024
[  ]    ==== :    32x4    | BorderExecutor<(eOperationType)4, (eCalculateGlobals)1, (eStage)3> --- Reduced from maximum 1024
[  ]    ==== :    32x4    | BorderExecutor<(eOperationType)4, (eCalculateGlobals)1, (eStage)4> --- Reduced from maximum 1024
[  ]    ==== :    32x4    | BorderExecutor<(eOperationType)4, (eCalculateGlobals)1, (eStage)5> --- Reduced from maximum 1024
[  ]    ==== :    32x4    | BorderExecutor<(eOperationType)4, (eCalculateGlobals)1, (eStage)6> --- Reduced from maximum 1024
[  ]    ==== :    32x4    | BorderExecutor<(eOperationType)4, (eCalculateGlobals)1, (eStage)7> --- Reduced from maximum 1024
[  ]    ==== :    32x4    | BorderExecutor<(eOperationType)4, (eCalculateGlobals)1, (eStage)8> --- Reduced from maximum 1024
[  ]    ==== :    32x4    | BorderExecutor<(eOperationType)4, (eCalculateGlobals)1, (eStage)9> --- Reduced from maximum 1024
[  ]    ==== :    32x4    | BorderExecutor<(eOperationType)4, (eCalculateGlobals)2, (eStage)0> --- Reduced from maximum 1024
[  ]    ==== :    32x4    | BorderExecutor<(eOperationType)4, (eCalculateGlobals)2, (eStage)1> --- Reduced from maximum 1024
[  ]    ==== :    32x4    | BorderExecutor<(eOperationType)4, (eCalculateGlobals)2, (eStage)2> --- Reduced from maximum 1024
[  ]    ==== :    32x4    | BorderExecutor<(eOperationType)4, (eCalculateGlobals)2, (eStage)3> --- Reduced from maximum 1024
[  ]    ==== :    32x4    | BorderExecutor<(eOperationType)4, (eCalculateGlobals)2, (eStage)4> --- Reduced from maximum 1024
[  ]    ==== :    32x4    | BorderExecutor<(eOperationType)4, (eCalculateGlobals)2, (eStage)5> --- Reduced from maximum 1024
[  ]    ==== :    32x4    | BorderExecutor<(eOperationType)4, (eCalculateGlobals)2, (eStage)6> --- Reduced from maximum 1024
[  ]    ==== :    32x4    | BorderExecutor<(eOperationType)4, (eCalculateGlobals)2, (eStage)7> --- Reduced from maximum 1024
[  ]    ==== :    32x4    | BorderExecutor<(eOperationType)4, (eCalculateGlobals)2, (eStage)8> --- Reduced from maximum 1024
[  ]    ==== :    32x4    | BorderExecutor<(eOperationType)4, (eCalculateGlobals)2, (eStage)9> --- Reduced from maximum 1024
[  ]    ==== :    32x4    | InteriorExecutor<(eOperationType)0, (eCalculateGlobals)0, (eStage)0> --- Reduced from maximum 1024
[  ]    ==== :    32x4    | InteriorExecutor<(eOperationType)0, (eCalculateGlobals)0, (eStage)1> --- Reduced from maximum 640
[  ]    ==== :    32x4    | InteriorExecutor<(eOperationType)0, (eCalculateGlobals)0, (eStage)2> --- Reduced from maximum 384
[  ]    ==== :    32x4    | InteriorExecutor<(eOperationType)0, (eCalculateGlobals)0, (eStage)3> --- Reduced from maximum 256
[  ]    ==== :    32x4    | InteriorExecutor<(eOperationType)0, (eCalculateGlobals)0, (eStage)4> --- Reduced from maximum 1024
[  ]    ==== :    32x4    | InteriorExecutor<(eOperationType)0, (eCalculateGlobals)0, (eStage)5> --- Reduced from maximum 640
[  ]    ==== :    32x4    | InteriorExecutor<(eOperationType)0, (eCalculateGlobals)0, (eStage)6> --- Reduced from maximum 768
[  ]    ==== :    32x4    | InteriorExecutor<(eOperationType)0, (eCalculateGlobals)0, (eStage)7> --- Reduced from maximum 1024
[  ]    ==== :    32x4    | InteriorExecutor<(eOperationType)0, (eCalculateGlobals)0, (eStage)8> --- Reduced from maximum 1024
[  ]    ==== :    32x4    | InteriorExecutor<(eOperationType)0, (eCalculateGlobals)0, (eStage)9> --- Reduced from maximum 896
[  ]    ==== :    32x4    | InteriorExecutor<(eOperationType)0, (eCalculateGlobals)1, (eStage)0> --- Reduced from maximum 1024
[  ]    ==== :    32x4    | InteriorExecutor<(eOperationType)0, (eCalculateGlobals)1, (eStage)1> --- Reduced from maximum 256
[  ]    ==== :    32x4    | InteriorExecutor<(eOperationType)0, (eCalculateGlobals)1, (eStage)2> --- Reduced from maximum 256
[  ]    ==== :    32x4    | InteriorExecutor<(eOperationType)0, (eCalculateGlobals)1, (eStage)3> --- Reduced from maximum 256
[  ]    ==== :    32x4    | InteriorExecutor<(eOperationType)0, (eCalculateGlobals)1, (eStage)4> --- Reduced from maximum 1024
[  ]    ==== :    32x4    | InteriorExecutor<(eOperationType)0, (eCalculateGlobals)1, (eStage)5> --- Reduced from maximum 768
[  ]    ==== :    32x4    | InteriorExecutor<(eOperationType)0, (eCalculateGlobals)1, (eStage)6> --- Reduced from maximum 768
[  ]    ==== :    32x4    | InteriorExecutor<(eOperationType)0, (eCalculateGlobals)1, (eStage)7> --- Reduced from maximum 1024
[  ]    ==== :    32x4    | InteriorExecutor<(eOperationType)0, (eCalculateGlobals)1, (eStage)8> --- Reduced from maximum 896
[  ]    ==== :    32x4    | InteriorExecutor<(eOperationType)0, (eCalculateGlobals)1, (eStage)9> --- Reduced from maximum 768
[  ]    ==== :    32x4    | InteriorExecutor<(eOperationType)0, (eCalculateGlobals)2, (eStage)0> --- Reduced from maximum 1024
[  ]    ==== :    32x4    | InteriorExecutor<(eOperationType)0, (eCalculateGlobals)2, (eStage)1> --- Reduced from maximum 1024
[  ]    ==== :    32x4    | InteriorExecutor<(eOperationType)0, (eCalculateGlobals)2, (eStage)2> --- Reduced from maximum 1024
[  ]    ==== :    32x4    | InteriorExecutor<(eOperationType)0, (eCalculateGlobals)2, (eStage)3> --- Reduced from maximum 1024
[  ]    ==== :    32x4    | InteriorExecutor<(eOperationType)0, (eCalculateGlobals)2, (eStage)4> --- Reduced from maximum 1024
[  ]    ==== :    32x4    | InteriorExecutor<(eOperationType)0, (eCalculateGlobals)2, (eStage)5> --- Reduced from maximum 1024
[  ]    ==== :    32x4    | InteriorExecutor<(eOperationType)0, (eCalculateGlobals)2, (eStage)6> --- Reduced from maximum 1024
[  ]    ==== :    32x4    | InteriorExecutor<(eOperationType)0, (eCalculateGlobals)2, (eStage)7> --- Reduced from maximum 1024
[  ]    ==== :    32x4    | InteriorExecutor<(eOperationType)0, (eCalculateGlobals)2, (eStage)8> --- Reduced from maximum 1024
[  ]    ==== :    32x4    | InteriorExecutor<(eOperationType)0, (eCalculateGlobals)2, (eStage)9> --- Reduced from maximum 1024
[  ]    ==== :    32x4    | InteriorExecutor<(eOperationType)1, (eCalculateGlobals)0, (eStage)0> --- Reduced from maximum 1024
[  ]    ==== :    32x4    | InteriorExecutor<(eOperationType)1, (eCalculateGlobals)0, (eStage)1> --- Reduced from maximum 1024
[  ]    ==== :    32x4    | InteriorExecutor<(eOperationType)1, (eCalculateGlobals)0, (eStage)2> --- Reduced from maximum 1024
[  ]    ==== :    32x4    | InteriorExecutor<(eOperationType)1, (eCalculateGlobals)0, (eStage)3> --- Reduced from maximum 1024
[  ]    ==== :    32x4    | InteriorExecutor<(eOperationType)1, (eCalculateGlobals)0, (eStage)4> --- Reduced from maximum 1024
[  ]    ==== :    32x4    | InteriorExecutor<(eOperationType)1, (eCalculateGlobals)0, (eStage)5> --- Reduced from maximum 1024
[  ]    ==== :    32x4    | InteriorExecutor<(eOperationType)1, (eCalculateGlobals)0, (eStage)6> --- Reduced from maximum 1024
[  ]    ==== :    32x4    | InteriorExecutor<(eOperationType)1, (eCalculateGlobals)0, (eStage)7> --- Reduced from maximum 1024
[  ]    ==== :    32x4    | InteriorExecutor<(eOperationType)1, (eCalculateGlobals)0, (eStage)8> --- Reduced from maximum 1024
[  ]    ==== :    32x4    | InteriorExecutor<(eOperationType)1, (eCalculateGlobals)0, (eStage)9> --- Reduced from maximum 1024
[  ]    ==== :    32x4    | InteriorExecutor<(eOperationType)1, (eCalculateGlobals)1, (eStage)0> --- Reduced from maximum 1024
[  ]    ==== :    32x4    | InteriorExecutor<(eOperationType)1, (eCalculateGlobals)1, (eStage)1> --- Reduced from maximum 1024
[  ]    ==== :    32x4    | InteriorExecutor<(eOperationType)1, (eCalculateGlobals)1, (eStage)2> --- Reduced from maximum 1024
[  ]    ==== :    32x4    | InteriorExecutor<(eOperationType)1, (eCalculateGlobals)1, (eStage)3> --- Reduced from maximum 1024
[  ]    ==== :    32x4    | InteriorExecutor<(eOperationType)1, (eCalculateGlobals)1, (eStage)4> --- Reduced from maximum 1024
[  ]    ==== :    32x4    | InteriorExecutor<(eOperationType)1, (eCalculateGlobals)1, (eStage)5> --- Reduced from maximum 1024
[  ]    ==== :    32x4    | InteriorExecutor<(eOperationType)1, (eCalculateGlobals)1, (eStage)6> --- Reduced from maximum 1024
[  ]    ==== :    32x4    | InteriorExecutor<(eOperationType)1, (eCalculateGlobals)1, (eStage)7> --- Reduced from maximum 1024
[  ]    ==== :    32x4    | InteriorExecutor<(eOperationType)1, (eCalculateGlobals)1, (eStage)8> --- Reduced from maximum 1024
[  ]    ==== :    32x4    | InteriorExecutor<(eOperationType)1, (eCalculateGlobals)1, (eStage)9> --- Reduced from maximum 1024
[  ]    ==== :    32x4    | InteriorExecutor<(eOperationType)1, (eCalculateGlobals)2, (eStage)0> --- Reduced from maximum 1024
[  ]    ==== :    32x4    | InteriorExecutor<(eOperationType)1, (eCalculateGlobals)2, (eStage)1> --- Reduced from maximum 1024
[  ]    ==== :    32x4    | InteriorExecutor<(eOperationType)1, (eCalculateGlobals)2, (eStage)2> --- Reduced from maximum 1024
[  ]    ==== :    32x4    | InteriorExecutor<(eOperationType)1, (eCalculateGlobals)2, (eStage)3> --- Reduced from maximum 1024
[  ]    ==== :    32x4    | InteriorExecutor<(eOperationType)1, (eCalculateGlobals)2, (eStage)4> --- Reduced from maximum 1024
[  ]    ==== :    32x4    | InteriorExecutor<(eOperationType)1, (eCalculateGlobals)2, (eStage)5> --- Reduced from maximum 1024
[  ]    ==== :    32x4    | InteriorExecutor<(eOperationType)1, (eCalculateGlobals)2, (eStage)6> --- Reduced from maximum 1024
[  ]    ==== :    32x4    | InteriorExecutor<(eOperationType)1, (eCalculateGlobals)2, (eStage)7> --- Reduced from maximum 1024
[  ]    ==== :    32x4    | InteriorExecutor<(eOperationType)1, (eCalculateGlobals)2, (eStage)8> --- Reduced from maximum 1024
[  ]    ==== :    32x4    | InteriorExecutor<(eOperationType)1, (eCalculateGlobals)2, (eStage)9> --- Reduced from maximum 1024
[  ]    ==== :    32x4    | InteriorExecutor<(eOperationType)3, (eCalculateGlobals)0, (eStage)0> --- Reduced from maximum 1024
[  ]    ==== :    32x4    | InteriorExecutor<(eOperationType)3, (eCalculateGlobals)0, (eStage)1> --- Reduced from maximum 1024
[  ]    ==== :    32x4    | InteriorExecutor<(eOperationType)3, (eCalculateGlobals)0, (eStage)2> --- Reduced from maximum 1024
[  ]    ==== :    32x4    | InteriorExecutor<(eOperationType)3, (eCalculateGlobals)0, (eStage)3> --- Reduced from maximum 1024
[  ]    ==== :    32x4    | InteriorExecutor<(eOperationType)3, (eCalculateGlobals)0, (eStage)4> --- Reduced from maximum 1024
[  ]    ==== :    32x4    | InteriorExecutor<(eOperationType)3, (eCalculateGlobals)0, (eStage)5> --- Reduced from maximum 1024
[  ]    ==== :    32x4    | InteriorExecutor<(eOperationType)3, (eCalculateGlobals)0, (eStage)6> --- Reduced from maximum 1024
[  ]    ==== :    32x4    | InteriorExecutor<(eOperationType)3, (eCalculateGlobals)0, (eStage)7> --- Reduced from maximum 1024
[  ]    ==== :    32x4    | InteriorExecutor<(eOperationType)3, (eCalculateGlobals)0, (eStage)8> --- Reduced from maximum 1024
[  ]    ==== :    32x4    | InteriorExecutor<(eOperationType)3, (eCalculateGlobals)0, (eStage)9> --- Reduced from maximum 1024
[  ]    ==== :    32x4    | InteriorExecutor<(eOperationType)3, (eCalculateGlobals)1, (eStage)0> --- Reduced from maximum 1024
[  ]    ==== :    32x4    | InteriorExecutor<(eOperationType)3, (eCalculateGlobals)1, (eStage)1> --- Reduced from maximum 1024
[  ]    ==== :    32x4    | InteriorExecutor<(eOperationType)3, (eCalculateGlobals)1, (eStage)2> --- Reduced from maximum 1024
[  ]    ==== :    32x4    | InteriorExecutor<(eOperationType)3, (eCalculateGlobals)1, (eStage)3> --- Reduced from maximum 1024
[  ]    ==== :    32x4    | InteriorExecutor<(eOperationType)3, (eCalculateGlobals)1, (eStage)4> --- Reduced from maximum 1024
[  ]    ==== :    32x4    | InteriorExecutor<(eOperationType)3, (eCalculateGlobals)1, (eStage)5> --- Reduced from maximum 1024
[  ]    ==== :    32x4    | InteriorExecutor<(eOperationType)3, (eCalculateGlobals)1, (eStage)6> --- Reduced from maximum 1024
[  ]    ==== :    32x4    | InteriorExecutor<(eOperationType)3, (eCalculateGlobals)1, (eStage)7> --- Reduced from maximum 1024
[  ]    ==== :    32x4    | InteriorExecutor<(eOperationType)3, (eCalculateGlobals)1, (eStage)8> --- Reduced from maximum 1024
[  ]    ==== :    32x4    | InteriorExecutor<(eOperationType)3, (eCalculateGlobals)1, (eStage)9> --- Reduced from maximum 1024
[  ]    ==== :    32x4    | InteriorExecutor<(eOperationType)3, (eCalculateGlobals)2, (eStage)0> --- Reduced from maximum 1024
[  ]    ==== :    32x4    | InteriorExecutor<(eOperationType)3, (eCalculateGlobals)2, (eStage)1> --- Reduced from maximum 1024
[  ]    ==== :    32x4    | InteriorExecutor<(eOperationType)3, (eCalculateGlobals)2, (eStage)2> --- Reduced from maximum 1024
[  ]    ==== :    32x4    | InteriorExecutor<(eOperationType)3, (eCalculateGlobals)2, (eStage)3> --- Reduced from maximum 1024
[  ]    ==== :    32x4    | InteriorExecutor<(eOperationType)3, (eCalculateGlobals)2, (eStage)4> --- Reduced from maximum 1024
[  ]    ==== :    32x4    | InteriorExecutor<(eOperationType)3, (eCalculateGlobals)2, (eStage)5> --- Reduced from maximum 1024
[  ]    ==== :    32x4    | InteriorExecutor<(eOperationType)3, (eCalculateGlobals)2, (eStage)6> --- Reduced from maximum 1024
[  ]    ==== :    32x4    | InteriorExecutor<(eOperationType)3, (eCalculateGlobals)2, (eStage)7> --- Reduced from maximum 1024
[  ]    ==== :    32x4    | InteriorExecutor<(eOperationType)3, (eCalculateGlobals)2, (eStage)8> --- Reduced from maximum 1024
[  ]    ==== :    32x4    | InteriorExecutor<(eOperationType)3, (eCalculateGlobals)2, (eStage)9> --- Reduced from maximum 1024
[  ]    ==== :    32x4    | InteriorExecutor<(eOperationType)4, (eCalculateGlobals)0, (eStage)0> --- Reduced from maximum 1024
[  ]    ==== :    32x4    | InteriorExecutor<(eOperationType)4, (eCalculateGlobals)0, (eStage)1> --- Reduced from maximum 1024
[  ]    ==== :    32x4    | InteriorExecutor<(eOperationType)4, (eCalculateGlobals)0, (eStage)2> --- Reduced from maximum 1024
[  ]    ==== :    32x4    | InteriorExecutor<(eOperationType)4, (eCalculateGlobals)0, (eStage)3> --- Reduced from maximum 1024
[  ]    ==== :    32x4    | InteriorExecutor<(eOperationType)4, (eCalculateGlobals)0, (eStage)4> --- Reduced from maximum 1024
[  ]    ==== :    32x4    | InteriorExecutor<(eOperationType)4, (eCalculateGlobals)0, (eStage)5> --- Reduced from maximum 1024
[  ]    ==== :    32x4    | InteriorExecutor<(eOperationType)4, (eCalculateGlobals)0, (eStage)6> --- Reduced from maximum 1024
[  ]    ==== :    32x4    | InteriorExecutor<(eOperationType)4, (eCalculateGlobals)0, (eStage)7> --- Reduced from maximum 1024
[  ]    ==== :    32x4    | InteriorExecutor<(eOperationType)4, (eCalculateGlobals)0, (eStage)8> --- Reduced from maximum 1024
[  ]    ==== :    32x4    | InteriorExecutor<(eOperationType)4, (eCalculateGlobals)0, (eStage)9> --- Reduced from maximum 1024
[  ]    ==== :    32x4    | InteriorExecutor<(eOperationType)4, (eCalculateGlobals)1, (eStage)0> --- Reduced from maximum 1024
[  ]    ==== :    32x4    | InteriorExecutor<(eOperationType)4, (eCalculateGlobals)1, (eStage)1> --- Reduced from maximum 1024
[  ]    ==== :    32x4    | InteriorExecutor<(eOperationType)4, (eCalculateGlobals)1, (eStage)2> --- Reduced from maximum 1024
[  ]    ==== :    32x4    | InteriorExecutor<(eOperationType)4, (eCalculateGlobals)1, (eStage)3> --- Reduced from maximum 1024
[  ]    ==== :    32x4    | InteriorExecutor<(eOperationType)4, (eCalculateGlobals)1, (eStage)4> --- Reduced from maximum 1024
[  ]    ==== :    32x4    | InteriorExecutor<(eOperationType)4, (eCalculateGlobals)1, (eStage)5> --- Reduced from maximum 1024
[  ]    ==== :    32x4    | InteriorExecutor<(eOperationType)4, (eCalculateGlobals)1, (eStage)6> --- Reduced from maximum 1024
[  ]    ==== :    32x4    | InteriorExecutor<(eOperationType)4, (eCalculateGlobals)1, (eStage)7> --- Reduced from maximum 1024
[  ]    ==== :    32x4    | InteriorExecutor<(eOperationType)4, (eCalculateGlobals)1, (eStage)8> --- Reduced from maximum 1024
[  ]    ==== :    32x4    | InteriorExecutor<(eOperationType)4, (eCalculateGlobals)1, (eStage)9> --- Reduced from maximum 1024
[  ]    ==== :    32x4    | InteriorExecutor<(eOperationType)4, (eCalculateGlobals)2, (eStage)0> --- Reduced from maximum 1024
[  ]    ==== :    32x4    | InteriorExecutor<(eOperationType)4, (eCalculateGlobals)2, (eStage)1> --- Reduced from maximum 1024
[  ]    ==== :    32x4    | InteriorExecutor<(eOperationType)4, (eCalculateGlobals)2, (eStage)2> --- Reduced from maximum 1024
[  ]    ==== :    32x4    | InteriorExecutor<(eOperationType)4, (eCalculateGlobals)2, (eStage)3> --- Reduced from maximum 1024
[  ]    ==== :    32x4    | InteriorExecutor<(eOperationType)4, (eCalculateGlobals)2, (eStage)4> --- Reduced from maximum 1024
[  ]    ==== :    32x4    | InteriorExecutor<(eOperationType)4, (eCalculateGlobals)2, (eStage)5> --- Reduced from maximum 1024
[  ]    ==== :    32x4    | InteriorExecutor<(eOperationType)4, (eCalculateGlobals)2, (eStage)6> --- Reduced from maximum 1024
[  ]    ==== :    32x4    | InteriorExecutor<(eOperationType)4, (eCalculateGlobals)2, (eStage)7> --- Reduced from maximum 1024
[  ]    ==== :    32x4    | InteriorExecutor<(eOperationType)4, (eCalculateGlobals)2, (eStage)8> --- Reduced from maximum 1024
[  ]    ==== :    32x4    | InteriorExecutor<(eOperationType)4, (eCalculateGlobals)2, (eStage)9> --- Reduced from maximum 1024
[ 0] warning ! No "Units" element in config file
[  ]    ==== : Mesh size in config file: 128x96x128
[  ]    ---- : Global lattice size: 128x96x128
[  ]    ==== : Max region size: 1572864. Mesh size 1572864. Overhead:  0%
[  ]    ---- : Local lattice size: 128x96x128
[  ]    #### : [0] Cumulative allocation of 1850564608 b (1.9 GB)
[  ]    ---- : Creating geom size:1572864
[  ]    #### : Setting output path to: case
[  ]    #### : Setting output path to: /mnt/8A0E24070E23EAC1/runs/tclb_flat_wall_cap_stage7b_low_angle_20260612/cap_theta030_wall020/output/case
[  ]    ---- : loading geometry ...
[  ]    ---- : overwriting all flags
[  ]    ---- : Setting number of zones to 3
[  ]    ---- : Setting Density_h to 1 (1.000000)
[  ]    ---- : Setting Density_l to 0.001 (0.001000)
[  ]    ---- : Setting Viscosity_h to 0.09 (0.090000)
[  ]    ---- : Setting Viscosity_l to 0.1 (0.100000)
[  ]    ---- : Setting tauUpdate to 3 (3.000000)
[  ]    ---- : Setting sigma to 5e-05 (0.000050)
[  ]    ---- : Setting M to 0.1 (0.100000)
[  ]    ---- : Setting IntWidth to 6 (6.000000)
[  ]    ---- : Setting Radius to 0 (0.000000)
[  ]    ---- : Setting BubbleType to 1 (1.000000)
[  ]    ---- : Setting CapInit to 1 (1.000000)
[  ]    ---- : Setting CapInitRadius to 102.4368595766759 (102.436860)
[  ]    ---- : Setting CapInitTheta to 0.5235987755982988 (0.523599)
[  ]    ---- : Setting CapInitCenterX to 64 (64.000000)
[  ]    ---- : Setting CapInitCenterY to -88.71292267730063 (-88.712923)
[  ]    ---- : Setting CapInitCenterZ to 64 (64.000000)
[  ]    ---- : Setting VelocityX in zone  (-1) to 0.0 (0.000000)
[  ]    ---- : Setting VelocityY in zone  (-1) to 0.0 (0.000000)
[  ]    ---- : Setting VelocityZ in zone  (-1) to 0.0 (0.000000)
[  ]    ---- : Setting GravitationX to 0.0 (0.000000)
[  ]    ---- : Setting GravitationY to 0.0 (0.000000)
[  ]    ---- : Setting GravitationZ to 0.0 (0.000000)
[  ]    ---- : Setting BuoyancyX to 0.0 (0.000000)
[  ]    ---- : Setting BuoyancyY to 0.0 (0.000000)
[  ]    ---- : Setting BuoyancyZ to 0.0 (0.000000)
[  ]    ---- : Setting radAngle in zone  (-1) to 90d (1.570796)
[ 0] WARNING ! Zone-specific settings in zone 0 were overwritten from 1.570796 to 1.570796
[  ]    ---- : Setting radAngle in zone OuterDomain (1) to 90d (1.570796)
[  ]    ---- : Setting radAngle in zone FlatLowerY (2) to 20d (0.349066)
[  ]    ---- : Setting minGradient to 1e-08 (0.000000)
[  ]    ---- : Setting Stage7SignedMode to 3 (3.000000)
[  ]    ---- : Setting Stage7DeltaQScale to 1 (1.000000)
[  ]    ---- : Setting Stage7DeltaQAbsCap to 6 (6.000000)
[  ]    ---- : Setting Stage7DenomFloor to 0.05 (0.050000)
[  ]    ---- : Setting Stage7ActiveCMin to 0.02 (0.020000)
[  ]    ---- : Setting Stage7ActiveGradMin to 1e-06 (0.000001)
[  ]    ---- : Setting Stage7ActiveTangentMin to 1e-08 (0.000000)
[  ]    ---- : Setting Stage7RelaxationTau to 1 (1.000000)
[  ]    ---- : Initializing Lattice ...
[  ]    121.9 MLBUps    140.66 GB/s [====================]  0s
[  ]    ---- : Callback VTK with no Iterations attribute
[  ]    ---- :        0 it writing vtk
[  ]    ---- : Setting callback Log at 1000.000000 iterations
[  ]    ---- : Adding Log to the solver hands
[  ]    ---- : Setting callback Failcheck at 1000.000000 iterations
[  ]    ---- : Adding Failcheck to the solver hands
[  ]    ---- : Setting action Solve at 50000.000000 iterations
[  ]    ---- : Setting callback VTK at 10000.000000 iterations
[  ]    ---- : Adding VTK to the solver hands
[  ]    ---- : Setting callback Log at 1000.000000 iterations
[  ]    ---- : Adding Log to the solver hands
[  ]    ---- : Setting callback Failcheck at 1000.000000 iterations
[  ]    ---- : Adding Failcheck to the solver hands
[  ]     16.5 MLBUps     19.09 GB/s [=                   ]  7s
[  ]    226.7 MLBUps    261.56 GB/s [=                   ]  7s
[  ]    226.7 MLBUps    261.65 GB/s [====                ]  8s
[  ]    227.0 MLBUps    261.91 GB/s [=======             ]  9s
[  ]    227.0 MLBUps    261.97 GB/s [==========          ] 10s
[  ]    227.1 MLBUps    262.06 GB/s [=============       ] 11s
[  ]    227.0 MLBUps    261.94 GB/s [================    ] 12s
[  ]    227.2 MLBUps    262.14 GB/s [=================== ] 13s
[  ]    ---- :    215.8 MLBUps    248.98 GB/s [====================]
[  ]    224.7 MLBUps    259.34 GB/s [=                   ]  0s
[  ]    227.1 MLBUps    262.03 GB/s [====                ]  1s
[  ]    227.2 MLBUps    262.15 GB/s [=======             ]  2s
[  ]    227.2 MLBUps    262.20 GB/s [==========          ]  3s
[  ]    227.3 MLBUps    262.26 GB/s [============        ]  4s
[  ]    227.5 MLBUps    262.50 GB/s [===============     ]  5s
[  ]    227.5 MLBUps    262.52 GB/s [==================  ]  6s
[  ]    ---- :    219.0 MLBUps    252.78 GB/s [====================]
[  ]    227.0 MLBUps    261.95 GB/s [==                  ]  0s
[  ]    227.0 MLBUps    261.98 GB/s [=====               ]  1s
[  ]    226.9 MLBUps    261.89 GB/s [========            ]  2s
[  ]    227.0 MLBUps    261.95 GB/s [===========         ]  3s
[  ]    227.0 MLBUps    262.01 GB/s [==============      ]  4s
[  ]    227.1 MLBUps    262.09 GB/s [=================   ]  5s
[  ]    ---- :    223.1 MLBUps    257.49 GB/s [====================]
[  ]    227.0 MLBUps    262.02 GB/s [==                  ]  0s
[  ]    227.0 MLBUps    261.92 GB/s [=====               ]  1s
[  ]    227.1 MLBUps    262.08 GB/s [========            ]  2s
[  ]    227.0 MLBUps    262.00 GB/s [===========         ]  3s
[  ]    227.2 MLBUps    262.21 GB/s [==============      ]  4s
[  ]    227.1 MLBUps    262.02 GB/s [=================   ]  5s
[  ]    ---- :    223.1 MLBUps    257.41 GB/s [====================]
[  ]    227.0 MLBUps    261.96 GB/s [==                  ]  0s
[  ]    227.1 MLBUps    262.07 GB/s [=====               ]  1s
[  ]    227.1 MLBUps    262.04 GB/s [========            ]  2s
[  ]    227.0 MLBUps    261.97 GB/s [===========         ]  3s
[  ]    227.3 MLBUps    262.26 GB/s [==============      ]  4s
[  ]    227.2 MLBUps    262.20 GB/s [=================   ]  5s
[  ]    ---- :    223.0 MLBUps    257.31 GB/s [====================]
[  ]    227.0 MLBUps    261.97 GB/s [==                  ]  0s
[  ]    227.0 MLBUps    261.94 GB/s [=====               ]  1s
[  ]    227.1 MLBUps    262.12 GB/s [========            ]  2s
[  ]    227.3 MLBUps    262.25 GB/s [===========         ]  3s
[  ]    227.1 MLBUps    262.11 GB/s [==============      ]  4s
[  ]    227.2 MLBUps    262.14 GB/s [=================   ]  5s
[  ]    ---- :    223.1 MLBUps    257.41 GB/s [====================]
[  ]    227.0 MLBUps    261.95 GB/s [==                  ]  0s
[  ]    227.1 MLBUps    262.04 GB/s [=====               ]  1s
[  ]    227.1 MLBUps    262.09 GB/s [========            ]  2s
[  ]    227.0 MLBUps    262.01 GB/s [===========         ]  3s
[  ]    227.2 MLBUps    262.15 GB/s [==============      ]  4s
[  ]    227.0 MLBUps    262.01 GB/s [=================   ]  5s
[  ]    ---- :    223.0 MLBUps    257.33 GB/s [====================]
[  ]    226.9 MLBUps    261.86 GB/s [==                  ]  0s
[  ]    227.1 MLBUps    262.05 GB/s [=====               ]  1s
[  ]    227.1 MLBUps    262.07 GB/s [========            ]  2s
[  ]    227.0 MLBUps    262.01 GB/s [===========         ]  3s
[  ]    227.1 MLBUps    262.04 GB/s [==============      ]  4s
[  ]    227.1 MLBUps    262.08 GB/s [=================   ]  5s
[  ]    ---- :    223.1 MLBUps    257.41 GB/s [====================]
[  ]    226.9 MLBUps    261.87 GB/s [==                  ]  0s
[  ]    227.2 MLBUps    262.22 GB/s [=====               ]  1s
[  ]    227.0 MLBUps    262.01 GB/s [========            ]  2s
[  ]    227.2 MLBUps    262.18 GB/s [===========         ]  3s
[  ]    227.1 MLBUps    262.08 GB/s [==============      ]  4s
[  ]    226.9 MLBUps    261.84 GB/s [=================   ]  5s
[  ]    ---- :    222.0 MLBUps    256.22 GB/s [====================]
[  ]    226.8 MLBUps    261.69 GB/s [==                  ]  0s
[  ]    227.2 MLBUps    262.20 GB/s [=====               ]  1s
[  ]    227.0 MLBUps    261.99 GB/s [========            ]  2s
[  ]    227.1 MLBUps    262.11 GB/s [===========         ]  3s
[  ]    227.0 MLBUps    262.01 GB/s [==============      ]  4s
[  ]    227.1 MLBUps    262.05 GB/s [=================   ]  5s
[  ]    ---- :    223.1 MLBUps    257.40 GB/s [====================]
[  ]    ---- :    10000 it writing vtk
[  ]     31.2 MLBUps     35.97 GB/s [==                  ]  7s
[  ]    227.9 MLBUps    262.99 GB/s [===                 ]  7s
[  ]    228.2 MLBUps    263.36 GB/s [======              ]  8s
[  ]    228.2 MLBUps    263.33 GB/s [=========           ]  9s
[  ]    228.2 MLBUps    263.37 GB/s [============        ] 10s
[  ]    228.1 MLBUps    263.24 GB/s [==============      ] 11s
[  ]    228.1 MLBUps    263.24 GB/s [=================   ] 12s
[  ]    ---- :    222.7 MLBUps    257.00 GB/s [====================]
[  ]    227.8 MLBUps    262.91 GB/s [=                   ]  0s
[  ]    228.3 MLBUps    263.41 GB/s [====                ]  1s
[  ]    228.1 MLBUps    263.27 GB/s [=======             ]  2s
[  ]    228.1 MLBUps    263.21 GB/s [==========          ]  3s
[  ]    228.1 MLBUps    263.27 GB/s [=============       ]  4s
[  ]    228.2 MLBUps    263.33 GB/s [================    ]  5s
[  ]    228.1 MLBUps    263.28 GB/s [=================== ]  6s
[  ]    ---- :    217.2 MLBUps    250.69 GB/s [====================]
[  ]    228.0 MLBUps    263.11 GB/s [==                  ]  0s
[  ]    228.2 MLBUps    263.29 GB/s [=====               ]  1s
[  ]    228.0 MLBUps    263.14 GB/s [========            ]  2s
[  ]    228.1 MLBUps    263.18 GB/s [===========         ]  3s
[  ]    228.1 MLBUps    263.27 GB/s [==============      ]  4s
[  ]    228.1 MLBUps    263.25 GB/s [=================   ]  5s
[  ]    ---- :    223.8 MLBUps    258.23 GB/s [====================]
[  ]    228.2 MLBUps    263.33 GB/s [==                  ]  0s
[  ]    228.3 MLBUps    263.48 GB/s [=====               ]  1s
[  ]    228.1 MLBUps    263.21 GB/s [========            ]  3s
[  ]    228.1 MLBUps    263.20 GB/s [===========         ]  4s
[  ]    228.0 MLBUps    263.17 GB/s [==============      ]  5s
[  ]    228.1 MLBUps    263.28 GB/s [=================   ]  6s
[  ]    ---- :    223.8 MLBUps    258.25 GB/s [====================]
[  ]    227.9 MLBUps    263.01 GB/s [==                  ]  0s
[  ]    228.1 MLBUps    263.18 GB/s [=====               ]  1s
[  ]    228.1 MLBUps    263.22 GB/s [========            ]  2s
[  ]    228.1 MLBUps    263.26 GB/s [===========         ]  3s
[  ]    228.2 MLBUps    263.31 GB/s [==============      ]  4s
[  ]    228.1 MLBUps    263.25 GB/s [=================   ]  5s
[  ]    ---- :    223.9 MLBUps    258.34 GB/s [====================]
[  ]    228.1 MLBUps    263.22 GB/s [==                  ]  0s
[  ]    228.2 MLBUps    263.32 GB/s [=====               ]  1s
[  ]    228.1 MLBUps    263.19 GB/s [========            ]  3s
[  ]    228.0 MLBUps    263.09 GB/s [===========         ]  3s
[  ]    228.0 MLBUps    263.15 GB/s [==============      ]  4s
[  ]    228.0 MLBUps    263.14 GB/s [=================   ]  5s
[  ]    ---- :    223.8 MLBUps    258.30 GB/s [====================]
[  ]    228.1 MLBUps    263.21 GB/s [==                  ]  0s
[  ]    228.1 MLBUps    263.25 GB/s [=====               ]  1s
[  ]    228.1 MLBUps    263.24 GB/s [========            ]  3s
[  ]    228.1 MLBUps    263.17 GB/s [===========         ]  4s
[  ]    228.1 MLBUps    263.24 GB/s [==============      ]  5s
[  ]    228.0 MLBUps    263.13 GB/s [=================   ]  6s
[  ]    ---- :    223.8 MLBUps    258.25 GB/s [====================]
[  ]    228.0 MLBUps    263.13 GB/s [==                  ]  0s
[  ]    228.1 MLBUps    263.23 GB/s [=====               ]  1s
[  ]    228.2 MLBUps    263.38 GB/s [========            ]  2s
[  ]    228.3 MLBUps    263.42 GB/s [===========         ]  3s
[  ]    228.1 MLBUps    263.25 GB/s [==============      ]  5s
[  ]    228.2 MLBUps    263.31 GB/s [=================   ]  6s
[  ]    ---- :    223.7 MLBUps    258.16 GB/s [====================]
[  ]    228.1 MLBUps    263.23 GB/s [==                  ]  0s
[  ]    228.1 MLBUps    263.24 GB/s [=====               ]  1s
[  ]    228.1 MLBUps    263.24 GB/s [========            ]  3s
[  ]    228.2 MLBUps    263.37 GB/s [===========         ]  4s
[  ]    228.2 MLBUps    263.36 GB/s [==============      ]  5s
[  ]    228.0 MLBUps    263.11 GB/s [=================   ]  6s
[  ]    ---- :    223.8 MLBUps    258.24 GB/s [====================]
[  ]    228.0 MLBUps    263.14 GB/s [==                  ]  0s
[  ]    228.1 MLBUps    263.26 GB/s [=====               ]  1s
[  ]    227.2 MLBUps    262.14 GB/s [========            ]  2s
[  ]    226.8 MLBUps    261.71 GB/s [===========         ]  3s
[  ]    223.6 MLBUps    257.98 GB/s [==============      ]  5s
[  ]    223.0 MLBUps    257.37 GB/s [=================   ]  6s
[  ]    ---- :    219.3 MLBUps    253.04 GB/s [====================]
[  ]    ---- :    20000 it writing vtk
[  ]     29.0 MLBUps     33.45 GB/s [==                  ]  7s
[  ]    227.3 MLBUps    262.34 GB/s [===                 ]  7s
[  ]    227.2 MLBUps    262.22 GB/s [======              ]  8s
[  ]    227.5 MLBUps    262.59 GB/s [=========           ]  9s
[  ]    227.6 MLBUps    262.61 GB/s [===========         ] 10s
[  ]    227.4 MLBUps    262.44 GB/s [==============      ] 11s
[  ]    227.2 MLBUps    262.24 GB/s [=================   ] 12s
[  ]    ---- :    222.5 MLBUps    256.74 GB/s [====================]
[  ]    227.0 MLBUps    261.91 GB/s [=                   ]  0s
[  ]    227.3 MLBUps    262.26 GB/s [====                ]  1s
[  ]    227.2 MLBUps    262.18 GB/s [=======             ]  2s
[  ]    227.0 MLBUps    262.00 GB/s [==========          ]  3s
[  ]    227.2 MLBUps    262.17 GB/s [============        ]  4s
[  ]    227.1 MLBUps    262.06 GB/s [===============     ]  5s
[  ]    227.1 MLBUps    262.05 GB/s [==================  ]  6s
[  ]    ---- :    218.9 MLBUps    252.60 GB/s [====================]
[  ]    226.9 MLBUps    261.90 GB/s [==                  ]  0s
[  ]    226.6 MLBUps    261.47 GB/s [=====               ]  1s
[  ]    224.4 MLBUps    258.99 GB/s [========            ]  3s
[  ]    224.5 MLBUps    259.09 GB/s [===========         ]  4s
[  ]    224.7 MLBUps    259.30 GB/s [==============      ]  4s
[  ]    224.5 MLBUps    259.08 GB/s [=================   ]  5s
[  ]    ---- :    220.5 MLBUps    254.50 GB/s [====================]
[  ]    224.5 MLBUps    259.03 GB/s [==                  ]  0s
[  ]    218.9 MLBUps    252.56 GB/s [=====               ]  2s
[  ]    219.0 MLBUps    252.76 GB/s [========            ]  3s
[  ]    218.9 MLBUps    252.64 GB/s [===========         ]  4s
[  ]    218.9 MLBUps    252.62 GB/s [==============      ]  5s
[  ]    218.9 MLBUps    252.64 GB/s [================    ]  6s
[  ]    219.1 MLBUps    252.85 GB/s [=================== ]  7s
[  ]    ---- :    190.4 MLBUps    219.72 GB/s [====================]
[  ]    218.8 MLBUps    252.47 GB/s [==                  ]  1s
[  ]    219.0 MLBUps    252.73 GB/s [=====               ]  2s
[  ]    219.1 MLBUps    252.85 GB/s [========            ]  3s
[  ]    218.9 MLBUps    252.58 GB/s [===========         ]  4s
[  ]    219.0 MLBUps    252.77 GB/s [==============      ]  5s
[  ]    219.1 MLBUps    252.88 GB/s [================    ]  6s
[  ]    218.7 MLBUps    252.37 GB/s [=================== ]  7s
[  ]    ---- :    195.5 MLBUps    225.62 GB/s [====================]
[  ]    219.0 MLBUps    252.74 GB/s [==                  ]  0s
[  ]    219.0 MLBUps    252.70 GB/s [=====               ]  1s
[  ]    219.0 MLBUps    252.69 GB/s [========            ]  3s
[  ]    219.0 MLBUps    252.76 GB/s [===========         ]  4s
[  ]    219.3 MLBUps    253.07 GB/s [=============       ]  5s
[  ]    218.8 MLBUps    252.51 GB/s [================    ]  6s
[  ]    218.9 MLBUps    252.64 GB/s [=================== ]  7s
[  ]    ---- :    198.1 MLBUps    228.57 GB/s [====================]
[  ]    218.8 MLBUps    252.53 GB/s [==                  ]  0s
[  ]    218.7 MLBUps    252.39 GB/s [=====               ]  1s
[  ]    219.2 MLBUps    252.95 GB/s [========            ]  3s
[  ]    218.9 MLBUps    252.62 GB/s [===========         ]  4s
[  ]    221.4 MLBUps    255.53 GB/s [=============       ]  5s
[  ]    221.1 MLBUps    255.18 GB/s [================    ]  5s
[  ]    221.8 MLBUps    255.95 GB/s [=================== ]  6s
[  ]    ---- :    199.4 MLBUps    230.07 GB/s [====================]
[  ]    221.6 MLBUps    255.74 GB/s [==                  ]  0s
[  ]    221.6 MLBUps    255.73 GB/s [=====               ]  1s
[  ]    221.1 MLBUps    255.12 GB/s [========            ]  2s
[  ]    220.9 MLBUps    254.90 GB/s [===========         ]  3s
[  ]    220.9 MLBUps    254.95 GB/s [==============      ]  4s
[  ]    220.9 MLBUps    254.89 GB/s [================    ]  5s
[  ]    221.3 MLBUps    255.36 GB/s [=================== ]  6s
[  ]    ---- :    196.1 MLBUps    226.33 GB/s [====================]
[  ]    221.0 MLBUps    255.07 GB/s [==                  ]  0s
[  ]    220.8 MLBUps    254.82 GB/s [=====               ]  1s
[  ]    220.8 MLBUps    254.77 GB/s [========            ]  2s
[  ]    221.0 MLBUps    255.02 GB/s [===========         ]  3s
[  ]    220.3 MLBUps    254.27 GB/s [==============      ]  4s
[  ]    221.0 MLBUps    255.03 GB/s [================    ]  5s
[  ]    221.0 MLBUps    255.03 GB/s [=================== ]  6s
[  ]    ---- :    197.4 MLBUps    227.74 GB/s [====================]
[  ]    220.8 MLBUps    254.75 GB/s [==                  ]  0s
[  ]    221.0 MLBUps    254.98 GB/s [=====               ]  1s
[  ]    221.0 MLBUps    255.01 GB/s [========            ]  2s
[  ]    220.7 MLBUps    254.70 GB/s [===========         ]  3s
[  ]    220.7 MLBUps    254.64 GB/s [==============      ]  4s
[  ]    220.6 MLBUps    254.61 GB/s [================    ]  5s
[  ]    221.0 MLBUps    255.04 GB/s [=================== ]  6s
[  ]    ---- :    196.8 MLBUps    227.14 GB/s [====================]
[  ]    ---- :    30000 it writing vtk
[  ]     30.6 MLBUps     35.33 GB/s [==                  ]  7s
[  ]    227.4 MLBUps    262.42 GB/s [===                 ]  7s
[  ]    227.2 MLBUps    262.17 GB/s [======              ]  8s
[  ]    227.1 MLBUps    262.09 GB/s [========            ]  9s
[  ]    227.2 MLBUps    262.19 GB/s [===========         ] 10s
[  ]    227.0 MLBUps    261.96 GB/s [==============      ] 11s
[  ]    227.1 MLBUps    262.07 GB/s [=================   ] 12s
[  ]    ---- :    222.5 MLBUps    256.75 GB/s [====================]
[  ]    226.8 MLBUps    261.67 GB/s [=                   ]  0s
[  ]    227.1 MLBUps    262.07 GB/s [====                ]  1s
[  ]    227.1 MLBUps    262.09 GB/s [=======             ]  2s
[  ]    227.2 MLBUps    262.22 GB/s [==========          ]  3s
[  ]    227.1 MLBUps    262.13 GB/s [=============       ]  4s
[  ]    227.3 MLBUps    262.25 GB/s [===============     ]  5s
[  ]    225.2 MLBUps    259.89 GB/s [==================  ]  6s
[  ]    ---- :    216.2 MLBUps    249.51 GB/s [====================]
[  ]    224.5 MLBUps    259.03 GB/s [==                  ]  1s
[  ]    224.6 MLBUps    259.20 GB/s [=====               ]  2s
[  ]    224.6 MLBUps    259.20 GB/s [========            ]  2s
[  ]    225.0 MLBUps    259.68 GB/s [===========         ]  3s
[  ]    224.7 MLBUps    259.31 GB/s [==============      ]  4s
[  ]    224.2 MLBUps    258.75 GB/s [=================   ]  5s
[  ]    219.5 MLBUps    253.26 GB/s [=================== ]  7s
[  ]    ---- :     99.5 MLBUps    114.87 GB/s [====================]
[  ]    219.8 MLBUps    253.68 GB/s [==                  ]  1s
[  ]    219.8 MLBUps    253.62 GB/s [=====               ]  2s
[  ]    219.6 MLBUps    253.38 GB/s [========            ]  3s
[  ]    219.8 MLBUps    253.65 GB/s [===========         ]  4s
[  ]    219.4 MLBUps    253.24 GB/s [==============      ]  5s
[  ]    219.3 MLBUps    253.08 GB/s [================    ]  6s
[  ]    219.5 MLBUps    253.25 GB/s [=================== ]  7s
[  ]    ---- :    194.0 MLBUps    223.89 GB/s [====================]
[  ]    219.7 MLBUps    253.50 GB/s [==                  ]  1s
[  ]    219.5 MLBUps    253.35 GB/s [=====               ]  2s
[  ]    219.3 MLBUps    253.07 GB/s [========            ]  3s
[  ]    219.5 MLBUps    253.36 GB/s [===========         ]  4s
[  ]    219.7 MLBUps    253.50 GB/s [==============      ]  5s
[  ]    219.8 MLBUps    253.68 GB/s [================    ]  6s
[  ]    219.1 MLBUps    252.85 GB/s [=================== ]  7s
[  ]    ---- :    196.1 MLBUps    226.24 GB/s [====================]
[  ]    219.4 MLBUps    253.23 GB/s [==                  ]  1s
[  ]    219.7 MLBUps    253.50 GB/s [=====               ]  2s
[  ]    219.5 MLBUps    253.32 GB/s [========            ]  3s
[  ]    219.6 MLBUps    253.44 GB/s [===========         ]  4s
[  ]    219.3 MLBUps    253.13 GB/s [==============      ]  5s
[  ]    219.4 MLBUps    253.16 GB/s [================    ]  6s
[  ]    219.4 MLBUps    253.24 GB/s [=================== ]  7s
[  ]    ---- :    196.0 MLBUps    226.21 GB/s [====================]
[  ]    219.4 MLBUps    253.15 GB/s [==                  ]  1s
[  ]    219.4 MLBUps    253.20 GB/s [=====               ]  2s
[  ]    219.7 MLBUps    253.49 GB/s [========            ]  3s
[  ]    219.9 MLBUps    253.74 GB/s [===========         ]  4s
[  ]    219.7 MLBUps    253.58 GB/s [==============      ]  5s
[  ]    219.2 MLBUps    253.01 GB/s [================    ]  6s
[  ]    212.8 MLBUps    245.53 GB/s [=================== ]  7s
[  ]    ---- :    190.4 MLBUps    219.72 GB/s [====================]
[  ]    212.9 MLBUps    245.73 GB/s [==                  ]  1s
[  ]    212.6 MLBUps    245.35 GB/s [=====               ]  2s
[  ]    212.8 MLBUps    245.58 GB/s [========            ]  3s
[  ]    216.0 MLBUps    249.28 GB/s [==========          ]  4s
[  ]    215.9 MLBUps    249.15 GB/s [=============       ]  5s
[  ]    216.2 MLBUps    249.52 GB/s [================    ]  6s
[  ]    215.9 MLBUps    249.19 GB/s [=================== ]  7s
[  ]    ---- :    203.7 MLBUps    235.03 GB/s [====================]
[  ]    216.1 MLBUps    249.35 GB/s [==                  ]  0s
[  ]    215.9 MLBUps    249.17 GB/s [=====               ]  1s
[  ]    215.8 MLBUps    249.09 GB/s [========            ]  3s
[  ]    216.0 MLBUps    249.26 GB/s [===========         ]  4s
[  ]    215.9 MLBUps    249.15 GB/s [=============       ]  5s
[  ]    218.1 MLBUps    251.68 GB/s [================    ]  6s
[  ]    218.2 MLBUps    251.82 GB/s [=================== ]  7s
[  ]    ---- :    204.9 MLBUps    236.41 GB/s [====================]
[  ]    218.4 MLBUps    252.08 GB/s [==                  ]  0s
[  ]    218.4 MLBUps    252.06 GB/s [=====               ]  1s
[  ]    218.3 MLBUps    251.87 GB/s [========            ]  2s
[  ]    218.3 MLBUps    251.96 GB/s [===========         ]  3s
[  ]    218.5 MLBUps    252.13 GB/s [=============       ]  4s
[  ]    218.4 MLBUps    252.09 GB/s [================    ]  5s
[  ]    218.7 MLBUps    252.39 GB/s [=================== ]  6s
[  ]    ---- :    203.9 MLBUps    235.27 GB/s [====================]
[  ]    ---- :    40000 it writing vtk
[  ]     32.7 MLBUps     37.69 GB/s [==                  ]  6s
[  ]    228.3 MLBUps    263.49 GB/s [===                 ]  6s
[  ]    228.2 MLBUps    263.32 GB/s [======              ]  7s
[  ]    228.2 MLBUps    263.34 GB/s [=========           ]  8s
[  ]    228.2 MLBUps    263.33 GB/s [===========         ]  9s
[  ]    228.1 MLBUps    263.26 GB/s [==============      ] 10s
[  ]    228.1 MLBUps    263.24 GB/s [=================   ] 11s
[  ]    ---- :    221.3 MLBUps    255.37 GB/s [====================]
[  ]    225.4 MLBUps    260.06 GB/s [=                   ]  0s
[  ]    225.8 MLBUps    260.58 GB/s [====                ]  1s
[  ]    225.7 MLBUps    260.44 GB/s [=======             ]  2s
[  ]    224.3 MLBUps    258.87 GB/s [==========          ]  3s
[  ]    221.9 MLBUps    256.04 GB/s [=============       ]  4s
[  ]    222.1 MLBUps    256.27 GB/s [===============     ]  5s
[  ]    222.6 MLBUps    256.84 GB/s [==================  ]  6s
[  ]    ---- :    213.5 MLBUps    246.34 GB/s [====================]
[  ]    221.8 MLBUps    256.01 GB/s [==                  ]  1s
[  ]    221.8 MLBUps    255.91 GB/s [=====               ]  2s
[  ]    222.1 MLBUps    256.29 GB/s [========            ]  3s
[  ]    216.4 MLBUps    249.70 GB/s [===========         ]  4s
[  ]    216.2 MLBUps    249.53 GB/s [==============      ]  5s
[  ]    216.1 MLBUps    249.43 GB/s [================    ]  6s
[  ]    216.3 MLBUps    249.61 GB/s [=================== ]  7s
[  ]    ---- :    192.9 MLBUps    222.64 GB/s [====================]
[  ]    216.4 MLBUps    249.67 GB/s [==                  ]  1s
[  ]    216.4 MLBUps    249.71 GB/s [=====               ]  2s
[  ]    216.1 MLBUps    249.34 GB/s [========            ]  3s
[  ]    216.4 MLBUps    249.69 GB/s [===========         ]  4s
[  ]    216.3 MLBUps    249.62 GB/s [=============       ]  5s
[  ]    216.2 MLBUps    249.44 GB/s [================    ]  6s
[  ]    216.4 MLBUps    249.77 GB/s [=================== ]  7s
[  ]    ---- :    201.6 MLBUps    232.68 GB/s [====================]
[  ]    216.3 MLBUps    249.62 GB/s [==                  ]  1s
[  ]    216.1 MLBUps    249.43 GB/s [=====               ]  2s
[  ]    216.2 MLBUps    249.47 GB/s [========            ]  3s
[  ]    216.3 MLBUps    249.67 GB/s [===========         ]  4s
[  ]    216.3 MLBUps    249.63 GB/s [=============       ]  5s
[  ]    216.4 MLBUps    249.70 GB/s [================    ]  6s
[  ]    216.3 MLBUps    249.58 GB/s [=================== ]  7s
[  ]    ---- :    202.0 MLBUps    233.07 GB/s [====================]
[  ]    216.2 MLBUps    249.50 GB/s [==                  ]  1s
[  ]    217.0 MLBUps    250.41 GB/s [=====               ]  2s
[  ]    219.2 MLBUps    252.92 GB/s [========            ]  2s
[  ]    219.1 MLBUps    252.89 GB/s [===========         ]  3s
[  ]    219.0 MLBUps    252.75 GB/s [=============       ]  5s
[  ]    219.3 MLBUps    253.04 GB/s [================    ]  6s
[  ]    219.1 MLBUps    252.86 GB/s [=================== ]  7s
[  ]    ---- :    200.5 MLBUps    231.35 GB/s [====================]
[  ]    219.2 MLBUps    252.95 GB/s [==                  ]  0s
[  ]    219.0 MLBUps    252.73 GB/s [=====               ]  1s
[  ]    218.9 MLBUps    252.59 GB/s [========            ]  3s
[  ]    219.1 MLBUps    252.90 GB/s [===========         ]  4s
[  ]    219.0 MLBUps    252.77 GB/s [=============       ]  5s
[  ]    218.7 MLBUps    252.34 GB/s [================    ]  6s
[  ]    218.8 MLBUps    252.46 GB/s [=================== ]  7s
[  ]    ---- :    197.2 MLBUps    227.52 GB/s [====================]
[  ]    218.8 MLBUps    252.46 GB/s [==                  ]  0s
[  ]    219.1 MLBUps    252.79 GB/s [=====               ]  1s
[  ]    219.1 MLBUps    252.84 GB/s [========            ]  3s
[  ]    219.2 MLBUps    252.91 GB/s [===========         ]  4s
[  ]    217.1 MLBUps    250.48 GB/s [=============       ]  5s
[  ]    211.4 MLBUps    243.98 GB/s [================    ]  6s
[  ]    211.3 MLBUps    243.81 GB/s [=================== ]  7s
[  ]    ---- :    196.1 MLBUps    226.32 GB/s [====================]
[  ]    211.3 MLBUps    243.85 GB/s [==                  ]  1s
[  ]    211.3 MLBUps    243.85 GB/s [=====               ]  2s
[  ]    211.6 MLBUps    244.23 GB/s [========            ]  3s
[  ]    211.3 MLBUps    243.90 GB/s [==========          ]  4s
[  ]    211.1 MLBUps    243.64 GB/s [=============       ]  5s
[  ]    213.2 MLBUps    246.07 GB/s [================    ]  6s
[  ]    215.0 MLBUps    248.10 GB/s [==================  ]  6s
[  ]    ---- :    205.6 MLBUps    237.24 GB/s [====================]
[  ]    214.7 MLBUps    247.79 GB/s [==                  ]  0s
[  ]    214.5 MLBUps    247.58 GB/s [=====               ]  1s
[  ]    215.0 MLBUps    248.09 GB/s [========            ]  2s
[  ]    214.8 MLBUps    247.84 GB/s [==========          ]  3s
[  ]    214.9 MLBUps    248.02 GB/s [=============       ]  4s
[  ]    214.7 MLBUps    247.76 GB/s [================    ]  5s
[  ]    214.9 MLBUps    247.95 GB/s [=================== ]  6s
[  ]    ---- :    205.2 MLBUps    236.75 GB/s [====================]
[  ]    ---- :    50000 it writing vtk
[  ]    ---- : Total duration: 391.239987 s = 6.520666 min = 0.108678 h
