{
  "status": "exploratory_not_validation",
  "root": "/media/yuan/8A0E24070E23EAC1/runs/tclb_pre2025_sphere_tableII_q27_geometric_theta030_radAngle011_param_sensitivity_200k_20260610/M0p2_W8/theta030",
  "theta_deg": 30,
  "frame_count": 11,
  "first_step": 0,
  "final_step": 200000,
  "final": {
    "status": "exploratory_not_validation",
    "step": 200000,
    "file": "/media/yuan/8A0E24070E23EAC1/runs/tclb_pre2025_sphere_tableII_q27_geometric_theta030_radAngle011_param_sensitivity_200k_20260610/M0p2_W8/theta030/output/case_VTK_P00_00200000.vti",
    "dims": "96x80x140",
    "phase_nonfinite_count": 0,
    "phase_min": 2.5438817072313726e-08,
    "phase_max": 1.254020767404223,
    "phase_sum": 124290.40954416516,
    "phase_clipped_sum": 124050.2715921693,
    "fluid_cell_count": 954036,
    "fluid_phase_sum": 59617.2165207908,
    "fluid_phase_clipped_sum": 59617.2165207908,
    "boundary_cell_count": 121164,
    "wall_phase_sum": 64673.19302337435,
    "top_interface_z_lu": 71.03978270883628,
    "measured_Hmax_lu": 47.039782708836285,
    "measured_H1_minus_H2_lu": 23.039782708836285,
    "fit_contact_angle_deg": 42.95139339680901,
    "fit_contact_angle_x_slice_deg": 42.86857607562693,
    "fit_contact_angle_y_slice_deg": 43.03421071799109,
    "fit_x_point_count": 150,
    "fit_y_point_count": 150,
    "u_nonfinite_count": 0,
    "u_max_fluid": 0.00013863590813117623,
    "u_max_interface_band": 9.6777567831016e-05,
    "u_max_contact_interface_band": 9.677756694747154e-05,
    "mach_max_fluid": 0.00024012443663664848,
    "mach_max_interface_band": 0.00016762366451626308,
    "rho_nonfinite_count": 0,
    "rho_sum": 60511.63530426999,
    "fluid_rho_sum": 60511.63530426998,
    "target_expected_Hmax_lu": 43.61373202227981,
    "target_expected_H1_minus_H2_lu": 19.613732022279812,
    "target_liquid_spherical_cap_radius_lu": 29.045304538144578,
    "target_liquid_solid_center_distance_lu": 14.568427484135233,
    "Hmax_relative_error_percent": 7.855440311336564,
    "H1_minus_H2_relative_error_percent": 17.46761239862317,
    "phase_sum_rel_change": 0.13108599743901295,
    "phase_clipped_sum_rel_change": 0.1291007218592591,
    "fluid_phase_sum_rel_change": -0.03226817036461518,
    "fluid_phase_clipped_sum_rel_change": -0.03226817036461518,
    "rho_sum_rel_change": -0.03177559096917438,
    "fluid_rho_sum_rel_change": -0.03177559096917529
  },
  "fit_payload_final": {
    "x_slice": {
      "slice_axis": "x",
      "fit_point_count": 150,
      "contact_angle_deg": 42.86857607562693,
      "liquid_fit_radius_lu": 26.116965652358605,
      "liquid_fit_center_tangent_lu": 39.50000219222551,
      "liquid_fit_center_z_lu": 42.41335703917032,
      "liquid_solid_center_distance_lu": 18.420144279015368
    },
    "y_slice": {
      "slice_axis": "y",
      "fit_point_count": 150,
      "contact_angle_deg": 43.03421071799109,
      "liquid_fit_radius_lu": 26.08484501796877,
      "liquid_fit_center_tangent_lu": 39.92004862204018,
      "liquid_fit_center_z_lu": 42.47200233332917,
      "liquid_solid_center_distance_lu": 18.472175357151524
    }
  },
  "log_payload": {
    "log_csv": "/media/yuan/8A0E24070E23EAC1/runs/tclb_pre2025_sphere_tableII_q27_geometric_theta030_radAngle011_param_sensitivity_200k_20260610/M0p2_W8/theta030/output/case_Log_P00_00000000.csv",
    "log_final_iteration": 200000.0,
    "log_final_NumSpecialPoints": 392.0,
    "log_final_NumWallBoundaryPoints": 73292.0,
    "log_final_NumBoundaryPoints": 121164.0,
    "log_final_NumFluidCells": 954036.0,
    "log_final_TotalDensity": 60511.641388349,
    "log_final_LiqTotalVelocity": 1.8153565048879,
    "log_final_LiqTotalVelocityX": -0.0088570905669342,
    "log_final_LiqTotalVelocityY": -2.9688572074624e-07,
    "log_final_LiqTotalVelocityZ": -1.5513587169548,
    "log_final_LiqTotalPhase": 36922.720723856,
    "log_max_NumSpecialPoints": 392.0,
    "log_max_NumWallBoundaryPoints": 73292.0,
    "log_max_NumBoundaryPoints": 121164.0
  },
  "max_abs_fluid_phase_sum_rel_change": 0.03226817036461518,
  "max_abs_fluid_phase_clipped_sum_rel_change": 0.03226817036461518,
  "max_abs_rho_sum_rel_change": 0.03177559096917438,
  "max_abs_fluid_rho_sum_rel_change": 0.03177559096917529,
  "max_mach_fluid": 0.0007726763435722583,
  "max_nonfinite_count": 0,
  "claim_limit": "Postprocessing output for TCLB analogue only. Requires read-only audit before any validation_candidate promotion."
}
