MPMD: TCLB: local:0/1 work:0/1 ---  connected to:
[  ]    ---- : Using std::chrono::steady_clock::now() for walltime
[  ]    #### : -------------------------------------------------------------------------
[  ]    #### : -  CLB version:                   ded67cd                               -
[  ]    #### : -        Model: d3q27_pf_velocity_q27_geometric                               -
[  ]    #### : -------------------------------------------------------------------------
[  ]    #### : Setting output path to: case
[  ]    ---- : Discarding 1 comments
[ 0]    ---- : Selecting device 0/1
[  ]    ---- :   Threads  |      Action
[  ]    ==== :    32x4    | BorderExecutor<(eOperationType)0, (eCalculateGlobals)0, (eStage)0> --- Reduced from maximum 1024
[  ]    ==== :    32x4    | BorderExecutor<(eOperationType)0, (eCalculateGlobals)0, (eStage)1> --- Reduced from maximum 384
[  ]    ==== :    32x4    | BorderExecutor<(eOperationType)0, (eCalculateGlobals)0, (eStage)2> --- Reduced from maximum 384
[  ]    ==== :    32x4    | BorderExecutor<(eOperationType)0, (eCalculateGlobals)0, (eStage)3> --- Reduced from maximum 256
[  ]    ==== :    32x4    | BorderExecutor<(eOperationType)0, (eCalculateGlobals)0, (eStage)4> --- Reduced from maximum 1024
[  ]    ==== :    32x4    | BorderExecutor<(eOperationType)0, (eCalculateGlobals)0, (eStage)5> --- Reduced from maximum 512
[  ]    ==== :    32x4    | BorderExecutor<(eOperationType)0, (eCalculateGlobals)0, (eStage)6> --- Reduced from maximum 512
[  ]    ==== :    32x4    | BorderExecutor<(eOperationType)0, (eCalculateGlobals)0, (eStage)7> --- Reduced from maximum 640
[  ]    ==== :    32x4    | BorderExecutor<(eOperationType)0, (eCalculateGlobals)0, (eStage)8> --- Reduced from maximum 640
[  ]    ==== :    32x4    | BorderExecutor<(eOperationType)0, (eCalculateGlobals)0, (eStage)9> --- Reduced from maximum 512
[  ]    ==== :    32x4    | BorderExecutor<(eOperationType)0, (eCalculateGlobals)1, (eStage)0> --- Reduced from maximum 896
[  ]    ==== :    32x4    | BorderExecutor<(eOperationType)0, (eCalculateGlobals)1, (eStage)1> --- Reduced from maximum 384
[  ]    ==== :    32x4    | BorderExecutor<(eOperationType)0, (eCalculateGlobals)1, (eStage)2> --- Reduced from maximum 256
[  ]    ==== :    32x4    | BorderExecutor<(eOperationType)0, (eCalculateGlobals)1, (eStage)3> --- Reduced from maximum 256
[  ]    ==== :    32x4    | BorderExecutor<(eOperationType)0, (eCalculateGlobals)1, (eStage)4> --- Reduced from maximum 1024
[  ]    ==== :    32x4    | BorderExecutor<(eOperationType)0, (eCalculateGlobals)1, (eStage)5> --- Reduced from maximum 512
[  ]    ==== :    32x4    | BorderExecutor<(eOperationType)0, (eCalculateGlobals)1, (eStage)6> --- Reduced from maximum 512
[  ]    ==== :    32x4    | BorderExecutor<(eOperationType)0, (eCalculateGlobals)1, (eStage)7> --- Reduced from maximum 640
[  ]    ==== :    32x4    | BorderExecutor<(eOperationType)0, (eCalculateGlobals)1, (eStage)8> --- Reduced from maximum 640
[  ]    ==== :    32x4    | BorderExecutor<(eOperationType)0, (eCalculateGlobals)1, (eStage)9> --- Reduced from maximum 768
[  ]    ==== :    32x4    | BorderExecutor<(eOperationType)0, (eCalculateGlobals)2, (eStage)0> --- Reduced from maximum 1024
[  ]    ==== :    32x4    | BorderExecutor<(eOperationType)0, (eCalculateGlobals)2, (eStage)1> --- Reduced from maximum 1024
[  ]    ==== :    32x4    | BorderExecutor<(eOperationType)0, (eCalculateGlobals)2, (eStage)2> --- Reduced from maximum 1024
[  ]    ==== :    32x4    | BorderExecutor<(eOperationType)0, (eCalculateGlobals)2, (eStage)3> --- Reduced from maximum 1024
[  ]    ==== :    32x4    | BorderExecutor<(eOperationType)0, (eCalculateGlobals)2, (eStage)4> --- Reduced from maximum 1024
[  ]    ==== :    32x4    | BorderExecutor<(eOperationType)0, (eCalculateGlobals)2, (eStage)5> --- Reduced from maximum 1024
[  ]    ==== :    32x4    | BorderExecutor<(eOperationType)0, (eCalculateGlobals)2, (eStage)6> --- Reduced from maximum 1024
[  ]    ==== :    32x4    | BorderExecutor<(eOperationType)0, (eCalculateGlobals)2, (eStage)7> --- Reduced from maximum 1024
[  ]    ==== :    32x4    | BorderExecutor<(eOperationType)0, (eCalculateGlobals)2, (eStage)8> --- Reduced from maximum 1024
[  ]    ==== :    32x4    | BorderExecutor<(eOperationType)0, (eCalculateGlobals)2, (eStage)9> --- Reduced from maximum 1024
[  ]    ==== :    32x4    | BorderExecutor<(eOperationType)1, (eCalculateGlobals)0, (eStage)0> --- Reduced from maximum 1024
[  ]    ==== :    32x4    | BorderExecutor<(eOperationType)1, (eCalculateGlobals)0, (eStage)1> --- Reduced from maximum 1024
[  ]    ==== :    32x4    | BorderExecutor<(eOperationType)1, (eCalculateGlobals)0, (eStage)2> --- Reduced from maximum 1024
[  ]    ==== :    32x4    | BorderExecutor<(eOperationType)1, (eCalculateGlobals)0, (eStage)3> --- Reduced from maximum 1024
[  ]    ==== :    32x4    | BorderExecutor<(eOperationType)1, (eCalculateGlobals)0, (eStage)4> --- Reduced from maximum 1024
[  ]    ==== :    32x4    | BorderExecutor<(eOperationType)1, (eCalculateGlobals)0, (eStage)5> --- Reduced from maximum 1024
[  ]    ==== :    32x4    | BorderExecutor<(eOperationType)1, (eCalculateGlobals)0, (eStage)6> --- Reduced from maximum 1024
[  ]    ==== :    32x4    | BorderExecutor<(eOperationType)1, (eCalculateGlobals)0, (eStage)7> --- Reduced from maximum 1024
[  ]    ==== :    32x4    | BorderExecutor<(eOperationType)1, (eCalculateGlobals)0, (eStage)8> --- Reduced from maximum 1024
[  ]    ==== :    32x4    | BorderExecutor<(eOperationType)1, (eCalculateGlobals)0, (eStage)9> --- Reduced from maximum 1024
[  ]    ==== :    32x4    | BorderExecutor<(eOperationType)1, (eCalculateGlobals)1, (eStage)0> --- Reduced from maximum 1024
[  ]    ==== :    32x4    | BorderExecutor<(eOperationType)1, (eCalculateGlobals)1, (eStage)1> --- Reduced from maximum 1024
[  ]    ==== :    32x4    | BorderExecutor<(eOperationType)1, (eCalculateGlobals)1, (eStage)2> --- Reduced from maximum 1024
[  ]    ==== :    32x4    | BorderExecutor<(eOperationType)1, (eCalculateGlobals)1, (eStage)3> --- Reduced from maximum 1024
[  ]    ==== :    32x4    | BorderExecutor<(eOperationType)1, (eCalculateGlobals)1, (eStage)4> --- Reduced from maximum 1024
[  ]    ==== :    32x4    | BorderExecutor<(eOperationType)1, (eCalculateGlobals)1, (eStage)5> --- Reduced from maximum 1024
[  ]    ==== :    32x4    | BorderExecutor<(eOperationType)1, (eCalculateGlobals)1, (eStage)6> --- Reduced from maximum 1024
[  ]    ==== :    32x4    | BorderExecutor<(eOperationType)1, (eCalculateGlobals)1, (eStage)7> --- Reduced from maximum 1024
[  ]    ==== :    32x4    | BorderExecutor<(eOperationType)1, (eCalculateGlobals)1, (eStage)8> --- Reduced from maximum 1024
[  ]    ==== :    32x4    | BorderExecutor<(eOperationType)1, (eCalculateGlobals)1, (eStage)9> --- Reduced from maximum 1024
[  ]    ==== :    32x4    | BorderExecutor<(eOperationType)1, (eCalculateGlobals)2, (eStage)0> --- Reduced from maximum 1024
[  ]    ==== :    32x4    | BorderExecutor<(eOperationType)1, (eCalculateGlobals)2, (eStage)1> --- Reduced from maximum 1024
[  ]    ==== :    32x4    | BorderExecutor<(eOperationType)1, (eCalculateGlobals)2, (eStage)2> --- Reduced from maximum 1024
[  ]    ==== :    32x4    | BorderExecutor<(eOperationType)1, (eCalculateGlobals)2, (eStage)3> --- Reduced from maximum 1024
[  ]    ==== :    32x4    | BorderExecutor<(eOperationType)1, (eCalculateGlobals)2, (eStage)4> --- Reduced from maximum 1024
[  ]    ==== :    32x4    | BorderExecutor<(eOperationType)1, (eCalculateGlobals)2, (eStage)5> --- Reduced from maximum 1024
[  ]    ==== :    32x4    | BorderExecutor<(eOperationType)1, (eCalculateGlobals)2, (eStage)6> --- Reduced from maximum 1024
[  ]    ==== :    32x4    | BorderExecutor<(eOperationType)1, (eCalculateGlobals)2, (eStage)7> --- Reduced from maximum 1024
[  ]    ==== :    32x4    | BorderExecutor<(eOperationType)1, (eCalculateGlobals)2, (eStage)8> --- Reduced from maximum 1024
[  ]    ==== :    32x4    | BorderExecutor<(eOperationType)1, (eCalculateGlobals)2, (eStage)9> --- Reduced from maximum 1024
[  ]    ==== :    32x4    | BorderExecutor<(eOperationType)3, (eCalculateGlobals)0, (eStage)0> --- Reduced from maximum 1024
[  ]    ==== :    32x4    | BorderExecutor<(eOperationType)3, (eCalculateGlobals)0, (eStage)1> --- Reduced from maximum 1024
[  ]    ==== :    32x4    | BorderExecutor<(eOperationType)3, (eCalculateGlobals)0, (eStage)2> --- Reduced from maximum 1024
[  ]    ==== :    32x4    | BorderExecutor<(eOperationType)3, (eCalculateGlobals)0, (eStage)3> --- Reduced from maximum 1024
[  ]    ==== :    32x4    | BorderExecutor<(eOperationType)3, (eCalculateGlobals)0, (eStage)4> --- Reduced from maximum 1024
[  ]    ==== :    32x4    | BorderExecutor<(eOperationType)3, (eCalculateGlobals)0, (eStage)5> --- Reduced from maximum 1024
[  ]    ==== :    32x4    | BorderExecutor<(eOperationType)3, (eCalculateGlobals)0, (eStage)6> --- Reduced from maximum 1024
[  ]    ==== :    32x4    | BorderExecutor<(eOperationType)3, (eCalculateGlobals)0, (eStage)7> --- Reduced from maximum 1024
[  ]    ==== :    32x4    | BorderExecutor<(eOperationType)3, (eCalculateGlobals)0, (eStage)8> --- Reduced from maximum 1024
[  ]    ==== :    32x4    | BorderExecutor<(eOperationType)3, (eCalculateGlobals)0, (eStage)9> --- Reduced from maximum 1024
[  ]    ==== :    32x4    | BorderExecutor<(eOperationType)3, (eCalculateGlobals)1, (eStage)0> --- Reduced from maximum 1024
[  ]    ==== :    32x4    | BorderExecutor<(eOperationType)3, (eCalculateGlobals)1, (eStage)1> --- Reduced from maximum 1024
[  ]    ==== :    32x4    | BorderExecutor<(eOperationType)3, (eCalculateGlobals)1, (eStage)2> --- Reduced from maximum 1024
[  ]    ==== :    32x4    | BorderExecutor<(eOperationType)3, (eCalculateGlobals)1, (eStage)3> --- Reduced from maximum 1024
[  ]    ==== :    32x4    | BorderExecutor<(eOperationType)3, (eCalculateGlobals)1, (eStage)4> --- Reduced from maximum 1024
[  ]    ==== :    32x4    | BorderExecutor<(eOperationType)3, (eCalculateGlobals)1, (eStage)5> --- Reduced from maximum 1024
[  ]    ==== :    32x4    | BorderExecutor<(eOperationType)3, (eCalculateGlobals)1, (eStage)6> --- Reduced from maximum 1024
[  ]    ==== :    32x4    | BorderExecutor<(eOperationType)3, (eCalculateGlobals)1, (eStage)7> --- Reduced from maximum 1024
[  ]    ==== :    32x4    | BorderExecutor<(eOperationType)3, (eCalculateGlobals)1, (eStage)8> --- Reduced from maximum 1024
[  ]    ==== :    32x4    | BorderExecutor<(eOperationType)3, (eCalculateGlobals)1, (eStage)9> --- Reduced from maximum 1024
[  ]    ==== :    32x4    | BorderExecutor<(eOperationType)3, (eCalculateGlobals)2, (eStage)0> --- Reduced from maximum 1024
[  ]    ==== :    32x4    | BorderExecutor<(eOperationType)3, (eCalculateGlobals)2, (eStage)1> --- Reduced from maximum 1024
[  ]    ==== :    32x4    | BorderExecutor<(eOperationType)3, (eCalculateGlobals)2, (eStage)2> --- Reduced from maximum 1024
[  ]    ==== :    32x4    | BorderExecutor<(eOperationType)3, (eCalculateGlobals)2, (eStage)3> --- Reduced from maximum 1024
[  ]    ==== :    32x4    | BorderExecutor<(eOperationType)3, (eCalculateGlobals)2, (eStage)4> --- Reduced from maximum 1024
[  ]    ==== :    32x4    | BorderExecutor<(eOperationType)3, (eCalculateGlobals)2, (eStage)5> --- Reduced from maximum 1024
[  ]    ==== :    32x4    | BorderExecutor<(eOperationType)3, (eCalculateGlobals)2, (eStage)6> --- Reduced from maximum 1024
[  ]    ==== :    32x4    | BorderExecutor<(eOperationType)3, (eCalculateGlobals)2, (eStage)7> --- Reduced from maximum 1024
[  ]    ==== :    32x4    | BorderExecutor<(eOperationType)3, (eCalculateGlobals)2, (eStage)8> --- Reduced from maximum 1024
[  ]    ==== :    32x4    | BorderExecutor<(eOperationType)3, (eCalculateGlobals)2, (eStage)9> --- Reduced from maximum 1024
[  ]    ==== :    32x4    | BorderExecutor<(eOperationType)4, (eCalculateGlobals)0, (eStage)0> --- Reduced from maximum 1024
[  ]    ==== :    32x4    | BorderExecutor<(eOperationType)4, (eCalculateGlobals)0, (eStage)1> --- Reduced from maximum 1024
[  ]    ==== :    32x4    | BorderExecutor<(eOperationType)4, (eCalculateGlobals)0, (eStage)2> --- Reduced from maximum 1024
[  ]    ==== :    32x4    | BorderExecutor<(eOperationType)4, (eCalculateGlobals)0, (eStage)3> --- Reduced from maximum 1024
[  ]    ==== :    32x4    | BorderExecutor<(eOperationType)4, (eCalculateGlobals)0, (eStage)4> --- Reduced from maximum 1024
[  ]    ==== :    32x4    | BorderExecutor<(eOperationType)4, (eCalculateGlobals)0, (eStage)5> --- Reduced from maximum 1024
[  ]    ==== :    32x4    | BorderExecutor<(eOperationType)4, (eCalculateGlobals)0, (eStage)6> --- Reduced from maximum 1024
[  ]    ==== :    32x4    | BorderExecutor<(eOperationType)4, (eCalculateGlobals)0, (eStage)7> --- Reduced from maximum 1024
[  ]    ==== :    32x4    | BorderExecutor<(eOperationType)4, (eCalculateGlobals)0, (eStage)8> --- Reduced from maximum 1024
[  ]    ==== :    32x4    | BorderExecutor<(eOperationType)4, (eCalculateGlobals)0, (eStage)9> --- Reduced from maximum 1024
[  ]    ==== :    32x4    | BorderExecutor<(eOperationType)4, (eCalculateGlobals)1, (eStage)0> --- Reduced from maximum 1024
[  ]    ==== :    32x4    | BorderExecutor<(eOperationType)4, (eCalculateGlobals)1, (eStage)1> --- Reduced from maximum 1024
[  ]    ==== :    32x4    | BorderExecutor<(eOperationType)4, (eCalculateGlobals)1, (eStage)2> --- Reduced from maximum 1024
[  ]    ==== :    32x4    | BorderExecutor<(eOperationType)4, (eCalculateGlobals)1, (eStage)3> --- Reduced from maximum 1024
[  ]    ==== :    32x4    | BorderExecutor<(eOperationType)4, (eCalculateGlobals)1, (eStage)4> --- Reduced from maximum 1024
[  ]    ==== :    32x4    | BorderExecutor<(eOperationType)4, (eCalculateGlobals)1, (eStage)5> --- Reduced from maximum 1024
[  ]    ==== :    32x4    | BorderExecutor<(eOperationType)4, (eCalculateGlobals)1, (eStage)6> --- Reduced from maximum 1024
[  ]    ==== :    32x4    | BorderExecutor<(eOperationType)4, (eCalculateGlobals)1, (eStage)7> --- Reduced from maximum 1024
[  ]    ==== :    32x4    | BorderExecutor<(eOperationType)4, (eCalculateGlobals)1, (eStage)8> --- Reduced from maximum 1024
[  ]    ==== :    32x4    | BorderExecutor<(eOperationType)4, (eCalculateGlobals)1, (eStage)9> --- Reduced from maximum 1024
[  ]    ==== :    32x4    | BorderExecutor<(eOperationType)4, (eCalculateGlobals)2, (eStage)0> --- Reduced from maximum 1024
[  ]    ==== :    32x4    | BorderExecutor<(eOperationType)4, (eCalculateGlobals)2, (eStage)1> --- Reduced from maximum 1024
[  ]    ==== :    32x4    | BorderExecutor<(eOperationType)4, (eCalculateGlobals)2, (eStage)2> --- Reduced from maximum 1024
[  ]    ==== :    32x4    | BorderExecutor<(eOperationType)4, (eCalculateGlobals)2, (eStage)3> --- Reduced from maximum 1024
[  ]    ==== :    32x4    | BorderExecutor<(eOperationType)4, (eCalculateGlobals)2, (eStage)4> --- Reduced from maximum 1024
[  ]    ==== :    32x4    | BorderExecutor<(eOperationType)4, (eCalculateGlobals)2, (eStage)5> --- Reduced from maximum 1024
[  ]    ==== :    32x4    | BorderExecutor<(eOperationType)4, (eCalculateGlobals)2, (eStage)6> --- Reduced from maximum 1024
[  ]    ==== :    32x4    | BorderExecutor<(eOperationType)4, (eCalculateGlobals)2, (eStage)7> --- Reduced from maximum 1024
[  ]    ==== :    32x4    | BorderExecutor<(eOperationType)4, (eCalculateGlobals)2, (eStage)8> --- Reduced from maximum 1024
[  ]    ==== :    32x4    | BorderExecutor<(eOperationType)4, (eCalculateGlobals)2, (eStage)9> --- Reduced from maximum 1024
[  ]    ==== :    32x4    | InteriorExecutor<(eOperationType)0, (eCalculateGlobals)0, (eStage)0> --- Reduced from maximum 1024
[  ]    ==== :    32x4    | InteriorExecutor<(eOperationType)0, (eCalculateGlobals)0, (eStage)1> --- Reduced from maximum 640
[  ]    ==== :    32x4    | InteriorExecutor<(eOperationType)0, (eCalculateGlobals)0, (eStage)2> --- Reduced from maximum 384
[  ]    ==== :    32x4    | InteriorExecutor<(eOperationType)0, (eCalculateGlobals)0, (eStage)3> --- Reduced from maximum 256
[  ]    ==== :    32x4    | InteriorExecutor<(eOperationType)0, (eCalculateGlobals)0, (eStage)4> --- Reduced from maximum 1024
[  ]    ==== :    32x4    | InteriorExecutor<(eOperationType)0, (eCalculateGlobals)0, (eStage)5> --- Reduced from maximum 640
[  ]    ==== :    32x4    | InteriorExecutor<(eOperationType)0, (eCalculateGlobals)0, (eStage)6> --- Reduced from maximum 768
[  ]    ==== :    32x4    | InteriorExecutor<(eOperationType)0, (eCalculateGlobals)0, (eStage)7> --- Reduced from maximum 1024
[  ]    ==== :    32x4    | InteriorExecutor<(eOperationType)0, (eCalculateGlobals)0, (eStage)8> --- Reduced from maximum 1024
[  ]    ==== :    32x4    | InteriorExecutor<(eOperationType)0, (eCalculateGlobals)0, (eStage)9> --- Reduced from maximum 896
[  ]    ==== :    32x4    | InteriorExecutor<(eOperationType)0, (eCalculateGlobals)1, (eStage)0> --- Reduced from maximum 1024
[  ]    ==== :    32x4    | InteriorExecutor<(eOperationType)0, (eCalculateGlobals)1, (eStage)1> --- Reduced from maximum 256
[  ]    ==== :    32x4    | InteriorExecutor<(eOperationType)0, (eCalculateGlobals)1, (eStage)2> --- Reduced from maximum 256
[  ]    ==== :    32x4    | InteriorExecutor<(eOperationType)0, (eCalculateGlobals)1, (eStage)3> --- Reduced from maximum 256
[  ]    ==== :    32x4    | InteriorExecutor<(eOperationType)0, (eCalculateGlobals)1, (eStage)4> --- Reduced from maximum 1024
[  ]    ==== :    32x4    | InteriorExecutor<(eOperationType)0, (eCalculateGlobals)1, (eStage)5> --- Reduced from maximum 768
[  ]    ==== :    32x4    | InteriorExecutor<(eOperationType)0, (eCalculateGlobals)1, (eStage)6> --- Reduced from maximum 768
[  ]    ==== :    32x4    | InteriorExecutor<(eOperationType)0, (eCalculateGlobals)1, (eStage)7> --- Reduced from maximum 1024
[  ]    ==== :    32x4    | InteriorExecutor<(eOperationType)0, (eCalculateGlobals)1, (eStage)8> --- Reduced from maximum 896
[  ]    ==== :    32x4    | InteriorExecutor<(eOperationType)0, (eCalculateGlobals)1, (eStage)9> --- Reduced from maximum 768
[  ]    ==== :    32x4    | InteriorExecutor<(eOperationType)0, (eCalculateGlobals)2, (eStage)0> --- Reduced from maximum 1024
[  ]    ==== :    32x4    | InteriorExecutor<(eOperationType)0, (eCalculateGlobals)2, (eStage)1> --- Reduced from maximum 1024
[  ]    ==== :    32x4    | InteriorExecutor<(eOperationType)0, (eCalculateGlobals)2, (eStage)2> --- Reduced from maximum 1024
[  ]    ==== :    32x4    | InteriorExecutor<(eOperationType)0, (eCalculateGlobals)2, (eStage)3> --- Reduced from maximum 1024
[  ]    ==== :    32x4    | InteriorExecutor<(eOperationType)0, (eCalculateGlobals)2, (eStage)4> --- Reduced from maximum 1024
[  ]    ==== :    32x4    | InteriorExecutor<(eOperationType)0, (eCalculateGlobals)2, (eStage)5> --- Reduced from maximum 1024
[  ]    ==== :    32x4    | InteriorExecutor<(eOperationType)0, (eCalculateGlobals)2, (eStage)6> --- Reduced from maximum 1024
[  ]    ==== :    32x4    | InteriorExecutor<(eOperationType)0, (eCalculateGlobals)2, (eStage)7> --- Reduced from maximum 1024
[  ]    ==== :    32x4    | InteriorExecutor<(eOperationType)0, (eCalculateGlobals)2, (eStage)8> --- Reduced from maximum 1024
[  ]    ==== :    32x4    | InteriorExecutor<(eOperationType)0, (eCalculateGlobals)2, (eStage)9> --- Reduced from maximum 1024
[  ]    ==== :    32x4    | InteriorExecutor<(eOperationType)1, (eCalculateGlobals)0, (eStage)0> --- Reduced from maximum 1024
[  ]    ==== :    32x4    | InteriorExecutor<(eOperationType)1, (eCalculateGlobals)0, (eStage)1> --- Reduced from maximum 1024
[  ]    ==== :    32x4    | InteriorExecutor<(eOperationType)1, (eCalculateGlobals)0, (eStage)2> --- Reduced from maximum 1024
[  ]    ==== :    32x4    | InteriorExecutor<(eOperationType)1, (eCalculateGlobals)0, (eStage)3> --- Reduced from maximum 1024
[  ]    ==== :    32x4    | InteriorExecutor<(eOperationType)1, (eCalculateGlobals)0, (eStage)4> --- Reduced from maximum 1024
[  ]    ==== :    32x4    | InteriorExecutor<(eOperationType)1, (eCalculateGlobals)0, (eStage)5> --- Reduced from maximum 1024
[  ]    ==== :    32x4    | InteriorExecutor<(eOperationType)1, (eCalculateGlobals)0, (eStage)6> --- Reduced from maximum 1024
[  ]    ==== :    32x4    | InteriorExecutor<(eOperationType)1, (eCalculateGlobals)0, (eStage)7> --- Reduced from maximum 1024
[  ]    ==== :    32x4    | InteriorExecutor<(eOperationType)1, (eCalculateGlobals)0, (eStage)8> --- Reduced from maximum 1024
[  ]    ==== :    32x4    | InteriorExecutor<(eOperationType)1, (eCalculateGlobals)0, (eStage)9> --- Reduced from maximum 1024
[  ]    ==== :    32x4    | InteriorExecutor<(eOperationType)1, (eCalculateGlobals)1, (eStage)0> --- Reduced from maximum 1024
[  ]    ==== :    32x4    | InteriorExecutor<(eOperationType)1, (eCalculateGlobals)1, (eStage)1> --- Reduced from maximum 1024
[  ]    ==== :    32x4    | InteriorExecutor<(eOperationType)1, (eCalculateGlobals)1, (eStage)2> --- Reduced from maximum 1024
[  ]    ==== :    32x4    | InteriorExecutor<(eOperationType)1, (eCalculateGlobals)1, (eStage)3> --- Reduced from maximum 1024
[  ]    ==== :    32x4    | InteriorExecutor<(eOperationType)1, (eCalculateGlobals)1, (eStage)4> --- Reduced from maximum 1024
[  ]    ==== :    32x4    | InteriorExecutor<(eOperationType)1, (eCalculateGlobals)1, (eStage)5> --- Reduced from maximum 1024
[  ]    ==== :    32x4    | InteriorExecutor<(eOperationType)1, (eCalculateGlobals)1, (eStage)6> --- Reduced from maximum 1024
[  ]    ==== :    32x4    | InteriorExecutor<(eOperationType)1, (eCalculateGlobals)1, (eStage)7> --- Reduced from maximum 1024
[  ]    ==== :    32x4    | InteriorExecutor<(eOperationType)1, (eCalculateGlobals)1, (eStage)8> --- Reduced from maximum 1024
[  ]    ==== :    32x4    | InteriorExecutor<(eOperationType)1, (eCalculateGlobals)1, (eStage)9> --- Reduced from maximum 1024
[  ]    ==== :    32x4    | InteriorExecutor<(eOperationType)1, (eCalculateGlobals)2, (eStage)0> --- Reduced from maximum 1024
[  ]    ==== :    32x4    | InteriorExecutor<(eOperationType)1, (eCalculateGlobals)2, (eStage)1> --- Reduced from maximum 1024
[  ]    ==== :    32x4    | InteriorExecutor<(eOperationType)1, (eCalculateGlobals)2, (eStage)2> --- Reduced from maximum 1024
[  ]    ==== :    32x4    | InteriorExecutor<(eOperationType)1, (eCalculateGlobals)2, (eStage)3> --- Reduced from maximum 1024
[  ]    ==== :    32x4    | InteriorExecutor<(eOperationType)1, (eCalculateGlobals)2, (eStage)4> --- Reduced from maximum 1024
[  ]    ==== :    32x4    | InteriorExecutor<(eOperationType)1, (eCalculateGlobals)2, (eStage)5> --- Reduced from maximum 1024
[  ]    ==== :    32x4    | InteriorExecutor<(eOperationType)1, (eCalculateGlobals)2, (eStage)6> --- Reduced from maximum 1024
[  ]    ==== :    32x4    | InteriorExecutor<(eOperationType)1, (eCalculateGlobals)2, (eStage)7> --- Reduced from maximum 1024
[  ]    ==== :    32x4    | InteriorExecutor<(eOperationType)1, (eCalculateGlobals)2, (eStage)8> --- Reduced from maximum 1024
[  ]    ==== :    32x4    | InteriorExecutor<(eOperationType)1, (eCalculateGlobals)2, (eStage)9> --- Reduced from maximum 1024
[  ]    ==== :    32x4    | InteriorExecutor<(eOperationType)3, (eCalculateGlobals)0, (eStage)0> --- Reduced from maximum 1024
[  ]    ==== :    32x4    | InteriorExecutor<(eOperationType)3, (eCalculateGlobals)0, (eStage)1> --- Reduced from maximum 1024
[  ]    ==== :    32x4    | InteriorExecutor<(eOperationType)3, (eCalculateGlobals)0, (eStage)2> --- Reduced from maximum 1024
[  ]    ==== :    32x4    | InteriorExecutor<(eOperationType)3, (eCalculateGlobals)0, (eStage)3> --- Reduced from maximum 1024
[  ]    ==== :    32x4    | InteriorExecutor<(eOperationType)3, (eCalculateGlobals)0, (eStage)4> --- Reduced from maximum 1024
[  ]    ==== :    32x4    | InteriorExecutor<(eOperationType)3, (eCalculateGlobals)0, (eStage)5> --- Reduced from maximum 1024
[  ]    ==== :    32x4    | InteriorExecutor<(eOperationType)3, (eCalculateGlobals)0, (eStage)6> --- Reduced from maximum 1024
[  ]    ==== :    32x4    | InteriorExecutor<(eOperationType)3, (eCalculateGlobals)0, (eStage)7> --- Reduced from maximum 1024
[  ]    ==== :    32x4    | InteriorExecutor<(eOperationType)3, (eCalculateGlobals)0, (eStage)8> --- Reduced from maximum 1024
[  ]    ==== :    32x4    | InteriorExecutor<(eOperationType)3, (eCalculateGlobals)0, (eStage)9> --- Reduced from maximum 1024
[  ]    ==== :    32x4    | InteriorExecutor<(eOperationType)3, (eCalculateGlobals)1, (eStage)0> --- Reduced from maximum 1024
[  ]    ==== :    32x4    | InteriorExecutor<(eOperationType)3, (eCalculateGlobals)1, (eStage)1> --- Reduced from maximum 1024
[  ]    ==== :    32x4    | InteriorExecutor<(eOperationType)3, (eCalculateGlobals)1, (eStage)2> --- Reduced from maximum 1024
[  ]    ==== :    32x4    | InteriorExecutor<(eOperationType)3, (eCalculateGlobals)1, (eStage)3> --- Reduced from maximum 1024
[  ]    ==== :    32x4    | InteriorExecutor<(eOperationType)3, (eCalculateGlobals)1, (eStage)4> --- Reduced from maximum 1024
[  ]    ==== :    32x4    | InteriorExecutor<(eOperationType)3, (eCalculateGlobals)1, (eStage)5> --- Reduced from maximum 1024
[  ]    ==== :    32x4    | InteriorExecutor<(eOperationType)3, (eCalculateGlobals)1, (eStage)6> --- Reduced from maximum 1024
[  ]    ==== :    32x4    | InteriorExecutor<(eOperationType)3, (eCalculateGlobals)1, (eStage)7> --- Reduced from maximum 1024
[  ]    ==== :    32x4    | InteriorExecutor<(eOperationType)3, (eCalculateGlobals)1, (eStage)8> --- Reduced from maximum 1024
[  ]    ==== :    32x4    | InteriorExecutor<(eOperationType)3, (eCalculateGlobals)1, (eStage)9> --- Reduced from maximum 1024
[  ]    ==== :    32x4    | InteriorExecutor<(eOperationType)3, (eCalculateGlobals)2, (eStage)0> --- Reduced from maximum 1024
[  ]    ==== :    32x4    | InteriorExecutor<(eOperationType)3, (eCalculateGlobals)2, (eStage)1> --- Reduced from maximum 1024
[  ]    ==== :    32x4    | InteriorExecutor<(eOperationType)3, (eCalculateGlobals)2, (eStage)2> --- Reduced from maximum 1024
[  ]    ==== :    32x4    | InteriorExecutor<(eOperationType)3, (eCalculateGlobals)2, (eStage)3> --- Reduced from maximum 1024
[  ]    ==== :    32x4    | InteriorExecutor<(eOperationType)3, (eCalculateGlobals)2, (eStage)4> --- Reduced from maximum 1024
[  ]    ==== :    32x4    | InteriorExecutor<(eOperationType)3, (eCalculateGlobals)2, (eStage)5> --- Reduced from maximum 1024
[  ]    ==== :    32x4    | InteriorExecutor<(eOperationType)3, (eCalculateGlobals)2, (eStage)6> --- Reduced from maximum 1024
[  ]    ==== :    32x4    | InteriorExecutor<(eOperationType)3, (eCalculateGlobals)2, (eStage)7> --- Reduced from maximum 1024
[  ]    ==== :    32x4    | InteriorExecutor<(eOperationType)3, (eCalculateGlobals)2, (eStage)8> --- Reduced from maximum 1024
[  ]    ==== :    32x4    | InteriorExecutor<(eOperationType)3, (eCalculateGlobals)2, (eStage)9> --- Reduced from maximum 1024
[  ]    ==== :    32x4    | InteriorExecutor<(eOperationType)4, (eCalculateGlobals)0, (eStage)0> --- Reduced from maximum 1024
[  ]    ==== :    32x4    | InteriorExecutor<(eOperationType)4, (eCalculateGlobals)0, (eStage)1> --- Reduced from maximum 1024
[  ]    ==== :    32x4    | InteriorExecutor<(eOperationType)4, (eCalculateGlobals)0, (eStage)2> --- Reduced from maximum 1024
[  ]    ==== :    32x4    | InteriorExecutor<(eOperationType)4, (eCalculateGlobals)0, (eStage)3> --- Reduced from maximum 1024
[  ]    ==== :    32x4    | InteriorExecutor<(eOperationType)4, (eCalculateGlobals)0, (eStage)4> --- Reduced from maximum 1024
[  ]    ==== :    32x4    | InteriorExecutor<(eOperationType)4, (eCalculateGlobals)0, (eStage)5> --- Reduced from maximum 1024
[  ]    ==== :    32x4    | InteriorExecutor<(eOperationType)4, (eCalculateGlobals)0, (eStage)6> --- Reduced from maximum 1024
[  ]    ==== :    32x4    | InteriorExecutor<(eOperationType)4, (eCalculateGlobals)0, (eStage)7> --- Reduced from maximum 1024
[  ]    ==== :    32x4    | InteriorExecutor<(eOperationType)4, (eCalculateGlobals)0, (eStage)8> --- Reduced from maximum 1024
[  ]    ==== :    32x4    | InteriorExecutor<(eOperationType)4, (eCalculateGlobals)0, (eStage)9> --- Reduced from maximum 1024
[  ]    ==== :    32x4    | InteriorExecutor<(eOperationType)4, (eCalculateGlobals)1, (eStage)0> --- Reduced from maximum 1024
[  ]    ==== :    32x4    | InteriorExecutor<(eOperationType)4, (eCalculateGlobals)1, (eStage)1> --- Reduced from maximum 1024
[  ]    ==== :    32x4    | InteriorExecutor<(eOperationType)4, (eCalculateGlobals)1, (eStage)2> --- Reduced from maximum 1024
[  ]    ==== :    32x4    | InteriorExecutor<(eOperationType)4, (eCalculateGlobals)1, (eStage)3> --- Reduced from maximum 1024
[  ]    ==== :    32x4    | InteriorExecutor<(eOperationType)4, (eCalculateGlobals)1, (eStage)4> --- Reduced from maximum 1024
[  ]    ==== :    32x4    | InteriorExecutor<(eOperationType)4, (eCalculateGlobals)1, (eStage)5> --- Reduced from maximum 1024
[  ]    ==== :    32x4    | InteriorExecutor<(eOperationType)4, (eCalculateGlobals)1, (eStage)6> --- Reduced from maximum 1024
[  ]    ==== :    32x4    | InteriorExecutor<(eOperationType)4, (eCalculateGlobals)1, (eStage)7> --- Reduced from maximum 1024
[  ]    ==== :    32x4    | InteriorExecutor<(eOperationType)4, (eCalculateGlobals)1, (eStage)8> --- Reduced from maximum 1024
[  ]    ==== :    32x4    | InteriorExecutor<(eOperationType)4, (eCalculateGlobals)1, (eStage)9> --- Reduced from maximum 1024
[  ]    ==== :    32x4    | InteriorExecutor<(eOperationType)4, (eCalculateGlobals)2, (eStage)0> --- Reduced from maximum 1024
[  ]    ==== :    32x4    | InteriorExecutor<(eOperationType)4, (eCalculateGlobals)2, (eStage)1> --- Reduced from maximum 1024
[  ]    ==== :    32x4    | InteriorExecutor<(eOperationType)4, (eCalculateGlobals)2, (eStage)2> --- Reduced from maximum 1024
[  ]    ==== :    32x4    | InteriorExecutor<(eOperationType)4, (eCalculateGlobals)2, (eStage)3> --- Reduced from maximum 1024
[  ]    ==== :    32x4    | InteriorExecutor<(eOperationType)4, (eCalculateGlobals)2, (eStage)4> --- Reduced from maximum 1024
[  ]    ==== :    32x4    | InteriorExecutor<(eOperationType)4, (eCalculateGlobals)2, (eStage)5> --- Reduced from maximum 1024
[  ]    ==== :    32x4    | InteriorExecutor<(eOperationType)4, (eCalculateGlobals)2, (eStage)6> --- Reduced from maximum 1024
[  ]    ==== :    32x4    | InteriorExecutor<(eOperationType)4, (eCalculateGlobals)2, (eStage)7> --- Reduced from maximum 1024
[  ]    ==== :    32x4    | InteriorExecutor<(eOperationType)4, (eCalculateGlobals)2, (eStage)8> --- Reduced from maximum 1024
[  ]    ==== :    32x4    | InteriorExecutor<(eOperationType)4, (eCalculateGlobals)2, (eStage)9> --- Reduced from maximum 1024
[ 0] warning ! No "Units" element in config file
[  ]    ==== : Mesh size in config file: 128x96x128
[  ]    ---- : Global lattice size: 128x96x128
[  ]    ==== : Max region size: 1572864. Mesh size 1572864. Overhead:  0%
[  ]    ---- : Local lattice size: 128x96x128
[  ]    #### : [0] Cumulative allocation of 1850564608 b (1.9 GB)
[  ]    ---- : Creating geom size:1572864
[  ]    #### : Setting output path to: case
[  ]    #### : Setting output path to: /mnt/8A0E24070E23EAC1/runs/tclb_flat_wall_cap_stage7b_low_angle_20260612/cap_theta030_wall011/output/case
[  ]    ---- : loading geometry ...
[  ]    ---- : overwriting all flags
[  ]    ---- : Setting number of zones to 3
[  ]    ---- : Setting Density_h to 1 (1.000000)
[  ]    ---- : Setting Density_l to 0.001 (0.001000)
[  ]    ---- : Setting Viscosity_h to 0.09 (0.090000)
[  ]    ---- : Setting Viscosity_l to 0.1 (0.100000)
[  ]    ---- : Setting tauUpdate to 3 (3.000000)
[  ]    ---- : Setting sigma to 5e-05 (0.000050)
[  ]    ---- : Setting M to 0.1 (0.100000)
[  ]    ---- : Setting IntWidth to 6 (6.000000)
[  ]    ---- : Setting Radius to 0 (0.000000)
[  ]    ---- : Setting BubbleType to 1 (1.000000)
[  ]    ---- : Setting CapInit to 1 (1.000000)
[  ]    ---- : Setting CapInitRadius to 102.4368595766759 (102.436860)
[  ]    ---- : Setting CapInitTheta to 0.5235987755982988 (0.523599)
[  ]    ---- : Setting CapInitCenterX to 64 (64.000000)
[  ]    ---- : Setting CapInitCenterY to -88.71292267730063 (-88.712923)
[  ]    ---- : Setting CapInitCenterZ to 64 (64.000000)
[  ]    ---- : Setting VelocityX in zone  (-1) to 0.0 (0.000000)
[  ]    ---- : Setting VelocityY in zone  (-1) to 0.0 (0.000000)
[  ]    ---- : Setting VelocityZ in zone  (-1) to 0.0 (0.000000)
[  ]    ---- : Setting GravitationX to 0.0 (0.000000)
[  ]    ---- : Setting GravitationY to 0.0 (0.000000)
[  ]    ---- : Setting GravitationZ to 0.0 (0.000000)
[  ]    ---- : Setting BuoyancyX to 0.0 (0.000000)
[  ]    ---- : Setting BuoyancyY to 0.0 (0.000000)
[  ]    ---- : Setting BuoyancyZ to 0.0 (0.000000)
[  ]    ---- : Setting radAngle in zone  (-1) to 90d (1.570796)
[ 0] WARNING ! Zone-specific settings in zone 0 were overwritten from 1.570796 to 1.570796
[  ]    ---- : Setting radAngle in zone OuterDomain (1) to 90d (1.570796)
[  ]    ---- : Setting radAngle in zone FlatLowerY (2) to 11d (0.191986)
[  ]    ---- : Setting minGradient to 1e-08 (0.000000)
[  ]    ---- : Setting Stage7SignedMode to 3 (3.000000)
[  ]    ---- : Setting Stage7DeltaQScale to 1 (1.000000)
[  ]    ---- : Setting Stage7DeltaQAbsCap to 6 (6.000000)
[  ]    ---- : Setting Stage7DenomFloor to 0.05 (0.050000)
[  ]    ---- : Setting Stage7ActiveCMin to 0.02 (0.020000)
[  ]    ---- : Setting Stage7ActiveGradMin to 1e-06 (0.000001)
[  ]    ---- : Setting Stage7ActiveTangentMin to 1e-08 (0.000000)
[  ]    ---- : Setting Stage7RelaxationTau to 1 (1.000000)
[  ]    ---- : Initializing Lattice ...
[  ]     95.1 MLBUps    109.75 GB/s [====================]  0s
[  ]    ---- : Callback VTK with no Iterations attribute
[  ]    ---- :        0 it writing vtk
[  ]    ---- : Setting callback Log at 1000.000000 iterations
[  ]    ---- : Adding Log to the solver hands
[  ]    ---- : Setting callback Failcheck at 1000.000000 iterations
[  ]    ---- : Adding Failcheck to the solver hands
[  ]    ---- : Setting action Solve at 50000.000000 iterations
[  ]    ---- : Setting callback VTK at 10000.000000 iterations
[  ]    ---- : Adding VTK to the solver hands
[  ]    ---- : Setting callback Log at 1000.000000 iterations
[  ]    ---- : Adding Log to the solver hands
[  ]    ---- : Setting callback Failcheck at 1000.000000 iterations
[  ]    ---- : Adding Failcheck to the solver hands
[  ]     15.3 MLBUps     17.66 GB/s [=                   ]  6s
[  ]    226.7 MLBUps    261.64 GB/s [=                   ]  6s
[  ]    226.7 MLBUps    261.61 GB/s [====                ]  7s
[  ]    226.9 MLBUps    261.88 GB/s [=======             ]  8s
[  ]    227.1 MLBUps    262.09 GB/s [==========          ]  9s
[  ]    227.4 MLBUps    262.46 GB/s [============        ] 10s
[  ]    227.3 MLBUps    262.35 GB/s [===============     ] 11s
[  ]    227.3 MLBUps    262.28 GB/s [==================  ] 12s
[  ]    ---- :    219.1 MLBUps    252.80 GB/s [====================]
[  ]    225.2 MLBUps    259.88 GB/s [=                   ]  0s
[  ]    227.2 MLBUps    262.16 GB/s [====                ]  1s
[  ]    227.2 MLBUps    262.15 GB/s [=======             ]  2s
[  ]    227.3 MLBUps    262.28 GB/s [==========          ]  3s
[  ]    227.2 MLBUps    262.24 GB/s [=============       ]  4s
[  ]    227.3 MLBUps    262.29 GB/s [===============     ]  5s
[  ]    227.2 MLBUps    262.22 GB/s [==================  ]  6s
[  ]    ---- :    217.8 MLBUps    251.36 GB/s [====================]
[  ]    227.1 MLBUps    262.05 GB/s [==                  ]  0s
[  ]    227.3 MLBUps    262.25 GB/s [=====               ]  1s
[  ]    227.4 MLBUps    262.37 GB/s [========            ]  2s
[  ]    227.3 MLBUps    262.31 GB/s [===========         ]  3s
[  ]    227.4 MLBUps    262.41 GB/s [==============      ]  4s
[  ]    227.2 MLBUps    262.21 GB/s [=================   ]  5s
[  ]    ---- :    223.1 MLBUps    257.42 GB/s [====================]
[  ]    227.2 MLBUps    262.17 GB/s [==                  ]  0s
[  ]    227.3 MLBUps    262.34 GB/s [=====               ]  1s
[  ]    227.6 MLBUps    262.63 GB/s [========            ]  2s
[  ]    227.4 MLBUps    262.46 GB/s [===========         ]  3s
[  ]    227.0 MLBUps    262.02 GB/s [==============      ]  4s
[  ]    227.2 MLBUps    262.15 GB/s [=================   ]  5s
[  ]    ---- :    223.1 MLBUps    257.48 GB/s [====================]
[  ]    227.1 MLBUps    262.04 GB/s [==                  ]  0s
[  ]    227.1 MLBUps    262.09 GB/s [=====               ]  1s
[  ]    226.7 MLBUps    261.65 GB/s [========            ]  2s
[  ]    226.8 MLBUps    261.77 GB/s [===========         ]  3s
[  ]    227.3 MLBUps    262.29 GB/s [==============      ]  4s
[  ]    227.1 MLBUps    262.11 GB/s [=================   ]  5s
[  ]    ---- :    223.1 MLBUps    257.50 GB/s [====================]
[  ]    227.1 MLBUps    262.07 GB/s [==                  ]  0s
[  ]    227.3 MLBUps    262.25 GB/s [=====               ]  1s
[  ]    227.1 MLBUps    262.03 GB/s [========            ]  2s
[  ]    227.2 MLBUps    262.15 GB/s [===========         ]  3s
[  ]    227.2 MLBUps    262.15 GB/s [==============      ]  4s
[  ]    227.2 MLBUps    262.21 GB/s [=================   ]  5s
[  ]    ---- :    223.3 MLBUps    257.64 GB/s [====================]
[  ]    227.4 MLBUps    262.40 GB/s [==                  ]  0s
[  ]    227.2 MLBUps    262.23 GB/s [=====               ]  1s
[  ]    227.1 MLBUps    262.06 GB/s [========            ]  2s
[  ]    227.2 MLBUps    262.21 GB/s [===========         ]  3s
[  ]    227.2 MLBUps    262.15 GB/s [==============      ]  4s
[  ]    227.2 MLBUps    262.16 GB/s [=================   ]  5s
[  ]    ---- :    223.2 MLBUps    257.59 GB/s [====================]
[  ]    227.1 MLBUps    262.05 GB/s [==                  ]  0s
[  ]    227.2 MLBUps    262.19 GB/s [=====               ]  1s
[  ]    227.3 MLBUps    262.25 GB/s [========            ]  2s
[  ]    227.2 MLBUps    262.17 GB/s [===========         ]  3s
[  ]    227.2 MLBUps    262.24 GB/s [==============      ]  4s
[  ]    227.4 MLBUps    262.45 GB/s [=================   ]  5s
[  ]    ---- :    223.2 MLBUps    257.62 GB/s [====================]
[  ]    227.1 MLBUps    262.12 GB/s [==                  ]  0s
[  ]    227.2 MLBUps    262.15 GB/s [=====               ]  1s
[  ]    227.1 MLBUps    262.08 GB/s [========            ]  2s
[  ]    227.1 MLBUps    262.12 GB/s [===========         ]  3s
[  ]    227.1 MLBUps    262.10 GB/s [==============      ]  4s
[  ]    227.3 MLBUps    262.28 GB/s [=================   ]  5s
[  ]    ---- :    223.2 MLBUps    257.58 GB/s [====================]
[  ]    227.0 MLBUps    261.98 GB/s [==                  ]  0s
[  ]    227.2 MLBUps    262.16 GB/s [=====               ]  1s
[  ]    227.3 MLBUps    262.28 GB/s [========            ]  2s
[  ]    227.3 MLBUps    262.35 GB/s [===========         ]  3s
[  ]    227.3 MLBUps    262.28 GB/s [==============      ]  4s
[  ]    227.4 MLBUps    262.37 GB/s [=================   ]  5s
[  ]    ---- :    223.1 MLBUps    257.45 GB/s [====================]
[  ]    ---- :    10000 it writing vtk
[  ]     31.2 MLBUps     36.03 GB/s [==                  ]  7s
[  ]    228.3 MLBUps    263.41 GB/s [===                 ]  7s
[  ]    228.2 MLBUps    263.33 GB/s [======              ]  8s
[  ]    228.1 MLBUps    263.28 GB/s [=========           ]  9s
[  ]    228.1 MLBUps    263.20 GB/s [============        ] 10s
[  ]    228.2 MLBUps    263.32 GB/s [==============      ] 11s
[  ]    228.4 MLBUps    263.53 GB/s [=================   ] 12s
[  ]    ---- :    222.9 MLBUps    257.24 GB/s [====================]
[  ]    228.1 MLBUps    263.20 GB/s [=                   ]  0s
[  ]    228.1 MLBUps    263.24 GB/s [====                ]  1s
[  ]    228.2 MLBUps    263.39 GB/s [=======             ]  2s
[  ]    228.3 MLBUps    263.45 GB/s [==========          ]  3s
[  ]    228.1 MLBUps    263.26 GB/s [=============       ]  4s
[  ]    228.3 MLBUps    263.45 GB/s [================    ]  5s
[  ]    228.2 MLBUps    263.34 GB/s [=================== ]  6s
[  ]    ---- :    217.0 MLBUps    250.43 GB/s [====================]
[  ]    228.1 MLBUps    263.25 GB/s [==                  ]  0s
[  ]    228.1 MLBUps    263.28 GB/s [=====               ]  1s
[  ]    228.2 MLBUps    263.32 GB/s [========            ]  3s
[  ]    228.0 MLBUps    263.13 GB/s [===========         ]  4s
[  ]    228.1 MLBUps    263.24 GB/s [==============      ]  5s
[  ]    228.1 MLBUps    263.28 GB/s [=================   ]  6s
[  ]    ---- :    223.8 MLBUps    258.22 GB/s [====================]
[  ]    228.1 MLBUps    263.20 GB/s [==                  ]  0s
[  ]    228.2 MLBUps    263.34 GB/s [=====               ]  1s
[  ]    228.2 MLBUps    263.29 GB/s [========            ]  3s
[  ]    228.0 MLBUps    263.17 GB/s [===========         ]  4s
[  ]    228.1 MLBUps    263.21 GB/s [==============      ]  5s
[  ]    228.0 MLBUps    263.16 GB/s [=================   ]  6s
[  ]    ---- :    223.8 MLBUps    258.27 GB/s [====================]
[  ]    228.1 MLBUps    263.25 GB/s [==                  ]  0s
[  ]    228.2 MLBUps    263.34 GB/s [=====               ]  1s
[  ]    228.2 MLBUps    263.33 GB/s [========            ]  3s
[  ]    228.1 MLBUps    263.20 GB/s [===========         ]  4s
[  ]    228.1 MLBUps    263.23 GB/s [==============      ]  5s
[  ]    228.1 MLBUps    263.25 GB/s [=================   ]  6s
[  ]    ---- :    223.8 MLBUps    258.27 GB/s [====================]
[  ]    227.9 MLBUps    262.95 GB/s [==                  ]  0s
[  ]    228.2 MLBUps    263.32 GB/s [=====               ]  1s
[  ]    228.1 MLBUps    263.25 GB/s [========            ]  2s
[  ]    228.2 MLBUps    263.31 GB/s [===========         ]  3s
[  ]    228.1 MLBUps    263.19 GB/s [==============      ]  5s
[  ]    228.2 MLBUps    263.31 GB/s [=================   ]  6s
[  ]    ---- :    223.8 MLBUps    258.26 GB/s [====================]
[  ]    228.1 MLBUps    263.19 GB/s [==                  ]  0s
[  ]    228.2 MLBUps    263.36 GB/s [=====               ]  1s
[  ]    228.0 MLBUps    263.13 GB/s [========            ]  3s
[  ]    228.1 MLBUps    263.25 GB/s [===========         ]  3s
[  ]    228.1 MLBUps    263.23 GB/s [==============      ]  5s
[  ]    228.1 MLBUps    263.23 GB/s [=================   ]  6s
[  ]    ---- :    223.7 MLBUps    258.19 GB/s [====================]
[  ]    228.0 MLBUps    263.08 GB/s [==                  ]  0s
[  ]    228.1 MLBUps    263.27 GB/s [=====               ]  1s
[  ]    228.1 MLBUps    263.19 GB/s [========            ]  2s
[  ]    228.1 MLBUps    263.26 GB/s [===========         ]  3s
[  ]    228.2 MLBUps    263.31 GB/s [==============      ]  5s
[  ]    228.2 MLBUps    263.33 GB/s [=================   ]  6s
[  ]    ---- :    223.6 MLBUps    257.99 GB/s [====================]
[  ]    228.1 MLBUps    263.18 GB/s [==                  ]  0s
[  ]    228.3 MLBUps    263.48 GB/s [=====               ]  1s
[  ]    228.2 MLBUps    263.32 GB/s [========            ]  2s
[  ]    228.0 MLBUps    263.17 GB/s [===========         ]  3s
[  ]    228.2 MLBUps    263.34 GB/s [==============      ]  4s
[  ]    228.1 MLBUps    263.19 GB/s [=================   ]  5s
[  ]    ---- :    224.0 MLBUps    258.44 GB/s [====================]
[  ]    228.0 MLBUps    263.08 GB/s [==                  ]  0s
[  ]    228.2 MLBUps    263.32 GB/s [=====               ]  1s
[  ]    228.3 MLBUps    263.45 GB/s [========            ]  2s
[  ]    228.3 MLBUps    263.42 GB/s [===========         ]  3s
[  ]    228.1 MLBUps    263.26 GB/s [==============      ]  5s
[  ]    228.2 MLBUps    263.40 GB/s [=================   ]  6s
[  ]    ---- :    223.7 MLBUps    258.19 GB/s [====================]
[  ]    ---- :    20000 it writing vtk
[  ]     28.2 MLBUps     32.56 GB/s [==                  ]  8s
[  ]    228.2 MLBUps    263.29 GB/s [===                 ]  8s
[  ]    228.2 MLBUps    263.32 GB/s [======              ]  9s
[  ]    228.4 MLBUps    263.53 GB/s [=========           ] 10s
[  ]    228.2 MLBUps    263.38 GB/s [============        ] 11s
[  ]    228.3 MLBUps    263.40 GB/s [==============      ] 12s
[  ]    228.2 MLBUps    263.34 GB/s [=================   ] 13s
[  ]    ---- :    223.0 MLBUps    257.36 GB/s [====================]
[  ]    228.0 MLBUps    263.07 GB/s [=                   ]  0s
[  ]    228.2 MLBUps    263.29 GB/s [====                ]  1s
[  ]    228.2 MLBUps    263.37 GB/s [=======             ]  2s
[  ]    228.2 MLBUps    263.34 GB/s [==========          ]  3s
[  ]    228.2 MLBUps    263.36 GB/s [=============       ]  4s
[  ]    228.3 MLBUps    263.46 GB/s [================    ]  5s
[  ]    228.3 MLBUps    263.47 GB/s [==================  ]  6s
[  ]    ---- :    218.2 MLBUps    251.80 GB/s [====================]
[  ]    228.0 MLBUps    263.17 GB/s [==                  ]  0s
[  ]    228.3 MLBUps    263.41 GB/s [=====               ]  1s
[  ]    228.3 MLBUps    263.42 GB/s [========            ]  2s
[  ]    228.2 MLBUps    263.38 GB/s [===========         ]  3s
[  ]    228.2 MLBUps    263.35 GB/s [==============      ]  5s
[  ]    228.2 MLBUps    263.33 GB/s [=================   ]  6s
[  ]    ---- :    223.9 MLBUps    258.41 GB/s [====================]
[  ]    228.1 MLBUps    263.22 GB/s [==                  ]  0s
[  ]    228.4 MLBUps    263.54 GB/s [=====               ]  1s
[  ]    228.2 MLBUps    263.39 GB/s [========            ]  3s
[  ]    228.2 MLBUps    263.32 GB/s [===========         ]  4s
[  ]    228.2 MLBUps    263.37 GB/s [==============      ]  5s
[  ]    228.2 MLBUps    263.39 GB/s [=================   ]  6s
[  ]    ---- :    223.7 MLBUps    258.18 GB/s [====================]
[  ]    227.9 MLBUps    263.04 GB/s [==                  ]  0s
[  ]    228.2 MLBUps    263.35 GB/s [=====               ]  1s
[  ]    228.1 MLBUps    263.26 GB/s [========            ]  2s
[  ]    228.3 MLBUps    263.44 GB/s [===========         ]  3s
[  ]    228.2 MLBUps    263.30 GB/s [==============      ]  5s
[  ]    228.3 MLBUps    263.46 GB/s [=================   ]  6s
[  ]    ---- :    223.7 MLBUps    258.17 GB/s [====================]
[  ]    228.2 MLBUps    263.35 GB/s [==                  ]  0s
[  ]    228.2 MLBUps    263.40 GB/s [=====               ]  1s
[  ]    228.0 MLBUps    263.14 GB/s [========            ]  3s
[  ]    228.2 MLBUps    263.30 GB/s [===========         ]  3s
[  ]    228.3 MLBUps    263.42 GB/s [==============      ]  5s
[  ]    228.2 MLBUps    263.40 GB/s [=================   ]  6s
[  ]    ---- :    223.9 MLBUps    258.36 GB/s [====================]
[  ]    228.2 MLBUps    263.29 GB/s [==                  ]  0s
[  ]    228.2 MLBUps    263.32 GB/s [=====               ]  1s
[  ]    228.2 MLBUps    263.32 GB/s [========            ]  3s
[  ]    228.2 MLBUps    263.31 GB/s [===========         ]  4s
[  ]    228.3 MLBUps    263.40 GB/s [==============      ]  5s
[  ]    228.2 MLBUps    263.32 GB/s [=================   ]  6s
[  ]    ---- :    223.7 MLBUps    258.20 GB/s [====================]
[  ]    228.2 MLBUps    263.33 GB/s [==                  ]  0s
[  ]    228.1 MLBUps    263.27 GB/s [=====               ]  1s
[  ]    228.1 MLBUps    263.22 GB/s [========            ]  3s
[  ]    228.2 MLBUps    263.33 GB/s [===========         ]  4s
[  ]    228.2 MLBUps    263.33 GB/s [==============      ]  5s
[  ]    228.2 MLBUps    263.31 GB/s [=================   ]  6s
[  ]    ---- :    223.8 MLBUps    258.29 GB/s [====================]
[  ]    228.2 MLBUps    263.34 GB/s [==                  ]  0s
[  ]    228.3 MLBUps    263.41 GB/s [=====               ]  1s
[  ]    228.2 MLBUps    263.31 GB/s [========            ]  3s
[  ]    228.2 MLBUps    263.33 GB/s [===========         ]  4s
[  ]    228.2 MLBUps    263.40 GB/s [==============      ]  5s
[  ]    228.2 MLBUps    263.36 GB/s [=================   ]  6s
[  ]    ---- :    223.7 MLBUps    258.17 GB/s [====================]
[  ]    228.0 MLBUps    263.13 GB/s [==                  ]  0s
[  ]    228.1 MLBUps    263.28 GB/s [=====               ]  1s
[  ]    228.2 MLBUps    263.36 GB/s [========            ]  2s
[  ]    228.2 MLBUps    263.36 GB/s [===========         ]  3s
[  ]    228.1 MLBUps    263.24 GB/s [==============      ]  5s
[  ]    228.2 MLBUps    263.30 GB/s [=================   ]  6s
[  ]    ---- :    223.9 MLBUps    258.39 GB/s [====================]
[  ]    ---- :    30000 it writing vtk
[  ]     30.2 MLBUps     34.91 GB/s [==                  ]  7s
[  ]    228.5 MLBUps    263.69 GB/s [===                 ]  7s
[  ]    228.2 MLBUps    263.35 GB/s [======              ]  8s
[  ]    228.2 MLBUps    263.35 GB/s [=========           ]  9s
[  ]    228.3 MLBUps    263.49 GB/s [============        ] 10s
[  ]    228.2 MLBUps    263.38 GB/s [==============      ] 11s
[  ]    228.4 MLBUps    263.58 GB/s [=================   ] 12s
[  ]    ---- :    222.9 MLBUps    257.25 GB/s [====================]
[  ]    228.0 MLBUps    263.06 GB/s [=                   ]  0s
[  ]    228.3 MLBUps    263.41 GB/s [====                ]  1s
[  ]    228.3 MLBUps    263.44 GB/s [=======             ]  2s
[  ]    228.1 MLBUps    263.27 GB/s [==========          ]  3s
[  ]    228.2 MLBUps    263.34 GB/s [=============       ]  4s
[  ]    228.2 MLBUps    263.37 GB/s [================    ]  5s
[  ]    228.2 MLBUps    263.33 GB/s [==================  ]  6s
[  ]    ---- :    217.7 MLBUps    251.25 GB/s [====================]
[  ]    228.1 MLBUps    263.20 GB/s [==                  ]  0s
[  ]    228.2 MLBUps    263.31 GB/s [=====               ]  1s
[  ]    228.2 MLBUps    263.39 GB/s [========            ]  3s
[  ]    228.2 MLBUps    263.32 GB/s [===========         ]  4s
[  ]    228.2 MLBUps    263.33 GB/s [==============      ]  5s
[  ]    228.2 MLBUps    263.35 GB/s [=================   ]  6s
[  ]    ---- :    223.7 MLBUps    258.20 GB/s [====================]
[  ]    228.1 MLBUps    263.27 GB/s [==                  ]  0s
[  ]    228.2 MLBUps    263.35 GB/s [=====               ]  1s
[  ]    228.2 MLBUps    263.32 GB/s [========            ]  3s
[  ]    228.2 MLBUps    263.39 GB/s [===========         ]  4s
[  ]    228.2 MLBUps    263.37 GB/s [==============      ]  5s
[  ]    228.2 MLBUps    263.40 GB/s [=================   ]  6s
[  ]    ---- :    223.8 MLBUps    258.25 GB/s [====================]
[  ]    228.1 MLBUps    263.27 GB/s [==                  ]  0s
[  ]    228.4 MLBUps    263.54 GB/s [=====               ]  1s
[  ]    228.3 MLBUps    263.49 GB/s [========            ]  3s
[  ]    228.2 MLBUps    263.35 GB/s [===========         ]  4s
[  ]    228.0 MLBUps    263.17 GB/s [==============      ]  5s
[  ]    228.2 MLBUps    263.38 GB/s [=================   ]  6s
[  ]    ---- :    223.9 MLBUps    258.35 GB/s [====================]
[  ]    228.0 MLBUps    263.06 GB/s [==                  ]  0s
[  ]    228.3 MLBUps    263.41 GB/s [=====               ]  1s
[  ]    228.1 MLBUps    263.28 GB/s [========            ]  2s
[  ]    228.2 MLBUps    263.33 GB/s [===========         ]  3s
[  ]    228.2 MLBUps    263.32 GB/s [==============      ]  5s
[  ]    228.1 MLBUps    263.27 GB/s [=================   ]  6s
[  ]    ---- :    223.8 MLBUps    258.25 GB/s [====================]
[  ]    228.2 MLBUps    263.32 GB/s [==                  ]  0s
[  ]    228.3 MLBUps    263.48 GB/s [=====               ]  1s
[  ]    228.2 MLBUps    263.29 GB/s [========            ]  3s
[  ]    228.2 MLBUps    263.29 GB/s [===========         ]  4s
[  ]    228.3 MLBUps    263.42 GB/s [==============      ]  5s
[  ]    228.2 MLBUps    263.39 GB/s [=================   ]  6s
[  ]    ---- :    223.8 MLBUps    258.23 GB/s [====================]
[  ]    228.1 MLBUps    263.23 GB/s [==                  ]  0s
[  ]    228.3 MLBUps    263.44 GB/s [=====               ]  1s
[  ]    228.2 MLBUps    263.31 GB/s [========            ]  3s
[  ]    228.2 MLBUps    263.31 GB/s [===========         ]  4s
[  ]    226.1 MLBUps    260.89 GB/s [==============      ]  5s
[  ]    225.5 MLBUps    260.21 GB/s [=================   ]  6s
[  ]    ---- :    221.2 MLBUps    255.28 GB/s [====================]
[  ]    225.3 MLBUps    260.01 GB/s [==                  ]  1s
[  ]    225.5 MLBUps    260.20 GB/s [=====               ]  2s
[  ]    225.4 MLBUps    260.07 GB/s [========            ]  3s
[  ]    225.5 MLBUps    260.20 GB/s [===========         ]  4s
[  ]    225.3 MLBUps    260.03 GB/s [==============      ]  5s
[  ]    225.4 MLBUps    260.14 GB/s [=================   ]  6s
[  ]    ---- :    221.1 MLBUps    255.10 GB/s [====================]
[  ]    225.4 MLBUps    260.07 GB/s [==                  ]  0s
[  ]    225.4 MLBUps    260.11 GB/s [=====               ]  1s
[  ]    225.4 MLBUps    260.09 GB/s [========            ]  3s
[  ]    225.4 MLBUps    260.17 GB/s [===========         ]  4s
[  ]    225.6 MLBUps    260.31 GB/s [==============      ]  5s
[  ]    225.5 MLBUps    260.27 GB/s [=================   ]  6s
[  ]    ---- :    221.3 MLBUps    255.40 GB/s [====================]
[  ]    ---- :    40000 it writing vtk
[  ]     31.5 MLBUps     36.41 GB/s [==                  ]  7s
[  ]    226.0 MLBUps    260.75 GB/s [===                 ]  7s
[  ]    228.3 MLBUps    263.41 GB/s [======              ]  8s
[  ]    228.2 MLBUps    263.36 GB/s [=========           ]  9s
[  ]    228.2 MLBUps    263.34 GB/s [===========         ] 10s
[  ]    228.1 MLBUps    263.18 GB/s [==============      ] 11s
[  ]    228.2 MLBUps    263.37 GB/s [=================   ] 12s
[  ]    ---- :    223.2 MLBUps    257.60 GB/s [====================]
[  ]    228.0 MLBUps    263.06 GB/s [=                   ]  0s
[  ]    228.1 MLBUps    263.23 GB/s [====                ]  1s
[  ]    228.3 MLBUps    263.46 GB/s [=======             ]  2s
[  ]    228.3 MLBUps    263.40 GB/s [==========          ]  3s
[  ]    228.2 MLBUps    263.29 GB/s [=============       ]  4s
[  ]    228.3 MLBUps    263.46 GB/s [================    ]  5s
[  ]    228.3 MLBUps    263.42 GB/s [=================== ]  6s
[  ]    ---- :    217.2 MLBUps    250.60 GB/s [====================]
[  ]    228.0 MLBUps    263.15 GB/s [==                  ]  0s
[  ]    228.1 MLBUps    263.23 GB/s [=====               ]  1s
[  ]    225.7 MLBUps    260.43 GB/s [========            ]  3s
[  ]    226.0 MLBUps    260.77 GB/s [===========         ]  4s
[  ]    226.1 MLBUps    260.87 GB/s [==============      ]  5s
[  ]    225.8 MLBUps    260.63 GB/s [=================   ]  6s
[  ]    ---- :    221.9 MLBUps    256.12 GB/s [====================]
[  ]    226.0 MLBUps    260.80 GB/s [==                  ]  1s
[  ]    226.1 MLBUps    260.91 GB/s [=====               ]  2s
[  ]    226.2 MLBUps    260.98 GB/s [========            ]  3s
[  ]    223.0 MLBUps    257.40 GB/s [===========         ]  4s
[  ]    221.0 MLBUps    255.02 GB/s [==============      ]  5s
[  ]    221.0 MLBUps    255.08 GB/s [=================   ]  6s
[  ]    221.2 MLBUps    255.23 GB/s [=================== ]  7s
[  ]    ---- :     99.8 MLBUps    115.21 GB/s [====================]
[  ]    221.0 MLBUps    254.99 GB/s [==                  ]  1s
[  ]    221.3 MLBUps    255.38 GB/s [=====               ]  2s
[  ]    221.3 MLBUps    255.40 GB/s [========            ]  3s
[  ]    221.2 MLBUps    255.29 GB/s [===========         ]  3s
[  ]    221.6 MLBUps    255.72 GB/s [==============      ]  4s
[  ]    221.2 MLBUps    255.29 GB/s [================    ]  5s
[  ]    221.2 MLBUps    255.22 GB/s [=================== ]  6s
[  ]    ---- :    194.2 MLBUps    224.12 GB/s [====================]
[  ]    221.2 MLBUps    255.29 GB/s [==                  ]  0s
[  ]    221.1 MLBUps    255.19 GB/s [=====               ]  1s
[  ]    221.3 MLBUps    255.40 GB/s [========            ]  2s
[  ]    221.4 MLBUps    255.53 GB/s [===========         ]  3s
[  ]    221.7 MLBUps    255.79 GB/s [==============      ]  4s
[  ]    221.3 MLBUps    255.39 GB/s [================    ]  5s
[  ]    221.1 MLBUps    255.09 GB/s [=================== ]  6s
[  ]    ---- :    197.6 MLBUps    228.04 GB/s [====================]
[  ]    221.1 MLBUps    255.14 GB/s [==                  ]  0s
[  ]    220.9 MLBUps    254.88 GB/s [=====               ]  1s
[  ]    221.3 MLBUps    255.37 GB/s [========            ]  2s
[  ]    221.5 MLBUps    255.57 GB/s [===========         ]  3s
[  ]    221.3 MLBUps    255.38 GB/s [==============      ]  4s
[  ]    221.6 MLBUps    255.67 GB/s [================    ]  5s
[  ]    221.2 MLBUps    255.24 GB/s [=================== ]  6s
[  ]    ---- :    197.9 MLBUps    228.38 GB/s [====================]
[  ]    220.7 MLBUps    254.73 GB/s [==                  ]  0s
[  ]    221.2 MLBUps    255.26 GB/s [=====               ]  1s
[  ]    221.5 MLBUps    255.60 GB/s [========            ]  2s
[  ]    221.7 MLBUps    255.87 GB/s [===========         ]  3s
[  ]    221.5 MLBUps    255.58 GB/s [==============      ]  4s
[  ]    221.3 MLBUps    255.43 GB/s [================    ]  5s
[  ]    221.4 MLBUps    255.51 GB/s [=================== ]  6s
[  ]    ---- :    196.4 MLBUps    226.59 GB/s [====================]
[  ]    221.3 MLBUps    255.39 GB/s [==                  ]  0s
[  ]    221.2 MLBUps    255.22 GB/s [=====               ]  1s
[  ]    221.2 MLBUps    255.22 GB/s [========            ]  2s
[  ]    221.2 MLBUps    255.30 GB/s [===========         ]  3s
[  ]    221.4 MLBUps    255.46 GB/s [==============      ]  4s
[  ]    221.4 MLBUps    255.48 GB/s [================    ]  5s
[  ]    221.2 MLBUps    255.27 GB/s [=================== ]  6s
[  ]    ---- :    197.2 MLBUps    227.52 GB/s [====================]
[  ]    221.5 MLBUps    255.59 GB/s [==                  ]  0s
[  ]    220.9 MLBUps    254.95 GB/s [=====               ]  1s
[  ]    221.1 MLBUps    255.14 GB/s [========            ]  2s
[  ]    221.2 MLBUps    255.27 GB/s [===========         ]  3s
[  ]    221.2 MLBUps    255.24 GB/s [==============      ]  4s
[  ]    221.1 MLBUps    255.18 GB/s [================    ]  5s
[  ]    219.2 MLBUps    252.93 GB/s [=================== ]  6s
[  ]    ---- :    194.0 MLBUps    223.93 GB/s [====================]
[  ]    ---- :    50000 it writing vtk
[  ]    ---- : Total duration: 385.006008 s = 6.416767 min = 0.106946 h
