{
  "status": "runtime_sanity",
  "decision": {
    "status": "runtime_sanity",
    "claim_limit": "runtime_sanity / exploratory_not_validation only",
    "write_mode_allowed": false,
    "write_mode_blocked": true,
    "block_reason": "Stage8g is shadow-only; sphere Stage8OperatorMode=2 remains forbidden",
    "shadow_gate_passed_for_planning": false,
    "root_cause_classification": "sphere11_low_angle_candidate_dominated_normal_limiter_dominated_ratio_cap_contract_dominated",
    "final_stage8g_mode": 2,
    "final_vector_limiter_fraction": 0.0,
    "final_normal_limiter_fraction": 0.8138528138528138,
    "final_limiter_ratio_p50": 0.26397249748039164,
    "final_limiter_ratio_p10": 0.11151439999902377,
    "final_outer90_normal_limiter_count": 0,
    "final_ratio_cap_limiter_fraction_of_normal_limiter": 0.9095744680851063,
    "final_abs_cap_limiter_fraction_of_normal_limiter": 0.09042553191489362,
    "final_cap_demand_ratio_p50": 3.7882734358502024,
    "final_regularization_ratio_p50": 0.613814419708195,
    "final_profile_target_mismatch_p50": 0.07145039448674828,
    "final_profile_conflict_p50": 0.0,
    "final_normal_raw_abs_p50": 0.05119266378058963,
    "final_target_minus_raw_abs_p50": 0.10335888520140053,
    "final_tangent_mag_p95": 0.13555046771429619,
    "final_raw_delta_p99": 0.36618159734747535,
    "final_normal_delta_limited_p99": -1.4427583971647776e-05
  },
  "frames": [
    0,
    100,
    1000
  ]
}
