{
  "status": "runtime_sanity",
  "decision": {
    "status": "runtime_sanity",
    "claim_limit": "runtime_sanity / exploratory_not_validation only",
    "write_mode_allowed": false,
    "write_mode_blocked": true,
    "block_reason": "Stage8f is diagnostic-only; sphere Stage8OperatorMode=2 remains forbidden",
    "root_cause_classification": "undetermined_shadow_only_normal_limiter_dominated_ratio_cap_contract_dominated",
    "final_vector_limiter_fraction": 0.0,
    "final_normal_limiter_fraction": 0.852112676056338,
    "final_limiter_ratio_p50": 0.18885334203365164,
    "final_limiter_ratio_p10": 0.14021122378245446,
    "final_outer90_normal_limiter_count": 0,
    "final_ratio_cap_limiter_fraction_of_normal_limiter": 0.5985832349468713,
    "final_abs_cap_limiter_fraction_of_normal_limiter": 0.4014167650531287,
    "final_cap_demand_ratio_p50": 5.29511413052892,
    "final_normal_raw_abs_p50": 0.06491802017513515,
    "final_target_minus_raw_abs_p50": 0.1702000409965283,
    "final_tangent_mag_p95": 0.07279143456192248,
    "final_raw_delta_p99": 0.3684038319438446,
    "final_normal_delta_limited_p99": -3.943679792359245e-06
  },
  "frames": [
    0,
    100,
    200,
    300,
    400,
    500,
    600,
    700,
    800,
    900,
    1000
  ]
}
