{
  "status": "runtime_sanity",
  "decision": {
    "status": "runtime_sanity",
    "claim_limit": "runtime_sanity / exploratory_not_validation only",
    "write_mode_allowed": false,
    "write_mode_blocked": true,
    "block_reason": "Stage8g is shadow-only; sphere Stage8OperatorMode=2 remains forbidden",
    "shadow_gate_passed_for_planning": false,
    "root_cause_classification": "sphere11_low_angle_candidate_dominated_normal_limiter_dominated_abs_cap_dominated",
    "final_stage8g_mode": 1,
    "final_vector_limiter_fraction": 0.0,
    "final_normal_limiter_fraction": 0.715018315018315,
    "final_limiter_ratio_p50": 0.47179899951413795,
    "final_limiter_ratio_p10": 0.18234933170462825,
    "final_outer90_normal_limiter_count": 0,
    "final_ratio_cap_limiter_fraction_of_normal_limiter": 0.39241803278688525,
    "final_abs_cap_limiter_fraction_of_normal_limiter": 0.6075819672131147,
    "final_cap_demand_ratio_p50": 2.1195466735406545,
    "final_regularization_ratio_p50": 1.0,
    "final_profile_target_mismatch_p50": 0.08362266622604204,
    "final_profile_conflict_p50": 0.0,
    "final_normal_raw_abs_p50": 0.06017788218074154,
    "final_target_minus_raw_abs_p50": 0.08609959132077992,
    "final_tangent_mag_p95": 0.08321320768879015,
    "final_raw_delta_p99": 0.4794265072846032,
    "final_normal_delta_limited_p99": 0.008925232203090985
  },
  "frames": [
    0,
    100,
    1000
  ]
}
