{
  "status": "exploratory_not_validation",
  "root": "/media/yuan/8A0E24070E23EAC1/runs/tclb_pre2025_sphere_tableII_q27_geometric_200k_20260610/theta080",
  "theta_deg": 80,
  "frame_count": 11,
  "first_step": 0,
  "final_step": 200000,
  "final": {
    "status": "exploratory_not_validation",
    "step": 200000,
    "file": "/media/yuan/8A0E24070E23EAC1/runs/tclb_pre2025_sphere_tableII_q27_geometric_200k_20260610/theta080/output/case_VTK_P00_00200000.vti",
    "dims": "96x80x140",
    "phase_nonfinite_count": 0,
    "phase_min": 1.6286657408094378e-08,
    "phase_max": 1.0,
    "phase_sum": 109283.42713963386,
    "phase_clipped_sum": 109283.42713963386,
    "fluid_cell_count": 954036,
    "fluid_phase_sum": 59771.349678016595,
    "fluid_phase_clipped_sum": 59771.349678016595,
    "boundary_cell_count": 121164,
    "wall_phase_sum": 49512.077461617264,
    "top_interface_z_lu": 83.7984368553453,
    "measured_Hmax_lu": 59.7984368553453,
    "measured_H1_minus_H2_lu": 35.7984368553453,
    "fit_contact_angle_deg": 90.11806153362406,
    "fit_contact_angle_x_slice_deg": 90.13229894417891,
    "fit_contact_angle_y_slice_deg": 90.1038241230692,
    "fit_x_point_count": 154,
    "fit_y_point_count": 152,
    "u_nonfinite_count": 0,
    "u_max_fluid": 4.3960409363284575e-05,
    "u_max_interface_band": 2.5872577213407282e-05,
    "u_max_contact_interface_band": 2.5872577213407282e-05,
    "mach_max_fluid": 7.614166253873549e-05,
    "mach_max_interface_band": 4.4812618256370216e-05,
    "rho_nonfinite_count": 0,
    "rho_sum": 60665.6143283386,
    "fluid_rho_sum": 60665.61432833859,
    "target_expected_Hmax_lu": 57.14325109754865,
    "target_expected_H1_minus_H2_lu": 33.14325109754865,
    "target_liquid_spherical_cap_radius_lu": 25.38287751060033,
    "target_liquid_solid_center_distance_lu": 31.76037358694832,
    "Hmax_relative_error_percent": 4.646543041914104,
    "H1_minus_H2_relative_error_percent": 8.011241112049612,
    "phase_sum_rel_change": 0.011992760055645129,
    "phase_clipped_sum_rel_change": 0.011992760055645129,
    "fluid_phase_sum_rel_change": -0.0036079592691225394,
    "fluid_phase_clipped_sum_rel_change": -0.0036079592691225394,
    "rho_sum_rel_change": -0.0035514214983025445,
    "fluid_rho_sum_rel_change": -0.0035514214983027835
  },
  "fit_payload_final": {
    "x_slice": {
      "slice_axis": "x",
      "fit_point_count": 154,
      "contact_angle_deg": 90.13229894417891,
      "liquid_fit_radius_lu": 24.94545029414751,
      "liquid_fit_center_tangent_lu": 39.500000000004896,
      "liquid_fit_center_z_lu": 58.65242133731366,
      "liquid_solid_center_distance_lu": 34.65602840111235
    },
    "y_slice": {
      "slice_axis": "y",
      "fit_point_count": 152,
      "contact_angle_deg": 90.1038241230692,
      "liquid_fit_radius_lu": 24.947901225230087,
      "liquid_fit_center_tangent_lu": 39.72432891876156,
      "liquid_fit_center_z_lu": 58.64811301694304,
      "liquid_solid_center_distance_lu": 34.649209661691984
    }
  },
  "log_payload": {
    "log_csv": "/media/yuan/8A0E24070E23EAC1/runs/tclb_pre2025_sphere_tableII_q27_geometric_200k_20260610/theta080/output/case_Log_P00_00000000.csv",
    "log_final_iteration": 200000.0,
    "log_final_NumSpecialPoints": 392.0,
    "log_final_NumWallBoundaryPoints": 73292.0,
    "log_final_NumBoundaryPoints": 121164.0,
    "log_final_NumFluidCells": 954036.0,
    "log_final_TotalDensity": 60665.614741864,
    "log_final_LiqTotalVelocity": 1.0240504082411,
    "log_final_LiqTotalVelocityX": 0.045274305485699,
    "log_final_LiqTotalVelocityY": 8.1478294639616e-13,
    "log_final_LiqTotalVelocityZ": -0.96463051777716,
    "log_final_LiqTotalPhase": 51661.055954413,
    "log_max_NumSpecialPoints": 392.0,
    "log_max_NumWallBoundaryPoints": 73292.0,
    "log_max_NumBoundaryPoints": 121164.0
  },
  "max_abs_fluid_phase_sum_rel_change": 0.0036079592691225394,
  "max_abs_fluid_phase_clipped_sum_rel_change": 0.0036079592691225394,
  "max_abs_rho_sum_rel_change": 0.0035514214983025445,
  "max_abs_fluid_rho_sum_rel_change": 0.0035514214983027835,
  "max_mach_fluid": 0.00038664865485173297,
  "max_nonfinite_count": 0,
  "claim_limit": "Postprocessing output for TCLB analogue only. Requires read-only audit before any validation_candidate promotion."
}
