stage13 flat-wall diagnostic run: diag_wall_t90
binary=/home/yuan/src/TCLB_stage13c_force_iter_closure_20260615/CLB/d3q27_pf_velocity_q27_geometric/main
Authorization required, but no authorization protocol specified

Authorization required, but no authorization protocol specified

Authorization required, but no authorization protocol specified

Authorization required, but no authorization protocol specified

Authorization required, but no authorization protocol specified

Authorization required, but no authorization protocol specified

Authorization required, but no authorization protocol specified

Authorization required, but no authorization protocol specified

MPMD: TCLB: local:0/1 work:0/1 ---  connected to:
[  ]    ---- : Using std::chrono::steady_clock::now() for walltime
[  ]    #### : -------------------------------------------------------------------------
[  ]    #### : -  CLB version:                   ded67cd                               -
[  ]    #### : -        Model: d3q27_pf_velocity_q27_geometric                               -
[  ]    #### : -------------------------------------------------------------------------
[  ]    #### : Setting output path to: case
[ 0]    ---- : Selecting device 0/1
[  ]    ---- :   Threads  |      Action
[  ]    ==== :    32x4    | BorderExecutor<(eOperationType)0, (eCalculateGlobals)0, (eStage)0> --- Reduced from maximum 512
[  ]    ==== :    32x4    | BorderExecutor<(eOperationType)0, (eCalculateGlobals)0, (eStage)1> --- Reduced from maximum 384
[  ]    ==== :    32x4    | BorderExecutor<(eOperationType)0, (eCalculateGlobals)0, (eStage)2> --- Reduced from maximum 384
[  ]    ==== :    32x4    | BorderExecutor<(eOperationType)0, (eCalculateGlobals)0, (eStage)3> --- Reduced from maximum 256
[  ]    ==== :    32x4    | BorderExecutor<(eOperationType)0, (eCalculateGlobals)0, (eStage)4> --- Reduced from maximum 1024
[  ]    ==== :    32x4    | BorderExecutor<(eOperationType)0, (eCalculateGlobals)0, (eStage)5> --- Reduced from maximum 384
[  ]    ==== :    32x4    | BorderExecutor<(eOperationType)0, (eCalculateGlobals)0, (eStage)6> --- Reduced from maximum 512
[  ]    ==== :    32x4    | BorderExecutor<(eOperationType)0, (eCalculateGlobals)0, (eStage)7> --- Reduced from maximum 640
[  ]    ==== :    32x4    | BorderExecutor<(eOperationType)0, (eCalculateGlobals)0, (eStage)8> --- Reduced from maximum 640
[  ]    ==== :    32x4    | BorderExecutor<(eOperationType)0, (eCalculateGlobals)0, (eStage)9> --- Reduced from maximum 512
[  ]    ==== :    32x4    | BorderExecutor<(eOperationType)0, (eCalculateGlobals)1, (eStage)0> --- Reduced from maximum 640
[  ]    ==== :    32x4    | BorderExecutor<(eOperationType)0, (eCalculateGlobals)1, (eStage)1> --- Reduced from maximum 384
[  ]    ==== :    32x4    | BorderExecutor<(eOperationType)0, (eCalculateGlobals)1, (eStage)2> --- Reduced from maximum 256
[  ]    ==== :    32x4    | BorderExecutor<(eOperationType)0, (eCalculateGlobals)1, (eStage)3> --- Reduced from maximum 256
[  ]    ==== :    32x4    | BorderExecutor<(eOperationType)0, (eCalculateGlobals)1, (eStage)4> --- Reduced from maximum 1024
[  ]    ==== :    32x4    | BorderExecutor<(eOperationType)0, (eCalculateGlobals)1, (eStage)5> --- Reduced from maximum 384
[  ]    ==== :    32x4    | BorderExecutor<(eOperationType)0, (eCalculateGlobals)1, (eStage)6> --- Reduced from maximum 512
[  ]    ==== :    32x4    | BorderExecutor<(eOperationType)0, (eCalculateGlobals)1, (eStage)7> --- Reduced from maximum 256
[  ]    ==== :    32x4    | BorderExecutor<(eOperationType)0, (eCalculateGlobals)1, (eStage)8> --- Reduced from maximum 512
[  ]    ==== :    32x4    | BorderExecutor<(eOperationType)0, (eCalculateGlobals)1, (eStage)9> --- Reduced from maximum 512
[  ]    ==== :    32x4    | BorderExecutor<(eOperationType)0, (eCalculateGlobals)2, (eStage)0> --- Reduced from maximum 1024
[  ]    ==== :    32x4    | BorderExecutor<(eOperationType)0, (eCalculateGlobals)2, (eStage)1> --- Reduced from maximum 1024
[  ]    ==== :    32x4    | BorderExecutor<(eOperationType)0, (eCalculateGlobals)2, (eStage)2> --- Reduced from maximum 1024
[  ]    ==== :    32x4    | BorderExecutor<(eOperationType)0, (eCalculateGlobals)2, (eStage)3> --- Reduced from maximum 1024
[  ]    ==== :    32x4    | BorderExecutor<(eOperationType)0, (eCalculateGlobals)2, (eStage)4> --- Reduced from maximum 1024
[  ]    ==== :    32x4    | BorderExecutor<(eOperationType)0, (eCalculateGlobals)2, (eStage)5> --- Reduced from maximum 1024
[  ]    ==== :    32x4    | BorderExecutor<(eOperationType)0, (eCalculateGlobals)2, (eStage)6> --- Reduced from maximum 1024
[  ]    ==== :    32x4    | BorderExecutor<(eOperationType)0, (eCalculateGlobals)2, (eStage)7> --- Reduced from maximum 1024
[  ]    ==== :    32x4    | BorderExecutor<(eOperationType)0, (eCalculateGlobals)2, (eStage)8> --- Reduced from maximum 1024
[  ]    ==== :    32x4    | BorderExecutor<(eOperationType)0, (eCalculateGlobals)2, (eStage)9> --- Reduced from maximum 1024
[  ]    ==== :    32x4    | BorderExecutor<(eOperationType)1, (eCalculateGlobals)0, (eStage)0> --- Reduced from maximum 1024
[  ]    ==== :    32x4    | BorderExecutor<(eOperationType)1, (eCalculateGlobals)0, (eStage)1> --- Reduced from maximum 1024
[  ]    ==== :    32x4    | BorderExecutor<(eOperationType)1, (eCalculateGlobals)0, (eStage)2> --- Reduced from maximum 1024
[  ]    ==== :    32x4    | BorderExecutor<(eOperationType)1, (eCalculateGlobals)0, (eStage)3> --- Reduced from maximum 1024
[  ]    ==== :    32x4    | BorderExecutor<(eOperationType)1, (eCalculateGlobals)0, (eStage)4> --- Reduced from maximum 1024
[  ]    ==== :    32x4    | BorderExecutor<(eOperationType)1, (eCalculateGlobals)0, (eStage)5> --- Reduced from maximum 1024
[  ]    ==== :    32x4    | BorderExecutor<(eOperationType)1, (eCalculateGlobals)0, (eStage)6> --- Reduced from maximum 1024
[  ]    ==== :    32x4    | BorderExecutor<(eOperationType)1, (eCalculateGlobals)0, (eStage)7> --- Reduced from maximum 1024
[  ]    ==== :    32x4    | BorderExecutor<(eOperationType)1, (eCalculateGlobals)0, (eStage)8> --- Reduced from maximum 1024
[  ]    ==== :    32x4    | BorderExecutor<(eOperationType)1, (eCalculateGlobals)0, (eStage)9> --- Reduced from maximum 1024
[  ]    ==== :    32x4    | BorderExecutor<(eOperationType)1, (eCalculateGlobals)1, (eStage)0> --- Reduced from maximum 1024
[  ]    ==== :    32x4    | BorderExecutor<(eOperationType)1, (eCalculateGlobals)1, (eStage)1> --- Reduced from maximum 1024
[  ]    ==== :    32x4    | BorderExecutor<(eOperationType)1, (eCalculateGlobals)1, (eStage)2> --- Reduced from maximum 1024
[  ]    ==== :    32x4    | BorderExecutor<(eOperationType)1, (eCalculateGlobals)1, (eStage)3> --- Reduced from maximum 1024
[  ]    ==== :    32x4    | BorderExecutor<(eOperationType)1, (eCalculateGlobals)1, (eStage)4> --- Reduced from maximum 1024
[  ]    ==== :    32x4    | BorderExecutor<(eOperationType)1, (eCalculateGlobals)1, (eStage)5> --- Reduced from maximum 1024
[  ]    ==== :    32x4    | BorderExecutor<(eOperationType)1, (eCalculateGlobals)1, (eStage)6> --- Reduced from maximum 1024
[  ]    ==== :    32x4    | BorderExecutor<(eOperationType)1, (eCalculateGlobals)1, (eStage)7> --- Reduced from maximum 1024
[  ]    ==== :    32x4    | BorderExecutor<(eOperationType)1, (eCalculateGlobals)1, (eStage)8> --- Reduced from maximum 1024
[  ]    ==== :    32x4    | BorderExecutor<(eOperationType)1, (eCalculateGlobals)1, (eStage)9> --- Reduced from maximum 1024
[  ]    ==== :    32x4    | BorderExecutor<(eOperationType)1, (eCalculateGlobals)2, (eStage)0> --- Reduced from maximum 1024
[  ]    ==== :    32x4    | BorderExecutor<(eOperationType)1, (eCalculateGlobals)2, (eStage)1> --- Reduced from maximum 1024
[  ]    ==== :    32x4    | BorderExecutor<(eOperationType)1, (eCalculateGlobals)2, (eStage)2> --- Reduced from maximum 1024
[  ]    ==== :    32x4    | BorderExecutor<(eOperationType)1, (eCalculateGlobals)2, (eStage)3> --- Reduced from maximum 1024
[  ]    ==== :    32x4    | BorderExecutor<(eOperationType)1, (eCalculateGlobals)2, (eStage)4> --- Reduced from maximum 1024
[  ]    ==== :    32x4    | BorderExecutor<(eOperationType)1, (eCalculateGlobals)2, (eStage)5> --- Reduced from maximum 1024
[  ]    ==== :    32x4    | BorderExecutor<(eOperationType)1, (eCalculateGlobals)2, (eStage)6> --- Reduced from maximum 1024
[  ]    ==== :    32x4    | BorderExecutor<(eOperationType)1, (eCalculateGlobals)2, (eStage)7> --- Reduced from maximum 1024
[  ]    ==== :    32x4    | BorderExecutor<(eOperationType)1, (eCalculateGlobals)2, (eStage)8> --- Reduced from maximum 1024
[  ]    ==== :    32x4    | BorderExecutor<(eOperationType)1, (eCalculateGlobals)2, (eStage)9> --- Reduced from maximum 1024
[  ]    ==== :    32x4    | BorderExecutor<(eOperationType)3, (eCalculateGlobals)0, (eStage)0> --- Reduced from maximum 1024
[  ]    ==== :    32x4    | BorderExecutor<(eOperationType)3, (eCalculateGlobals)0, (eStage)1> --- Reduced from maximum 1024
[  ]    ==== :    32x4    | BorderExecutor<(eOperationType)3, (eCalculateGlobals)0, (eStage)2> --- Reduced from maximum 1024
[  ]    ==== :    32x4    | BorderExecutor<(eOperationType)3, (eCalculateGlobals)0, (eStage)3> --- Reduced from maximum 1024
[  ]    ==== :    32x4    | BorderExecutor<(eOperationType)3, (eCalculateGlobals)0, (eStage)4> --- Reduced from maximum 1024
[  ]    ==== :    32x4    | BorderExecutor<(eOperationType)3, (eCalculateGlobals)0, (eStage)5> --- Reduced from maximum 1024
[  ]    ==== :    32x4    | BorderExecutor<(eOperationType)3, (eCalculateGlobals)0, (eStage)6> --- Reduced from maximum 1024
[  ]    ==== :    32x4    | BorderExecutor<(eOperationType)3, (eCalculateGlobals)0, (eStage)7> --- Reduced from maximum 1024
[  ]    ==== :    32x4    | BorderExecutor<(eOperationType)3, (eCalculateGlobals)0, (eStage)8> --- Reduced from maximum 1024
[  ]    ==== :    32x4    | BorderExecutor<(eOperationType)3, (eCalculateGlobals)0, (eStage)9> --- Reduced from maximum 1024
[  ]    ==== :    32x4    | BorderExecutor<(eOperationType)3, (eCalculateGlobals)1, (eStage)0> --- Reduced from maximum 1024
[  ]    ==== :    32x4    | BorderExecutor<(eOperationType)3, (eCalculateGlobals)1, (eStage)1> --- Reduced from maximum 1024
[  ]    ==== :    32x4    | BorderExecutor<(eOperationType)3, (eCalculateGlobals)1, (eStage)2> --- Reduced from maximum 1024
[  ]    ==== :    32x4    | BorderExecutor<(eOperationType)3, (eCalculateGlobals)1, (eStage)3> --- Reduced from maximum 1024
[  ]    ==== :    32x4    | BorderExecutor<(eOperationType)3, (eCalculateGlobals)1, (eStage)4> --- Reduced from maximum 1024
[  ]    ==== :    32x4    | BorderExecutor<(eOperationType)3, (eCalculateGlobals)1, (eStage)5> --- Reduced from maximum 1024
[  ]    ==== :    32x4    | BorderExecutor<(eOperationType)3, (eCalculateGlobals)1, (eStage)6> --- Reduced from maximum 1024
[  ]    ==== :    32x4    | BorderExecutor<(eOperationType)3, (eCalculateGlobals)1, (eStage)7> --- Reduced from maximum 1024
[  ]    ==== :    32x4    | BorderExecutor<(eOperationType)3, (eCalculateGlobals)1, (eStage)8> --- Reduced from maximum 1024
[  ]    ==== :    32x4    | BorderExecutor<(eOperationType)3, (eCalculateGlobals)1, (eStage)9> --- Reduced from maximum 1024
[  ]    ==== :    32x4    | BorderExecutor<(eOperationType)3, (eCalculateGlobals)2, (eStage)0> --- Reduced from maximum 1024
[  ]    ==== :    32x4    | BorderExecutor<(eOperationType)3, (eCalculateGlobals)2, (eStage)1> --- Reduced from maximum 1024
[  ]    ==== :    32x4    | BorderExecutor<(eOperationType)3, (eCalculateGlobals)2, (eStage)2> --- Reduced from maximum 1024
[  ]    ==== :    32x4    | BorderExecutor<(eOperationType)3, (eCalculateGlobals)2, (eStage)3> --- Reduced from maximum 1024
[  ]    ==== :    32x4    | BorderExecutor<(eOperationType)3, (eCalculateGlobals)2, (eStage)4> --- Reduced from maximum 1024
[  ]    ==== :    32x4    | BorderExecutor<(eOperationType)3, (eCalculateGlobals)2, (eStage)5> --- Reduced from maximum 1024
[  ]    ==== :    32x4    | BorderExecutor<(eOperationType)3, (eCalculateGlobals)2, (eStage)6> --- Reduced from maximum 1024
[  ]    ==== :    32x4    | BorderExecutor<(eOperationType)3, (eCalculateGlobals)2, (eStage)7> --- Reduced from maximum 1024
[  ]    ==== :    32x4    | BorderExecutor<(eOperationType)3, (eCalculateGlobals)2, (eStage)8> --- Reduced from maximum 1024
[  ]    ==== :    32x4    | BorderExecutor<(eOperationType)3, (eCalculateGlobals)2, (eStage)9> --- Reduced from maximum 1024
[  ]    ==== :    32x4    | BorderExecutor<(eOperationType)4, (eCalculateGlobals)0, (eStage)0> --- Reduced from maximum 1024
[  ]    ==== :    32x4    | BorderExecutor<(eOperationType)4, (eCalculateGlobals)0, (eStage)1> --- Reduced from maximum 1024
[  ]    ==== :    32x4    | BorderExecutor<(eOperationType)4, (eCalculateGlobals)0, (eStage)2> --- Reduced from maximum 1024
[  ]    ==== :    32x4    | BorderExecutor<(eOperationType)4, (eCalculateGlobals)0, (eStage)3> --- Reduced from maximum 1024
[  ]    ==== :    32x4    | BorderExecutor<(eOperationType)4, (eCalculateGlobals)0, (eStage)4> --- Reduced from maximum 1024
[  ]    ==== :    32x4    | BorderExecutor<(eOperationType)4, (eCalculateGlobals)0, (eStage)5> --- Reduced from maximum 1024
[  ]    ==== :    32x4    | BorderExecutor<(eOperationType)4, (eCalculateGlobals)0, (eStage)6> --- Reduced from maximum 1024
[  ]    ==== :    32x4    | BorderExecutor<(eOperationType)4, (eCalculateGlobals)0, (eStage)7> --- Reduced from maximum 1024
[  ]    ==== :    32x4    | BorderExecutor<(eOperationType)4, (eCalculateGlobals)0, (eStage)8> --- Reduced from maximum 1024
[  ]    ==== :    32x4    | BorderExecutor<(eOperationType)4, (eCalculateGlobals)0, (eStage)9> --- Reduced from maximum 1024
[  ]    ==== :    32x4    | BorderExecutor<(eOperationType)4, (eCalculateGlobals)1, (eStage)0> --- Reduced from maximum 1024
[  ]    ==== :    32x4    | BorderExecutor<(eOperationType)4, (eCalculateGlobals)1, (eStage)1> --- Reduced from maximum 1024
[  ]    ==== :    32x4    | BorderExecutor<(eOperationType)4, (eCalculateGlobals)1, (eStage)2> --- Reduced from maximum 1024
[  ]    ==== :    32x4    | BorderExecutor<(eOperationType)4, (eCalculateGlobals)1, (eStage)3> --- Reduced from maximum 1024
[  ]    ==== :    32x4    | BorderExecutor<(eOperationType)4, (eCalculateGlobals)1, (eStage)4> --- Reduced from maximum 1024
[  ]    ==== :    32x4    | BorderExecutor<(eOperationType)4, (eCalculateGlobals)1, (eStage)5> --- Reduced from maximum 1024
[  ]    ==== :    32x4    | BorderExecutor<(eOperationType)4, (eCalculateGlobals)1, (eStage)6> --- Reduced from maximum 1024
[  ]    ==== :    32x4    | BorderExecutor<(eOperationType)4, (eCalculateGlobals)1, (eStage)7> --- Reduced from maximum 1024
[  ]    ==== :    32x4    | BorderExecutor<(eOperationType)4, (eCalculateGlobals)1, (eStage)8> --- Reduced from maximum 1024
[  ]    ==== :    32x4    | BorderExecutor<(eOperationType)4, (eCalculateGlobals)1, (eStage)9> --- Reduced from maximum 1024
[  ]    ==== :    32x4    | BorderExecutor<(eOperationType)4, (eCalculateGlobals)2, (eStage)0> --- Reduced from maximum 1024
[  ]    ==== :    32x4    | BorderExecutor<(eOperationType)4, (eCalculateGlobals)2, (eStage)1> --- Reduced from maximum 1024
[  ]    ==== :    32x4    | BorderExecutor<(eOperationType)4, (eCalculateGlobals)2, (eStage)2> --- Reduced from maximum 1024
[  ]    ==== :    32x4    | BorderExecutor<(eOperationType)4, (eCalculateGlobals)2, (eStage)3> --- Reduced from maximum 1024
[  ]    ==== :    32x4    | BorderExecutor<(eOperationType)4, (eCalculateGlobals)2, (eStage)4> --- Reduced from maximum 1024
[  ]    ==== :    32x4    | BorderExecutor<(eOperationType)4, (eCalculateGlobals)2, (eStage)5> --- Reduced from maximum 1024
[  ]    ==== :    32x4    | BorderExecutor<(eOperationType)4, (eCalculateGlobals)2, (eStage)6> --- Reduced from maximum 1024
[  ]    ==== :    32x4    | BorderExecutor<(eOperationType)4, (eCalculateGlobals)2, (eStage)7> --- Reduced from maximum 1024
[  ]    ==== :    32x4    | BorderExecutor<(eOperationType)4, (eCalculateGlobals)2, (eStage)8> --- Reduced from maximum 1024
[  ]    ==== :    32x4    | BorderExecutor<(eOperationType)4, (eCalculateGlobals)2, (eStage)9> --- Reduced from maximum 1024
[  ]    ==== :    32x4    | InteriorExecutor<(eOperationType)0, (eCalculateGlobals)0, (eStage)0> --- Reduced from maximum 1024
[  ]    ==== :    32x4    | InteriorExecutor<(eOperationType)0, (eCalculateGlobals)0, (eStage)1> --- Reduced from maximum 640
[  ]    ==== :    32x4    | InteriorExecutor<(eOperationType)0, (eCalculateGlobals)0, (eStage)2> --- Reduced from maximum 384
[  ]    ==== :    32x4    | InteriorExecutor<(eOperationType)0, (eCalculateGlobals)0, (eStage)3> --- Reduced from maximum 256
[  ]    ==== :    32x4    | InteriorExecutor<(eOperationType)0, (eCalculateGlobals)0, (eStage)4> --- Reduced from maximum 1024
[  ]    ==== :    32x4    | InteriorExecutor<(eOperationType)0, (eCalculateGlobals)0, (eStage)5> --- Reduced from maximum 640
[  ]    ==== :    32x4    | InteriorExecutor<(eOperationType)0, (eCalculateGlobals)0, (eStage)6> --- Reduced from maximum 1024
[  ]    ==== :    32x4    | InteriorExecutor<(eOperationType)0, (eCalculateGlobals)0, (eStage)7> --- Reduced from maximum 384
[  ]    ==== :    32x4    | InteriorExecutor<(eOperationType)0, (eCalculateGlobals)0, (eStage)8> --- Reduced from maximum 640
[  ]    ==== :    32x4    | InteriorExecutor<(eOperationType)0, (eCalculateGlobals)0, (eStage)9> --- Reduced from maximum 1024
[  ]    ==== :    32x4    | InteriorExecutor<(eOperationType)0, (eCalculateGlobals)1, (eStage)0> --- Reduced from maximum 1024
[  ]    ==== :    32x4    | InteriorExecutor<(eOperationType)0, (eCalculateGlobals)1, (eStage)1> --- Reduced from maximum 256
[  ]    ==== :    32x4    | InteriorExecutor<(eOperationType)0, (eCalculateGlobals)1, (eStage)2> --- Reduced from maximum 256
[  ]    ==== :    32x4    | InteriorExecutor<(eOperationType)0, (eCalculateGlobals)1, (eStage)3> --- Reduced from maximum 256
[  ]    ==== :    32x4    | InteriorExecutor<(eOperationType)0, (eCalculateGlobals)1, (eStage)4> --- Reduced from maximum 1024
[  ]    ==== :    32x4    | InteriorExecutor<(eOperationType)0, (eCalculateGlobals)1, (eStage)5> --- Reduced from maximum 768
[  ]    ==== :    32x4    | InteriorExecutor<(eOperationType)0, (eCalculateGlobals)1, (eStage)6> --- Reduced from maximum 1024
[  ]    ==== :    32x4    | InteriorExecutor<(eOperationType)0, (eCalculateGlobals)1, (eStage)7> --- Reduced from maximum 384
[  ]    ==== :    32x4    | InteriorExecutor<(eOperationType)0, (eCalculateGlobals)1, (eStage)8> --- Reduced from maximum 512
[  ]    ==== :    32x4    | InteriorExecutor<(eOperationType)0, (eCalculateGlobals)1, (eStage)9> --- Reduced from maximum 1024
[  ]    ==== :    32x4    | InteriorExecutor<(eOperationType)0, (eCalculateGlobals)2, (eStage)0> --- Reduced from maximum 1024
[  ]    ==== :    32x4    | InteriorExecutor<(eOperationType)0, (eCalculateGlobals)2, (eStage)1> --- Reduced from maximum 1024
[  ]    ==== :    32x4    | InteriorExecutor<(eOperationType)0, (eCalculateGlobals)2, (eStage)2> --- Reduced from maximum 1024
[  ]    ==== :    32x4    | InteriorExecutor<(eOperationType)0, (eCalculateGlobals)2, (eStage)3> --- Reduced from maximum 1024
[  ]    ==== :    32x4    | InteriorExecutor<(eOperationType)0, (eCalculateGlobals)2, (eStage)4> --- Reduced from maximum 1024
[  ]    ==== :    32x4    | InteriorExecutor<(eOperationType)0, (eCalculateGlobals)2, (eStage)5> --- Reduced from maximum 1024
[  ]    ==== :    32x4    | InteriorExecutor<(eOperationType)0, (eCalculateGlobals)2, (eStage)6> --- Reduced from maximum 1024
[  ]    ==== :    32x4    | InteriorExecutor<(eOperationType)0, (eCalculateGlobals)2, (eStage)7> --- Reduced from maximum 1024
[  ]    ==== :    32x4    | InteriorExecutor<(eOperationType)0, (eCalculateGlobals)2, (eStage)8> --- Reduced from maximum 1024
[  ]    ==== :    32x4    | InteriorExecutor<(eOperationType)0, (eCalculateGlobals)2, (eStage)9> --- Reduced from maximum 1024
[  ]    ==== :    32x4    | InteriorExecutor<(eOperationType)1, (eCalculateGlobals)0, (eStage)0> --- Reduced from maximum 1024
[  ]    ==== :    32x4    | InteriorExecutor<(eOperationType)1, (eCalculateGlobals)0, (eStage)1> --- Reduced from maximum 1024
[  ]    ==== :    32x4    | InteriorExecutor<(eOperationType)1, (eCalculateGlobals)0, (eStage)2> --- Reduced from maximum 1024
[  ]    ==== :    32x4    | InteriorExecutor<(eOperationType)1, (eCalculateGlobals)0, (eStage)3> --- Reduced from maximum 1024
[  ]    ==== :    32x4    | InteriorExecutor<(eOperationType)1, (eCalculateGlobals)0, (eStage)4> --- Reduced from maximum 1024
[  ]    ==== :    32x4    | InteriorExecutor<(eOperationType)1, (eCalculateGlobals)0, (eStage)5> --- Reduced from maximum 1024
[  ]    ==== :    32x4    | InteriorExecutor<(eOperationType)1, (eCalculateGlobals)0, (eStage)6> --- Reduced from maximum 1024
[  ]    ==== :    32x4    | InteriorExecutor<(eOperationType)1, (eCalculateGlobals)0, (eStage)7> --- Reduced from maximum 1024
[  ]    ==== :    32x4    | InteriorExecutor<(eOperationType)1, (eCalculateGlobals)0, (eStage)8> --- Reduced from maximum 1024
[  ]    ==== :    32x4    | InteriorExecutor<(eOperationType)1, (eCalculateGlobals)0, (eStage)9> --- Reduced from maximum 1024
[  ]    ==== :    32x4    | InteriorExecutor<(eOperationType)1, (eCalculateGlobals)1, (eStage)0> --- Reduced from maximum 1024
[  ]    ==== :    32x4    | InteriorExecutor<(eOperationType)1, (eCalculateGlobals)1, (eStage)1> --- Reduced from maximum 1024
[  ]    ==== :    32x4    | InteriorExecutor<(eOperationType)1, (eCalculateGlobals)1, (eStage)2> --- Reduced from maximum 1024
[  ]    ==== :    32x4    | InteriorExecutor<(eOperationType)1, (eCalculateGlobals)1, (eStage)3> --- Reduced from maximum 1024
[  ]    ==== :    32x4    | InteriorExecutor<(eOperationType)1, (eCalculateGlobals)1, (eStage)4> --- Reduced from maximum 1024
[  ]    ==== :    32x4    | InteriorExecutor<(eOperationType)1, (eCalculateGlobals)1, (eStage)5> --- Reduced from maximum 1024
[  ]    ==== :    32x4    | InteriorExecutor<(eOperationType)1, (eCalculateGlobals)1, (eStage)6> --- Reduced from maximum 1024
[  ]    ==== :    32x4    | InteriorExecutor<(eOperationType)1, (eCalculateGlobals)1, (eStage)7> --- Reduced from maximum 1024
[  ]    ==== :    32x4    | InteriorExecutor<(eOperationType)1, (eCalculateGlobals)1, (eStage)8> --- Reduced from maximum 1024
[  ]    ==== :    32x4    | InteriorExecutor<(eOperationType)1, (eCalculateGlobals)1, (eStage)9> --- Reduced from maximum 1024
[  ]    ==== :    32x4    | InteriorExecutor<(eOperationType)1, (eCalculateGlobals)2, (eStage)0> --- Reduced from maximum 1024
[  ]    ==== :    32x4    | InteriorExecutor<(eOperationType)1, (eCalculateGlobals)2, (eStage)1> --- Reduced from maximum 1024
[  ]    ==== :    32x4    | InteriorExecutor<(eOperationType)1, (eCalculateGlobals)2, (eStage)2> --- Reduced from maximum 1024
[  ]    ==== :    32x4    | InteriorExecutor<(eOperationType)1, (eCalculateGlobals)2, (eStage)3> --- Reduced from maximum 1024
[  ]    ==== :    32x4    | InteriorExecutor<(eOperationType)1, (eCalculateGlobals)2, (eStage)4> --- Reduced from maximum 1024
[  ]    ==== :    32x4    | InteriorExecutor<(eOperationType)1, (eCalculateGlobals)2, (eStage)5> --- Reduced from maximum 1024
[  ]    ==== :    32x4    | InteriorExecutor<(eOperationType)1, (eCalculateGlobals)2, (eStage)6> --- Reduced from maximum 1024
[  ]    ==== :    32x4    | InteriorExecutor<(eOperationType)1, (eCalculateGlobals)2, (eStage)7> --- Reduced from maximum 1024
[  ]    ==== :    32x4    | InteriorExecutor<(eOperationType)1, (eCalculateGlobals)2, (eStage)8> --- Reduced from maximum 1024
[  ]    ==== :    32x4    | InteriorExecutor<(eOperationType)1, (eCalculateGlobals)2, (eStage)9> --- Reduced from maximum 1024
[  ]    ==== :    32x4    | InteriorExecutor<(eOperationType)3, (eCalculateGlobals)0, (eStage)0> --- Reduced from maximum 1024
[  ]    ==== :    32x4    | InteriorExecutor<(eOperationType)3, (eCalculateGlobals)0, (eStage)1> --- Reduced from maximum 1024
[  ]    ==== :    32x4    | InteriorExecutor<(eOperationType)3, (eCalculateGlobals)0, (eStage)2> --- Reduced from maximum 1024
[  ]    ==== :    32x4    | InteriorExecutor<(eOperationType)3, (eCalculateGlobals)0, (eStage)3> --- Reduced from maximum 1024
[  ]    ==== :    32x4    | InteriorExecutor<(eOperationType)3, (eCalculateGlobals)0, (eStage)4> --- Reduced from maximum 1024
[  ]    ==== :    32x4    | InteriorExecutor<(eOperationType)3, (eCalculateGlobals)0, (eStage)5> --- Reduced from maximum 1024
[  ]    ==== :    32x4    | InteriorExecutor<(eOperationType)3, (eCalculateGlobals)0, (eStage)6> --- Reduced from maximum 1024
[  ]    ==== :    32x4    | InteriorExecutor<(eOperationType)3, (eCalculateGlobals)0, (eStage)7> --- Reduced from maximum 1024
[  ]    ==== :    32x4    | InteriorExecutor<(eOperationType)3, (eCalculateGlobals)0, (eStage)8> --- Reduced from maximum 1024
[  ]    ==== :    32x4    | InteriorExecutor<(eOperationType)3, (eCalculateGlobals)0, (eStage)9> --- Reduced from maximum 1024
[  ]    ==== :    32x4    | InteriorExecutor<(eOperationType)3, (eCalculateGlobals)1, (eStage)0> --- Reduced from maximum 1024
[  ]    ==== :    32x4    | InteriorExecutor<(eOperationType)3, (eCalculateGlobals)1, (eStage)1> --- Reduced from maximum 1024
[  ]    ==== :    32x4    | InteriorExecutor<(eOperationType)3, (eCalculateGlobals)1, (eStage)2> --- Reduced from maximum 1024
[  ]    ==== :    32x4    | InteriorExecutor<(eOperationType)3, (eCalculateGlobals)1, (eStage)3> --- Reduced from maximum 1024
[  ]    ==== :    32x4    | InteriorExecutor<(eOperationType)3, (eCalculateGlobals)1, (eStage)4> --- Reduced from maximum 1024
[  ]    ==== :    32x4    | InteriorExecutor<(eOperationType)3, (eCalculateGlobals)1, (eStage)5> --- Reduced from maximum 1024
[  ]    ==== :    32x4    | InteriorExecutor<(eOperationType)3, (eCalculateGlobals)1, (eStage)6> --- Reduced from maximum 1024
[  ]    ==== :    32x4    | InteriorExecutor<(eOperationType)3, (eCalculateGlobals)1, (eStage)7> --- Reduced from maximum 1024
[  ]    ==== :    32x4    | InteriorExecutor<(eOperationType)3, (eCalculateGlobals)1, (eStage)8> --- Reduced from maximum 1024
[  ]    ==== :    32x4    | InteriorExecutor<(eOperationType)3, (eCalculateGlobals)1, (eStage)9> --- Reduced from maximum 1024
[  ]    ==== :    32x4    | InteriorExecutor<(eOperationType)3, (eCalculateGlobals)2, (eStage)0> --- Reduced from maximum 1024
[  ]    ==== :    32x4    | InteriorExecutor<(eOperationType)3, (eCalculateGlobals)2, (eStage)1> --- Reduced from maximum 1024
[  ]    ==== :    32x4    | InteriorExecutor<(eOperationType)3, (eCalculateGlobals)2, (eStage)2> --- Reduced from maximum 1024
[  ]    ==== :    32x4    | InteriorExecutor<(eOperationType)3, (eCalculateGlobals)2, (eStage)3> --- Reduced from maximum 1024
[  ]    ==== :    32x4    | InteriorExecutor<(eOperationType)3, (eCalculateGlobals)2, (eStage)4> --- Reduced from maximum 1024
[  ]    ==== :    32x4    | InteriorExecutor<(eOperationType)3, (eCalculateGlobals)2, (eStage)5> --- Reduced from maximum 1024
[  ]    ==== :    32x4    | InteriorExecutor<(eOperationType)3, (eCalculateGlobals)2, (eStage)6> --- Reduced from maximum 1024
[  ]    ==== :    32x4    | InteriorExecutor<(eOperationType)3, (eCalculateGlobals)2, (eStage)7> --- Reduced from maximum 1024
[  ]    ==== :    32x4    | InteriorExecutor<(eOperationType)3, (eCalculateGlobals)2, (eStage)8> --- Reduced from maximum 1024
[  ]    ==== :    32x4    | InteriorExecutor<(eOperationType)3, (eCalculateGlobals)2, (eStage)9> --- Reduced from maximum 1024
[  ]    ==== :    32x4    | InteriorExecutor<(eOperationType)4, (eCalculateGlobals)0, (eStage)0> --- Reduced from maximum 1024
[  ]    ==== :    32x4    | InteriorExecutor<(eOperationType)4, (eCalculateGlobals)0, (eStage)1> --- Reduced from maximum 1024
[  ]    ==== :    32x4    | InteriorExecutor<(eOperationType)4, (eCalculateGlobals)0, (eStage)2> --- Reduced from maximum 1024
[  ]    ==== :    32x4    | InteriorExecutor<(eOperationType)4, (eCalculateGlobals)0, (eStage)3> --- Reduced from maximum 1024
[  ]    ==== :    32x4    | InteriorExecutor<(eOperationType)4, (eCalculateGlobals)0, (eStage)4> --- Reduced from maximum 1024
[  ]    ==== :    32x4    | InteriorExecutor<(eOperationType)4, (eCalculateGlobals)0, (eStage)5> --- Reduced from maximum 1024
[  ]    ==== :    32x4    | InteriorExecutor<(eOperationType)4, (eCalculateGlobals)0, (eStage)6> --- Reduced from maximum 1024
[  ]    ==== :    32x4    | InteriorExecutor<(eOperationType)4, (eCalculateGlobals)0, (eStage)7> --- Reduced from maximum 1024
[  ]    ==== :    32x4    | InteriorExecutor<(eOperationType)4, (eCalculateGlobals)0, (eStage)8> --- Reduced from maximum 1024
[  ]    ==== :    32x4    | InteriorExecutor<(eOperationType)4, (eCalculateGlobals)0, (eStage)9> --- Reduced from maximum 1024
[  ]    ==== :    32x4    | InteriorExecutor<(eOperationType)4, (eCalculateGlobals)1, (eStage)0> --- Reduced from maximum 1024
[  ]    ==== :    32x4    | InteriorExecutor<(eOperationType)4, (eCalculateGlobals)1, (eStage)1> --- Reduced from maximum 1024
[  ]    ==== :    32x4    | InteriorExecutor<(eOperationType)4, (eCalculateGlobals)1, (eStage)2> --- Reduced from maximum 1024
[  ]    ==== :    32x4    | InteriorExecutor<(eOperationType)4, (eCalculateGlobals)1, (eStage)3> --- Reduced from maximum 1024
[  ]    ==== :    32x4    | InteriorExecutor<(eOperationType)4, (eCalculateGlobals)1, (eStage)4> --- Reduced from maximum 1024
[  ]    ==== :    32x4    | InteriorExecutor<(eOperationType)4, (eCalculateGlobals)1, (eStage)5> --- Reduced from maximum 1024
[  ]    ==== :    32x4    | InteriorExecutor<(eOperationType)4, (eCalculateGlobals)1, (eStage)6> --- Reduced from maximum 1024
[  ]    ==== :    32x4    | InteriorExecutor<(eOperationType)4, (eCalculateGlobals)1, (eStage)7> --- Reduced from maximum 1024
[  ]    ==== :    32x4    | InteriorExecutor<(eOperationType)4, (eCalculateGlobals)1, (eStage)8> --- Reduced from maximum 1024
[  ]    ==== :    32x4    | InteriorExecutor<(eOperationType)4, (eCalculateGlobals)1, (eStage)9> --- Reduced from maximum 1024
[  ]    ==== :    32x4    | InteriorExecutor<(eOperationType)4, (eCalculateGlobals)2, (eStage)0> --- Reduced from maximum 1024
[  ]    ==== :    32x4    | InteriorExecutor<(eOperationType)4, (eCalculateGlobals)2, (eStage)1> --- Reduced from maximum 1024
[  ]    ==== :    32x4    | InteriorExecutor<(eOperationType)4, (eCalculateGlobals)2, (eStage)2> --- Reduced from maximum 1024
[  ]    ==== :    32x4    | InteriorExecutor<(eOperationType)4, (eCalculateGlobals)2, (eStage)3> --- Reduced from maximum 1024
[  ]    ==== :    32x4    | InteriorExecutor<(eOperationType)4, (eCalculateGlobals)2, (eStage)4> --- Reduced from maximum 1024
[  ]    ==== :    32x4    | InteriorExecutor<(eOperationType)4, (eCalculateGlobals)2, (eStage)5> --- Reduced from maximum 1024
[  ]    ==== :    32x4    | InteriorExecutor<(eOperationType)4, (eCalculateGlobals)2, (eStage)6> --- Reduced from maximum 1024
[  ]    ==== :    32x4    | InteriorExecutor<(eOperationType)4, (eCalculateGlobals)2, (eStage)7> --- Reduced from maximum 1024
[  ]    ==== :    32x4    | InteriorExecutor<(eOperationType)4, (eCalculateGlobals)2, (eStage)8> --- Reduced from maximum 1024
[  ]    ==== :    32x4    | InteriorExecutor<(eOperationType)4, (eCalculateGlobals)2, (eStage)9> --- Reduced from maximum 1024
[ 0] warning ! No "Units" element in config file
[  ]    ==== : Mesh size in config file: 96x80x96
[  ]    ---- : Global lattice size: 96x80x96
[  ]    ==== : Max region size: 737280. Mesh size 737280. Overhead:  0%
[  ]    ---- : Local lattice size: 96x80x96
[  ]    #### : [0] Cumulative allocation of 1012073472 b (1.0 GB)
[  ]    ---- : Creating geom size:737280
[  ]    #### : Setting output path to: case
[  ]    #### : Setting output path to: output/case
[  ]    ---- : loading geometry ...
[  ]    ---- : overwriting all flags
[  ]    ---- : Setting number of zones to 3
[  ]    ---- : Setting Density_h to 1 (1.000000)
[  ]    ---- : Setting Density_l to 0.001 (0.001000)
[  ]    ---- : Setting Viscosity_h to 0.1 (0.100000)
[  ]    ---- : Setting Viscosity_l to 0.1 (0.100000)
[  ]    ---- : Setting tauUpdate to 1 (1.000000)
[  ]    ---- : Setting sigma to 5e-05 (0.000050)
[  ]    ---- : Setting M to 0.1 (0.100000)
[  ]    ---- : Setting IntWidth to 3 (3.000000)
[  ]    ---- : Setting Radius to 0 (0.000000)
[  ]    ---- : Setting CenterX to 48.0 (48.000000)
[  ]    ---- : Setting CenterY to 7.055557879411288 (7.055558)
[  ]    ---- : Setting CenterZ to 48.0 (48.000000)
[  ]    ---- : Setting CapInit to 1 (1.000000)
[  ]    ---- : Setting CapInitRadius to 20.15873679831797 (20.158737)
[  ]    ---- : Setting CapInitTheta to 1.570796326794897 (1.570796)
[  ]    ---- : Setting CapInitCenterX to 48 (48.000000)
[  ]    ---- : Setting CapInitCenterY to -1.234366624745703e-15 (-0.000000)
[  ]    ---- : Setting CapInitCenterZ to 48 (48.000000)
[  ]    ---- : Setting BubbleType to 1.0 (1.000000)
[  ]    ---- : Setting VelocityX in zone  (-1) to 0.0 (0.000000)
[  ]    ---- : Setting VelocityY in zone  (-1) to 0.0 (0.000000)
[  ]    ---- : Setting VelocityZ in zone  (-1) to 0.0 (0.000000)
[  ]    ---- : Setting GravitationX to 0.0 (0.000000)
[  ]    ---- : Setting GravitationY to 0.0 (0.000000)
[  ]    ---- : Setting GravitationZ to 0.0 (0.000000)
[  ]    ---- : Setting radAngle in zone  (-1) to 90d (1.570796)
[ 0] WARNING ! Zone-specific settings in zone 0 were overwritten from 1.570796 to 1.570796
[  ]    ---- : Setting radAngle in zone OuterDomain (1) to 90d (1.570796)
[  ]    ---- : Setting AnalyticSolidType to 1 (1.000000)
[  ]    ---- : Setting AnalyticSolidAxis to 1 (1.000000)
[  ]    ---- : Setting AnalyticSolidPlaneOffset to 0.0 (0.000000)
[  ]    ---- : Setting AnalyticWetting to 1 (1.000000)
[  ]    ---- : Setting WettingBCMode to 0 (0.000000)
[  ]    ---- : Setting ForceFixedTol to 0 (0.000000)
[  ]    ---- : Setting ForceFixedMaxIter to 2 (2.000000)
[  ]    ---- : Setting radAngle in zone FlatLowerY (2) to 90d (1.570796)
[  ]    ---- : Setting minGradient to 1e-08 (0.000000)
[  ]    ---- : Initializing Lattice ...
[  ]     41.9 MLBUps     55.71 GB/s [====================]  0s
[  ]    ---- : Callback VTK with no Iterations attribute
[  ]    ---- :        0 it writing vtk
[  ]    ---- : Setting callback Log at 500.000000 iterations
[  ]    ---- : Adding Log to the solver hands
[  ]    ---- : Setting callback Failcheck at 500.000000 iterations
[  ]    ---- : Adding Failcheck to the solver hands
[  ]    ---- : Setting action Solve at 6000.000000 iterations
[  ]    ---- : Setting callback VTK at 1000.000000 iterations
[  ]    ---- : Adding VTK to the solver hands
[  ]    ---- : Setting callback Log at 500.000000 iterations
[  ]    ---- : Adding Log to the solver hands
[  ]    ---- : Setting callback Failcheck at 500.000000 iterations
[  ]    ---- : Adding Failcheck to the solver hands
[  ]      5.0 MLBUps      6.69 GB/s [==                  ]  8s
[  ]     18.4 MLBUps     24.51 GB/s [==                  ]  8s
[  ]     18.4 MLBUps     24.50 GB/s [===                 ]  9s
[  ]     18.4 MLBUps     24.51 GB/s [====                ] 10s
[  ]     18.4 MLBUps     24.48 GB/s [=====               ] 11s
[  ]     18.4 MLBUps     24.48 GB/s [======              ] 12s
[  ]     18.4 MLBUps     24.48 GB/s [=======             ] 13s
[  ]     18.4 MLBUps     24.48 GB/s [========            ] 14s
[  ]     18.4 MLBUps     24.47 GB/s [=========           ] 15s
[  ]     18.4 MLBUps     24.44 GB/s [==========          ] 16s
[  ]     18.4 MLBUps     24.44 GB/s [===========         ] 17s
[  ]     18.4 MLBUps     24.44 GB/s [============        ] 18s
[  ]     18.4 MLBUps     24.43 GB/s [=============       ] 19s
[  ]     18.4 MLBUps     24.43 GB/s [==============      ] 20s
[  ]     18.4 MLBUps     24.43 GB/s [===============     ] 21s
[  ]     18.4 MLBUps     24.42 GB/s [================    ] 22s
[  ]     18.4 MLBUps     24.42 GB/s [================    ] 22s
[  ]     18.4 MLBUps     24.42 GB/s [=================   ] 23s
[  ]     18.4 MLBUps     24.41 GB/s [==================  ] 24s
[  ]     18.4 MLBUps     24.41 GB/s [=================== ] 25s
[  ]    ---- :     16.1 MLBUps     21.46 GB/s [====================]
[  ]     18.3 MLBUps     24.34 GB/s [                    ]  0s
[  ]     18.4 MLBUps     24.41 GB/s [=                   ]  1s
[  ]     18.3 MLBUps     24.40 GB/s [==                  ]  2s
[  ]     18.3 MLBUps     24.39 GB/s [===                 ]  3s
[  ]     18.3 MLBUps     24.39 GB/s [====                ]  4s
[  ]     18.3 MLBUps     24.38 GB/s [=====               ]  5s
[  ]     18.3 MLBUps     24.39 GB/s [======              ]  6s
[  ]     18.3 MLBUps     24.38 GB/s [=======             ]  7s
[  ]     18.3 MLBUps     24.38 GB/s [========            ]  8s
[  ]     18.3 MLBUps     24.38 GB/s [=========           ]  9s
[  ]     18.3 MLBUps     24.38 GB/s [==========          ] 10s
[  ]     18.3 MLBUps     24.38 GB/s [===========         ] 11s
[  ]     18.3 MLBUps     24.38 GB/s [============        ] 12s
[  ]     18.3 MLBUps     24.37 GB/s [=============       ] 13s
[  ]     18.3 MLBUps     24.38 GB/s [==============      ] 14s
[  ]     18.3 MLBUps     24.38 GB/s [===============     ] 15s
[  ]     18.3 MLBUps     24.38 GB/s [================    ] 16s
[  ]     18.3 MLBUps     24.38 GB/s [=================   ] 17s
[  ]     18.3 MLBUps     24.38 GB/s [==================  ] 18s
[  ]     18.3 MLBUps     24.38 GB/s [=================== ] 19s
[  ]    ---- :     17.9 MLBUps     23.87 GB/s [====================]
[  ]    ---- :     1000 it writing vtk
[  ]      2.5 MLBUps      3.35 GB/s [                    ]  7s
[  ]     18.3 MLBUps     24.38 GB/s [=                   ]  7s
[  ]     18.3 MLBUps     24.38 GB/s [==                  ]  8s
[  ]     18.3 MLBUps     24.38 GB/s [===                 ]  9s
[  ]     18.3 MLBUps     24.38 GB/s [====                ] 10s
[  ]     18.3 MLBUps     24.38 GB/s [====                ] 11s
[  ]     18.3 MLBUps     24.38 GB/s [=====               ] 12s
[  ]     18.3 MLBUps     24.37 GB/s [======              ] 12s
[  ]     18.3 MLBUps     24.38 GB/s [=======             ] 13s
[  ]     18.3 MLBUps     24.37 GB/s [========            ] 14s
[  ]     18.3 MLBUps     24.38 GB/s [=========           ] 15s
[  ]     18.3 MLBUps     24.37 GB/s [==========          ] 16s
[  ]     18.3 MLBUps     24.37 GB/s [===========         ] 17s
[  ]     18.3 MLBUps     24.38 GB/s [============        ] 18s
[  ]     18.3 MLBUps     24.38 GB/s [=============       ] 19s
[  ]     18.3 MLBUps     24.37 GB/s [==============      ] 20s
[  ]     18.3 MLBUps     24.37 GB/s [===============     ] 21s
[  ]     18.0 MLBUps     23.89 GB/s [================    ] 22s
[  ]     17.6 MLBUps     23.43 GB/s [=================   ] 23s
[  ]     17.6 MLBUps     23.46 GB/s [==================  ] 24s
[  ]     16.6 MLBUps     22.05 GB/s [=================== ] 25s
[  ]    ---- :     15.6 MLBUps     20.79 GB/s [====================]
[  ]     16.1 MLBUps     21.39 GB/s [                    ]  0s
[  ]     16.1 MLBUps     21.40 GB/s [=                   ]  1s
[  ]     16.1 MLBUps     21.42 GB/s [==                  ]  2s
[  ]     16.0 MLBUps     21.33 GB/s [===                 ]  3s
[  ]     16.0 MLBUps     21.34 GB/s [====                ]  4s
[  ]     14.8 MLBUps     19.63 GB/s [=====               ]  5s
[  ]     14.7 MLBUps     19.54 GB/s [=====               ]  6s
[  ]     14.7 MLBUps     19.54 GB/s [======              ]  7s
[  ]     14.7 MLBUps     19.54 GB/s [=======             ]  8s
[  ]     14.7 MLBUps     19.54 GB/s [========            ]  9s
[  ]     14.7 MLBUps     19.54 GB/s [=========           ] 10s
[  ]     14.7 MLBUps     19.54 GB/s [=========           ] 11s
[  ]     14.7 MLBUps     19.54 GB/s [==========          ] 12s
[  ]     14.7 MLBUps     19.54 GB/s [===========         ] 13s
[  ]     14.7 MLBUps     19.53 GB/s [============        ] 14s
[  ]     14.7 MLBUps     19.54 GB/s [=============       ] 15s
[  ]     14.7 MLBUps     19.54 GB/s [=============       ] 17s
[  ]     14.7 MLBUps     19.54 GB/s [==============      ] 18s
[  ]     14.7 MLBUps     19.54 GB/s [===============     ] 19s
[  ]     14.7 MLBUps     19.54 GB/s [================    ] 20s
[  ]     14.7 MLBUps     19.53 GB/s [=================   ] 21s
[  ]     14.7 MLBUps     19.53 GB/s [=================   ] 22s
[  ]     14.7 MLBUps     19.54 GB/s [==================  ] 23s
[  ]     14.7 MLBUps     19.54 GB/s [=================== ] 24s
[  ]    ---- :     14.2 MLBUps     18.84 GB/s [====================]
[  ]    ---- :     2000 it writing vtk
[  ]      2.1 MLBUps      2.78 GB/s [                    ]  7s
[  ]     14.7 MLBUps     19.53 GB/s [                    ]  7s
[  ]     14.7 MLBUps     19.53 GB/s [=                   ]  8s
[  ]     14.7 MLBUps     19.52 GB/s [==                  ]  9s
[  ]     14.7 MLBUps     19.53 GB/s [===                 ] 10s
[  ]     14.7 MLBUps     19.53 GB/s [====                ] 11s
[  ]     14.7 MLBUps     19.53 GB/s [====                ] 12s
[  ]     14.7 MLBUps     19.53 GB/s [=====               ] 13s
[  ]     14.7 MLBUps     19.53 GB/s [======              ] 14s
[  ]     14.7 MLBUps     19.53 GB/s [=======             ] 15s
[  ]     14.7 MLBUps     19.53 GB/s [========            ] 16s
[  ]     14.7 MLBUps     19.53 GB/s [========            ] 17s
[  ]     14.7 MLBUps     19.53 GB/s [=========           ] 18s
[  ]     14.7 MLBUps     19.53 GB/s [==========          ] 19s
[  ]     14.7 MLBUps     19.53 GB/s [===========         ] 20s
[  ]     14.7 MLBUps     19.53 GB/s [============        ] 21s
[  ]     14.7 MLBUps     19.53 GB/s [============        ] 22s
[  ]     14.7 MLBUps     19.53 GB/s [=============       ] 23s
[  ]     14.7 MLBUps     19.52 GB/s [==============      ] 24s
[  ]     14.7 MLBUps     19.53 GB/s [===============     ] 25s
[  ]     14.7 MLBUps     19.53 GB/s [================    ] 26s
[  ]     14.7 MLBUps     19.53 GB/s [================    ] 27s
[  ]     14.7 MLBUps     19.53 GB/s [=================   ] 28s
[  ]     14.7 MLBUps     19.52 GB/s [==================  ] 29s
[  ]     14.7 MLBUps     19.52 GB/s [=================== ] 30s
[  ]    ---- :     14.3 MLBUps     19.06 GB/s [====================]
[  ]     14.7 MLBUps     19.49 GB/s [                    ]  0s
[  ]     14.7 MLBUps     19.53 GB/s [=                   ]  1s
[  ]     14.7 MLBUps     19.53 GB/s [==                  ]  2s
[  ]     14.7 MLBUps     19.53 GB/s [===                 ]  3s
[  ]     14.7 MLBUps     19.53 GB/s [===                 ]  4s
[  ]     14.7 MLBUps     19.53 GB/s [====                ]  5s
[  ]     14.7 MLBUps     19.53 GB/s [=====               ]  6s
[  ]     14.7 MLBUps     19.52 GB/s [======              ]  7s
[  ]     14.7 MLBUps     19.53 GB/s [=======             ]  8s
[  ]     14.7 MLBUps     19.53 GB/s [=======             ]  9s
[  ]     14.7 MLBUps     19.53 GB/s [========            ] 10s
[  ]     14.7 MLBUps     19.53 GB/s [=========           ] 11s
[  ]     14.7 MLBUps     19.53 GB/s [==========          ] 12s
[  ]     14.7 MLBUps     19.53 GB/s [===========         ] 13s
[  ]     14.7 MLBUps     19.53 GB/s [===========         ] 14s
[  ]     14.7 MLBUps     19.52 GB/s [============        ] 15s
[  ]     14.7 MLBUps     19.52 GB/s [=============       ] 16s
[  ]     14.7 MLBUps     19.53 GB/s [==============      ] 17s
[  ]     14.7 MLBUps     19.52 GB/s [===============     ] 18s
[  ]     14.7 MLBUps     19.52 GB/s [===============     ] 19s
[  ]     14.7 MLBUps     19.52 GB/s [================    ] 20s
[  ]     14.7 MLBUps     19.52 GB/s [=================   ] 21s
[  ]     14.7 MLBUps     19.52 GB/s [==================  ] 22s
[  ]     14.7 MLBUps     19.52 GB/s [=================== ] 23s
[  ]     14.7 MLBUps     19.52 GB/s [=================== ] 24s
[  ]    ---- :     13.2 MLBUps     17.62 GB/s [====================]
[  ]    ---- :     3000 it writing vtk
[  ]      2.1 MLBUps      2.74 GB/s [                    ]  7s
[  ]     14.7 MLBUps     19.52 GB/s [                    ]  7s
[  ]     14.7 MLBUps     19.52 GB/s [=                   ]  8s
[  ]     14.7 MLBUps     19.53 GB/s [==                  ]  9s
[  ]     14.7 MLBUps     19.53 GB/s [===                 ] 10s
[  ]     14.7 MLBUps     19.53 GB/s [====                ] 11s
[  ]     14.7 MLBUps     19.52 GB/s [====                ] 12s
[  ]     14.7 MLBUps     19.52 GB/s [=====               ] 13s
[  ]     14.7 MLBUps     19.52 GB/s [======              ] 14s
[  ]     14.7 MLBUps     19.52 GB/s [=======             ] 15s
[  ]     14.7 MLBUps     19.52 GB/s [========            ] 16s
[  ]     14.7 MLBUps     19.52 GB/s [========            ] 17s
[  ]     14.7 MLBUps     19.52 GB/s [=========           ] 18s
[  ]     14.7 MLBUps     19.52 GB/s [==========          ] 19s
[  ]     14.7 MLBUps     19.52 GB/s [===========         ] 20s
[  ]     14.7 MLBUps     19.52 GB/s [============        ] 21s
[  ]     14.7 MLBUps     19.53 GB/s [============        ] 22s
[  ]     14.7 MLBUps     19.53 GB/s [=============       ] 23s
[  ]     14.7 MLBUps     19.52 GB/s [==============      ] 24s
[  ]     14.7 MLBUps     19.52 GB/s [===============     ] 25s
[  ]     14.7 MLBUps     19.58 GB/s [================    ] 26s
[  ]     14.7 MLBUps     19.59 GB/s [================    ] 27s
[  ]     14.7 MLBUps     19.60 GB/s [=================   ] 28s
[  ]     14.7 MLBUps     19.60 GB/s [==================  ] 29s
[  ]     14.7 MLBUps     19.60 GB/s [=================== ] 30s
[  ]    ---- :     14.4 MLBUps     19.14 GB/s [====================]
[  ]     14.7 MLBUps     19.56 GB/s [                    ]  0s
[  ]     14.7 MLBUps     19.60 GB/s [=                   ]  1s
[  ]     14.7 MLBUps     19.60 GB/s [==                  ]  2s
[  ]     14.7 MLBUps     19.60 GB/s [===                 ]  3s
[  ]     14.7 MLBUps     19.61 GB/s [===                 ]  4s
[  ]     14.7 MLBUps     19.61 GB/s [====                ]  5s
[  ]     14.7 MLBUps     19.60 GB/s [=====               ]  6s
[  ]     14.7 MLBUps     19.60 GB/s [======              ]  7s
[  ]     14.7 MLBUps     19.60 GB/s [=======             ]  8s
[  ]     14.7 MLBUps     19.61 GB/s [=======             ]  9s
[  ]     14.7 MLBUps     19.60 GB/s [========            ] 10s
[  ]     14.7 MLBUps     19.60 GB/s [=========           ] 11s
[  ]     14.7 MLBUps     19.60 GB/s [==========          ] 12s
[  ]     14.7 MLBUps     19.60 GB/s [===========         ] 13s
[  ]     14.7 MLBUps     19.59 GB/s [===========         ] 14s
[  ]     14.7 MLBUps     19.60 GB/s [============        ] 15s
[  ]     14.7 MLBUps     19.60 GB/s [=============       ] 16s
[  ]     14.7 MLBUps     19.59 GB/s [==============      ] 17s
[  ]     14.7 MLBUps     19.59 GB/s [===============     ] 18s
[  ]     14.7 MLBUps     19.60 GB/s [===============     ] 19s
[  ]     14.7 MLBUps     19.60 GB/s [================    ] 20s
[  ]     14.7 MLBUps     19.59 GB/s [=================   ] 21s
[  ]     14.7 MLBUps     19.59 GB/s [==================  ] 22s
[  ]     14.7 MLBUps     19.59 GB/s [=================== ] 23s
[  ]     14.7 MLBUps     19.59 GB/s [=================== ] 24s
[  ]    ---- :     13.3 MLBUps     17.66 GB/s [====================]
[  ]    ---- :     4000 it writing vtk
[  ]      2.1 MLBUps      2.75 GB/s [                    ]  7s
[  ]     14.7 MLBUps     19.59 GB/s [                    ]  7s
[  ]     14.7 MLBUps     19.60 GB/s [=                   ]  8s
[  ]     14.7 MLBUps     19.60 GB/s [==                  ]  9s
[  ]     14.7 MLBUps     19.59 GB/s [===                 ] 10s
[  ]     14.7 MLBUps     19.60 GB/s [====                ] 11s
[  ]     14.7 MLBUps     19.60 GB/s [====                ] 12s
[  ]     14.7 MLBUps     19.60 GB/s [=====               ] 13s
[  ]     14.7 MLBUps     19.60 GB/s [======              ] 14s
[  ]     14.7 MLBUps     19.59 GB/s [=======             ] 15s
[  ]     14.7 MLBUps     19.60 GB/s [========            ] 16s
[  ]     14.7 MLBUps     19.59 GB/s [========            ] 17s
[  ]     14.7 MLBUps     19.60 GB/s [=========           ] 18s
[  ]     14.7 MLBUps     19.60 GB/s [==========          ] 19s
[  ]     14.7 MLBUps     19.59 GB/s [===========         ] 20s
[  ]     14.7 MLBUps     19.60 GB/s [============        ] 21s
[  ]     14.7 MLBUps     19.60 GB/s [============        ] 22s
[  ]     14.7 MLBUps     19.60 GB/s [=============       ] 23s
[  ]     14.7 MLBUps     19.60 GB/s [==============      ] 24s
[  ]     14.7 MLBUps     19.60 GB/s [===============     ] 25s
[  ]     14.7 MLBUps     19.60 GB/s [================    ] 26s
[  ]     14.7 MLBUps     19.60 GB/s [================    ] 27s
[  ]     14.7 MLBUps     19.60 GB/s [=================   ] 28s
[  ]     14.7 MLBUps     19.59 GB/s [==================  ] 29s
[  ]     14.7 MLBUps     19.60 GB/s [=================== ] 30s
[  ]    ---- :     14.4 MLBUps     19.12 GB/s [====================]
[  ]     14.7 MLBUps     19.56 GB/s [                    ]  0s
[  ]     14.7 MLBUps     19.59 GB/s [=                   ]  1s
[  ]     14.7 MLBUps     19.60 GB/s [==                  ]  2s
[  ]     14.7 MLBUps     19.59 GB/s [===                 ]  3s
[  ]     14.7 MLBUps     19.59 GB/s [===                 ]  4s
[  ]     14.7 MLBUps     19.60 GB/s [====                ]  5s
[  ]     14.7 MLBUps     19.60 GB/s [=====               ]  6s
[  ]     14.7 MLBUps     19.60 GB/s [======              ]  7s
[  ]     14.7 MLBUps     19.60 GB/s [=======             ]  8s
[  ]     14.7 MLBUps     19.60 GB/s [=======             ]  9s
[  ]     14.7 MLBUps     19.59 GB/s [========            ] 10s
[  ]      2.4 MLBUps      3.17 GB/s [=========           ] 16s
[  ]      2.1 MLBUps      2.74 GB/s [=========           ] 18s
[  ]      2.1 MLBUps      2.79 GB/s [=========           ] 19s
[  ]      3.1 MLBUps      4.10 GB/s [=========           ] 19s
[  ]     13.1 MLBUps     17.43 GB/s [=========           ] 19s
[  ]     14.7 MLBUps     19.61 GB/s [==========          ] 20s
[  ]     14.7 MLBUps     19.60 GB/s [===========         ] 21s
[  ]     14.7 MLBUps     19.60 GB/s [============        ] 22s
[  ]     14.7 MLBUps     19.58 GB/s [=============       ] 23s
[  ]     14.7 MLBUps     19.60 GB/s [=============       ] 24s
[  ]     14.7 MLBUps     19.59 GB/s [==============      ] 25s
[  ]     14.7 MLBUps     19.60 GB/s [===============     ] 26s
[  ]     14.7 MLBUps     19.58 GB/s [================    ] 27s
[  ]      2.6 MLBUps      3.50 GB/s [=================   ] 33s
[  ]      2.1 MLBUps      2.76 GB/s [=================   ] 34s
[  ]      2.6 MLBUps      3.47 GB/s [=================   ] 35s
[  ]     12.5 MLBUps     16.66 GB/s [=================   ] 35s
[  ]     14.7 MLBUps     19.60 GB/s [==================  ] 36s
[  ]     14.7 MLBUps     19.60 GB/s [==================  ] 37s
[  ]     14.7 MLBUps     19.59 GB/s [=================== ] 38s
[  ]    ---- :     14.0 MLBUps     18.58 GB/s [====================]
[  ]    ---- :     5000 it writing vtk
[  ]      1.3 MLBUps      1.71 GB/s [                    ]  6s
[  ]     14.7 MLBUps     19.61 GB/s [                    ]  6s
[  ]     14.7 MLBUps     19.61 GB/s [=                   ]  7s
[  ]     14.7 MLBUps     19.60 GB/s [==                  ]  8s
[  ]     14.7 MLBUps     19.60 GB/s [==                  ]  9s
[  ]     14.7 MLBUps     19.60 GB/s [===                 ] 10s
[  ]     14.7 MLBUps     19.60 GB/s [====                ] 11s
[  ]     14.7 MLBUps     19.60 GB/s [=====               ] 12s
[  ]     14.7 MLBUps     19.60 GB/s [======              ] 13s
[  ]      3.9 MLBUps      5.25 GB/s [======              ] 17s
[  ]      2.1 MLBUps      2.76 GB/s [=======             ] 19s
[  ]      2.1 MLBUps      2.75 GB/s [=======             ] 20s
[  ]      2.1 MLBUps      2.74 GB/s [=======             ] 21s
[  ]      2.1 MLBUps      2.75 GB/s [=======             ] 21s
[  ]      2.1 MLBUps      2.78 GB/s [=======             ] 22s
[  ]      2.3 MLBUps      3.11 GB/s [=======             ] 23s
[  ]      3.9 MLBUps      5.24 GB/s [=======             ] 24s
[  ]      3.9 MLBUps      5.22 GB/s [========            ] 25s
[  ]     13.0 MLBUps     17.24 GB/s [========            ] 25s
[  ]     14.7 MLBUps     19.58 GB/s [========            ] 26s
[  ]     14.7 MLBUps     19.59 GB/s [=========           ] 27s
[  ]     14.7 MLBUps     19.59 GB/s [==========          ] 28s
[  ]     14.7 MLBUps     19.59 GB/s [===========         ] 29s
[  ]     14.7 MLBUps     19.60 GB/s [============        ] 30s
[  ]     14.7 MLBUps     19.60 GB/s [============        ] 31s
[  ]     14.7 MLBUps     19.59 GB/s [=============       ] 32s
[  ]      5.8 MLBUps      7.74 GB/s [==============      ] 34s
[  ]      2.1 MLBUps      2.75 GB/s [==============      ] 37s
[  ]      2.1 MLBUps      2.79 GB/s [==============      ] 38s
[  ]      2.1 MLBUps      2.77 GB/s [===============     ] 39s
[  ]      2.1 MLBUps      2.77 GB/s [===============     ] 39s
[  ]      2.1 MLBUps      2.74 GB/s [===============     ] 40s
[  ]      2.1 MLBUps      2.76 GB/s [===============     ] 41s
[  ]      2.1 MLBUps      2.75 GB/s [===============     ] 42s
[  ]      2.1 MLBUps      2.77 GB/s [===============     ] 42s
[  ]      2.5 MLBUps      3.34 GB/s [===============     ] 43s
[  ]      4.0 MLBUps      5.28 GB/s [===============     ] 44s
[  ]      4.2 MLBUps      5.59 GB/s [===============     ] 45s
[  ]     10.3 MLBUps     13.68 GB/s [================    ] 45s
[  ]     11.9 MLBUps     15.76 GB/s [================    ] 46s
[  ]     12.0 MLBUps     15.97 GB/s [=================   ] 47s
[  ]     12.0 MLBUps     15.90 GB/s [==================  ] 48s
[  ]     11.9 MLBUps     15.89 GB/s [==================  ] 49s
[  ]     11.9 MLBUps     15.88 GB/s [=================== ] 50s
[  ]     11.9 MLBUps     15.82 GB/s [=================== ] 51s
[  ]    ---- :      9.9 MLBUps     13.20 GB/s [====================]
[  ]     11.8 MLBUps     15.73 GB/s [                    ]  0s
[  ]     11.9 MLBUps     15.76 GB/s [=                   ]  1s
[  ]     11.7 MLBUps     15.61 GB/s [=                   ]  2s
[  ]     11.7 MLBUps     15.53 GB/s [==                  ]  3s
[  ]     11.8 MLBUps     15.65 GB/s [==                  ]  4s
[  ]     11.7 MLBUps     15.51 GB/s [===                 ]  5s
[  ]     11.7 MLBUps     15.55 GB/s [====                ]  6s
[  ]     11.8 MLBUps     15.64 GB/s [====                ]  7s
[  ]     11.6 MLBUps     15.49 GB/s [=====               ]  8s
[  ]     11.6 MLBUps     15.37 GB/s [======              ]  9s
[  ]     11.7 MLBUps     15.52 GB/s [======              ] 10s
[  ]     11.6 MLBUps     15.48 GB/s [=======             ] 11s
[  ]     11.7 MLBUps     15.54 GB/s [========            ] 12s
[  ]     11.5 MLBUps     15.35 GB/s [========            ] 13s
[  ]     11.6 MLBUps     15.38 GB/s [=========           ] 14s
[  ]     11.7 MLBUps     15.54 GB/s [==========          ] 15s
[  ]     11.6 MLBUps     15.48 GB/s [==========          ] 16s
[  ]     11.5 MLBUps     15.34 GB/s [===========         ] 17s
[  ]     11.6 MLBUps     15.43 GB/s [===========         ] 18s
[  ]     11.5 MLBUps     15.26 GB/s [============        ] 19s
[  ]     11.6 MLBUps     15.36 GB/s [=============       ] 20s
[  ]     11.5 MLBUps     15.25 GB/s [=============       ] 21s
[  ]     11.4 MLBUps     15.20 GB/s [==============      ] 22s
[  ]     11.4 MLBUps     15.22 GB/s [===============     ] 23s
[  ]     11.4 MLBUps     15.17 GB/s [===============     ] 25s
[  ]     11.5 MLBUps     15.26 GB/s [================    ] 26s
[  ]     11.5 MLBUps     15.27 GB/s [=================   ] 27s
[  ]      2.4 MLBUps      3.23 GB/s [=================   ] 31s
[  ]      2.1 MLBUps      2.77 GB/s [=================   ] 33s
[  ]      2.1 MLBUps      2.73 GB/s [=================   ] 34s
[  ]      2.1 MLBUps      2.77 GB/s [==================  ] 34s
[  ]      2.1 MLBUps      2.77 GB/s [==================  ] 35s
[  ]      2.1 MLBUps      2.74 GB/s [==================  ] 36s
[  ]      2.1 MLBUps      2.75 GB/s [==================  ] 36s
[  ]      2.1 MLBUps      2.78 GB/s [==================  ] 37s
[  ]      2.1 MLBUps      2.74 GB/s [==================  ] 38s
[  ]      2.1 MLBUps      2.76 GB/s [==================  ] 39s
[  ]      2.1 MLBUps      2.74 GB/s [==================  ] 39s
[  ]      2.1 MLBUps      2.77 GB/s [==================  ] 40s
[  ]      2.1 MLBUps      2.77 GB/s [==================  ] 41s
[  ]      2.1 MLBUps      2.75 GB/s [==================  ] 41s
[  ]      2.1 MLBUps      2.77 GB/s [==================  ] 42s
[  ]      2.1 MLBUps      2.76 GB/s [==================  ] 43s
[  ]      2.0 MLBUps      2.71 GB/s [=================== ] 44s
[  ]      2.1 MLBUps      2.74 GB/s [=================== ] 44s
[  ]      2.1 MLBUps      2.78 GB/s [=================== ] 45s
[  ]      2.1 MLBUps      2.76 GB/s [=================== ] 46s
[  ]      2.1 MLBUps      2.76 GB/s [=================== ] 46s
[  ]      2.1 MLBUps      2.75 GB/s [=================== ] 47s
[  ]      2.1 MLBUps      2.76 GB/s [=================== ] 48s
[  ]      2.8 MLBUps      3.69 GB/s [=================== ] 48s
[  ]      9.8 MLBUps     13.03 GB/s [=================== ] 49s
[  ]    ---- :     11.9 MLBUps     15.85 GB/s [====================]
[  ]    ---- :     6000 it writing vtk
[  ]    ---- : Total duration: 387.218299 s = 6.453638 min = 0.107561 h

RUN_RC=0
