2026-06-26 09:30:29.931 ( 371.521s) [        6F56F080]       vtkXMLReader.cxx:305    ERR| vtkXMLImageDataReader (0x264f9050): Error opening file /mnt/usb1t/RUNS/runs/stage14_B18_shadow_closure_20260625_rerun/probe_wall_60to30_R200_step20/wall_60to30_10/output/case_VTK_P00_00000013.vti
2026-06-26 09:30:29.931 ( 371.521s) [        6F56F080]       vtkExecutive.cxx:740    ERR| vtkCompositeDataPipeline (0x264fe110): Algorithm vtkXMLImageDataReader (0x264f9050) returned failure for request: vtkInformation (0xca5127e0)
  Debug: Off
  Modified Time: 51802
  Reference Count: 1
  Registered Events: (none)
  Request: REQUEST_DATA
  FROM_OUTPUT_PORT: 0
  ALGORITHM_AFTER_FORWARD: 1
  FORWARD_DIRECTION: 0


2026-06-26 09:30:29.957 ( 371.547s) [        6F56F080]       vtkXMLReader.cxx:305    ERR| vtkXMLImageDataReader (0xca24ade0): Error opening file /mnt/usb1t/RUNS/runs/stage14_B18_shadow_closure_20260625_rerun/probe_wall_60to30_R200_step20/wall_60to30_10/output/case_VTK_P00_00000014.vti
2026-06-26 09:30:29.957 ( 371.547s) [        6F56F080]       vtkExecutive.cxx:740    ERR| vtkCompositeDataPipeline (0x26288bc0): Algorithm vtkXMLImageDataReader (0xca24ade0) returned failure for request: vtkInformation (0x264fd660)
  Debug: Off
  Modified Time: 52090
  Reference Count: 1
  Registered Events: (none)
  Request: REQUEST_INFORMATION
  ALGORITHM_AFTER_FORWARD: 1
  FORWARD_DIRECTION: 0
2026-06-26 09:30:29.981 ( 371.571s) [        6F56F080]       vtkXMLReader.cxx:305    ERR| vtkXMLImageDataReader (0xca24ade0): Error opening file /mnt/usb1t/RUNS/runs/stage14_B18_shadow_closure_20260625_rerun/probe_wall_60to30_R200_step20/wall_60to30_10/output/case_VTK_P00_00000015.vti
2026-06-26 09:30:29.981 ( 371.571s) [        6F56F080]       vtkExecutive.cxx:740    ERR| vtkCompositeDataPipeline (0x264fe110): Algorithm vtkXMLImageDataReader (0xca24ade0) returned failure for request: vtkInformation (0xca2bc120)
  Debug: Off
  Modified Time: 52182
  Reference Count: 1
  Registered Events: (none)
  Request: REQUEST_INFORMATION
  ALGORITHM_AFTER_FORWARD: 1
  FORWARD_DIRECTION: 0

2026-06-26 09:30:30.035 ( 371.625s) [        6F56F080]       vtkXMLReader.cxx:305    ERR| vtkXMLImageDataReader (0xca24ade0): Error opening file /mnt/usb1t/RUNS/runs/stage14_B18_shadow_closure_20260625_rerun/probe_wall_60to30_R200_step20/wall_60to30_10/output/case_VTK_P00_00000016.vti
2026-06-26 09:30:30.035 ( 371.625s) [        6F56F080]       vtkExecutive.cxx:740    ERR| vtkCompositeDataPipeline (0x26288bc0): Algorithm vtkXMLImageDataReader (0xca24ade0) returned failure for request: vtkInformation (0xca3d1360)
  Debug: Off
  Modified Time: 52274
  Reference Count: 1
  Registered Events: (none)
  Request: REQUEST_INFORMATION
  ALGORITHM_AFTER_FORWARD: 1
  FORWARD_DIRECTION: 0


2026-06-26 09:30:30.059 ( 371.649s) [        6F56F080]       vtkXMLReader.cxx:305    ERR| vtkXMLImageDataReader (0xca24ade0): Error opening file /mnt/usb1t/RUNS/runs/stage14_B18_shadow_closure_20260625_rerun/probe_wall_60to30_R200_step20/wall_60to30_10/output/case_VTK_P00_00000017.vti
2026-06-26 09:30:30.059 ( 371.649s) [        6F56F080]       vtkExecutive.cxx:740    ERR| vtkCompositeDataPipeline (0x264fe110): Algorithm vtkXMLImageDataReader (0xca24ade0) returned failure for request: vtkInformation (0xca5093f0)
  Debug: Off
  Modified Time: 52366
  Reference Count: 1
  Registered Events: (none)
  Request: REQUEST_INFORMATION
  ALGORITHM_AFTER_FORWARD: 1
  FORWARD_DIRECTION: 0


2026-06-26 09:30:30.082 ( 371.673s) [        6F56F080]       vtkXMLReader.cxx:305    ERR| vtkXMLImageDataReader (0xca24ade0): Error opening file /mnt/usb1t/RUNS/runs/stage14_B18_shadow_closure_20260625_rerun/probe_wall_60to30_R200_step20/wall_60to30_10/output/case_VTK_P00_00000018.vti
2026-06-26 09:30:30.082 ( 371.673s) [        6F56F080]       vtkExecutive.cxx:740    ERR| vtkCompositeDataPipeline (0x26288bc0): Algorithm vtkXMLImageDataReader (0xca24ade0) returned failure for request: vtkInformation (0xca2bc120)
  Debug: Off
  Modified Time: 52458
  Reference Count: 1
  Registered Events: (none)
  Request: REQUEST_INFORMATION
  ALGORITHM_AFTER_FORWARD: 1
  FORWARD_DIRECTION: 0


2026-06-26 09:30:30.105 ( 371.696s) [        6F56F080]       vtkXMLReader.cxx:305    ERR| vtkXMLImageDataReader (0xca24ade0): Error opening file /mnt/usb1t/RUNS/runs/stage14_B18_shadow_closure_20260625_rerun/probe_wall_60to30_R200_step20/wall_60to30_10/output/case_VTK_P00_00000019.vti
2026-06-26 09:30:30.105 ( 371.696s) [        6F56F080]       vtkExecutive.cxx:740    ERR| vtkCompositeDataPipeline (0x264fe110): Algorithm vtkXMLImageDataReader (0xca24ade0) returned failure for request: vtkInformation (0x774b4610)
  Debug: Off
  Modified Time: 52550
  Reference Count: 1
  Registered Events: (none)
  Request: REQUEST_INFORMATION
  ALGORITHM_AFTER_FORWARD: 1
  FORWARD_DIRECTION: 0


2026-06-26 09:30:30.128 ( 371.719s) [        6F56F080]       vtkXMLReader.cxx:305    ERR| vtkXMLImageDataReader (0xca24ade0): Error opening file /mnt/usb1t/RUNS/runs/stage14_B18_shadow_closure_20260625_rerun/probe_wall_60to30_R200_step20/wall_60to30_10/output/case_VTK_P00_00000020.vti
2026-06-26 09:30:30.128 ( 371.719s) [        6F56F080]       vtkExecutive.cxx:740    ERR| vtkCompositeDataPipeline (0x26288bc0): Algorithm vtkXMLImageDataReader (0xca24ade0) returned failure for request: vtkInformation (0x25df4ee0)
  Debug: Off
  Modified Time: 52642
  Reference Count: 1
  Registered Events: (none)
  Request: REQUEST_INFORMATION
  ALGORITHM_AFTER_FORWARD: 1
  FORWARD_DIRECTION: 0
