{
  "status": "runtime_sanity",
  "decision": {
    "status": "runtime_sanity",
    "claim_limit": "runtime_sanity / exploratory_not_validation only",
    "write_mode_allowed": false,
    "write_mode_blocked": true,
    "block_reason": "Stage8h is shadow-only; sphere Stage8OperatorMode=2 remains forbidden",
    "shadow_gate_passed_for_planning": false,
    "root_cause_classification": "undetermined_shadow_only_candidate_demand_still_high_cos_residual_weaker_than_tan_profile_mismatch_weighted",
    "final_stage8g_mode": 3,
    "final_stage8h_mode": 3,
    "final_vector_limiter_fraction": 0.0,
    "final_normal_limiter_fraction": 0.7745490981963928,
    "final_stage8h_limiter_equivalent_fraction": 0.7745490981963928,
    "final_limiter_ratio_p50": 0.5438662818605007,
    "final_limiter_ratio_p10": 0.4200058977533647,
    "final_outer90_normal_limiter_count": 0,
    "final_outer90_stage8h_limiter_equivalent_count": 0,
    "final_fallback_stage8h_limiter_equivalent_count": 6184,
    "final_ratio_cap_limiter_fraction_of_normal_limiter": 0.5601552393272963,
    "final_abs_cap_limiter_fraction_of_normal_limiter": 0.4398447606727037,
    "final_cap_demand_ratio_p50": 1.8386872533798586,
    "final_regularization_ratio_p50": 0.33031230073506196,
    "final_profile_target_mismatch_p50": 0.06475477437671667,
    "final_profile_conflict_p50": 0.0,
    "final_normal_raw_abs_p50": 0.06500727636089093,
    "final_target_minus_raw_abs_p50": 0.059444602358217004,
    "final_tangent_mag_p95": 0.07262028108819718,
    "final_raw_delta_p99": 0.12267038245691388,
    "final_normal_delta_limited_p99": -5.237358483324303e-07,
    "final_stage8h_candidate_demand_ratio_p50": 1.8386872533798586,
    "final_stage8h_candidate_demand_ratio_p95": 2.431820841777444,
    "final_stage8h_candidate_demand_ratio_p99": 2.4534076491382772,
    "final_stage8h_beta_relaxation_p50": 0.25,
    "final_stage8h_profile_consistency_weight_p50": 0.43571171893781196,
    "final_stage8h_cos_to_tan_ratio_p50": 0.12870618261401945
  },
  "frames": [
    0,
    100,
    1000
  ]
}
