{
  "status": "runtime_sanity",
  "decision": {
    "status": "runtime_sanity",
    "claim_limit": "runtime_sanity / exploratory_not_validation only",
    "write_mode_allowed": false,
    "write_mode_blocked": true,
    "block_reason": "Stage8f is diagnostic-only; sphere Stage8OperatorMode=2 remains forbidden",
    "root_cause_classification": "sphere11_low_angle_candidate_dominated_normal_limiter_dominated_ratio_cap_contract_dominated",
    "final_vector_limiter_fraction": 0.0,
    "final_normal_limiter_fraction": 0.8318135764944276,
    "final_limiter_ratio_p50": 0.3017112655314392,
    "final_limiter_ratio_p10": 0.22877032171385914,
    "final_outer90_normal_limiter_count": 0,
    "final_ratio_cap_limiter_fraction_of_normal_limiter": 0.5858708891595615,
    "final_abs_cap_limiter_fraction_of_normal_limiter": 0.41412911084043846,
    "final_cap_demand_ratio_p50": 3.314427117475358,
    "final_normal_raw_abs_p50": 0.0649948332775985,
    "final_target_minus_raw_abs_p50": 0.10607985739330641,
    "final_tangent_mag_p95": 0.07300730374786941,
    "final_raw_delta_p99": 0.22532734272141297,
    "final_normal_delta_limited_p99": -3.3333871603891114e-06
  },
  "frames": [
    0,
    100,
    200,
    300,
    400,
    500,
    600,
    700,
    800,
    900,
    1000
  ]
}
