BATCH_PREP 2026-06-12T14:25:42+08:00
status=runtime_sanity
purpose=flat_wall_spherical_cap_gate_stage8c_low_angle
run_root=/mnt/8A0E24070E23EAC1/runs/tclb_flat_wall_cap_stage8c_low_angle_50k_light_20260612
case_staging=/tmp/flat_wall_cap_stage8c_low_angle_50k_light_cases
binary=/home/yuan/src/TCLB_stage8c_local_angle_boundary_gradient_candidate_20260612/CLB/d3q27_pf_velocity_q27_geometric/main
raw_policy=remote_only
finite_arrays=PhaseField,U,P,Rho,WallStage8GradMode,WallStage8ActiveWeight,WallStage8NormalGradRaw,WallStage8NormalGradTarget,WallStage8ContactResidual,WallStage8TangentGradMag,WallStage8TargetCos,WallStage8GradWriteDeltaMag,WallStage8LimiterReason,WallStage8LocalWallAngle,WallStage8FluidWallAngle,WallStage8FluidWallDataCount,WallStage8GradCandidateUse,WallStage8NormalAgreement,WallStage8UsedGeomNormal
cap_post_plot=0
df9bb0a9f465daf72170e50ff13d37beeb832b36876e8dc60f653d1ea2c17182  /home/yuan/src/TCLB_stage8c_local_angle_boundary_gradient_candidate_20260612/CLB/d3q27_pf_velocity_q27_geometric/main
CASE_START 2026-06-12T14:25:42+08:00 case=cap_theta030_wall011
CASE_END 2026-06-12T14:33:58+08:00 case=cap_theta030_wall011 rc=0
FINITENESS_END 2026-06-12T14:34:14+08:00 case=cap_theta030_wall011 rc=0
CAP_POST_END 2026-06-12T14:34:37+08:00 case=cap_theta030_wall011 rc=0
BATCH_END 2026-06-12T14:34:59+08:00
BATCH_PREP 2026-06-12T14:39:02+08:00
status=runtime_sanity
purpose=flat_wall_spherical_cap_gate_stage8c_low_angle
run_root=/mnt/8A0E24070E23EAC1/runs/tclb_flat_wall_cap_stage8c_low_angle_50k_light_20260612
case_staging=/tmp/flat_wall_cap_stage8c_low_angle_50k_light_cases
binary=/home/yuan/src/TCLB_stage8c_local_angle_boundary_gradient_candidate_20260612/CLB/d3q27_pf_velocity_q27_geometric/main
raw_policy=remote_only
finite_arrays=PhaseField,U,P,Rho,WallStage8GradMode,WallStage8ActiveWeight,WallStage8NormalGradRaw,WallStage8NormalGradTarget,WallStage8ContactResidual,WallStage8TangentGradMag,WallStage8TargetCos,WallStage8GradWriteDeltaMag,WallStage8LimiterReason,WallStage8LocalWallAngle,WallStage8FluidWallAngle,WallStage8FluidWallDataCount,WallStage8GradCandidateUse,WallStage8NormalAgreement,WallStage8UsedGeomNormal
cap_post_plot=0
df9bb0a9f465daf72170e50ff13d37beeb832b36876e8dc60f653d1ea2c17182  /home/yuan/src/TCLB_stage8c_local_angle_boundary_gradient_candidate_20260612/CLB/d3q27_pf_velocity_q27_geometric/main
CASE_START 2026-06-12T14:39:02+08:00 case=cap_theta030_wall005
CASE_END 2026-06-12T14:47:04+08:00 case=cap_theta030_wall005 rc=0
FINITENESS_END 2026-06-12T14:47:19+08:00 case=cap_theta030_wall005 rc=0
CAP_POST_END 2026-06-12T14:47:39+08:00 case=cap_theta030_wall005 rc=0
CASE_START 2026-06-12T14:47:39+08:00 case=cap_theta030_wall008
CASE_END 2026-06-12T14:55:53+08:00 case=cap_theta030_wall008 rc=0
FINITENESS_END 2026-06-12T14:56:11+08:00 case=cap_theta030_wall008 rc=0
CAP_POST_END 2026-06-12T14:56:34+08:00 case=cap_theta030_wall008 rc=0
CASE_SKIP_DONE 2026-06-12T14:56:34+08:00 case=cap_theta030_wall011
CASE_START 2026-06-12T14:56:34+08:00 case=cap_theta030_wall015
CASE_END 2026-06-12T15:04:47+08:00 case=cap_theta030_wall015 rc=0
FINITENESS_END 2026-06-12T15:05:04+08:00 case=cap_theta030_wall015 rc=0
CAP_POST_END 2026-06-12T15:05:27+08:00 case=cap_theta030_wall015 rc=0
CASE_START 2026-06-12T15:05:27+08:00 case=cap_theta030_wall020
CASE_END 2026-06-12T15:13:35+08:00 case=cap_theta030_wall020 rc=0
FINITENESS_END 2026-06-12T15:13:54+08:00 case=cap_theta030_wall020 rc=0
CAP_POST_END 2026-06-12T15:14:14+08:00 case=cap_theta030_wall020 rc=0
CASE_START 2026-06-12T15:14:14+08:00 case=cap_theta030_wall025
CASE_END 2026-06-12T15:22:21+08:00 case=cap_theta030_wall025 rc=0
FINITENESS_END 2026-06-12T15:22:38+08:00 case=cap_theta030_wall025 rc=0
CAP_POST_END 2026-06-12T15:22:58+08:00 case=cap_theta030_wall025 rc=0
CASE_START 2026-06-12T15:22:58+08:00 case=cap_theta030_wall030
CASE_END 2026-06-12T15:31:04+08:00 case=cap_theta030_wall030 rc=0
FINITENESS_END 2026-06-12T15:31:20+08:00 case=cap_theta030_wall030 rc=0
CAP_POST_END 2026-06-12T15:31:43+08:00 case=cap_theta030_wall030 rc=0
BATCH_END 2026-06-12T15:34:11+08:00
