{
  "status": "runtime_sanity",
  "gate_passed": true,
  "root": "/media/yuan/\u65b0\u52a0\u53771/RUNS/runs/stage8/stage8g_cap_contract_revision_diag_20260613/flat/cap_theta030_wall015_stage8g_mode2",
  "output_dir": "/media/yuan/\u65b0\u52a0\u53771/RUNS/runs/stage8/stage8g_cap_contract_revision_diag_20260613/flat/cap_theta030_wall015_stage8g_mode2/output",
  "out_dir": "/media/yuan/\u65b0\u52a0\u53771/RUNS/runs/stage8/stage8g_cap_contract_revision_diag_20260613/flat/cap_theta030_wall015_stage8g_mode2/analysis_finiteness_gate",
  "required_arrays": [
    "PhaseField",
    "U",
    "P",
    "Rho",
    "WallStage8GradMode",
    "WallStage8ActiveWeight",
    "WallStage8NormalGradRaw",
    "WallStage8NormalGradTarget",
    "WallStage8ContactResidual",
    "WallStage8TangentGradMag",
    "WallStage8TargetCos",
    "WallStage8GradWriteDeltaMag",
    "WallStage8LimiterReason",
    "WallStage8LocalWallAngle",
    "WallStage8FluidWallAngle",
    "WallStage8FluidWallDataCount",
    "WallStage8GradCandidateUse",
    "WallStage8NormalAgreement",
    "WallStage8UsedGeomNormal",
    "WallStage8TanCoeffLocal",
    "WallStage8ThetaLocal",
    "WallStage8PhaseC",
    "WallStage8GradMagRaw",
    "WallStage8TangentGradRaw",
    "WallStage8TargetNormalGrad",
    "WallStage8NormalDeltaRaw",
    "WallStage8NormalDeltaLimited",
    "WallStage8VectorDeltaRawMag",
    "WallStage8VectorDeltaLimitedMag",
    "WallStage8NormalLimiterHit",
    "WallStage8VectorLimiterHit",
    "WallStage8LimiterRatio",
    "WallStage8eDnRaw",
    "WallStage8eDnTry",
    "WallStage8eDnLimited",
    "WallStage8eAbsCap",
    "WallStage8eRatioCap",
    "WallStage8eEffectiveCap",
    "WallStage8eCapSource",
    "WallStage8eCapDemandRatio",
    "WallStage8eNormalRawAbs",
    "WallStage8eTargetNormalAbs",
    "WallStage8eTargetMinusRawAbs",
    "WallStage8eSmoothWeightC",
    "WallStage8eSmoothWeightG",
    "WallStage8eSmoothWeightT",
    "WallStage8eSmoothWeightTotal",
    "WallStage8eTanCoeffTimesTangent",
    "WallStage8eLimiterClass",
    "WallStage8eWallProfileConflict",
    "WallStage8gMode",
    "WallStage8gScaleRawNormal",
    "WallStage8gScaleTarget",
    "WallStage8gScaleTangent",
    "WallStage8gScaleFloor",
    "WallStage8gEffectiveScale",
    "WallStage8gTanRaw",
    "WallStage8gTanEff",
    "WallStage8gRegularizationRatio",
    "WallStage8gCapSource",
    "WallStage8gCapDemandRatio",
    "WallStage8gProfileTargetMismatch",
    "WallStage8gProfileConflictSign",
    "WallStage8gWriteAllowedFlag"
  ],
  "phase_threshold": 0.5,
  "vti_files_checked": 3,
  "vti_steps_checked": [
    0,
    100,
    1000
  ],
  "csv_files_checked": [
    "/media/yuan/\u65b0\u52a0\u53771/RUNS/runs/stage8/stage8g_cap_contract_revision_diag_20260613/flat/cap_theta030_wall015_stage8g_mode2/output/case_Log_P00_00000000.csv",
    "/media/yuan/\u65b0\u52a0\u53771/RUNS/runs/stage8/stage8g_cap_contract_revision_diag_20260613/flat/cap_theta030_wall015_stage8g_mode2/output/case_Log_P00_00000100.csv"
  ],
  "text_logs_checked": [
    "/media/yuan/\u65b0\u52a0\u53771/RUNS/runs/stage8/stage8g_cap_contract_revision_diag_20260613/flat/cap_theta030_wall015_stage8g_mode2/run.log",
    "/media/yuan/\u65b0\u52a0\u53771/RUNS/runs/stage8/stage8g_cap_contract_revision_diag_20260613/flat/cap_theta030_wall015_stage8g_mode2/run.stderr"
  ],
  "first_bad": null,
  "first_csv_bad": null,
  "first_text_log_bad": null,
  "first_vti_bad": null,
  "max_fluid_nonfinite_count_by_array": {
    "PhaseField": 0,
    "U": 0,
    "P": 0,
    "Rho": 0,
    "WallStage8GradMode": 0,
    "WallStage8ActiveWeight": 0,
    "WallStage8NormalGradRaw": 0,
    "WallStage8NormalGradTarget": 0,
    "WallStage8ContactResidual": 0,
    "WallStage8TangentGradMag": 0,
    "WallStage8TargetCos": 0,
    "WallStage8GradWriteDeltaMag": 0,
    "WallStage8LimiterReason": 0,
    "WallStage8LocalWallAngle": 0,
    "WallStage8FluidWallAngle": 0,
    "WallStage8FluidWallDataCount": 0,
    "WallStage8GradCandidateUse": 0,
    "WallStage8NormalAgreement": 0,
    "WallStage8UsedGeomNormal": 0,
    "WallStage8TanCoeffLocal": 0,
    "WallStage8ThetaLocal": 0,
    "WallStage8PhaseC": 0,
    "WallStage8GradMagRaw": 0,
    "WallStage8TangentGradRaw": 0,
    "WallStage8TargetNormalGrad": 0,
    "WallStage8NormalDeltaRaw": 0,
    "WallStage8NormalDeltaLimited": 0,
    "WallStage8VectorDeltaRawMag": 0,
    "WallStage8VectorDeltaLimitedMag": 0,
    "WallStage8NormalLimiterHit": 0,
    "WallStage8VectorLimiterHit": 0,
    "WallStage8LimiterRatio": 0,
    "WallStage8eDnRaw": 0,
    "WallStage8eDnTry": 0,
    "WallStage8eDnLimited": 0,
    "WallStage8eAbsCap": 0,
    "WallStage8eRatioCap": 0,
    "WallStage8eEffectiveCap": 0,
    "WallStage8eCapSource": 0,
    "WallStage8eCapDemandRatio": 0,
    "WallStage8eNormalRawAbs": 0,
    "WallStage8eTargetNormalAbs": 0,
    "WallStage8eTargetMinusRawAbs": 0,
    "WallStage8eSmoothWeightC": 0,
    "WallStage8eSmoothWeightG": 0,
    "WallStage8eSmoothWeightT": 0,
    "WallStage8eSmoothWeightTotal": 0,
    "WallStage8eTanCoeffTimesTangent": 0,
    "WallStage8eLimiterClass": 0,
    "WallStage8eWallProfileConflict": 0,
    "WallStage8gMode": 0,
    "WallStage8gScaleRawNormal": 0,
    "WallStage8gScaleTarget": 0,
    "WallStage8gScaleTangent": 0,
    "WallStage8gScaleFloor": 0,
    "WallStage8gEffectiveScale": 0,
    "WallStage8gTanRaw": 0,
    "WallStage8gTanEff": 0,
    "WallStage8gRegularizationRatio": 0,
    "WallStage8gCapSource": 0,
    "WallStage8gCapDemandRatio": 0,
    "WallStage8gProfileTargetMismatch": 0,
    "WallStage8gProfileConflictSign": 0,
    "WallStage8gWriteAllowedFlag": 0
  },
  "claim_limit": "stability gate only; passing this does not validate physical prediction"
}
