{
  "status": "runtime_sanity",
  "decision": {
    "status": "runtime_sanity",
    "claim_limit": "runtime_sanity / exploratory_not_validation only",
    "write_mode_allowed": false,
    "write_mode_blocked": true,
    "block_reason": "Stage8g is shadow-only; sphere Stage8OperatorMode=2 remains forbidden",
    "shadow_gate_passed_for_planning": true,
    "root_cause_classification": "stage8g_mode2_low_angle_tan_regularization_shadow_gate_passed",
    "final_stage8g_mode": 2,
    "final_vector_limiter_fraction": 0.0,
    "final_normal_limiter_fraction": 0.09164969450101833,
    "final_limiter_ratio_p50": 1.0,
    "final_limiter_ratio_p10": 1.0,
    "final_outer90_normal_limiter_count": 0,
    "final_ratio_cap_limiter_fraction_of_normal_limiter": 1.0,
    "final_abs_cap_limiter_fraction_of_normal_limiter": 0.0,
    "final_cap_demand_ratio_p50": 0.8053071344564894,
    "final_regularization_ratio_p50": 0.731172199918383,
    "final_profile_target_mismatch_p50": 0.03411163497089817,
    "final_profile_conflict_p50": 0.0,
    "final_normal_raw_abs_p50": 0.06454598473763312,
    "final_target_minus_raw_abs_p50": 0.026336739964275813,
    "final_tangent_mag_p95": 0.07344943965504354,
    "final_raw_delta_p99": 0.04966358746420883,
    "final_normal_delta_limited_p99": -6.374437245099225e-07
  },
  "frames": [
    0,
    100,
    1000
  ]
}
