{
  "status": "exploratory_not_validation",
  "case_root": "/mnt/8A0E24070E23EAC1/runs/tclb_pre2025_sphere_theta030_z48_gap24_outer90_sphere11_normal_path_v6diag_M0p1_50k_20260611/theta030",
  "frame_count": 2,
  "first_step": 0,
  "final_step": 50000,
  "shell_min_lu": 0.0,
  "shell_max_lu": 8.0,
  "phase_floor": 1e-06,
  "final": {
    "status": "exploratory_not_validation",
    "step": 50000,
    "file": "/mnt/8A0E24070E23EAC1/runs/tclb_pre2025_sphere_theta030_z48_gap24_outer90_sphere11_normal_path_v6diag_M0p1_50k_20260611/theta030/output/case_VTK_P00_00050000.vti",
    "dims": "96x80x180",
    "shell_min_lu": 0.0,
    "shell_max_lu": 8.0,
    "phase_floor": 1e-06,
    "shell_fluid_cell_count": 77706,
    "shell_liquid_cell_count": 77706,
    "shell_phi_sum": 9573.532386629857,
    "shell_phi_mean": 0.12320197136166908,
    "theta_weighted_mean_deg": 30.523358855180913,
    "theta_weighted_p90_deg": 47.860615842991514,
    "theta_weighted_p95_deg": 62.278349818079356,
    "theta_weighted_p99_deg": 94.3321901415074,
    "theta_max_phi005_deg": 97.0290491823526,
    "theta_max_phi05_deg": 46.4588974609997,
    "theta_gt05_cell_count": 8636,
    "theta_gt005_cell_count": 17530,
    "top60_phi_sum": 9040.675496757847,
    "top90_phi_sum": 9461.185544069365,
    "lower90_phi_sum": 128.15161585766506,
    "bottom120_phi_sum": 20.19249434952364,
    "bottom135_phi_sum": 7.259159687215078,
    "bottom150_phi_sum": 2.346160000716254,
    "zmin_plane_zmax_lu": 8.0,
    "zmin_outside_sphere_phi_sum": 0.0,
    "zmin_outside_sphere_phi_fraction_of_shell": 0.0,
    "zmin_outside_sphere_phi_max": NaN,
    "zmin_outside_sphere_cell_count": 0,
    "zmin_near_sphere_phi_sum": 0.0,
    "zmin_near_sphere_phi_fraction_of_shell": 0.0,
    "zmin_near_sphere_phi_max": NaN,
    "zmin_near_sphere_cell_count": 0,
    "lower90_phi_fraction": 0.013386032519891846,
    "bottom120_phi_fraction": 0.002109199983250064,
    "bottom135_phi_fraction": 0.0007582530035990716,
    "bottom150_phi_fraction": 0.0002450673279167927,
    "bottom150_phi_max": 0.0036185975648919907,
    "global_fit_angle_deg": 110.46399085449248,
    "global_H1H2_error_percent": 107.24043515777062,
    "global_H1H2_lu": 40.64758359365169,
    "global_fluid_phase_drift_percent": -0.4952281145276315
  },
  "max_lower90_phi_fraction": 0.013386032519891846,
  "max_bottom120_phi_fraction": 0.002109199983250064,
  "claim_limit": "Morphology diagnostic only; not validation evidence."
}
