{
  "status": "runtime_sanity",
  "gate_passed": true,
  "root": "/mnt/8A0E24070E23EAC1/runs/tclb_pre2025_sphere_theta030_z48_gap24_outer90_sphere11_normal_path_v6diag_M0p1_50k_20260611/theta030",
  "output_dir": "/mnt/8A0E24070E23EAC1/runs/tclb_pre2025_sphere_theta030_z48_gap24_outer90_sphere11_normal_path_v6diag_M0p1_50k_20260611/theta030/output",
  "out_dir": "/mnt/8A0E24070E23EAC1/runs/tclb_pre2025_sphere_theta030_z48_gap24_outer90_sphere11_normal_path_v6diag_M0p1_50k_20260611/theta030/analysis_finiteness",
  "required_arrays": [
    "PhaseField",
    "U",
    "Rho"
  ],
  "phase_threshold": 0.5,
  "vti_files_checked": 2,
  "vti_steps_checked": [
    0,
    50000
  ],
  "csv_files_checked": [
    "/mnt/8A0E24070E23EAC1/runs/tclb_pre2025_sphere_theta030_z48_gap24_outer90_sphere11_normal_path_v6diag_M0p1_50k_20260611/theta030/output/case_Log_P00_00000000.csv"
  ],
  "text_logs_checked": [
    "/mnt/8A0E24070E23EAC1/runs/tclb_pre2025_sphere_theta030_z48_gap24_outer90_sphere11_normal_path_v6diag_M0p1_50k_20260611/theta030/run.log",
    "/mnt/8A0E24070E23EAC1/runs/tclb_pre2025_sphere_theta030_z48_gap24_outer90_sphere11_normal_path_v6diag_M0p1_50k_20260611/theta030/run.stderr"
  ],
  "first_bad": null,
  "first_csv_bad": null,
  "first_text_log_bad": null,
  "first_vti_bad": null,
  "max_fluid_nonfinite_count_by_array": {
    "PhaseField": 0,
    "U": 0,
    "Rho": 0
  },
  "claim_limit": "stability gate only; passing this does not validate physical prediction"
}
