{
  "status": "exploratory_not_validation",
  "root": "/mnt/8A0E24070E23EAC1/runs/tclb_pre2025_sphere_theta030_z48_gap24_outer90_sphere11_normal_path_v6diag_M0p1_50k_20260611/theta030",
  "theta_deg": 30,
  "frame_count": 2,
  "first_step": 0,
  "final_step": 50000,
  "final": {
    "status": "exploratory_not_validation",
    "step": 50000,
    "file": "/mnt/8A0E24070E23EAC1/runs/tclb_pre2025_sphere_theta030_z48_gap24_outer90_sphere11_normal_path_v6diag_M0p1_50k_20260611/theta030/output/case_VTK_P00_00050000.vti",
    "dims": "96x80x180",
    "phase_nonfinite_count": 0,
    "phase_min": 1.615277143222651e-08,
    "phase_max": 1.0,
    "phase_sum": 110001.5543718452,
    "phase_clipped_sum": 110001.5543718452,
    "fluid_cell_count": 1247240,
    "fluid_phase_sum": 59690.70678881801,
    "fluid_phase_clipped_sum": 59690.70678881801,
    "boundary_cell_count": 135160,
    "wall_phase_sum": 50310.84758302718,
    "top_interface_z_lu": 112.64758359365169,
    "measured_Hmax_lu": 64.64758359365169,
    "measured_H1_minus_H2_lu": 40.64758359365169,
    "fit_contact_angle_deg": 110.46399085449248,
    "fit_contact_angle_x_slice_deg": 110.47398231949943,
    "fit_contact_angle_y_slice_deg": 110.45399938948553,
    "fit_x_point_count": 160,
    "fit_y_point_count": 160,
    "u_nonfinite_count": 0,
    "u_max_fluid": 0.000280997311193584,
    "u_max_interface_band": 0.00016875649061705888,
    "u_max_contact_interface_band": 0.0001687564906170034,
    "mach_max_fluid": 0.00048670161977753027,
    "mach_max_interface_band": 0.00029229481585576653,
    "rho_nonfinite_count": 0,
    "rho_sum": 60878.256082029184,
    "fluid_rho_sum": 60878.25608202918,
    "target_expected_Hmax_lu": 43.61373202227981,
    "target_expected_H1_minus_H2_lu": 19.613732022279812,
    "target_liquid_spherical_cap_radius_lu": 29.045304538144578,
    "target_liquid_solid_center_distance_lu": 14.568427484135233,
    "Hmax_relative_error_percent": 48.22758933041286,
    "H1_minus_H2_relative_error_percent": 107.24043515777062,
    "phase_sum_rel_change": 0.02041633008728427,
    "phase_clipped_sum_rel_change": 0.02041633008728427,
    "fluid_phase_sum_rel_change": -0.004952281145276315,
    "fluid_phase_clipped_sum_rel_change": -0.004952281145276315,
    "rho_sum_rel_change": -0.004851313763762785,
    "fluid_rho_sum_rel_change": -0.004851313763762904
  },
  "fit_payload_final": {
    "x_slice": {
      "slice_axis": "x",
      "fit_point_count": 160,
      "contact_angle_deg": 110.47398231949943,
      "liquid_fit_radius_lu": 24.40632362377625,
      "liquid_fit_center_tangent_lu": 39.500000000001755,
      "liquid_fit_center_z_lu": 87.76417346104267,
      "liquid_solid_center_distance_lu": 39.76731687001134
    },
    "y_slice": {
      "slice_axis": "y",
      "fit_point_count": 160,
      "contact_angle_deg": 110.45399938948553,
      "liquid_fit_radius_lu": 24.40769922027646,
      "liquid_fit_center_tangent_lu": 39.55741074448595,
      "liquid_fit_center_z_lu": 87.76117490963621,
      "liquid_solid_center_distance_lu": 39.76363810623697
    }
  },
  "log_payload": {
    "log_csv": "/mnt/8A0E24070E23EAC1/runs/tclb_pre2025_sphere_theta030_z48_gap24_outer90_sphere11_normal_path_v6diag_M0p1_50k_20260611/theta030/output/case_Log_P00_00000000.csv",
    "log_final_iteration": 50000.0,
    "log_final_NumSpecialPoints": 0.0,
    "log_final_NumWallBoundaryPoints": 87560.0,
    "log_final_NumBoundaryPoints": 135160.0,
    "log_final_NumFluidCells": 1247240.0,
    "log_final_TotalDensity": 60878.261069491,
    "log_final_LiqTotalVelocity": 6.8697558357661,
    "log_final_LiqTotalVelocityX": 0.11143272484273,
    "log_final_LiqTotalVelocityY": 2.8190870726133e-12,
    "log_final_LiqTotalVelocityZ": -6.652063630921,
    "log_final_LiqTotalPhase": 50654.938719119,
    "log_max_NumSpecialPoints": 0.0,
    "log_max_NumWallBoundaryPoints": 87560.0,
    "log_max_NumBoundaryPoints": 135160.0
  },
  "max_abs_fluid_phase_sum_rel_change": 0.004952281145276315,
  "max_abs_fluid_phase_clipped_sum_rel_change": 0.004952281145276315,
  "max_abs_rho_sum_rel_change": 0.004851313763762785,
  "max_abs_fluid_rho_sum_rel_change": 0.004851313763762904,
  "max_mach_fluid": 0.00048670161977753027,
  "max_nonfinite_count": 0,
  "claim_limit": "Postprocessing output for TCLB analogue only. Requires read-only audit before any validation_candidate promotion."
}
