MPMD: TCLB: local:0/1 work:0/1 ---  connected to:
[  ]    ---- : Using std::chrono::steady_clock::now() for walltime
[  ]    #### : -------------------------------------------------------------------------
[  ]    #### : -  CLB version:                   ded67cd                               -
[  ]    #### : -        Model: d3q27_pf_velocity_q27_geometric                               -
[  ]    #### : -------------------------------------------------------------------------
[  ]    #### : Setting output path to: case
[  ]    ---- : Discarding 1 comments
[ 0]    ---- : Selecting device 0/1
[  ]    ---- :   Threads  |      Action
[  ]    ==== :    32x4    | BorderExecutor<(eOperationType)0, (eCalculateGlobals)0, (eStage)0> --- Reduced from maximum 1024
[  ]    ==== :    32x4    | BorderExecutor<(eOperationType)0, (eCalculateGlobals)0, (eStage)1> --- Reduced from maximum 384
[  ]    ==== :    32x4    | BorderExecutor<(eOperationType)0, (eCalculateGlobals)0, (eStage)2> --- Reduced from maximum 384
[  ]    ==== :    32x4    | BorderExecutor<(eOperationType)0, (eCalculateGlobals)0, (eStage)3> --- Reduced from maximum 256
[  ]    ==== :    32x4    | BorderExecutor<(eOperationType)0, (eCalculateGlobals)0, (eStage)4> --- Reduced from maximum 1024
[  ]    ==== :    32x4    | BorderExecutor<(eOperationType)0, (eCalculateGlobals)0, (eStage)5> --- Reduced from maximum 512
[  ]    ==== :    32x4    | BorderExecutor<(eOperationType)0, (eCalculateGlobals)0, (eStage)6> --- Reduced from maximum 512
[  ]    ==== :    32x4    | BorderExecutor<(eOperationType)0, (eCalculateGlobals)0, (eStage)7> --- Reduced from maximum 640
[  ]    ==== :    32x4    | BorderExecutor<(eOperationType)0, (eCalculateGlobals)0, (eStage)8> --- Reduced from maximum 640
[  ]    ==== :    32x4    | BorderExecutor<(eOperationType)0, (eCalculateGlobals)0, (eStage)9> --- Reduced from maximum 512
[  ]    ==== :    32x4    | BorderExecutor<(eOperationType)0, (eCalculateGlobals)1, (eStage)0> --- Reduced from maximum 896
[  ]    ==== :    32x4    | BorderExecutor<(eOperationType)0, (eCalculateGlobals)1, (eStage)1> --- Reduced from maximum 384
[  ]    ==== :    32x4    | BorderExecutor<(eOperationType)0, (eCalculateGlobals)1, (eStage)2> --- Reduced from maximum 256
[  ]    ==== :    32x4    | BorderExecutor<(eOperationType)0, (eCalculateGlobals)1, (eStage)3> --- Reduced from maximum 256
[  ]    ==== :    32x4    | BorderExecutor<(eOperationType)0, (eCalculateGlobals)1, (eStage)4> --- Reduced from maximum 1024
[  ]    ==== :    32x4    | BorderExecutor<(eOperationType)0, (eCalculateGlobals)1, (eStage)5> --- Reduced from maximum 512
[  ]    ==== :    32x4    | BorderExecutor<(eOperationType)0, (eCalculateGlobals)1, (eStage)6> --- Reduced from maximum 512
[  ]    ==== :    32x4    | BorderExecutor<(eOperationType)0, (eCalculateGlobals)1, (eStage)7> --- Reduced from maximum 640
[  ]    ==== :    32x4    | BorderExecutor<(eOperationType)0, (eCalculateGlobals)1, (eStage)8> --- Reduced from maximum 640
[  ]    ==== :    32x4    | BorderExecutor<(eOperationType)0, (eCalculateGlobals)1, (eStage)9> --- Reduced from maximum 768
[  ]    ==== :    32x4    | BorderExecutor<(eOperationType)0, (eCalculateGlobals)2, (eStage)0> --- Reduced from maximum 1024
[  ]    ==== :    32x4    | BorderExecutor<(eOperationType)0, (eCalculateGlobals)2, (eStage)1> --- Reduced from maximum 1024
[  ]    ==== :    32x4    | BorderExecutor<(eOperationType)0, (eCalculateGlobals)2, (eStage)2> --- Reduced from maximum 1024
[  ]    ==== :    32x4    | BorderExecutor<(eOperationType)0, (eCalculateGlobals)2, (eStage)3> --- Reduced from maximum 1024
[  ]    ==== :    32x4    | BorderExecutor<(eOperationType)0, (eCalculateGlobals)2, (eStage)4> --- Reduced from maximum 1024
[  ]    ==== :    32x4    | BorderExecutor<(eOperationType)0, (eCalculateGlobals)2, (eStage)5> --- Reduced from maximum 1024
[  ]    ==== :    32x4    | BorderExecutor<(eOperationType)0, (eCalculateGlobals)2, (eStage)6> --- Reduced from maximum 1024
[  ]    ==== :    32x4    | BorderExecutor<(eOperationType)0, (eCalculateGlobals)2, (eStage)7> --- Reduced from maximum 1024
[  ]    ==== :    32x4    | BorderExecutor<(eOperationType)0, (eCalculateGlobals)2, (eStage)8> --- Reduced from maximum 1024
[  ]    ==== :    32x4    | BorderExecutor<(eOperationType)0, (eCalculateGlobals)2, (eStage)9> --- Reduced from maximum 1024
[  ]    ==== :    32x4    | BorderExecutor<(eOperationType)1, (eCalculateGlobals)0, (eStage)0> --- Reduced from maximum 1024
[  ]    ==== :    32x4    | BorderExecutor<(eOperationType)1, (eCalculateGlobals)0, (eStage)1> --- Reduced from maximum 1024
[  ]    ==== :    32x4    | BorderExecutor<(eOperationType)1, (eCalculateGlobals)0, (eStage)2> --- Reduced from maximum 1024
[  ]    ==== :    32x4    | BorderExecutor<(eOperationType)1, (eCalculateGlobals)0, (eStage)3> --- Reduced from maximum 1024
[  ]    ==== :    32x4    | BorderExecutor<(eOperationType)1, (eCalculateGlobals)0, (eStage)4> --- Reduced from maximum 1024
[  ]    ==== :    32x4    | BorderExecutor<(eOperationType)1, (eCalculateGlobals)0, (eStage)5> --- Reduced from maximum 1024
[  ]    ==== :    32x4    | BorderExecutor<(eOperationType)1, (eCalculateGlobals)0, (eStage)6> --- Reduced from maximum 1024
[  ]    ==== :    32x4    | BorderExecutor<(eOperationType)1, (eCalculateGlobals)0, (eStage)7> --- Reduced from maximum 1024
[  ]    ==== :    32x4    | BorderExecutor<(eOperationType)1, (eCalculateGlobals)0, (eStage)8> --- Reduced from maximum 1024
[  ]    ==== :    32x4    | BorderExecutor<(eOperationType)1, (eCalculateGlobals)0, (eStage)9> --- Reduced from maximum 1024
[  ]    ==== :    32x4    | BorderExecutor<(eOperationType)1, (eCalculateGlobals)1, (eStage)0> --- Reduced from maximum 1024
[  ]    ==== :    32x4    | BorderExecutor<(eOperationType)1, (eCalculateGlobals)1, (eStage)1> --- Reduced from maximum 1024
[  ]    ==== :    32x4    | BorderExecutor<(eOperationType)1, (eCalculateGlobals)1, (eStage)2> --- Reduced from maximum 1024
[  ]    ==== :    32x4    | BorderExecutor<(eOperationType)1, (eCalculateGlobals)1, (eStage)3> --- Reduced from maximum 1024
[  ]    ==== :    32x4    | BorderExecutor<(eOperationType)1, (eCalculateGlobals)1, (eStage)4> --- Reduced from maximum 1024
[  ]    ==== :    32x4    | BorderExecutor<(eOperationType)1, (eCalculateGlobals)1, (eStage)5> --- Reduced from maximum 1024
[  ]    ==== :    32x4    | BorderExecutor<(eOperationType)1, (eCalculateGlobals)1, (eStage)6> --- Reduced from maximum 1024
[  ]    ==== :    32x4    | BorderExecutor<(eOperationType)1, (eCalculateGlobals)1, (eStage)7> --- Reduced from maximum 1024
[  ]    ==== :    32x4    | BorderExecutor<(eOperationType)1, (eCalculateGlobals)1, (eStage)8> --- Reduced from maximum 1024
[  ]    ==== :    32x4    | BorderExecutor<(eOperationType)1, (eCalculateGlobals)1, (eStage)9> --- Reduced from maximum 1024
[  ]    ==== :    32x4    | BorderExecutor<(eOperationType)1, (eCalculateGlobals)2, (eStage)0> --- Reduced from maximum 1024
[  ]    ==== :    32x4    | BorderExecutor<(eOperationType)1, (eCalculateGlobals)2, (eStage)1> --- Reduced from maximum 1024
[  ]    ==== :    32x4    | BorderExecutor<(eOperationType)1, (eCalculateGlobals)2, (eStage)2> --- Reduced from maximum 1024
[  ]    ==== :    32x4    | BorderExecutor<(eOperationType)1, (eCalculateGlobals)2, (eStage)3> --- Reduced from maximum 1024
[  ]    ==== :    32x4    | BorderExecutor<(eOperationType)1, (eCalculateGlobals)2, (eStage)4> --- Reduced from maximum 1024
[  ]    ==== :    32x4    | BorderExecutor<(eOperationType)1, (eCalculateGlobals)2, (eStage)5> --- Reduced from maximum 1024
[  ]    ==== :    32x4    | BorderExecutor<(eOperationType)1, (eCalculateGlobals)2, (eStage)6> --- Reduced from maximum 1024
[  ]    ==== :    32x4    | BorderExecutor<(eOperationType)1, (eCalculateGlobals)2, (eStage)7> --- Reduced from maximum 1024
[  ]    ==== :    32x4    | BorderExecutor<(eOperationType)1, (eCalculateGlobals)2, (eStage)8> --- Reduced from maximum 1024
[  ]    ==== :    32x4    | BorderExecutor<(eOperationType)1, (eCalculateGlobals)2, (eStage)9> --- Reduced from maximum 1024
[  ]    ==== :    32x4    | BorderExecutor<(eOperationType)3, (eCalculateGlobals)0, (eStage)0> --- Reduced from maximum 1024
[  ]    ==== :    32x4    | BorderExecutor<(eOperationType)3, (eCalculateGlobals)0, (eStage)1> --- Reduced from maximum 1024
[  ]    ==== :    32x4    | BorderExecutor<(eOperationType)3, (eCalculateGlobals)0, (eStage)2> --- Reduced from maximum 1024
[  ]    ==== :    32x4    | BorderExecutor<(eOperationType)3, (eCalculateGlobals)0, (eStage)3> --- Reduced from maximum 1024
[  ]    ==== :    32x4    | BorderExecutor<(eOperationType)3, (eCalculateGlobals)0, (eStage)4> --- Reduced from maximum 1024
[  ]    ==== :    32x4    | BorderExecutor<(eOperationType)3, (eCalculateGlobals)0, (eStage)5> --- Reduced from maximum 1024
[  ]    ==== :    32x4    | BorderExecutor<(eOperationType)3, (eCalculateGlobals)0, (eStage)6> --- Reduced from maximum 1024
[  ]    ==== :    32x4    | BorderExecutor<(eOperationType)3, (eCalculateGlobals)0, (eStage)7> --- Reduced from maximum 1024
[  ]    ==== :    32x4    | BorderExecutor<(eOperationType)3, (eCalculateGlobals)0, (eStage)8> --- Reduced from maximum 1024
[  ]    ==== :    32x4    | BorderExecutor<(eOperationType)3, (eCalculateGlobals)0, (eStage)9> --- Reduced from maximum 1024
[  ]    ==== :    32x4    | BorderExecutor<(eOperationType)3, (eCalculateGlobals)1, (eStage)0> --- Reduced from maximum 1024
[  ]    ==== :    32x4    | BorderExecutor<(eOperationType)3, (eCalculateGlobals)1, (eStage)1> --- Reduced from maximum 1024
[  ]    ==== :    32x4    | BorderExecutor<(eOperationType)3, (eCalculateGlobals)1, (eStage)2> --- Reduced from maximum 1024
[  ]    ==== :    32x4    | BorderExecutor<(eOperationType)3, (eCalculateGlobals)1, (eStage)3> --- Reduced from maximum 1024
[  ]    ==== :    32x4    | BorderExecutor<(eOperationType)3, (eCalculateGlobals)1, (eStage)4> --- Reduced from maximum 1024
[  ]    ==== :    32x4    | BorderExecutor<(eOperationType)3, (eCalculateGlobals)1, (eStage)5> --- Reduced from maximum 1024
[  ]    ==== :    32x4    | BorderExecutor<(eOperationType)3, (eCalculateGlobals)1, (eStage)6> --- Reduced from maximum 1024
[  ]    ==== :    32x4    | BorderExecutor<(eOperationType)3, (eCalculateGlobals)1, (eStage)7> --- Reduced from maximum 1024
[  ]    ==== :    32x4    | BorderExecutor<(eOperationType)3, (eCalculateGlobals)1, (eStage)8> --- Reduced from maximum 1024
[  ]    ==== :    32x4    | BorderExecutor<(eOperationType)3, (eCalculateGlobals)1, (eStage)9> --- Reduced from maximum 1024
[  ]    ==== :    32x4    | BorderExecutor<(eOperationType)3, (eCalculateGlobals)2, (eStage)0> --- Reduced from maximum 1024
[  ]    ==== :    32x4    | BorderExecutor<(eOperationType)3, (eCalculateGlobals)2, (eStage)1> --- Reduced from maximum 1024
[  ]    ==== :    32x4    | BorderExecutor<(eOperationType)3, (eCalculateGlobals)2, (eStage)2> --- Reduced from maximum 1024
[  ]    ==== :    32x4    | BorderExecutor<(eOperationType)3, (eCalculateGlobals)2, (eStage)3> --- Reduced from maximum 1024
[  ]    ==== :    32x4    | BorderExecutor<(eOperationType)3, (eCalculateGlobals)2, (eStage)4> --- Reduced from maximum 1024
[  ]    ==== :    32x4    | BorderExecutor<(eOperationType)3, (eCalculateGlobals)2, (eStage)5> --- Reduced from maximum 1024
[  ]    ==== :    32x4    | BorderExecutor<(eOperationType)3, (eCalculateGlobals)2, (eStage)6> --- Reduced from maximum 1024
[  ]    ==== :    32x4    | BorderExecutor<(eOperationType)3, (eCalculateGlobals)2, (eStage)7> --- Reduced from maximum 1024
[  ]    ==== :    32x4    | BorderExecutor<(eOperationType)3, (eCalculateGlobals)2, (eStage)8> --- Reduced from maximum 1024
[  ]    ==== :    32x4    | BorderExecutor<(eOperationType)3, (eCalculateGlobals)2, (eStage)9> --- Reduced from maximum 1024
[  ]    ==== :    32x4    | BorderExecutor<(eOperationType)4, (eCalculateGlobals)0, (eStage)0> --- Reduced from maximum 1024
[  ]    ==== :    32x4    | BorderExecutor<(eOperationType)4, (eCalculateGlobals)0, (eStage)1> --- Reduced from maximum 1024
[  ]    ==== :    32x4    | BorderExecutor<(eOperationType)4, (eCalculateGlobals)0, (eStage)2> --- Reduced from maximum 1024
[  ]    ==== :    32x4    | BorderExecutor<(eOperationType)4, (eCalculateGlobals)0, (eStage)3> --- Reduced from maximum 1024
[  ]    ==== :    32x4    | BorderExecutor<(eOperationType)4, (eCalculateGlobals)0, (eStage)4> --- Reduced from maximum 1024
[  ]    ==== :    32x4    | BorderExecutor<(eOperationType)4, (eCalculateGlobals)0, (eStage)5> --- Reduced from maximum 1024
[  ]    ==== :    32x4    | BorderExecutor<(eOperationType)4, (eCalculateGlobals)0, (eStage)6> --- Reduced from maximum 1024
[  ]    ==== :    32x4    | BorderExecutor<(eOperationType)4, (eCalculateGlobals)0, (eStage)7> --- Reduced from maximum 1024
[  ]    ==== :    32x4    | BorderExecutor<(eOperationType)4, (eCalculateGlobals)0, (eStage)8> --- Reduced from maximum 1024
[  ]    ==== :    32x4    | BorderExecutor<(eOperationType)4, (eCalculateGlobals)0, (eStage)9> --- Reduced from maximum 1024
[  ]    ==== :    32x4    | BorderExecutor<(eOperationType)4, (eCalculateGlobals)1, (eStage)0> --- Reduced from maximum 1024
[  ]    ==== :    32x4    | BorderExecutor<(eOperationType)4, (eCalculateGlobals)1, (eStage)1> --- Reduced from maximum 1024
[  ]    ==== :    32x4    | BorderExecutor<(eOperationType)4, (eCalculateGlobals)1, (eStage)2> --- Reduced from maximum 1024
[  ]    ==== :    32x4    | BorderExecutor<(eOperationType)4, (eCalculateGlobals)1, (eStage)3> --- Reduced from maximum 1024
[  ]    ==== :    32x4    | BorderExecutor<(eOperationType)4, (eCalculateGlobals)1, (eStage)4> --- Reduced from maximum 1024
[  ]    ==== :    32x4    | BorderExecutor<(eOperationType)4, (eCalculateGlobals)1, (eStage)5> --- Reduced from maximum 1024
[  ]    ==== :    32x4    | BorderExecutor<(eOperationType)4, (eCalculateGlobals)1, (eStage)6> --- Reduced from maximum 1024
[  ]    ==== :    32x4    | BorderExecutor<(eOperationType)4, (eCalculateGlobals)1, (eStage)7> --- Reduced from maximum 1024
[  ]    ==== :    32x4    | BorderExecutor<(eOperationType)4, (eCalculateGlobals)1, (eStage)8> --- Reduced from maximum 1024
[  ]    ==== :    32x4    | BorderExecutor<(eOperationType)4, (eCalculateGlobals)1, (eStage)9> --- Reduced from maximum 1024
[  ]    ==== :    32x4    | BorderExecutor<(eOperationType)4, (eCalculateGlobals)2, (eStage)0> --- Reduced from maximum 1024
[  ]    ==== :    32x4    | BorderExecutor<(eOperationType)4, (eCalculateGlobals)2, (eStage)1> --- Reduced from maximum 1024
[  ]    ==== :    32x4    | BorderExecutor<(eOperationType)4, (eCalculateGlobals)2, (eStage)2> --- Reduced from maximum 1024
[  ]    ==== :    32x4    | BorderExecutor<(eOperationType)4, (eCalculateGlobals)2, (eStage)3> --- Reduced from maximum 1024
[  ]    ==== :    32x4    | BorderExecutor<(eOperationType)4, (eCalculateGlobals)2, (eStage)4> --- Reduced from maximum 1024
[  ]    ==== :    32x4    | BorderExecutor<(eOperationType)4, (eCalculateGlobals)2, (eStage)5> --- Reduced from maximum 1024
[  ]    ==== :    32x4    | BorderExecutor<(eOperationType)4, (eCalculateGlobals)2, (eStage)6> --- Reduced from maximum 1024
[  ]    ==== :    32x4    | BorderExecutor<(eOperationType)4, (eCalculateGlobals)2, (eStage)7> --- Reduced from maximum 1024
[  ]    ==== :    32x4    | BorderExecutor<(eOperationType)4, (eCalculateGlobals)2, (eStage)8> --- Reduced from maximum 1024
[  ]    ==== :    32x4    | BorderExecutor<(eOperationType)4, (eCalculateGlobals)2, (eStage)9> --- Reduced from maximum 1024
[  ]    ==== :    32x4    | InteriorExecutor<(eOperationType)0, (eCalculateGlobals)0, (eStage)0> --- Reduced from maximum 1024
[  ]    ==== :    32x4    | InteriorExecutor<(eOperationType)0, (eCalculateGlobals)0, (eStage)1> --- Reduced from maximum 640
[  ]    ==== :    32x4    | InteriorExecutor<(eOperationType)0, (eCalculateGlobals)0, (eStage)2> --- Reduced from maximum 384
[  ]    ==== :    32x4    | InteriorExecutor<(eOperationType)0, (eCalculateGlobals)0, (eStage)3> --- Reduced from maximum 256
[  ]    ==== :    32x4    | InteriorExecutor<(eOperationType)0, (eCalculateGlobals)0, (eStage)4> --- Reduced from maximum 1024
[  ]    ==== :    32x4    | InteriorExecutor<(eOperationType)0, (eCalculateGlobals)0, (eStage)5> --- Reduced from maximum 640
[  ]    ==== :    32x4    | InteriorExecutor<(eOperationType)0, (eCalculateGlobals)0, (eStage)6> --- Reduced from maximum 768
[  ]    ==== :    32x4    | InteriorExecutor<(eOperationType)0, (eCalculateGlobals)0, (eStage)7> --- Reduced from maximum 1024
[  ]    ==== :    32x4    | InteriorExecutor<(eOperationType)0, (eCalculateGlobals)0, (eStage)8> --- Reduced from maximum 1024
[  ]    ==== :    32x4    | InteriorExecutor<(eOperationType)0, (eCalculateGlobals)0, (eStage)9> --- Reduced from maximum 896
[  ]    ==== :    32x4    | InteriorExecutor<(eOperationType)0, (eCalculateGlobals)1, (eStage)0> --- Reduced from maximum 1024
[  ]    ==== :    32x4    | InteriorExecutor<(eOperationType)0, (eCalculateGlobals)1, (eStage)1> --- Reduced from maximum 256
[  ]    ==== :    32x4    | InteriorExecutor<(eOperationType)0, (eCalculateGlobals)1, (eStage)2> --- Reduced from maximum 256
[  ]    ==== :    32x4    | InteriorExecutor<(eOperationType)0, (eCalculateGlobals)1, (eStage)3> --- Reduced from maximum 256
[  ]    ==== :    32x4    | InteriorExecutor<(eOperationType)0, (eCalculateGlobals)1, (eStage)4> --- Reduced from maximum 1024
[  ]    ==== :    32x4    | InteriorExecutor<(eOperationType)0, (eCalculateGlobals)1, (eStage)5> --- Reduced from maximum 768
[  ]    ==== :    32x4    | InteriorExecutor<(eOperationType)0, (eCalculateGlobals)1, (eStage)6> --- Reduced from maximum 896
[  ]    ==== :    32x4    | InteriorExecutor<(eOperationType)0, (eCalculateGlobals)1, (eStage)7> --- Reduced from maximum 1024
[  ]    ==== :    32x4    | InteriorExecutor<(eOperationType)0, (eCalculateGlobals)1, (eStage)8> --- Reduced from maximum 896
[  ]    ==== :    32x4    | InteriorExecutor<(eOperationType)0, (eCalculateGlobals)1, (eStage)9> --- Reduced from maximum 768
[  ]    ==== :    32x4    | InteriorExecutor<(eOperationType)0, (eCalculateGlobals)2, (eStage)0> --- Reduced from maximum 1024
[  ]    ==== :    32x4    | InteriorExecutor<(eOperationType)0, (eCalculateGlobals)2, (eStage)1> --- Reduced from maximum 1024
[  ]    ==== :    32x4    | InteriorExecutor<(eOperationType)0, (eCalculateGlobals)2, (eStage)2> --- Reduced from maximum 1024
[  ]    ==== :    32x4    | InteriorExecutor<(eOperationType)0, (eCalculateGlobals)2, (eStage)3> --- Reduced from maximum 1024
[  ]    ==== :    32x4    | InteriorExecutor<(eOperationType)0, (eCalculateGlobals)2, (eStage)4> --- Reduced from maximum 1024
[  ]    ==== :    32x4    | InteriorExecutor<(eOperationType)0, (eCalculateGlobals)2, (eStage)5> --- Reduced from maximum 1024
[  ]    ==== :    32x4    | InteriorExecutor<(eOperationType)0, (eCalculateGlobals)2, (eStage)6> --- Reduced from maximum 1024
[  ]    ==== :    32x4    | InteriorExecutor<(eOperationType)0, (eCalculateGlobals)2, (eStage)7> --- Reduced from maximum 1024
[  ]    ==== :    32x4    | InteriorExecutor<(eOperationType)0, (eCalculateGlobals)2, (eStage)8> --- Reduced from maximum 1024
[  ]    ==== :    32x4    | InteriorExecutor<(eOperationType)0, (eCalculateGlobals)2, (eStage)9> --- Reduced from maximum 1024
[  ]    ==== :    32x4    | InteriorExecutor<(eOperationType)1, (eCalculateGlobals)0, (eStage)0> --- Reduced from maximum 1024
[  ]    ==== :    32x4    | InteriorExecutor<(eOperationType)1, (eCalculateGlobals)0, (eStage)1> --- Reduced from maximum 1024
[  ]    ==== :    32x4    | InteriorExecutor<(eOperationType)1, (eCalculateGlobals)0, (eStage)2> --- Reduced from maximum 1024
[  ]    ==== :    32x4    | InteriorExecutor<(eOperationType)1, (eCalculateGlobals)0, (eStage)3> --- Reduced from maximum 1024
[  ]    ==== :    32x4    | InteriorExecutor<(eOperationType)1, (eCalculateGlobals)0, (eStage)4> --- Reduced from maximum 1024
[  ]    ==== :    32x4    | InteriorExecutor<(eOperationType)1, (eCalculateGlobals)0, (eStage)5> --- Reduced from maximum 1024
[  ]    ==== :    32x4    | InteriorExecutor<(eOperationType)1, (eCalculateGlobals)0, (eStage)6> --- Reduced from maximum 1024
[  ]    ==== :    32x4    | InteriorExecutor<(eOperationType)1, (eCalculateGlobals)0, (eStage)7> --- Reduced from maximum 1024
[  ]    ==== :    32x4    | InteriorExecutor<(eOperationType)1, (eCalculateGlobals)0, (eStage)8> --- Reduced from maximum 1024
[  ]    ==== :    32x4    | InteriorExecutor<(eOperationType)1, (eCalculateGlobals)0, (eStage)9> --- Reduced from maximum 1024
[  ]    ==== :    32x4    | InteriorExecutor<(eOperationType)1, (eCalculateGlobals)1, (eStage)0> --- Reduced from maximum 1024
[  ]    ==== :    32x4    | InteriorExecutor<(eOperationType)1, (eCalculateGlobals)1, (eStage)1> --- Reduced from maximum 1024
[  ]    ==== :    32x4    | InteriorExecutor<(eOperationType)1, (eCalculateGlobals)1, (eStage)2> --- Reduced from maximum 1024
[  ]    ==== :    32x4    | InteriorExecutor<(eOperationType)1, (eCalculateGlobals)1, (eStage)3> --- Reduced from maximum 1024
[  ]    ==== :    32x4    | InteriorExecutor<(eOperationType)1, (eCalculateGlobals)1, (eStage)4> --- Reduced from maximum 1024
[  ]    ==== :    32x4    | InteriorExecutor<(eOperationType)1, (eCalculateGlobals)1, (eStage)5> --- Reduced from maximum 1024
[  ]    ==== :    32x4    | InteriorExecutor<(eOperationType)1, (eCalculateGlobals)1, (eStage)6> --- Reduced from maximum 1024
[  ]    ==== :    32x4    | InteriorExecutor<(eOperationType)1, (eCalculateGlobals)1, (eStage)7> --- Reduced from maximum 1024
[  ]    ==== :    32x4    | InteriorExecutor<(eOperationType)1, (eCalculateGlobals)1, (eStage)8> --- Reduced from maximum 1024
[  ]    ==== :    32x4    | InteriorExecutor<(eOperationType)1, (eCalculateGlobals)1, (eStage)9> --- Reduced from maximum 1024
[  ]    ==== :    32x4    | InteriorExecutor<(eOperationType)1, (eCalculateGlobals)2, (eStage)0> --- Reduced from maximum 1024
[  ]    ==== :    32x4    | InteriorExecutor<(eOperationType)1, (eCalculateGlobals)2, (eStage)1> --- Reduced from maximum 1024
[  ]    ==== :    32x4    | InteriorExecutor<(eOperationType)1, (eCalculateGlobals)2, (eStage)2> --- Reduced from maximum 1024
[  ]    ==== :    32x4    | InteriorExecutor<(eOperationType)1, (eCalculateGlobals)2, (eStage)3> --- Reduced from maximum 1024
[  ]    ==== :    32x4    | InteriorExecutor<(eOperationType)1, (eCalculateGlobals)2, (eStage)4> --- Reduced from maximum 1024
[  ]    ==== :    32x4    | InteriorExecutor<(eOperationType)1, (eCalculateGlobals)2, (eStage)5> --- Reduced from maximum 1024
[  ]    ==== :    32x4    | InteriorExecutor<(eOperationType)1, (eCalculateGlobals)2, (eStage)6> --- Reduced from maximum 1024
[  ]    ==== :    32x4    | InteriorExecutor<(eOperationType)1, (eCalculateGlobals)2, (eStage)7> --- Reduced from maximum 1024
[  ]    ==== :    32x4    | InteriorExecutor<(eOperationType)1, (eCalculateGlobals)2, (eStage)8> --- Reduced from maximum 1024
[  ]    ==== :    32x4    | InteriorExecutor<(eOperationType)1, (eCalculateGlobals)2, (eStage)9> --- Reduced from maximum 1024
[  ]    ==== :    32x4    | InteriorExecutor<(eOperationType)3, (eCalculateGlobals)0, (eStage)0> --- Reduced from maximum 1024
[  ]    ==== :    32x4    | InteriorExecutor<(eOperationType)3, (eCalculateGlobals)0, (eStage)1> --- Reduced from maximum 1024
[  ]    ==== :    32x4    | InteriorExecutor<(eOperationType)3, (eCalculateGlobals)0, (eStage)2> --- Reduced from maximum 1024
[  ]    ==== :    32x4    | InteriorExecutor<(eOperationType)3, (eCalculateGlobals)0, (eStage)3> --- Reduced from maximum 1024
[  ]    ==== :    32x4    | InteriorExecutor<(eOperationType)3, (eCalculateGlobals)0, (eStage)4> --- Reduced from maximum 1024
[  ]    ==== :    32x4    | InteriorExecutor<(eOperationType)3, (eCalculateGlobals)0, (eStage)5> --- Reduced from maximum 1024
[  ]    ==== :    32x4    | InteriorExecutor<(eOperationType)3, (eCalculateGlobals)0, (eStage)6> --- Reduced from maximum 1024
[  ]    ==== :    32x4    | InteriorExecutor<(eOperationType)3, (eCalculateGlobals)0, (eStage)7> --- Reduced from maximum 1024
[  ]    ==== :    32x4    | InteriorExecutor<(eOperationType)3, (eCalculateGlobals)0, (eStage)8> --- Reduced from maximum 1024
[  ]    ==== :    32x4    | InteriorExecutor<(eOperationType)3, (eCalculateGlobals)0, (eStage)9> --- Reduced from maximum 1024
[  ]    ==== :    32x4    | InteriorExecutor<(eOperationType)3, (eCalculateGlobals)1, (eStage)0> --- Reduced from maximum 1024
[  ]    ==== :    32x4    | InteriorExecutor<(eOperationType)3, (eCalculateGlobals)1, (eStage)1> --- Reduced from maximum 1024
[  ]    ==== :    32x4    | InteriorExecutor<(eOperationType)3, (eCalculateGlobals)1, (eStage)2> --- Reduced from maximum 1024
[  ]    ==== :    32x4    | InteriorExecutor<(eOperationType)3, (eCalculateGlobals)1, (eStage)3> --- Reduced from maximum 1024
[  ]    ==== :    32x4    | InteriorExecutor<(eOperationType)3, (eCalculateGlobals)1, (eStage)4> --- Reduced from maximum 1024
[  ]    ==== :    32x4    | InteriorExecutor<(eOperationType)3, (eCalculateGlobals)1, (eStage)5> --- Reduced from maximum 1024
[  ]    ==== :    32x4    | InteriorExecutor<(eOperationType)3, (eCalculateGlobals)1, (eStage)6> --- Reduced from maximum 1024
[  ]    ==== :    32x4    | InteriorExecutor<(eOperationType)3, (eCalculateGlobals)1, (eStage)7> --- Reduced from maximum 1024
[  ]    ==== :    32x4    | InteriorExecutor<(eOperationType)3, (eCalculateGlobals)1, (eStage)8> --- Reduced from maximum 1024
[  ]    ==== :    32x4    | InteriorExecutor<(eOperationType)3, (eCalculateGlobals)1, (eStage)9> --- Reduced from maximum 1024
[  ]    ==== :    32x4    | InteriorExecutor<(eOperationType)3, (eCalculateGlobals)2, (eStage)0> --- Reduced from maximum 1024
[  ]    ==== :    32x4    | InteriorExecutor<(eOperationType)3, (eCalculateGlobals)2, (eStage)1> --- Reduced from maximum 1024
[  ]    ==== :    32x4    | InteriorExecutor<(eOperationType)3, (eCalculateGlobals)2, (eStage)2> --- Reduced from maximum 1024
[  ]    ==== :    32x4    | InteriorExecutor<(eOperationType)3, (eCalculateGlobals)2, (eStage)3> --- Reduced from maximum 1024
[  ]    ==== :    32x4    | InteriorExecutor<(eOperationType)3, (eCalculateGlobals)2, (eStage)4> --- Reduced from maximum 1024
[  ]    ==== :    32x4    | InteriorExecutor<(eOperationType)3, (eCalculateGlobals)2, (eStage)5> --- Reduced from maximum 1024
[  ]    ==== :    32x4    | InteriorExecutor<(eOperationType)3, (eCalculateGlobals)2, (eStage)6> --- Reduced from maximum 1024
[  ]    ==== :    32x4    | InteriorExecutor<(eOperationType)3, (eCalculateGlobals)2, (eStage)7> --- Reduced from maximum 1024
[  ]    ==== :    32x4    | InteriorExecutor<(eOperationType)3, (eCalculateGlobals)2, (eStage)8> --- Reduced from maximum 1024
[  ]    ==== :    32x4    | InteriorExecutor<(eOperationType)3, (eCalculateGlobals)2, (eStage)9> --- Reduced from maximum 1024
[  ]    ==== :    32x4    | InteriorExecutor<(eOperationType)4, (eCalculateGlobals)0, (eStage)0> --- Reduced from maximum 1024
[  ]    ==== :    32x4    | InteriorExecutor<(eOperationType)4, (eCalculateGlobals)0, (eStage)1> --- Reduced from maximum 1024
[  ]    ==== :    32x4    | InteriorExecutor<(eOperationType)4, (eCalculateGlobals)0, (eStage)2> --- Reduced from maximum 1024
[  ]    ==== :    32x4    | InteriorExecutor<(eOperationType)4, (eCalculateGlobals)0, (eStage)3> --- Reduced from maximum 1024
[  ]    ==== :    32x4    | InteriorExecutor<(eOperationType)4, (eCalculateGlobals)0, (eStage)4> --- Reduced from maximum 1024
[  ]    ==== :    32x4    | InteriorExecutor<(eOperationType)4, (eCalculateGlobals)0, (eStage)5> --- Reduced from maximum 1024
[  ]    ==== :    32x4    | InteriorExecutor<(eOperationType)4, (eCalculateGlobals)0, (eStage)6> --- Reduced from maximum 1024
[  ]    ==== :    32x4    | InteriorExecutor<(eOperationType)4, (eCalculateGlobals)0, (eStage)7> --- Reduced from maximum 1024
[  ]    ==== :    32x4    | InteriorExecutor<(eOperationType)4, (eCalculateGlobals)0, (eStage)8> --- Reduced from maximum 1024
[  ]    ==== :    32x4    | InteriorExecutor<(eOperationType)4, (eCalculateGlobals)0, (eStage)9> --- Reduced from maximum 1024
[  ]    ==== :    32x4    | InteriorExecutor<(eOperationType)4, (eCalculateGlobals)1, (eStage)0> --- Reduced from maximum 1024
[  ]    ==== :    32x4    | InteriorExecutor<(eOperationType)4, (eCalculateGlobals)1, (eStage)1> --- Reduced from maximum 1024
[  ]    ==== :    32x4    | InteriorExecutor<(eOperationType)4, (eCalculateGlobals)1, (eStage)2> --- Reduced from maximum 1024
[  ]    ==== :    32x4    | InteriorExecutor<(eOperationType)4, (eCalculateGlobals)1, (eStage)3> --- Reduced from maximum 1024
[  ]    ==== :    32x4    | InteriorExecutor<(eOperationType)4, (eCalculateGlobals)1, (eStage)4> --- Reduced from maximum 1024
[  ]    ==== :    32x4    | InteriorExecutor<(eOperationType)4, (eCalculateGlobals)1, (eStage)5> --- Reduced from maximum 1024
[  ]    ==== :    32x4    | InteriorExecutor<(eOperationType)4, (eCalculateGlobals)1, (eStage)6> --- Reduced from maximum 1024
[  ]    ==== :    32x4    | InteriorExecutor<(eOperationType)4, (eCalculateGlobals)1, (eStage)7> --- Reduced from maximum 1024
[  ]    ==== :    32x4    | InteriorExecutor<(eOperationType)4, (eCalculateGlobals)1, (eStage)8> --- Reduced from maximum 1024
[  ]    ==== :    32x4    | InteriorExecutor<(eOperationType)4, (eCalculateGlobals)1, (eStage)9> --- Reduced from maximum 1024
[  ]    ==== :    32x4    | InteriorExecutor<(eOperationType)4, (eCalculateGlobals)2, (eStage)0> --- Reduced from maximum 1024
[  ]    ==== :    32x4    | InteriorExecutor<(eOperationType)4, (eCalculateGlobals)2, (eStage)1> --- Reduced from maximum 1024
[  ]    ==== :    32x4    | InteriorExecutor<(eOperationType)4, (eCalculateGlobals)2, (eStage)2> --- Reduced from maximum 1024
[  ]    ==== :    32x4    | InteriorExecutor<(eOperationType)4, (eCalculateGlobals)2, (eStage)3> --- Reduced from maximum 1024
[  ]    ==== :    32x4    | InteriorExecutor<(eOperationType)4, (eCalculateGlobals)2, (eStage)4> --- Reduced from maximum 1024
[  ]    ==== :    32x4    | InteriorExecutor<(eOperationType)4, (eCalculateGlobals)2, (eStage)5> --- Reduced from maximum 1024
[  ]    ==== :    32x4    | InteriorExecutor<(eOperationType)4, (eCalculateGlobals)2, (eStage)6> --- Reduced from maximum 1024
[  ]    ==== :    32x4    | InteriorExecutor<(eOperationType)4, (eCalculateGlobals)2, (eStage)7> --- Reduced from maximum 1024
[  ]    ==== :    32x4    | InteriorExecutor<(eOperationType)4, (eCalculateGlobals)2, (eStage)8> --- Reduced from maximum 1024
[  ]    ==== :    32x4    | InteriorExecutor<(eOperationType)4, (eCalculateGlobals)2, (eStage)9> --- Reduced from maximum 1024
[ 0] warning ! No "Units" element in config file
[  ]    ==== : Mesh size in config file: 80x80x180
[  ]    ---- : Global lattice size: 80x80x180
[  ]    ==== : Max region size: 1382400. Mesh size 1382400. Overhead:  0%
[  ]    ---- : Local lattice size: 96x80x180
[  ]    #### : [0] Cumulative allocation of 1629672448 b (1.6 GB)
[  ]    ---- : Creating geom size:1382400
[  ]    #### : Setting output path to: case
[  ]    #### : Setting output path to: /mnt/8A0E24070E23EAC1/runs/tclb_pre2025_sphere_theta030_z48_gap24_outer90_sphere11_normal_path_v6diag_M0p1_50k_20260611/theta030/output/case
[  ]    ---- : loading geometry ...
[  ]    ---- : overwriting all flags
[  ]    ---- : Setting number of zones to 3
[  ]    ---- : Setting Density_h to 1 (1.000000)
[  ]    ---- : Setting Density_l to 0.001 (0.001000)
[  ]    ---- : Setting Viscosity_h to 0.09 (0.090000)
[  ]    ---- : Setting Viscosity_l to 0.1 (0.100000)
[  ]    ---- : Setting tauUpdate to 3 (3.000000)
[  ]    ---- : Setting sigma to 5e-05 (0.000050)
[  ]    ---- : Setting M to 0.1 (0.100000)
[  ]    ---- : Setting IntWidth to 6 (6.000000)
[  ]    ---- : Setting Radius to 24 (24.000000)
[  ]    ---- : Setting BubbleType to 1 (1.000000)
[  ]    ---- : Setting CenterX to 40 (40.000000)
[  ]    ---- : Setting CenterY to 40 (40.000000)
[  ]    ---- : Setting CenterZ to 96 (96.000000)
[  ]    ---- : Setting VelocityX in zone  (-1) to 0.0 (0.000000)
[  ]    ---- : Setting VelocityY in zone  (-1) to 0.0 (0.000000)
[  ]    ---- : Setting VelocityZ in zone  (-1) to 0.0 (0.000000)
[  ]    ---- : Setting GravitationX to 0.0 (0.000000)
[  ]    ---- : Setting GravitationY to 0.0 (0.000000)
[  ]    ---- : Setting GravitationZ to 0.0 (0.000000)
[  ]    ---- : Setting BuoyancyX to 0.0 (0.000000)
[  ]    ---- : Setting BuoyancyY to 0.0 (0.000000)
[  ]    ---- : Setting BuoyancyZ to 0.0 (0.000000)
[  ]    ---- : Setting radAngle in zone  (-1) to 90d (1.570796)
[ 0] WARNING ! Zone-specific settings in zone 0 were overwritten from 1.570796 to 1.570796
[  ]    ---- : Setting radAngle in zone OuterDomain (1) to 90d (1.570796)
[  ]    ---- : Setting radAngle in zone SolidSphere (2) to 11d (0.191986)
[  ]    ---- : Setting minGradient to 1e-08 (0.000000)
[  ]    ---- : Initializing Lattice ...
[  ]    133.8 MLBUps    154.44 GB/s [====================]  0s
[  ]    ---- : Callback VTK with no Iterations attribute
[  ]    ---- :        0 it writing vtk
[  ]    ---- : Setting callback Log at 1000.000000 iterations
[  ]    ---- : Adding Log to the solver hands
[  ]    ---- : Setting callback Failcheck at 1000.000000 iterations
[  ]    ---- : Adding Failcheck to the solver hands
[  ]    ---- : Setting action Solve at 50000.000000 iterations
[  ]    ---- : Setting callback VTK at 50000.000000 iterations
[  ]    ---- : Adding VTK to the solver hands
[  ]    ---- : Setting callback Log at 1000.000000 iterations
[  ]    ---- : Adding Log to the solver hands
[  ]    ---- : Setting callback Failcheck at 1000.000000 iterations
[  ]    ---- : Adding Failcheck to the solver hands
[  ]     33.6 MLBUps     38.72 GB/s [=                   ]  3s
[  ]    226.2 MLBUps    261.08 GB/s [==                  ]  4s
[  ]    226.2 MLBUps    261.01 GB/s [=====               ]  5s
[  ]    226.3 MLBUps    261.17 GB/s [========            ]  6s
[  ]    226.4 MLBUps    261.30 GB/s [============        ]  7s
[  ]    226.3 MLBUps    261.20 GB/s [===============     ]  8s
[  ]    226.3 MLBUps    261.14 GB/s [==================  ]  9s
[  ]    ---- :    217.2 MLBUps    250.68 GB/s [====================]
[  ]    225.4 MLBUps    260.13 GB/s [==                  ]  0s
[  ]    226.2 MLBUps    261.04 GB/s [=====               ]  1s
[  ]    226.1 MLBUps    260.92 GB/s [========            ]  2s
[  ]    226.4 MLBUps    261.23 GB/s [===========         ]  3s
[  ]    226.3 MLBUps    261.18 GB/s [===============     ]  4s
[  ]    226.4 MLBUps    261.26 GB/s [==================  ]  5s
[  ]    ---- :    218.9 MLBUps    252.56 GB/s [====================]
[  ]    226.2 MLBUps    261.02 GB/s [===                 ]  1s
[  ]    226.3 MLBUps    261.21 GB/s [======              ]  2s
[  ]    226.2 MLBUps    261.04 GB/s [=========           ]  3s
[  ]    226.2 MLBUps    261.07 GB/s [=============       ]  4s
[  ]    226.3 MLBUps    261.16 GB/s [================    ]  5s
[  ]    226.5 MLBUps    261.35 GB/s [=================== ]  6s
[  ]    ---- :    195.6 MLBUps    225.70 GB/s [====================]
[  ]    226.1 MLBUps    260.89 GB/s [===                 ]  1s
[  ]    226.3 MLBUps    261.14 GB/s [======              ]  2s
[  ]    226.3 MLBUps    261.11 GB/s [=========           ]  3s
[  ]    226.3 MLBUps    261.18 GB/s [=============       ]  4s
[  ]    226.3 MLBUps    261.11 GB/s [================    ]  5s
[  ]    226.4 MLBUps    261.27 GB/s [=================== ]  6s
[  ]    ---- :    195.6 MLBUps    225.70 GB/s [====================]
[  ]    226.2 MLBUps    261.08 GB/s [===                 ]  1s
[  ]    226.2 MLBUps    261.08 GB/s [======              ]  2s
[  ]    226.4 MLBUps    261.22 GB/s [=========           ]  3s
[  ]    226.4 MLBUps    261.23 GB/s [=============       ]  4s
[  ]    226.4 MLBUps    261.29 GB/s [================    ]  5s
[  ]    226.1 MLBUps    260.97 GB/s [=================== ]  6s
[  ]    ---- :    195.5 MLBUps    225.59 GB/s [====================]
[  ]    226.3 MLBUps    261.11 GB/s [===                 ]  1s
[  ]    226.3 MLBUps    261.09 GB/s [======              ]  2s
[  ]    226.4 MLBUps    261.25 GB/s [=========           ]  3s
[  ]    226.3 MLBUps    261.15 GB/s [=============       ]  4s
[  ]    226.3 MLBUps    261.17 GB/s [================    ]  5s
[  ]    226.5 MLBUps    261.33 GB/s [=================== ]  6s
[  ]    ---- :    195.7 MLBUps    225.87 GB/s [====================]
[  ]    226.2 MLBUps    261.08 GB/s [===                 ]  1s
[  ]    226.4 MLBUps    261.21 GB/s [======              ]  2s
[  ]    226.3 MLBUps    261.19 GB/s [=========           ]  3s
[  ]    226.4 MLBUps    261.29 GB/s [=============       ]  4s
[  ]    226.3 MLBUps    261.16 GB/s [================    ]  5s
[  ]    226.3 MLBUps    261.17 GB/s [=================== ]  6s
[  ]    ---- :    195.7 MLBUps    225.78 GB/s [====================]
[  ]    226.3 MLBUps    261.11 GB/s [===                 ]  1s
[  ]    226.3 MLBUps    261.10 GB/s [======              ]  2s
[  ]    226.3 MLBUps    261.21 GB/s [=========           ]  3s
[  ]    226.3 MLBUps    261.21 GB/s [=============       ]  4s
[  ]    226.3 MLBUps    261.18 GB/s [================    ]  5s
[  ]    226.3 MLBUps    261.18 GB/s [=================== ]  6s
[  ]    ---- :    195.6 MLBUps    225.77 GB/s [====================]
[  ]    226.3 MLBUps    261.20 GB/s [===                 ]  1s
[  ]    226.3 MLBUps    261.14 GB/s [======              ]  2s
[  ]    226.3 MLBUps    261.13 GB/s [=========           ]  3s
[  ]    226.3 MLBUps    261.14 GB/s [=============       ]  4s
[  ]    226.3 MLBUps    261.19 GB/s [================    ]  5s
[  ]    226.3 MLBUps    261.10 GB/s [=================== ]  6s
[  ]    ---- :    195.6 MLBUps    225.69 GB/s [====================]
[  ]    226.2 MLBUps    261.03 GB/s [===                 ]  1s
[  ]    226.3 MLBUps    261.14 GB/s [======              ]  2s
[  ]    226.4 MLBUps    261.25 GB/s [=========           ]  3s
[  ]    226.3 MLBUps    261.21 GB/s [=============       ]  4s
[  ]    226.3 MLBUps    261.20 GB/s [================    ]  5s
[  ]    226.2 MLBUps    261.07 GB/s [=================== ]  6s
[  ]    ---- :    195.7 MLBUps    225.87 GB/s [====================]
[  ]    226.2 MLBUps    261.07 GB/s [===                 ]  1s
[  ]    226.4 MLBUps    261.23 GB/s [======              ]  2s
[  ]    226.4 MLBUps    261.26 GB/s [=========           ]  3s
[  ]    226.4 MLBUps    261.27 GB/s [=============       ]  4s
[  ]    226.3 MLBUps    261.19 GB/s [================    ]  5s
[  ]    226.4 MLBUps    261.26 GB/s [=================== ]  6s
[  ]    ---- :    196.0 MLBUps    226.13 GB/s [====================]
[  ]    226.1 MLBUps    260.96 GB/s [===                 ]  1s
[  ]    226.5 MLBUps    261.33 GB/s [======              ]  2s
[  ]    226.4 MLBUps    261.32 GB/s [=========           ]  3s
[  ]    226.4 MLBUps    261.27 GB/s [=============       ]  4s
[  ]    226.3 MLBUps    261.18 GB/s [================    ]  5s
[  ]    226.4 MLBUps    261.28 GB/s [=================== ]  6s
[  ]    ---- :    195.6 MLBUps    225.74 GB/s [====================]
[  ]    226.3 MLBUps    261.19 GB/s [===                 ]  1s
[  ]    226.4 MLBUps    261.26 GB/s [======              ]  2s
[  ]    226.2 MLBUps    261.09 GB/s [=========           ]  3s
[  ]    226.3 MLBUps    261.16 GB/s [=============       ]  4s
[  ]    226.4 MLBUps    261.24 GB/s [================    ]  5s
[  ]    226.3 MLBUps    261.18 GB/s [=================== ]  6s
[  ]    ---- :    195.7 MLBUps    225.83 GB/s [====================]
[  ]    226.3 MLBUps    261.15 GB/s [===                 ]  1s
[  ]    226.4 MLBUps    261.22 GB/s [======              ]  2s
[  ]    226.5 MLBUps    261.37 GB/s [=========           ]  3s
[  ]    226.3 MLBUps    261.16 GB/s [=============       ]  4s
[  ]    226.3 MLBUps    261.19 GB/s [================    ]  5s
[  ]    226.4 MLBUps    261.32 GB/s [=================== ]  6s
[  ]    ---- :    195.7 MLBUps    225.79 GB/s [====================]
[  ]    226.3 MLBUps    261.17 GB/s [===                 ]  1s
[  ]    226.3 MLBUps    261.11 GB/s [======              ]  2s
[  ]    226.5 MLBUps    261.33 GB/s [=========           ]  3s
[  ]    226.3 MLBUps    261.13 GB/s [=============       ]  4s
[  ]    226.3 MLBUps    261.19 GB/s [================    ]  5s
[  ]    226.3 MLBUps    261.20 GB/s [=================== ]  6s
[  ]    ---- :    195.6 MLBUps    225.77 GB/s [====================]
[  ]    226.3 MLBUps    261.18 GB/s [===                 ]  1s
[  ]    226.4 MLBUps    261.22 GB/s [======              ]  2s
[  ]    226.4 MLBUps    261.27 GB/s [=========           ]  3s
[  ]    226.5 MLBUps    261.34 GB/s [=============       ]  4s
[  ]    226.4 MLBUps    261.29 GB/s [================    ]  5s
[  ]    226.5 MLBUps    261.37 GB/s [=================== ]  6s
[  ]    ---- :    195.5 MLBUps    225.57 GB/s [====================]
[  ]    226.1 MLBUps    260.91 GB/s [===                 ]  1s
[  ]    226.2 MLBUps    261.08 GB/s [======              ]  2s
[  ]    226.5 MLBUps    261.40 GB/s [=========           ]  3s
[  ]    226.4 MLBUps    261.24 GB/s [=============       ]  4s
[  ]    226.5 MLBUps    261.37 GB/s [================    ]  5s
[  ]    226.4 MLBUps    261.26 GB/s [=================== ]  6s
[  ]    ---- :    195.8 MLBUps    225.98 GB/s [====================]
[  ]    226.2 MLBUps    261.08 GB/s [===                 ]  1s
[  ]    226.4 MLBUps    261.26 GB/s [======              ]  2s
[  ]    226.5 MLBUps    261.35 GB/s [=========           ]  3s
[  ]    226.5 MLBUps    261.39 GB/s [=============       ]  4s
[  ]    226.5 MLBUps    261.40 GB/s [================    ]  5s
[  ]    226.5 MLBUps    261.41 GB/s [=================== ]  6s
[  ]    ---- :    195.6 MLBUps    225.77 GB/s [====================]
[  ]    226.3 MLBUps    261.15 GB/s [===                 ]  1s
[  ]    226.3 MLBUps    261.13 GB/s [======              ]  2s
[  ]    226.4 MLBUps    261.31 GB/s [=========           ]  3s
[  ]    226.5 MLBUps    261.35 GB/s [=============       ]  4s
[  ]    226.4 MLBUps    261.31 GB/s [================    ]  5s
[  ]    226.3 MLBUps    261.18 GB/s [=================== ]  6s
[  ]    ---- :    195.8 MLBUps    225.90 GB/s [====================]
[  ]    226.3 MLBUps    261.10 GB/s [===                 ]  1s
[  ]    226.4 MLBUps    261.30 GB/s [======              ]  2s
[  ]    226.4 MLBUps    261.23 GB/s [=========           ]  3s
[  ]    226.2 MLBUps    261.02 GB/s [=============       ]  4s
[  ]    226.4 MLBUps    261.25 GB/s [================    ]  5s
[  ]    226.5 MLBUps    261.35 GB/s [=================== ]  6s
[  ]    ---- :    195.8 MLBUps    225.96 GB/s [====================]
[  ]    226.4 MLBUps    261.24 GB/s [===                 ]  1s
[  ]    226.5 MLBUps    261.41 GB/s [======              ]  2s
[  ]    226.3 MLBUps    261.12 GB/s [=========           ]  3s
[  ]    226.3 MLBUps    261.15 GB/s [=============       ]  4s
[  ]    226.5 MLBUps    261.32 GB/s [================    ]  5s
[  ]    226.5 MLBUps    261.41 GB/s [=================== ]  6s
[  ]    ---- :    195.6 MLBUps    225.75 GB/s [====================]
[  ]    226.4 MLBUps    261.22 GB/s [===                 ]  1s
[  ]    226.4 MLBUps    261.32 GB/s [======              ]  2s
[  ]    226.3 MLBUps    261.12 GB/s [=========           ]  3s
[  ]    226.4 MLBUps    261.23 GB/s [=============       ]  4s
[  ]    226.4 MLBUps    261.25 GB/s [================    ]  5s
[  ]    226.4 MLBUps    261.26 GB/s [=================== ]  6s
[  ]    ---- :    195.6 MLBUps    225.70 GB/s [====================]
[  ]    226.2 MLBUps    261.09 GB/s [===                 ]  1s
[  ]    226.3 MLBUps    261.20 GB/s [======              ]  2s
[  ]    226.3 MLBUps    261.13 GB/s [=========           ]  3s
[  ]    226.4 MLBUps    261.32 GB/s [=============       ]  4s
[  ]    226.3 MLBUps    261.13 GB/s [================    ]  5s
[  ]    226.3 MLBUps    261.19 GB/s [=================== ]  6s
[  ]    ---- :    195.7 MLBUps    225.85 GB/s [====================]
[  ]    226.2 MLBUps    261.07 GB/s [===                 ]  1s
[  ]    226.4 MLBUps    261.24 GB/s [======              ]  2s
[  ]    226.3 MLBUps    261.19 GB/s [=========           ]  3s
[  ]    226.4 MLBUps    261.21 GB/s [=============       ]  4s
[  ]    226.3 MLBUps    261.16 GB/s [================    ]  5s
[  ]    226.4 MLBUps    261.26 GB/s [=================== ]  6s
[  ]    ---- :    195.8 MLBUps    225.90 GB/s [====================]
[  ]    226.3 MLBUps    261.18 GB/s [===                 ]  1s
[  ]    226.4 MLBUps    261.32 GB/s [======              ]  2s
[  ]    226.4 MLBUps    261.29 GB/s [=========           ]  3s
[  ]    226.4 MLBUps    261.25 GB/s [=============       ]  4s
[  ]    226.3 MLBUps    261.18 GB/s [================    ]  5s
[  ]    226.4 MLBUps    261.27 GB/s [=================== ]  6s
[  ]    ---- :    195.8 MLBUps    225.97 GB/s [====================]
[  ]    226.3 MLBUps    261.18 GB/s [===                 ]  1s
[  ]    226.4 MLBUps    261.27 GB/s [======              ]  2s
[  ]    226.4 MLBUps    261.23 GB/s [=========           ]  3s
[  ]    226.4 MLBUps    261.32 GB/s [=============       ]  4s
[  ]    226.4 MLBUps    261.28 GB/s [================    ]  5s
[  ]    226.4 MLBUps    261.25 GB/s [=================== ]  6s
[  ]    ---- :    195.7 MLBUps    225.79 GB/s [====================]
[  ]    226.3 MLBUps    261.17 GB/s [===                 ]  1s
[  ]    226.3 MLBUps    261.20 GB/s [======              ]  2s
[  ]    226.4 MLBUps    261.25 GB/s [=========           ]  3s
[  ]    226.3 MLBUps    261.17 GB/s [=============       ]  4s
[  ]    226.4 MLBUps    261.25 GB/s [================    ]  5s
[  ]    226.4 MLBUps    261.24 GB/s [=================== ]  6s
[  ]    ---- :    195.8 MLBUps    225.91 GB/s [====================]
[  ]    226.3 MLBUps    261.16 GB/s [===                 ]  1s
[  ]    226.4 MLBUps    261.30 GB/s [======              ]  2s
[  ]    226.4 MLBUps    261.25 GB/s [=========           ]  3s
[  ]    226.5 MLBUps    261.41 GB/s [=============       ]  4s
[  ]    226.4 MLBUps    261.26 GB/s [================    ]  5s
[  ]    226.5 MLBUps    261.40 GB/s [=================== ]  6s
[  ]    ---- :    195.7 MLBUps    225.86 GB/s [====================]
[  ]    226.4 MLBUps    261.29 GB/s [===                 ]  1s
[  ]    226.5 MLBUps    261.42 GB/s [======              ]  2s
[  ]    226.4 MLBUps    261.31 GB/s [=========           ]  3s
[  ]    226.3 MLBUps    261.19 GB/s [=============       ]  4s
[  ]    226.4 MLBUps    261.31 GB/s [================    ]  5s
[  ]    226.4 MLBUps    261.27 GB/s [=================== ]  6s
[  ]    ---- :    195.7 MLBUps    225.82 GB/s [====================]
[  ]    226.3 MLBUps    261.11 GB/s [===                 ]  1s
[  ]    226.5 MLBUps    261.38 GB/s [======              ]  2s
[  ]    226.4 MLBUps    261.27 GB/s [=========           ]  3s
[  ]    226.5 MLBUps    261.36 GB/s [=============       ]  4s
[  ]    226.4 MLBUps    261.29 GB/s [================    ]  5s
[  ]    226.5 MLBUps    261.38 GB/s [=================== ]  6s
[  ]    ---- :    195.7 MLBUps    225.79 GB/s [====================]
[  ]    226.4 MLBUps    261.24 GB/s [===                 ]  1s
[  ]    226.5 MLBUps    261.33 GB/s [======              ]  2s
[  ]    226.5 MLBUps    261.32 GB/s [=========           ]  3s
[  ]    226.4 MLBUps    261.27 GB/s [=============       ]  4s
[  ]    226.5 MLBUps    261.34 GB/s [================    ]  5s
[  ]    226.4 MLBUps    261.28 GB/s [=================== ]  6s
[  ]    ---- :    195.8 MLBUps    225.90 GB/s [====================]
[  ]    226.3 MLBUps    261.21 GB/s [===                 ]  1s
[  ]    226.4 MLBUps    261.28 GB/s [======              ]  2s
[  ]    226.6 MLBUps    261.53 GB/s [=========           ]  3s
[  ]    226.4 MLBUps    261.23 GB/s [=============       ]  4s
[  ]    226.4 MLBUps    261.25 GB/s [================    ]  5s
[  ]    226.5 MLBUps    261.41 GB/s [=================== ]  6s
[  ]    ---- :    195.7 MLBUps    225.81 GB/s [====================]
[  ]    226.3 MLBUps    261.19 GB/s [===                 ]  1s
[  ]    226.6 MLBUps    261.47 GB/s [======              ]  2s
[  ]    226.3 MLBUps    261.16 GB/s [=========           ]  3s
[  ]    226.4 MLBUps    261.31 GB/s [=============       ]  4s
[  ]    226.4 MLBUps    261.28 GB/s [================    ]  5s
[  ]    226.4 MLBUps    261.23 GB/s [=================== ]  6s
[  ]    ---- :    195.9 MLBUps    226.11 GB/s [====================]
[  ]    226.5 MLBUps    261.39 GB/s [===                 ]  1s
[  ]    226.5 MLBUps    261.40 GB/s [======              ]  2s
[  ]    226.5 MLBUps    261.37 GB/s [=========           ]  3s
[  ]    226.4 MLBUps    261.32 GB/s [=============       ]  4s
[  ]    226.5 MLBUps    261.40 GB/s [================    ]  5s
[  ]    226.5 MLBUps    261.39 GB/s [=================== ]  6s
[  ]    ---- :    195.9 MLBUps    226.01 GB/s [====================]
[  ]    226.3 MLBUps    261.14 GB/s [===                 ]  1s
[  ]    226.5 MLBUps    261.40 GB/s [======              ]  2s
[  ]    226.5 MLBUps    261.32 GB/s [=========           ]  3s
[  ]    226.5 MLBUps    261.38 GB/s [=============       ]  4s
[  ]    226.5 MLBUps    261.38 GB/s [================    ]  5s
[  ]    226.6 MLBUps    261.51 GB/s [=================== ]  6s
[  ]    ---- :    195.8 MLBUps    225.91 GB/s [====================]
[  ]    226.5 MLBUps    261.36 GB/s [===                 ]  1s
[  ]    226.5 MLBUps    261.35 GB/s [======              ]  2s
[  ]    226.4 MLBUps    261.28 GB/s [=========           ]  3s
[  ]    226.6 MLBUps    261.45 GB/s [=============       ]  4s
[  ]    226.5 MLBUps    261.35 GB/s [================    ]  5s
[  ]    226.5 MLBUps    261.38 GB/s [=================== ]  6s
[  ]    ---- :    195.9 MLBUps    226.02 GB/s [====================]
[  ]    226.4 MLBUps    261.23 GB/s [===                 ]  1s
[  ]    226.5 MLBUps    261.36 GB/s [======              ]  2s
[  ]    226.4 MLBUps    261.22 GB/s [=========           ]  3s
[  ]    226.4 MLBUps    261.29 GB/s [=============       ]  4s
[  ]    226.5 MLBUps    261.41 GB/s [================    ]  5s
[  ]    226.4 MLBUps    261.28 GB/s [=================== ]  6s
[  ]    ---- :    195.7 MLBUps    225.80 GB/s [====================]
[  ]    226.4 MLBUps    261.23 GB/s [===                 ]  1s
[  ]    226.4 MLBUps    261.26 GB/s [======              ]  2s
[  ]    224.4 MLBUps    258.94 GB/s [=========           ]  3s
[  ]    224.4 MLBUps    258.95 GB/s [=============       ]  4s
[  ]    224.3 MLBUps    258.83 GB/s [================    ]  5s
[  ]    224.2 MLBUps    258.70 GB/s [=================== ]  6s
[  ]    ---- :    201.7 MLBUps    232.70 GB/s [====================]
[  ]    224.1 MLBUps    258.64 GB/s [===                 ]  0s
[  ]    224.2 MLBUps    258.71 GB/s [======              ]  1s
[  ]    224.4 MLBUps    258.97 GB/s [=========           ]  2s
[  ]    224.3 MLBUps    258.88 GB/s [============        ]  3s
[  ]    224.3 MLBUps    258.81 GB/s [================    ]  4s
[  ]    224.3 MLBUps    258.84 GB/s [=================== ]  5s
[  ]    ---- :    206.1 MLBUps    237.83 GB/s [====================]
[  ]    224.2 MLBUps    258.69 GB/s [===                 ]  0s
[  ]    224.3 MLBUps    258.83 GB/s [======              ]  1s
[  ]    224.6 MLBUps    259.16 GB/s [=========           ]  2s
[  ]    224.4 MLBUps    258.91 GB/s [============        ]  3s
[  ]    224.3 MLBUps    258.87 GB/s [================    ]  4s
[  ]    224.3 MLBUps    258.80 GB/s [=================== ]  5s
[  ]    ---- :    205.5 MLBUps    237.12 GB/s [====================]
[  ]    223.7 MLBUps    258.12 GB/s [===                 ]  1s
[  ]    224.2 MLBUps    258.75 GB/s [======              ]  2s
[  ]    224.2 MLBUps    258.73 GB/s [=========           ]  2s
[  ]    224.2 MLBUps    258.70 GB/s [============        ]  3s
[  ]    224.2 MLBUps    258.71 GB/s [================    ]  4s
[  ]    224.2 MLBUps    258.69 GB/s [=================== ]  5s
[  ]    ---- :    206.2 MLBUps    237.94 GB/s [====================]
[  ]    224.0 MLBUps    258.45 GB/s [===                 ]  0s
[  ]    224.3 MLBUps    258.84 GB/s [======              ]  1s
[  ]    223.9 MLBUps    258.42 GB/s [=========           ]  2s
[  ]    222.6 MLBUps    256.89 GB/s [============        ]  4s
[  ]    220.1 MLBUps    253.99 GB/s [================    ]  5s
[  ]    220.1 MLBUps    253.96 GB/s [=================== ]  6s
[  ]    ---- :    203.7 MLBUps    235.07 GB/s [====================]
[  ]    220.4 MLBUps    254.32 GB/s [===                 ]  1s
[  ]    219.8 MLBUps    253.65 GB/s [======              ]  2s
[  ]    220.2 MLBUps    254.09 GB/s [=========           ]  3s
[  ]    220.1 MLBUps    253.97 GB/s [============        ]  4s
[  ]    220.1 MLBUps    254.01 GB/s [===============     ]  5s
[  ]    220.0 MLBUps    253.90 GB/s [=================== ]  6s
[  ]    ---- :    208.2 MLBUps    240.21 GB/s [====================]
[  ]    220.1 MLBUps    254.02 GB/s [===                 ]  0s
[  ]    220.2 MLBUps    254.08 GB/s [======              ]  1s
[  ]    220.2 MLBUps    254.07 GB/s [=========           ]  3s
[  ]    220.3 MLBUps    254.27 GB/s [============        ]  4s
[  ]    220.1 MLBUps    253.97 GB/s [===============     ]  5s
[  ]    220.1 MLBUps    254.02 GB/s [=================== ]  6s
[  ]    ---- :    208.2 MLBUps    240.24 GB/s [====================]
[  ]    220.4 MLBUps    254.30 GB/s [===                 ]  0s
[  ]    220.3 MLBUps    254.25 GB/s [======              ]  1s
[  ]    220.2 MLBUps    254.08 GB/s [=========           ]  2s
[  ]    220.6 MLBUps    254.55 GB/s [============        ]  4s
[  ]    219.9 MLBUps    253.74 GB/s [===============     ]  5s
[  ]    220.2 MLBUps    254.06 GB/s [=================== ]  6s
[  ]    ---- :    208.3 MLBUps    240.35 GB/s [====================]
[  ]    220.1 MLBUps    254.03 GB/s [===                 ]  0s
[  ]    220.4 MLBUps    254.34 GB/s [======              ]  1s
[  ]    220.5 MLBUps    254.44 GB/s [=========           ]  2s
[  ]    220.3 MLBUps    254.23 GB/s [============        ]  4s
[  ]    220.1 MLBUps    254.02 GB/s [===============     ]  5s
[  ]    220.6 MLBUps    254.61 GB/s [=================== ]  6s
[  ]    ---- :    208.5 MLBUps    240.57 GB/s [====================]
[  ]    220.4 MLBUps    254.38 GB/s [===                 ]  1s
[  ]    220.7 MLBUps    254.65 GB/s [======              ]  2s
[  ]    220.1 MLBUps    254.03 GB/s [=========           ]  3s
[  ]    220.2 MLBUps    254.07 GB/s [============        ]  4s
[  ]    220.0 MLBUps    253.90 GB/s [================    ]  5s
[  ]    220.1 MLBUps    253.99 GB/s [=================== ]  6s
[  ]    ---- :    207.5 MLBUps    239.42 GB/s [====================]
[  ]    220.6 MLBUps    254.54 GB/s [===                 ]  0s
[  ]    220.7 MLBUps    254.63 GB/s [======              ]  1s
[  ]    220.6 MLBUps    254.52 GB/s [=========           ]  2s
[  ]    220.5 MLBUps    254.44 GB/s [============        ]  3s
[  ]    220.0 MLBUps    253.91 GB/s [===============     ]  5s
[  ]    220.0 MLBUps    253.91 GB/s [=================== ]  6s
[  ]    ---- :    208.0 MLBUps    239.98 GB/s [====================]
[  ]    220.6 MLBUps    254.56 GB/s [===                 ]  1s
[  ]    220.1 MLBUps    254.05 GB/s [======              ]  2s
[  ]    220.1 MLBUps    254.05 GB/s [=========           ]  3s
[  ]    220.0 MLBUps    253.91 GB/s [============        ]  4s
[  ]    220.3 MLBUps    254.19 GB/s [================    ]  5s
[  ]    220.2 MLBUps    254.08 GB/s [=================== ]  6s
[  ]    ---- :    207.7 MLBUps    239.74 GB/s [====================]
[  ]    220.0 MLBUps    253.88 GB/s [===                 ]  0s
[  ]    220.2 MLBUps    254.09 GB/s [======              ]  1s
[  ]    220.1 MLBUps    254.01 GB/s [=========           ]  3s
[  ]    220.5 MLBUps    254.50 GB/s [============        ]  4s
[  ]    220.2 MLBUps    254.10 GB/s [===============     ]  5s
[  ]    220.3 MLBUps    254.21 GB/s [=================== ]  6s
[  ]    ---- :    208.1 MLBUps    240.15 GB/s [====================]
[  ]    ---- :    50000 it writing vtk
[  ]    ---- : Total duration: 314.779752 s = 5.246329 min = 0.087439 h
