{
  "status": "runtime_sanity",
  "decision": {
    "status": "runtime_sanity",
    "claim_limit": "runtime_sanity / exploratory_not_validation only",
    "write_mode_allowed": false,
    "write_mode_blocked": true,
    "block_reason": "Stage8h is shadow-only; sphere Stage8OperatorMode=2 remains forbidden",
    "shadow_gate_passed_for_planning": true,
    "root_cause_classification": "stage8h_mode3_profile_path_shadow_gate_passed",
    "final_stage8g_mode": 3,
    "final_stage8h_mode": 3,
    "final_vector_limiter_fraction": 0.0,
    "final_normal_limiter_fraction": 0.0,
    "final_stage8h_limiter_equivalent_fraction": 0.0,
    "final_limiter_ratio_p50": 1.0,
    "final_limiter_ratio_p10": 1.0,
    "final_outer90_normal_limiter_count": 0,
    "final_outer90_stage8h_limiter_equivalent_count": 0,
    "final_fallback_stage8h_limiter_equivalent_count": 0,
    "final_ratio_cap_limiter_fraction_of_normal_limiter": NaN,
    "final_abs_cap_limiter_fraction_of_normal_limiter": NaN,
    "final_cap_demand_ratio_p50": 0.2713086726657658,
    "final_regularization_ratio_p50": 0.8242845298089977,
    "final_profile_target_mismatch_p50": 0.02096701579596165,
    "final_profile_conflict_p50": 0.0,
    "final_normal_raw_abs_p50": 0.06496690333091992,
    "final_target_minus_raw_abs_p50": 0.01078318499334447,
    "final_tangent_mag_p95": 0.07425132557220077,
    "final_raw_delta_p99": 0.020858291200307588,
    "final_normal_delta_limited_p99": -1.1556139141534834e-07,
    "final_stage8h_candidate_demand_ratio_p50": 0.2713086726657658,
    "final_stage8h_candidate_demand_ratio_p95": 0.6046727841225663,
    "final_stage8h_candidate_demand_ratio_p99": 0.6372513006729915,
    "final_stage8h_beta_relaxation_p50": 0.25,
    "final_stage8h_profile_consistency_weight_p50": 0.7045529633173107,
    "final_stage8h_cos_to_tan_ratio_p50": 0.38628570521739825
  },
  "frames": [
    0,
    100,
    1000
  ]
}
