QUEUE_START 2026-06-13T16:38:05+08:00 queue=flatP100B gpu=GPU-2abee638-4460-b364-cd98-08cb6eaf11f7 kind=flat
status=runtime_sanity
claim_limit=exploratory_not_validation
run_root=/media/yuan/新加卷1/RUNS/runs/stage8/stage8g_cap_contract_revision_diag_20260613/flat
case_staging=/tmp/flat_wall_cap_stage8g_low_angle_cases
case_list=/media/yuan/新加卷1/RUNS/runs/stage8/stage8g_cap_contract_revision_diag_20260613/flat/queue_lists/flat_p100b.txt
binary=/home/yuan/src/TCLB_stage8g_cap_contract_revision_diag_20260613/CLB/d3q27_pf_velocity_q27_geometric/main
cuda_device_order=PCI_BUS_ID
cuda_visible_devices=GPU-2abee638-4460-b364-cd98-08cb6eaf11f7
b7eab126c94a9a17e8ae83265b27ef7cf385350be9ef1719f4bd514f25ff19a4  /home/yuan/src/TCLB_stage8g_cap_contract_revision_diag_20260613/CLB/d3q27_pf_velocity_q27_geometric/main
CASE_START 2026-06-13T16:38:05+08:00 queue=flatP100B gpu=GPU-2abee638-4460-b364-cd98-08cb6eaf11f7 case=cap_theta030_wall020_stage8g_mode0
CASE_END 2026-06-13T16:38:34+08:00 queue=flatP100B gpu=GPU-2abee638-4460-b364-cd98-08cb6eaf11f7 case=cap_theta030_wall020_stage8g_mode0 rc=0
RAW_DELETE 2026-06-13T16:41:35+08:00 queue=flatP100B gpu=GPU-2abee638-4460-b364-cd98-08cb6eaf11f7 case=cap_theta030_wall020_stage8g_mode0 count=6
CASE_START 2026-06-13T16:41:35+08:00 queue=flatP100B gpu=GPU-2abee638-4460-b364-cd98-08cb6eaf11f7 case=cap_theta030_wall020_stage8g_mode2
CASE_END 2026-06-13T16:42:04+08:00 queue=flatP100B gpu=GPU-2abee638-4460-b364-cd98-08cb6eaf11f7 case=cap_theta030_wall020_stage8g_mode2 rc=0
RAW_DELETE 2026-06-13T16:45:00+08:00 queue=flatP100B gpu=GPU-2abee638-4460-b364-cd98-08cb6eaf11f7 case=cap_theta030_wall020_stage8g_mode2 count=6
CASE_START 2026-06-13T16:45:00+08:00 queue=flatP100B gpu=GPU-2abee638-4460-b364-cd98-08cb6eaf11f7 case=cap_theta030_wall025_stage8g_mode0
CASE_END 2026-06-13T16:45:26+08:00 queue=flatP100B gpu=GPU-2abee638-4460-b364-cd98-08cb6eaf11f7 case=cap_theta030_wall025_stage8g_mode0 rc=0
RAW_DELETE 2026-06-13T16:48:24+08:00 queue=flatP100B gpu=GPU-2abee638-4460-b364-cd98-08cb6eaf11f7 case=cap_theta030_wall025_stage8g_mode0 count=6
CASE_START 2026-06-13T16:48:24+08:00 queue=flatP100B gpu=GPU-2abee638-4460-b364-cd98-08cb6eaf11f7 case=cap_theta030_wall025_stage8g_mode2
CASE_END 2026-06-13T16:48:50+08:00 queue=flatP100B gpu=GPU-2abee638-4460-b364-cd98-08cb6eaf11f7 case=cap_theta030_wall025_stage8g_mode2 rc=0
RAW_DELETE 2026-06-13T16:51:42+08:00 queue=flatP100B gpu=GPU-2abee638-4460-b364-cd98-08cb6eaf11f7 case=cap_theta030_wall025_stage8g_mode2 count=6
CASE_START 2026-06-13T16:51:42+08:00 queue=flatP100B gpu=GPU-2abee638-4460-b364-cd98-08cb6eaf11f7 case=cap_theta030_wall030_stage8g_mode0
CASE_END 2026-06-13T16:52:07+08:00 queue=flatP100B gpu=GPU-2abee638-4460-b364-cd98-08cb6eaf11f7 case=cap_theta030_wall030_stage8g_mode0 rc=0
RAW_DELETE 2026-06-13T16:54:59+08:00 queue=flatP100B gpu=GPU-2abee638-4460-b364-cd98-08cb6eaf11f7 case=cap_theta030_wall030_stage8g_mode0 count=6
CASE_START 2026-06-13T16:54:59+08:00 queue=flatP100B gpu=GPU-2abee638-4460-b364-cd98-08cb6eaf11f7 case=cap_theta030_wall030_stage8g_mode2
CASE_END 2026-06-13T16:55:24+08:00 queue=flatP100B gpu=GPU-2abee638-4460-b364-cd98-08cb6eaf11f7 case=cap_theta030_wall030_stage8g_mode2 rc=0
RAW_DELETE 2026-06-13T16:58:18+08:00 queue=flatP100B gpu=GPU-2abee638-4460-b364-cd98-08cb6eaf11f7 case=cap_theta030_wall030_stage8g_mode2 count=6
QUEUE_END 2026-06-13T16:58:18+08:00 queue=flatP100B gpu=GPU-2abee638-4460-b364-cd98-08cb6eaf11f7 kind=flat
