BATCH_PREP 2026-06-13T15:36:21+08:00
status=runtime_sanity
purpose=flat_wall_spherical_cap_stage8g_shadow
run_root=/media/yuan/新加卷1/RUNS/runs/stage8/stage8g_cap_contract_revision_diag_20260613/flat
case_staging=/tmp/flat_wall_cap_stage8g_low_angle_cases
binary=/home/yuan/src/TCLB_stage8g_cap_contract_revision_diag_20260613/CLB/d3q27_pf_velocity_q27_geometric/main
delete_raw_after_analysis=1
b7eab126c94a9a17e8ae83265b27ef7cf385350be9ef1719f4bd514f25ff19a4  /home/yuan/src/TCLB_stage8g_cap_contract_revision_diag_20260613/CLB/d3q27_pf_velocity_q27_geometric/main
CASE_START 2026-06-13T15:36:21+08:00 case=cap_theta030_wall005_stage8g_mode0
CASE_END 2026-06-13T15:37:58+08:00 case=cap_theta030_wall005_stage8g_mode0 rc=0
RAW_DELETE 2026-06-13T15:40:48+08:00 case=cap_theta030_wall005_stage8g_mode0 count=6
CASE_START 2026-06-13T15:40:48+08:00 case=cap_theta030_wall005_stage8g_mode1
CASE_END 2026-06-13T15:41:11+08:00 case=cap_theta030_wall005_stage8g_mode1 rc=0
RAW_DELETE 2026-06-13T15:44:00+08:00 case=cap_theta030_wall005_stage8g_mode1 count=6
CASE_START 2026-06-13T15:44:00+08:00 case=cap_theta030_wall005_stage8g_mode2
CASE_END 2026-06-13T15:44:23+08:00 case=cap_theta030_wall005_stage8g_mode2 rc=0
RAW_DELETE 2026-06-13T15:47:10+08:00 case=cap_theta030_wall005_stage8g_mode2 count=6
CASE_START 2026-06-13T15:47:10+08:00 case=cap_theta030_wall005_stage8g_mode3
CASE_END 2026-06-13T15:47:33+08:00 case=cap_theta030_wall005_stage8g_mode3 rc=0
RAW_DELETE 2026-06-13T15:50:20+08:00 case=cap_theta030_wall005_stage8g_mode3 count=6
CASE_START 2026-06-13T15:50:20+08:00 case=cap_theta030_wall008_stage8g_mode0
CASE_END 2026-06-13T15:50:43+08:00 case=cap_theta030_wall008_stage8g_mode0 rc=0
RAW_DELETE 2026-06-13T15:53:30+08:00 case=cap_theta030_wall008_stage8g_mode0 count=6
CASE_START 2026-06-13T15:53:30+08:00 case=cap_theta030_wall008_stage8g_mode1
CASE_END 2026-06-13T15:53:53+08:00 case=cap_theta030_wall008_stage8g_mode1 rc=0
RAW_DELETE 2026-06-13T15:56:42+08:00 case=cap_theta030_wall008_stage8g_mode1 count=6
CASE_START 2026-06-13T15:56:42+08:00 case=cap_theta030_wall008_stage8g_mode2
CASE_END 2026-06-13T15:57:05+08:00 case=cap_theta030_wall008_stage8g_mode2 rc=0
RAW_DELETE 2026-06-13T16:00:00+08:00 case=cap_theta030_wall008_stage8g_mode2 count=6
CASE_START 2026-06-13T16:00:00+08:00 case=cap_theta030_wall008_stage8g_mode3
CASE_END 2026-06-13T16:00:24+08:00 case=cap_theta030_wall008_stage8g_mode3 rc=0
RAW_DELETE 2026-06-13T16:03:18+08:00 case=cap_theta030_wall008_stage8g_mode3 count=6
CASE_START 2026-06-13T16:03:18+08:00 case=cap_theta030_wall011_stage8g_mode0
CASE_END 2026-06-13T16:03:42+08:00 case=cap_theta030_wall011_stage8g_mode0 rc=0
RAW_DELETE 2026-06-13T16:06:36+08:00 case=cap_theta030_wall011_stage8g_mode0 count=6
CASE_START 2026-06-13T16:06:36+08:00 case=cap_theta030_wall011_stage8g_mode1
CASE_END 2026-06-13T16:07:00+08:00 case=cap_theta030_wall011_stage8g_mode1 rc=0
RAW_DELETE 2026-06-13T16:09:54+08:00 case=cap_theta030_wall011_stage8g_mode1 count=6
CASE_START 2026-06-13T16:09:54+08:00 case=cap_theta030_wall011_stage8g_mode2
CASE_END 2026-06-13T16:10:17+08:00 case=cap_theta030_wall011_stage8g_mode2 rc=0
RAW_DELETE 2026-06-13T16:13:10+08:00 case=cap_theta030_wall011_stage8g_mode2 count=6
CASE_START 2026-06-13T16:13:10+08:00 case=cap_theta030_wall011_stage8g_mode3
CASE_END 2026-06-13T16:13:34+08:00 case=cap_theta030_wall011_stage8g_mode3 rc=0
RAW_DELETE 2026-06-13T16:16:27+08:00 case=cap_theta030_wall011_stage8g_mode3 count=6
CASE_START 2026-06-13T16:16:27+08:00 case=cap_theta030_wall015_stage8g_mode0
CASE_END 2026-06-13T16:16:51+08:00 case=cap_theta030_wall015_stage8g_mode0 rc=0
RAW_DELETE 2026-06-13T16:19:43+08:00 case=cap_theta030_wall015_stage8g_mode0 count=6
CASE_START 2026-06-13T16:19:43+08:00 case=cap_theta030_wall015_stage8g_mode1
CASE_END 2026-06-13T16:20:07+08:00 case=cap_theta030_wall015_stage8g_mode1 rc=0
RAW_DELETE 2026-06-13T16:23:01+08:00 case=cap_theta030_wall015_stage8g_mode1 count=6
CASE_START 2026-06-13T16:23:01+08:00 case=cap_theta030_wall015_stage8g_mode2
CASE_END 2026-06-13T16:23:25+08:00 case=cap_theta030_wall015_stage8g_mode2 rc=0
MANUAL_RAW_DELETE 2026-06-13T16:30:58+08:00 case=cap_theta030_wall015_stage8g_mode2 count=6
