QUEUE_START 2026-06-13T16:38:05+08:00 queue=flatP100A gpu=GPU-f650e558-d920-2fcb-0a8e-45cbc17c1ca2 kind=flat
status=runtime_sanity
claim_limit=exploratory_not_validation
run_root=/media/yuan/新加卷1/RUNS/runs/stage8/stage8g_cap_contract_revision_diag_20260613/flat
case_staging=/tmp/flat_wall_cap_stage8g_low_angle_cases
case_list=/media/yuan/新加卷1/RUNS/runs/stage8/stage8g_cap_contract_revision_diag_20260613/flat/queue_lists/flat_p100a.txt
binary=/home/yuan/src/TCLB_stage8g_cap_contract_revision_diag_20260613/CLB/d3q27_pf_velocity_q27_geometric/main
cuda_device_order=PCI_BUS_ID
cuda_visible_devices=GPU-f650e558-d920-2fcb-0a8e-45cbc17c1ca2
b7eab126c94a9a17e8ae83265b27ef7cf385350be9ef1719f4bd514f25ff19a4  /home/yuan/src/TCLB_stage8g_cap_contract_revision_diag_20260613/CLB/d3q27_pf_velocity_q27_geometric/main
CASE_START 2026-06-13T16:38:05+08:00 queue=flatP100A gpu=GPU-f650e558-d920-2fcb-0a8e-45cbc17c1ca2 case=cap_theta030_wall015_stage8g_mode3
CASE_END 2026-06-13T16:38:34+08:00 queue=flatP100A gpu=GPU-f650e558-d920-2fcb-0a8e-45cbc17c1ca2 case=cap_theta030_wall015_stage8g_mode3 rc=0
RAW_DELETE 2026-06-13T16:41:35+08:00 queue=flatP100A gpu=GPU-f650e558-d920-2fcb-0a8e-45cbc17c1ca2 case=cap_theta030_wall015_stage8g_mode3 count=6
CASE_START 2026-06-13T16:41:35+08:00 queue=flatP100A gpu=GPU-f650e558-d920-2fcb-0a8e-45cbc17c1ca2 case=cap_theta030_wall020_stage8g_mode1
CASE_END 2026-06-13T16:42:02+08:00 queue=flatP100A gpu=GPU-f650e558-d920-2fcb-0a8e-45cbc17c1ca2 case=cap_theta030_wall020_stage8g_mode1 rc=0
RAW_DELETE 2026-06-13T16:44:58+08:00 queue=flatP100A gpu=GPU-f650e558-d920-2fcb-0a8e-45cbc17c1ca2 case=cap_theta030_wall020_stage8g_mode1 count=6
CASE_START 2026-06-13T16:44:58+08:00 queue=flatP100A gpu=GPU-f650e558-d920-2fcb-0a8e-45cbc17c1ca2 case=cap_theta030_wall020_stage8g_mode3
CASE_END 2026-06-13T16:45:23+08:00 queue=flatP100A gpu=GPU-f650e558-d920-2fcb-0a8e-45cbc17c1ca2 case=cap_theta030_wall020_stage8g_mode3 rc=0
RAW_DELETE 2026-06-13T16:48:21+08:00 queue=flatP100A gpu=GPU-f650e558-d920-2fcb-0a8e-45cbc17c1ca2 case=cap_theta030_wall020_stage8g_mode3 count=6
CASE_START 2026-06-13T16:48:21+08:00 queue=flatP100A gpu=GPU-f650e558-d920-2fcb-0a8e-45cbc17c1ca2 case=cap_theta030_wall025_stage8g_mode1
CASE_END 2026-06-13T16:48:45+08:00 queue=flatP100A gpu=GPU-f650e558-d920-2fcb-0a8e-45cbc17c1ca2 case=cap_theta030_wall025_stage8g_mode1 rc=0
RAW_DELETE 2026-06-13T16:51:37+08:00 queue=flatP100A gpu=GPU-f650e558-d920-2fcb-0a8e-45cbc17c1ca2 case=cap_theta030_wall025_stage8g_mode1 count=6
CASE_START 2026-06-13T16:51:37+08:00 queue=flatP100A gpu=GPU-f650e558-d920-2fcb-0a8e-45cbc17c1ca2 case=cap_theta030_wall025_stage8g_mode3
CASE_END 2026-06-13T16:52:02+08:00 queue=flatP100A gpu=GPU-f650e558-d920-2fcb-0a8e-45cbc17c1ca2 case=cap_theta030_wall025_stage8g_mode3 rc=0
RAW_DELETE 2026-06-13T16:54:56+08:00 queue=flatP100A gpu=GPU-f650e558-d920-2fcb-0a8e-45cbc17c1ca2 case=cap_theta030_wall025_stage8g_mode3 count=6
CASE_START 2026-06-13T16:54:56+08:00 queue=flatP100A gpu=GPU-f650e558-d920-2fcb-0a8e-45cbc17c1ca2 case=cap_theta030_wall030_stage8g_mode1
CASE_END 2026-06-13T16:55:20+08:00 queue=flatP100A gpu=GPU-f650e558-d920-2fcb-0a8e-45cbc17c1ca2 case=cap_theta030_wall030_stage8g_mode1 rc=0
RAW_DELETE 2026-06-13T16:58:13+08:00 queue=flatP100A gpu=GPU-f650e558-d920-2fcb-0a8e-45cbc17c1ca2 case=cap_theta030_wall030_stage8g_mode1 count=6
CASE_START 2026-06-13T16:58:13+08:00 queue=flatP100A gpu=GPU-f650e558-d920-2fcb-0a8e-45cbc17c1ca2 case=cap_theta030_wall030_stage8g_mode3
CASE_END 2026-06-13T16:58:36+08:00 queue=flatP100A gpu=GPU-f650e558-d920-2fcb-0a8e-45cbc17c1ca2 case=cap_theta030_wall030_stage8g_mode3 rc=0
RAW_DELETE 2026-06-13T17:01:23+08:00 queue=flatP100A gpu=GPU-f650e558-d920-2fcb-0a8e-45cbc17c1ca2 case=cap_theta030_wall030_stage8g_mode3 count=6
QUEUE_END 2026-06-13T17:01:23+08:00 queue=flatP100A gpu=GPU-f650e558-d920-2fcb-0a8e-45cbc17c1ca2 kind=flat
