{
  "status": "runtime_sanity",
  "decision": {
    "status": "runtime_sanity",
    "claim_limit": "runtime_sanity / exploratory_not_validation only",
    "write_mode_allowed": false,
    "write_mode_blocked": true,
    "block_reason": "Stage8h is shadow-only; sphere Stage8OperatorMode=2 remains forbidden",
    "shadow_gate_passed_for_planning": true,
    "root_cause_classification": "stage8h_mode2_cosine_residual_shadow_gate_passed",
    "final_stage8g_mode": 3,
    "final_stage8h_mode": 2,
    "final_vector_limiter_fraction": 0.0,
    "final_normal_limiter_fraction": 0.7625754527162978,
    "final_stage8h_limiter_equivalent_fraction": 0.0,
    "final_limiter_ratio_p50": 0.641465661933631,
    "final_limiter_ratio_p10": 0.503952773627114,
    "final_outer90_normal_limiter_count": 0,
    "final_outer90_stage8h_limiter_equivalent_count": 0,
    "final_fallback_stage8h_limiter_equivalent_count": 0,
    "final_ratio_cap_limiter_fraction_of_normal_limiter": 0.5514511873350924,
    "final_abs_cap_limiter_fraction_of_normal_limiter": 0.44854881266490765,
    "final_cap_demand_ratio_p50": 1.558929944015629,
    "final_regularization_ratio_p50": 0.49003829736625903,
    "final_profile_target_mismatch_p50": 0.05669303146724693,
    "final_profile_conflict_p50": 0.0,
    "final_normal_raw_abs_p50": 0.06491802017513515,
    "final_target_minus_raw_abs_p50": 0.05078974085708034,
    "final_tangent_mag_p95": 0.07279143456192248,
    "final_raw_delta_p99": 0.1022743417477183,
    "final_normal_delta_limited_p99": -4.5087364241684004e-07,
    "final_stage8h_candidate_demand_ratio_p50": 0.22455147387655605,
    "final_stage8h_candidate_demand_ratio_p95": 0.2968659586759215,
    "final_stage8h_candidate_demand_ratio_p99": 0.29942646978698345,
    "final_stage8h_beta_relaxation_p50": 0.25,
    "final_stage8h_profile_consistency_weight_p50": 0.4686341676902227,
    "final_stage8h_cos_to_tan_ratio_p50": 0.1450967401381147
  },
  "frames": [
    0,
    100,
    1000
  ]
}
