BATCH_PREP 2026-06-12T00:45:41+08:00
status=runtime_sanity
purpose=flat_wall_spherical_cap_gate_stage7_signedwrite
run_root=/mnt/8A0E24070E23EAC1/runs/tclb_flat_wall_cap_stage7_signedwrite_gate_20260612
case_staging=/tmp/flat_wall_cap_stage7_signedwrite_gate_cases
binary=/home/yuan/src/TCLB_clean_wall_signed_ghost_stage7diag_20260611/CLB/d3q27_pf_velocity_q27_geometric/main
raw_policy=remote_only
finite_arrays=PhaseField,U,P,Rho,WallPhasePred,WallPhaseProfilePred,WallPhaseSignedProfilePred,WallPhaseRawPred,WallPhaseSignedPred,WallContactResidual,WallSignedNormalGrad,WallTangentGradMag,WallSignedDeltaQ,WallSignedQClipped,BoundaryMask
5f03a84189e0136a73aa9a8f33d079c148079f8eb5335f33ce485964fef48a94  /home/yuan/src/TCLB_clean_wall_signed_ghost_stage7diag_20260611/CLB/d3q27_pf_velocity_q27_geometric/main
CASE_START 2026-06-12T00:45:41+08:00 case=cap_theta030_wall030
CASE_END 2026-06-12T00:52:07+08:00 case=cap_theta030_wall030 rc=0
FINITENESS_END 2026-06-12T00:52:59+08:00 case=cap_theta030_wall030 rc=0
CAP_POST_END 2026-06-12T00:53:57+08:00 case=cap_theta030_wall030 rc=0
CASE_START 2026-06-12T00:53:57+08:00 case=cap_theta090_wall090
CASE_END 2026-06-12T01:00:12+08:00 case=cap_theta090_wall090 rc=0
FINITENESS_END 2026-06-12T01:01:03+08:00 case=cap_theta090_wall090 rc=0
CAP_POST_END 2026-06-12T01:02:03+08:00 case=cap_theta090_wall090 rc=0
CASE_START 2026-06-12T01:02:03+08:00 case=cap_theta150_wall150
CASE_END 2026-06-12T01:08:20+08:00 case=cap_theta150_wall150 rc=0
FINITENESS_END 2026-06-12T01:09:08+08:00 case=cap_theta150_wall150 rc=0
CAP_POST_END 2026-06-12T01:10:10+08:00 case=cap_theta150_wall150 rc=0
CASE_START 2026-06-12T01:10:10+08:00 case=cap_theta030_wall011
CASE_END 2026-06-12T01:10:23+08:00 case=cap_theta030_wall011 rc=0
CASE_NUMERICAL_FAILURE_TEXT 2026-06-12T01:10:23+08:00 case=cap_theta030_wall011
