QUEUE_START 2026-06-13T17:02:26+08:00 queue=sphereP100B gpu=GPU-2abee638-4460-b364-cd98-08cb6eaf11f7 kind=sphere
status=runtime_sanity
claim_limit=exploratory_not_validation
run_root=/media/yuan/新加卷1/RUNS/runs/stage8/stage8g_cap_contract_revision_diag_20260613/sphere
case_staging=/tmp/pre2025_sphere_stage8g_shadow_cases
case_list=/media/yuan/新加卷1/RUNS/runs/stage8/stage8g_cap_contract_revision_diag_20260613/sphere/queue_lists/sphere_p100b.txt
binary=/home/yuan/src/TCLB_stage8g_cap_contract_revision_diag_20260613/CLB/d3q27_pf_velocity_q27_geometric/main
cuda_device_order=PCI_BUS_ID
cuda_visible_devices=GPU-2abee638-4460-b364-cd98-08cb6eaf11f7
b7eab126c94a9a17e8ae83265b27ef7cf385350be9ef1719f4bd514f25ff19a4  /home/yuan/src/TCLB_stage8g_cap_contract_revision_diag_20260613/CLB/d3q27_pf_velocity_q27_geometric/main
CASE_START 2026-06-13T17:02:26+08:00 queue=sphereP100B gpu=GPU-2abee638-4460-b364-cd98-08cb6eaf11f7 case=theta030_cap_on_sphere_stage8g_mode1
CASE_END 2026-06-13T17:02:52+08:00 queue=sphereP100B gpu=GPU-2abee638-4460-b364-cd98-08cb6eaf11f7 case=theta030_cap_on_sphere_stage8g_mode1 rc=0
RAW_DELETE 2026-06-13T17:04:31+08:00 queue=sphereP100B gpu=GPU-2abee638-4460-b364-cd98-08cb6eaf11f7 case=theta030_cap_on_sphere_stage8g_mode1 count=6
CASE_START 2026-06-13T17:04:31+08:00 queue=sphereP100B gpu=GPU-2abee638-4460-b364-cd98-08cb6eaf11f7 case=theta030_cap_on_sphere_stage8g_mode3
CASE_END 2026-06-13T17:04:55+08:00 queue=sphereP100B gpu=GPU-2abee638-4460-b364-cd98-08cb6eaf11f7 case=theta030_cap_on_sphere_stage8g_mode3 rc=0
RAW_DELETE 2026-06-13T17:06:30+08:00 queue=sphereP100B gpu=GPU-2abee638-4460-b364-cd98-08cb6eaf11f7 case=theta030_cap_on_sphere_stage8g_mode3 count=6
CASE_START 2026-06-13T17:06:30+08:00 queue=sphereP100B gpu=GPU-2abee638-4460-b364-cd98-08cb6eaf11f7 case=theta030_free_sphere_stage8g_mode1
CASE_END 2026-06-13T17:06:54+08:00 queue=sphereP100B gpu=GPU-2abee638-4460-b364-cd98-08cb6eaf11f7 case=theta030_free_sphere_stage8g_mode1 rc=0
RAW_DELETE 2026-06-13T17:08:29+08:00 queue=sphereP100B gpu=GPU-2abee638-4460-b364-cd98-08cb6eaf11f7 case=theta030_free_sphere_stage8g_mode1 count=6
CASE_START 2026-06-13T17:08:29+08:00 queue=sphereP100B gpu=GPU-2abee638-4460-b364-cd98-08cb6eaf11f7 case=theta030_free_sphere_stage8g_mode3
CASE_END 2026-06-13T17:08:52+08:00 queue=sphereP100B gpu=GPU-2abee638-4460-b364-cd98-08cb6eaf11f7 case=theta030_free_sphere_stage8g_mode3 rc=0
RAW_DELETE 2026-06-13T17:10:27+08:00 queue=sphereP100B gpu=GPU-2abee638-4460-b364-cd98-08cb6eaf11f7 case=theta030_free_sphere_stage8g_mode3 count=6
QUEUE_END 2026-06-13T17:10:27+08:00 queue=sphereP100B gpu=GPU-2abee638-4460-b364-cd98-08cb6eaf11f7 kind=sphere
