BATCH_PREP 2026-06-10T15:14:11+08:00
status=exploratory_not_validation
mode=dry-run
continue_on_failure=0
binary=/home/yuan/src/TCLB/CLB/d3q27_pf_velocity_q27_geometric/main
run_root=/media/yuan/8A0E24070E23EAC1/runs/tclb_pre2025_sphere_tableII_q27_geometric_theta030_radAngle011_param_sensitivity_200k_20260610
case_count=3
/media/yuan/8A0E24070E23EAC1/runs/tclb_pre2025_sphere_tableII_q27_geometric_theta030_radAngle011_param_sensitivity_200k_20260610/M0p05_W6/theta030/pre2025_sphere_tableII_theta030.xml
/media/yuan/8A0E24070E23EAC1/runs/tclb_pre2025_sphere_tableII_q27_geometric_theta030_radAngle011_param_sensitivity_200k_20260610/M0p1_W6/theta030/pre2025_sphere_tableII_theta030.xml
/media/yuan/8A0E24070E23EAC1/runs/tclb_pre2025_sphere_tableII_q27_geometric_theta030_radAngle011_param_sensitivity_200k_20260610/M0p2_W8/theta030/pre2025_sphere_tableII_theta030.xml
DRY_RUN_ONLY 2026-06-10T15:14:11+08:00
BATCH_PREP 2026-06-10T15:16:35+08:00
status=exploratory_not_validation
mode=wait-run
continue_on_failure=1
binary=/home/yuan/src/TCLB/CLB/d3q27_pf_velocity_q27_geometric/main
run_root=/media/yuan/8A0E24070E23EAC1/runs/tclb_pre2025_sphere_tableII_q27_geometric_theta030_radAngle011_param_sensitivity_200k_20260610
case_count=3
CASE_START 2026-06-10T15:16:35+08:00 theta=030 case_dir=/media/yuan/8A0E24070E23EAC1/runs/tclb_pre2025_sphere_tableII_q27_geometric_theta030_radAngle011_param_sensitivity_200k_20260610/M0p05_W6/theta030
CASE_END 2026-06-10T15:16:42+08:00 theta=030 rc=0 numerical_failure=1
BATCH_STOP_ON_FAILURE 2026-06-10T15:16:42+08:00 theta=030
BATCH_CONTINUE_AFTER_FAILURE 2026-06-10T15:16:42+08:00 theta=030
CASE_START 2026-06-10T15:16:45+08:00 theta=030 case_dir=/media/yuan/8A0E24070E23EAC1/runs/tclb_pre2025_sphere_tableII_q27_geometric_theta030_radAngle011_param_sensitivity_200k_20260610/M0p1_W6/theta030
CASE_END 2026-06-10T15:33:39+08:00 theta=030 rc=0 numerical_failure=0
CASE_START 2026-06-10T15:34:01+08:00 theta=030 case_dir=/media/yuan/8A0E24070E23EAC1/runs/tclb_pre2025_sphere_tableII_q27_geometric_theta030_radAngle011_param_sensitivity_200k_20260610/M0p2_W8/theta030
CASE_END 2026-06-10T15:51:09+08:00 theta=030 rc=0 numerical_failure=0
BATCH_END 2026-06-10T15:51:30+08:00
