{
  "status": "runtime_sanity",
  "decision": {
    "status": "runtime_sanity",
    "claim_limit": "runtime_sanity / exploratory_not_validation only",
    "write_mode_allowed": false,
    "write_mode_blocked": true,
    "block_reason": "Stage8g is shadow-only; sphere Stage8OperatorMode=2 remains forbidden",
    "shadow_gate_passed_for_planning": false,
    "root_cause_classification": "sphere11_low_angle_candidate_dominated_normal_limiter_dominated_ratio_cap_contract_dominated",
    "final_stage8g_mode": 2,
    "final_vector_limiter_fraction": 0.0,
    "final_normal_limiter_fraction": 0.46813186813186813,
    "final_limiter_ratio_p50": 1.0,
    "final_limiter_ratio_p10": 0.2876180044882035,
    "final_outer90_normal_limiter_count": 0,
    "final_ratio_cap_limiter_fraction_of_normal_limiter": 0.543035993740219,
    "final_abs_cap_limiter_fraction_of_normal_limiter": 0.4569640062597809,
    "final_cap_demand_ratio_p50": 0.822386315730248,
    "final_regularization_ratio_p50": 0.613814419708195,
    "final_profile_target_mismatch_p50": 0.02749089366209431,
    "final_profile_conflict_p50": 0.0,
    "final_normal_raw_abs_p50": 0.06017788218074154,
    "final_target_minus_raw_abs_p50": 0.030532885830156398,
    "final_tangent_mag_p95": 0.08321320768879015,
    "final_raw_delta_p99": 0.26111415524713644,
    "final_normal_delta_limited_p99": 0.027724369205096053
  },
  "frames": [
    0,
    100,
    1000
  ]
}
