{
  "status": "runtime_sanity",
  "decision": {
    "status": "runtime_sanity",
    "claim_limit": "runtime_sanity / exploratory_not_validation only",
    "write_mode_allowed": false,
    "write_mode_blocked": true,
    "block_reason": "Stage8g is shadow-only; sphere Stage8OperatorMode=2 remains forbidden",
    "shadow_gate_passed_for_planning": false,
    "root_cause_classification": "sphere11_low_angle_candidate_dominated_normal_limiter_dominated_abs_cap_dominated",
    "final_stage8g_mode": 1,
    "final_vector_limiter_fraction": 0.0,
    "final_normal_limiter_fraction": 0.8024316109422492,
    "final_limiter_ratio_p50": 0.3894894894966012,
    "final_limiter_ratio_p10": 0.22877032171385914,
    "final_outer90_normal_limiter_count": 0,
    "final_ratio_cap_limiter_fraction_of_normal_limiter": 0.4457070707070707,
    "final_abs_cap_limiter_fraction_of_normal_limiter": 0.5542929292929293,
    "final_cap_demand_ratio_p50": 2.567463377441787,
    "final_regularization_ratio_p50": 1.0,
    "final_profile_target_mismatch_p50": 0.11427067790512319,
    "final_profile_conflict_p50": 0.0,
    "final_normal_raw_abs_p50": 0.0649948332775985,
    "final_target_minus_raw_abs_p50": 0.10607985739330641,
    "final_tangent_mag_p95": 0.07300730374786941,
    "final_raw_delta_p99": 0.22532734272141297,
    "final_normal_delta_limited_p99": -3.3333871603891114e-06
  },
  "frames": [
    0,
    100,
    1000
  ]
}
