{
  "status": "runtime_sanity",
  "decision": {
    "status": "runtime_sanity",
    "claim_limit": "runtime_sanity / exploratory_not_validation only",
    "write_mode_allowed": false,
    "write_mode_blocked": true,
    "block_reason": "Stage8h is shadow-only; sphere Stage8OperatorMode=2 remains forbidden",
    "shadow_gate_passed_for_planning": false,
    "root_cause_classification": "sphere11_low_angle_stage8h_candidate_dominated_candidate_demand_still_high_cos_residual_weaker_than_tan",
    "final_stage8g_mode": 3,
    "final_stage8h_mode": 0,
    "final_vector_limiter_fraction": 0.0,
    "final_normal_limiter_fraction": 0.7330293819655522,
    "final_stage8h_limiter_equivalent_fraction": 0.7330293819655522,
    "final_limiter_ratio_p50": 0.806745571464544,
    "final_limiter_ratio_p10": 0.6484892518346599,
    "final_outer90_normal_limiter_count": 0,
    "final_outer90_stage8h_limiter_equivalent_count": 0,
    "final_fallback_stage8h_limiter_equivalent_count": 0,
    "final_ratio_cap_limiter_fraction_of_normal_limiter": 0.530062197650311,
    "final_abs_cap_limiter_fraction_of_normal_limiter": 0.469937802349689,
    "final_cap_demand_ratio_p50": 1.2395481740105834,
    "final_regularization_ratio_p50": 0.613814419708195,
    "final_profile_target_mismatch_p50": 0.04704487938797961,
    "final_profile_conflict_p50": 0.0,
    "final_normal_raw_abs_p50": 0.0649948332775985,
    "final_target_minus_raw_abs_p50": 0.04039015081815871,
    "final_tangent_mag_p95": 0.07300730374786941,
    "final_raw_delta_p99": 0.07919657713192062,
    "final_normal_delta_limited_p99": -1.1476376085413126e-06,
    "final_stage8h_candidate_demand_ratio_p50": 1.2395481740105834,
    "final_stage8h_candidate_demand_ratio_p95": 1.5700573539227276,
    "final_stage8h_candidate_demand_ratio_p99": 1.5839315426384122,
    "final_stage8h_beta_relaxation_p50": 0.25,
    "final_stage8h_profile_consistency_weight_p50": 0.5152256299515136,
    "final_stage8h_cos_to_tan_ratio_p50": 0.1703142897412479
  },
  "frames": [
    0,
    100,
    1000
  ]
}
