{
  "status": "exploratory_not_validation",
  "root": "/mnt/8A0E24070E23EAC1/runs/tclb_pre2025_sphere_theta030_profile_radAngle011_M0p1_W6_600k_20260610/theta030",
  "theta_deg": 30,
  "frame_count": 13,
  "first_step": 0,
  "final_step": 600000,
  "final": {
    "status": "exploratory_not_validation",
    "step": 600000,
    "file": "/mnt/8A0E24070E23EAC1/runs/tclb_pre2025_sphere_theta030_profile_radAngle011_M0p1_W6_600k_20260610/theta030/output/case_VTK_P00_00600000.vti",
    "dims": "96x80x140",
    "phase_nonfinite_count": 0,
    "phase_min": 1.6256779888076965e-08,
    "phase_max": 1.0,
    "phase_sum": 118990.46753615982,
    "phase_clipped_sum": 118990.46753615982,
    "fluid_cell_count": 954036,
    "fluid_phase_sum": 58297.365974120235,
    "fluid_phase_clipped_sum": 58297.365974120235,
    "boundary_cell_count": 121164,
    "wall_phase_sum": 60693.10156203966,
    "top_interface_z_lu": 65.75588116400517,
    "measured_Hmax_lu": 41.755881164005174,
    "measured_H1_minus_H2_lu": 17.755881164005174,
    "fit_contact_angle_deg": 29.56194806407526,
    "fit_contact_angle_x_slice_deg": 29.379648366142444,
    "fit_contact_angle_y_slice_deg": 29.74424776200808,
    "fit_x_point_count": 142,
    "fit_y_point_count": 142,
    "u_nonfinite_count": 0,
    "u_max_fluid": 4.822768659927518e-05,
    "u_max_interface_band": 2.0697350885531245e-05,
    "u_max_contact_interface_band": 2.0695119975150905e-05,
    "mach_max_fluid": 8.35328035214533e-05,
    "mach_max_interface_band": 3.584886331582081e-05,
    "rho_nonfinite_count": 0,
    "rho_sum": 59193.104608146125,
    "fluid_rho_sum": 59193.10460814614,
    "target_expected_Hmax_lu": 43.61373202227981,
    "target_expected_H1_minus_H2_lu": 19.613732022279812,
    "target_liquid_spherical_cap_radius_lu": 29.045304538144578,
    "target_liquid_solid_center_distance_lu": 14.568427484135233,
    "Hmax_relative_error_percent": 4.259784182939369,
    "H1_minus_H2_relative_error_percent": 9.472194563300095,
    "phase_sum_rel_change": 0.10102212941740933,
    "phase_clipped_sum_rel_change": 0.10102212941740933,
    "fluid_phase_sum_rel_change": -0.028179357416243753,
    "fluid_phase_clipped_sum_rel_change": -0.028179357416243753,
    "rho_sum_rel_change": -0.027737778691924737,
    "fluid_rho_sum_rel_change": -0.027737778691924612
  },
  "fit_payload_final": {
    "x_slice": {
      "slice_axis": "x",
      "fit_point_count": 142,
      "contact_angle_deg": 29.379648366142444,
      "liquid_fit_radius_lu": 27.667692849190647,
      "liquid_fit_center_tangent_lu": 39.500000000001265,
      "liquid_fit_center_z_lu": 37.564839610069875,
      "liquid_solid_center_distance_lu": 13.574051482402716
    },
    "y_slice": {
      "slice_axis": "y",
      "fit_point_count": 142,
      "contact_angle_deg": 29.74424776200808,
      "liquid_fit_radius_lu": 27.568311293921823,
      "liquid_fit_center_tangent_lu": 39.623134605077524,
      "liquid_fit_center_z_lu": 37.67240410855357,
      "liquid_solid_center_distance_lu": 13.677597070885026
    }
  },
  "log_payload": {
    "log_csv": "/mnt/8A0E24070E23EAC1/runs/tclb_pre2025_sphere_theta030_profile_radAngle011_M0p1_W6_600k_20260610/theta030/output/case_Log_P00_00000000.csv",
    "log_final_iteration": 600000.0,
    "log_final_NumSpecialPoints": 392.0,
    "log_final_NumWallBoundaryPoints": 73292.0,
    "log_final_NumBoundaryPoints": 121164.0,
    "log_final_NumFluidCells": 954036.0,
    "log_final_TotalDensity": 59193.106072598,
    "log_final_LiqTotalVelocity": 0.43362080593878,
    "log_final_LiqTotalVelocityX": -0.008633509687758,
    "log_final_LiqTotalVelocityY": -7.4691221769739e-14,
    "log_final_LiqTotalVelocityZ": -0.37877908018543,
    "log_final_LiqTotalPhase": 44381.271445182,
    "log_max_NumSpecialPoints": 392.0,
    "log_max_NumWallBoundaryPoints": 73292.0,
    "log_max_NumBoundaryPoints": 121164.0
  },
  "max_abs_fluid_phase_sum_rel_change": 0.028179357416243753,
  "max_abs_fluid_phase_clipped_sum_rel_change": 0.028179357416243753,
  "max_abs_rho_sum_rel_change": 0.027737778691924737,
  "max_abs_fluid_rho_sum_rel_change": 0.027737778691924612,
  "max_mach_fluid": 0.00048228509571426,
  "max_nonfinite_count": 0,
  "claim_limit": "Postprocessing output for TCLB analogue only. Requires read-only audit before any validation_candidate promotion."
}
