{
  "status": "exploratory_not_validation",
  "root": "/mnt/8A0E24070E23EAC1/runs/tclb_pre2025_sphere_theta030_profile_radAngle011_M0p1_W6_600k_20260610/theta030",
  "theta_deg": 30,
  "frame_count": 9,
  "first_step": 0,
  "final_step": 400000,
  "final": {
    "status": "exploratory_not_validation",
    "step": 400000,
    "file": "/mnt/8A0E24070E23EAC1/runs/tclb_pre2025_sphere_theta030_profile_radAngle011_M0p1_W6_600k_20260610/theta030/output/case_VTK_P00_00400000.vti",
    "dims": "96x80x140",
    "phase_nonfinite_count": 0,
    "phase_min": 1.5506018419925755e-08,
    "phase_max": 1.0,
    "phase_sum": 116935.16446975693,
    "phase_clipped_sum": 116935.16446975693,
    "fluid_cell_count": 954036,
    "fluid_phase_sum": 58626.42711659031,
    "fluid_phase_clipped_sum": 58626.42711659031,
    "boundary_cell_count": 121164,
    "wall_phase_sum": 58308.73735316663,
    "top_interface_z_lu": 68.86766851492284,
    "measured_Hmax_lu": 44.86766851492284,
    "measured_H1_minus_H2_lu": 20.86766851492284,
    "fit_contact_angle_deg": 36.112328210879845,
    "fit_contact_angle_x_slice_deg": 36.0454612397145,
    "fit_contact_angle_y_slice_deg": 36.17919518204519,
    "fit_x_point_count": 146,
    "fit_y_point_count": 148,
    "u_nonfinite_count": 0,
    "u_max_fluid": 6.847658501973597e-05,
    "u_max_interface_band": 3.0071669446438873e-05,
    "u_max_contact_interface_band": 3.0054535617498146e-05,
    "mach_max_fluid": 0.00011860492438299257,
    "mach_max_interface_band": 5.2085659349648786e-05,
    "rho_nonfinite_count": 0,
    "rho_sum": 59521.83668947368,
    "fluid_rho_sum": 59521.8366894737,
    "target_expected_Hmax_lu": 43.61373202227981,
    "target_expected_H1_minus_H2_lu": 19.613732022279812,
    "target_liquid_spherical_cap_radius_lu": 29.045304538144578,
    "target_liquid_solid_center_distance_lu": 14.568427484135233,
    "Hmax_relative_error_percent": 2.8750956052154906,
    "H1_minus_H2_relative_error_percent": 6.3931560358765225,
    "phase_sum_rel_change": 0.08200435256834061,
    "phase_clipped_sum_rel_change": 0.08200435256834061,
    "fluid_phase_sum_rel_change": -0.022693888123058583,
    "fluid_phase_clipped_sum_rel_change": -0.022693888123058583,
    "rho_sum_rel_change": -0.02233826829755401,
    "fluid_rho_sum_rel_change": -0.02233826829755389
  },
  "fit_payload_final": {
    "x_slice": {
      "slice_axis": "x",
      "fit_point_count": 146,
      "contact_angle_deg": 36.0454612397145,
      "liquid_fit_radius_lu": 27.740228826944385,
      "liquid_fit_center_tangent_lu": 39.50000000000148,
      "liquid_fit_center_z_lu": 40.3908643996661,
      "liquid_solid_center_distance_lu": 16.39848882574977
    },
    "y_slice": {
      "slice_axis": "y",
      "fit_point_count": 148,
      "contact_angle_deg": 36.17919518204519,
      "liquid_fit_radius_lu": 27.700307767657055,
      "liquid_fit_center_tangent_lu": 39.68266038193432,
      "liquid_fit_center_z_lu": 40.43091355583363,
      "liquid_solid_center_distance_lu": 16.433977750759897
    }
  },
  "log_payload": {
    "log_csv": "/mnt/8A0E24070E23EAC1/runs/tclb_pre2025_sphere_theta030_profile_radAngle011_M0p1_W6_600k_20260610/theta030/output/case_Log_P00_00000000.csv",
    "log_final_iteration": 420000.0,
    "log_final_NumSpecialPoints": 392.0,
    "log_final_NumWallBoundaryPoints": 73292.0,
    "log_final_NumBoundaryPoints": 121164.0,
    "log_final_NumFluidCells": 954036.0,
    "log_final_TotalDensity": 59486.464420644,
    "log_final_LiqTotalVelocity": 0.70760626351203,
    "log_final_LiqTotalVelocityX": -0.0046349262903048,
    "log_final_LiqTotalVelocityY": -1.1162985839033e-13,
    "log_final_LiqTotalVelocityZ": -0.63236705242521,
    "log_final_LiqTotalPhase": 45790.918389878,
    "log_max_NumSpecialPoints": 392.0,
    "log_max_NumWallBoundaryPoints": 73292.0,
    "log_max_NumBoundaryPoints": 121164.0
  },
  "max_abs_fluid_phase_sum_rel_change": 0.022693888123058583,
  "max_abs_fluid_phase_clipped_sum_rel_change": 0.022693888123058583,
  "max_abs_rho_sum_rel_change": 0.02233826829755401,
  "max_abs_fluid_rho_sum_rel_change": 0.02233826829755389,
  "max_mach_fluid": 0.00048228509571426,
  "max_nonfinite_count": 0,
  "claim_limit": "Postprocessing output for TCLB analogue only. Requires read-only audit before any validation_candidate promotion."
}
