BATCH_PREP 2026-06-11T11:56:46+08:00
status=runtime_sanity
purpose=flat_wall_spherical_cap_gate_v4capdiag
run_root=/mnt/8A0E24070E23EAC1/runs/tclb_flat_wall_cap_v4capdiag_gate_20260611
case_staging=/tmp/flat_wall_cap_v4capdiag_gate_cases
binary=/home/yuan/src/TCLB_clean_wall_signed_profile_v4capdiag_20260611/CLB/d3q27_pf_velocity_q27_geometric/main
raw_policy=remote_only
0c2b319b2ce7c484947a83daebcacbc5a4021478867e07a1151518205a373122  /home/yuan/src/TCLB_clean_wall_signed_profile_v4capdiag_20260611/CLB/d3q27_pf_velocity_q27_geometric/main
CASE_SKIP_DONE 2026-06-11T11:56:46+08:00 case=cap_theta030_wall030
CASE_START 2026-06-11T11:56:46+08:00 case=cap_theta090_wall090
CASE_END 2026-06-11T12:02:41+08:00 case=cap_theta090_wall090 rc=0
FINITENESS_END 2026-06-11T12:03:05+08:00 case=cap_theta090_wall090 rc=0
CAP_POST_END 2026-06-11T12:03:38+08:00 case=cap_theta090_wall090 rc=0
CASE_START 2026-06-11T12:03:38+08:00 case=cap_theta150_wall150
CASE_END 2026-06-11T12:09:38+08:00 case=cap_theta150_wall150 rc=0
FINITENESS_END 2026-06-11T12:10:05+08:00 case=cap_theta150_wall150 rc=0
CAP_POST_END 2026-06-11T12:10:38+08:00 case=cap_theta150_wall150 rc=0
CASE_START 2026-06-11T12:10:38+08:00 case=cap_theta030_wall011
CASE_END 2026-06-11T12:16:41+08:00 case=cap_theta030_wall011 rc=0
FINITENESS_END 2026-06-11T12:17:07+08:00 case=cap_theta030_wall011 rc=0
CAP_POST_END 2026-06-11T12:17:35+08:00 case=cap_theta030_wall011 rc=0
