{
  "status": "runtime_sanity",
  "decision": {
    "status": "runtime_sanity",
    "claim_limit": "runtime_sanity / exploratory_not_validation only",
    "write_mode_allowed": false,
    "write_mode_blocked": true,
    "block_reason": "Stage8f is diagnostic-only; sphere Stage8OperatorMode=2 remains forbidden",
    "root_cause_classification": "sphere11_low_angle_candidate_dominated_normal_limiter_dominated_ratio_cap_contract_dominated",
    "final_vector_limiter_fraction": 0.0,
    "final_normal_limiter_fraction": 0.8528138528138528,
    "final_limiter_ratio_p50": 0.13520012159572392,
    "final_limiter_ratio_p10": 0.06302110686679599,
    "final_outer90_normal_limiter_count": 0,
    "final_ratio_cap_limiter_fraction_of_normal_limiter": 0.9137055837563451,
    "final_abs_cap_limiter_fraction_of_normal_limiter": 0.08629441624365482,
    "final_cap_demand_ratio_p50": 7.3964430519538045,
    "final_normal_raw_abs_p50": 0.05119266378058963,
    "final_target_minus_raw_abs_p50": 0.20515335341597168,
    "final_tangent_mag_p95": 0.13555046771429619,
    "final_raw_delta_p99": 0.6470816609500727,
    "final_normal_delta_limited_p99": -2.941689785117156e-05
  },
  "frames": [
    0,
    100,
    200,
    300,
    400,
    500,
    600,
    700,
    800,
    900,
    1000
  ]
}
