BATCH_PREP 2026-06-13T01:27:12+08:00
status=runtime_sanity
purpose=flat_wall_spherical_cap_gate_stage8e_normal_residual
run_root=/mnt/8A0E24070E23EAC1/runs/tclb_flat_wall_cap_stage8e_low_angle_20260613
case_staging=/tmp/flat_wall_cap_stage8e_low_angle_cases
binary=/home/yuan/src/TCLB_stage8e_normal_residual_only_wetting_candidate_20260613/CLB/d3q27_pf_velocity_q27_geometric/main
raw_policy=remote_only
finite_arrays=PhaseField,U,P,Rho,WallStage8GradMode,WallStage8ActiveWeight,WallStage8NormalGradRaw,WallStage8NormalGradTarget,WallStage8ContactResidual,WallStage8TangentGradMag,WallStage8TargetCos,WallStage8GradWriteDeltaMag,WallStage8LimiterReason,WallStage8LocalWallAngle,WallStage8FluidWallAngle,WallStage8FluidWallDataCount,WallStage8GradCandidateUse,WallStage8NormalAgreement,WallStage8UsedGeomNormal,WallStage8TanCoeffLocal,WallStage8ThetaLocal,WallStage8PhaseC,WallStage8GradMagRaw,WallStage8TangentGradRaw,WallStage8TargetNormalGrad,WallStage8NormalDeltaRaw,WallStage8NormalDeltaLimited,WallStage8VectorDeltaRawMag,WallStage8VectorDeltaLimitedMag,WallStage8NormalLimiterHit,WallStage8VectorLimiterHit,WallStage8LimiterRatio
db8af1bcf2da18a7373f2d29573499963e83de28beecf9bbafb1a0207102f880  /home/yuan/src/TCLB_stage8e_normal_residual_only_wetting_candidate_20260613/CLB/d3q27_pf_velocity_q27_geometric/main
CASE_START 2026-06-13T01:27:12+08:00 case=cap_theta030_wall005_mode1
CASE_END 2026-06-13T01:28:34+08:00 case=cap_theta030_wall005_mode1 rc=0
FINITENESS_END 2026-06-13T01:30:21+08:00 case=cap_theta030_wall005_mode1 rc=0
CAP_POST_END 2026-06-13T01:32:13+08:00 case=cap_theta030_wall005_mode1 rc=0
CASE_START 2026-06-13T01:32:13+08:00 case=cap_theta030_wall008_mode1
CASE_END 2026-06-13T01:34:00+08:00 case=cap_theta030_wall008_mode1 rc=0
FINITENESS_END 2026-06-13T01:35:35+08:00 case=cap_theta030_wall008_mode1 rc=0
CAP_POST_END 2026-06-13T01:37:21+08:00 case=cap_theta030_wall008_mode1 rc=0
CASE_START 2026-06-13T01:37:21+08:00 case=cap_theta030_wall011_mode1
CASE_END 2026-06-13T01:38:28+08:00 case=cap_theta030_wall011_mode1 rc=0
FINITENESS_END 2026-06-13T01:40:14+08:00 case=cap_theta030_wall011_mode1 rc=0
CAP_POST_END 2026-06-13T01:42:05+08:00 case=cap_theta030_wall011_mode1 rc=0
CASE_START 2026-06-13T01:42:06+08:00 case=cap_theta030_wall015_mode1
CASE_END 2026-06-13T01:43:16+08:00 case=cap_theta030_wall015_mode1 rc=0
FINITENESS_END 2026-06-13T01:44:51+08:00 case=cap_theta030_wall015_mode1 rc=0
CAP_POST_END 2026-06-13T01:46:41+08:00 case=cap_theta030_wall015_mode1 rc=0
CASE_START 2026-06-13T01:46:41+08:00 case=cap_theta030_wall020_mode1
CASE_END 2026-06-13T01:47:54+08:00 case=cap_theta030_wall020_mode1 rc=0
FINITENESS_END 2026-06-13T01:49:43+08:00 case=cap_theta030_wall020_mode1 rc=0
CAP_POST_END 2026-06-13T01:51:39+08:00 case=cap_theta030_wall020_mode1 rc=0
BATCH_PREP 2026-06-13T01:57:21+08:00
status=runtime_sanity
purpose=flat_wall_spherical_cap_gate_stage8e_normal_residual
run_root=/mnt/8A0E24070E23EAC1/runs/tclb_flat_wall_cap_stage8e_low_angle_20260613
case_staging=/tmp/flat_wall_cap_stage8e_low_angle_cases
binary=/home/yuan/src/TCLB_stage8e_normal_residual_only_wetting_candidate_20260613/CLB/d3q27_pf_velocity_q27_geometric/main
raw_policy=remote_only
finite_arrays=PhaseField,U,P,Rho,WallStage8GradMode,WallStage8ActiveWeight,WallStage8NormalGradRaw,WallStage8NormalGradTarget,WallStage8ContactResidual,WallStage8TangentGradMag,WallStage8TargetCos,WallStage8GradWriteDeltaMag,WallStage8LimiterReason,WallStage8LocalWallAngle,WallStage8FluidWallAngle,WallStage8FluidWallDataCount,WallStage8GradCandidateUse,WallStage8NormalAgreement,WallStage8UsedGeomNormal,WallStage8TanCoeffLocal,WallStage8ThetaLocal,WallStage8PhaseC,WallStage8GradMagRaw,WallStage8TangentGradRaw,WallStage8TargetNormalGrad,WallStage8NormalDeltaRaw,WallStage8NormalDeltaLimited,WallStage8VectorDeltaRawMag,WallStage8VectorDeltaLimitedMag,WallStage8NormalLimiterHit,WallStage8VectorLimiterHit,WallStage8LimiterRatio
db8af1bcf2da18a7373f2d29573499963e83de28beecf9bbafb1a0207102f880  /home/yuan/src/TCLB_stage8e_normal_residual_only_wetting_candidate_20260613/CLB/d3q27_pf_velocity_q27_geometric/main
CASE_START 2026-06-13T01:57:21+08:00 case=cap_theta030_wall025_mode1
CASE_END 2026-06-13T01:58:24+08:00 case=cap_theta030_wall025_mode1 rc=0
FINITENESS_END 2026-06-13T02:00:05+08:00 case=cap_theta030_wall025_mode1 rc=0
CAP_POST_END 2026-06-13T02:02:01+08:00 case=cap_theta030_wall025_mode1 rc=0
CASE_START 2026-06-13T02:02:01+08:00 case=cap_theta030_wall030_mode1
CASE_END 2026-06-13T02:03:05+08:00 case=cap_theta030_wall030_mode1 rc=0
FINITENESS_END 2026-06-13T02:04:28+08:00 case=cap_theta030_wall030_mode1 rc=0
CAP_POST_END 2026-06-13T02:06:15+08:00 case=cap_theta030_wall030_mode1 rc=0
BATCH_END 2026-06-13T02:21:21+08:00
