BATCH_PREP 2026-06-12T09:58:30+08:00
status=runtime_sanity
purpose=flat_wall_spherical_cap_gate_stage7b_wall011_modes
run_root=/mnt/8A0E24070E23EAC1/runs/tclb_flat_wall_cap_stage7b_wall011_modes_20260612
case_staging=/tmp/flat_wall_cap_stage7b_wall011_modes_cases
binary=/home/yuan/src/TCLB_stage7b_low_angle_signed_wall_stability_diag_20260612/CLB/d3q27_pf_velocity_q27_geometric/main
raw_policy=remote_only
finite_arrays=PhaseField,U,P,Rho,WallPhasePred,WallPhaseProfilePred,WallPhaseSignedProfilePred,WallPhaseRawPred,WallPhaseSignedPred,WallContactResidual,WallSignedNormalGrad,WallTangentGradMag,WallSignedDeltaQ,WallSignedQClipped,BoundaryMask,WallStage7Mode,WallStage7ActiveWeight,WallStage7DeltaQRaw,WallStage7DeltaQLimited,WallStage7Denom,WallStage7LimiterReason,WallStage7GradMag,WallStage7ActualCos,WallStage7TargetCos,WallStage7WriteCandidate,WallStage7WriteMinusProfile
44e99b9375dd6672ddd421bede3ff4f7c2f91f69c1ee3280a120e52df6745f11  /home/yuan/src/TCLB_stage7b_low_angle_signed_wall_stability_diag_20260612/CLB/d3q27_pf_velocity_q27_geometric/main
CASE_START 2026-06-12T09:58:30+08:00 case=cap_theta030_wall011_mode0
CASE_END 2026-06-12T10:05:05+08:00 case=cap_theta030_wall011_mode0 rc=0
FINITENESS_END 2026-06-12T10:06:11+08:00 case=cap_theta030_wall011_mode0 rc=0
CAP_POST_END 2026-06-12T10:07:23+08:00 case=cap_theta030_wall011_mode0 rc=0
CASE_START 2026-06-12T10:07:23+08:00 case=cap_theta030_wall011_mode2
CASE_END 2026-06-12T10:07:38+08:00 case=cap_theta030_wall011_mode2 rc=0
CASE_NUMERICAL_FAILURE_TEXT 2026-06-12T10:07:38+08:00 case=cap_theta030_wall011_mode2
FINITENESS_END 2026-06-12T10:07:50+08:00 case=cap_theta030_wall011_mode2 rc=2
CAP_POST_END 2026-06-12T10:08:05+08:00 case=cap_theta030_wall011_mode2 rc=0
CASE_FAILED_NEGATIVE_EVIDENCE 2026-06-12T10:08:05+08:00 case=cap_theta030_wall011_mode2 numerical_failure=1 finite_rc=2 post_rc=0
CASE_START 2026-06-12T10:08:05+08:00 case=cap_theta030_wall011_mode3
CASE_END 2026-06-12T10:14:29+08:00 case=cap_theta030_wall011_mode3 rc=0
FINITENESS_END 2026-06-12T10:15:35+08:00 case=cap_theta030_wall011_mode3 rc=0
CAP_POST_END 2026-06-12T10:16:52+08:00 case=cap_theta030_wall011_mode3 rc=0
BATCH_END 2026-06-12T10:19:42+08:00
