BATCH_PREP 2026-06-12T10:24:14+08:00
status=runtime_sanity
purpose=flat_wall_spherical_cap_gate_stage7b_low_angle
run_root=/mnt/8A0E24070E23EAC1/runs/tclb_flat_wall_cap_stage7b_low_angle_20260612
case_staging=/tmp/flat_wall_cap_stage7b_low_angle_cases
binary=/home/yuan/src/TCLB_stage7b_low_angle_signed_wall_stability_diag_20260612/CLB/d3q27_pf_velocity_q27_geometric/main
raw_policy=remote_only
finite_arrays=PhaseField,U,P,Rho,WallPhasePred,WallPhaseProfilePred,WallPhaseSignedProfilePred,WallPhaseRawPred,WallPhaseSignedPred,WallContactResidual,WallSignedNormalGrad,WallTangentGradMag,WallSignedDeltaQ,WallSignedQClipped,BoundaryMask,WallStage7Mode,WallStage7ActiveWeight,WallStage7DeltaQRaw,WallStage7DeltaQLimited,WallStage7Denom,WallStage7LimiterReason,WallStage7GradMag,WallStage7ActualCos,WallStage7TargetCos,WallStage7WriteCandidate,WallStage7WriteMinusProfile
44e99b9375dd6672ddd421bede3ff4f7c2f91f69c1ee3280a120e52df6745f11  /home/yuan/src/TCLB_stage7b_low_angle_signed_wall_stability_diag_20260612/CLB/d3q27_pf_velocity_q27_geometric/main
CASE_START 2026-06-12T10:24:14+08:00 case=cap_theta030_wall005
CASE_END 2026-06-12T10:24:30+08:00 case=cap_theta030_wall005 rc=0
CASE_NUMERICAL_FAILURE_TEXT 2026-06-12T10:24:30+08:00 case=cap_theta030_wall005
FINITENESS_END 2026-06-12T10:24:40+08:00 case=cap_theta030_wall005 rc=2
CAP_POST_END 2026-06-12T10:24:54+08:00 case=cap_theta030_wall005 rc=0
CASE_FAILED_NEGATIVE_EVIDENCE 2026-06-12T10:24:54+08:00 case=cap_theta030_wall005 numerical_failure=1 finite_rc=2 post_rc=0
CASE_START 2026-06-12T10:24:54+08:00 case=cap_theta030_wall008
CASE_END 2026-06-12T10:25:09+08:00 case=cap_theta030_wall008 rc=0
CASE_NUMERICAL_FAILURE_TEXT 2026-06-12T10:25:09+08:00 case=cap_theta030_wall008
FINITENESS_END 2026-06-12T10:25:19+08:00 case=cap_theta030_wall008 rc=2
CAP_POST_END 2026-06-12T10:25:35+08:00 case=cap_theta030_wall008 rc=0
CASE_FAILED_NEGATIVE_EVIDENCE 2026-06-12T10:25:35+08:00 case=cap_theta030_wall008 numerical_failure=1 finite_rc=2 post_rc=0
CASE_START 2026-06-12T10:25:35+08:00 case=cap_theta030_wall011
CASE_END 2026-06-12T10:32:00+08:00 case=cap_theta030_wall011 rc=0
FINITENESS_END 2026-06-12T10:33:06+08:00 case=cap_theta030_wall011 rc=0
CAP_POST_END 2026-06-12T10:34:30+08:00 case=cap_theta030_wall011 rc=0
CASE_START 2026-06-12T10:34:30+08:00 case=cap_theta030_wall015
CASE_END 2026-06-12T10:40:56+08:00 case=cap_theta030_wall015 rc=0
FINITENESS_END 2026-06-12T10:41:57+08:00 case=cap_theta030_wall015 rc=0
CAP_POST_END 2026-06-12T10:43:21+08:00 case=cap_theta030_wall015 rc=0
CASE_START 2026-06-12T10:43:21+08:00 case=cap_theta030_wall020
CASE_END 2026-06-12T10:49:52+08:00 case=cap_theta030_wall020 rc=0
FINITENESS_END 2026-06-12T10:50:59+08:00 case=cap_theta030_wall020 rc=0
CAP_POST_END 2026-06-12T10:52:23+08:00 case=cap_theta030_wall020 rc=0
CASE_START 2026-06-12T10:52:23+08:00 case=cap_theta030_wall025
CASE_END 2026-06-12T10:58:51+08:00 case=cap_theta030_wall025 rc=0
FINITENESS_END 2026-06-12T10:59:58+08:00 case=cap_theta030_wall025 rc=0
CAP_POST_END 2026-06-12T11:01:21+08:00 case=cap_theta030_wall025 rc=0
CASE_START 2026-06-12T11:01:21+08:00 case=cap_theta030_wall030
CASE_END 2026-06-12T11:07:54+08:00 case=cap_theta030_wall030 rc=0
FINITENESS_END 2026-06-12T11:08:55+08:00 case=cap_theta030_wall030 rc=0
CAP_POST_END 2026-06-12T11:10:07+08:00 case=cap_theta030_wall030 rc=0
BATCH_END 2026-06-12T11:17:32+08:00
