CLEANUP_START 2026-06-12T12:23:19+08:00
policy=delete_raw_vti_pvti_pri_only_keep_xml_logs_csv_json_png_analysis
文件系统        大小  已用  可用 已用% 挂载点
/dev/sda3       894G  832G   63G   94% /mnt/8A0E24070E23EAC1
文件系统       Inodes 已用I 可用I 已用I% 挂载点
/dev/sda3         66M  3.2M   63M     5% /mnt/8A0E24070E23EAC1
ROOT /mnt/8A0E24070E23EAC1/runs/tclb_q27_geometric_stage4_li_re600_we1156_theta090_impact_mw_sweep_4000_20260608
EVIDENCE summaries_or_metrics_or_returncodes=45 analysis_dirs=27
DELETE_CANDIDATE files=216 bytes=41553287946 gib=38.700 root=/mnt/8A0E24070E23EAC1/runs/tclb_q27_geometric_stage4_li_re600_we1156_theta090_impact_mw_sweep_4000_20260608
REMAIN_RAW files=0 root=/mnt/8A0E24070E23EAC1/runs/tclb_q27_geometric_stage4_li_re600_we1156_theta090_impact_mw_sweep_4000_20260608
ROOT /mnt/8A0E24070E23EAC1/runs/tclb_z_wall_rho772_geometric_theta090_R24_W6_chk6400_20260608
EVIDENCE summaries_or_metrics_or_returncodes=17 analysis_dirs=6
DELETE_CANDIDATE files=344 bytes=31231556390 gib=29.087 root=/mnt/8A0E24070E23EAC1/runs/tclb_z_wall_rho772_geometric_theta090_R24_W6_chk6400_20260608
REMAIN_RAW files=0 root=/mnt/8A0E24070E23EAC1/runs/tclb_z_wall_rho772_geometric_theta090_R24_W6_chk6400_20260608
ROOT /mnt/8A0E24070E23EAC1/runs/tclb_q27_geometric_10ul_theta57_long_candidate_20260609
EVIDENCE summaries_or_metrics_or_returncodes=5 analysis_dirs=2
DELETE_CANDIDATE files=128 bytes=26542328382 gib=24.720 root=/mnt/8A0E24070E23EAC1/runs/tclb_q27_geometric_10ul_theta57_long_candidate_20260609
REMAIN_RAW files=0 root=/mnt/8A0E24070E23EAC1/runs/tclb_q27_geometric_10ul_theta57_long_candidate_20260609
ROOT /mnt/8A0E24070E23EAC1/runs/tclb_q27_geometric_stage4_li_re600_we1156_theta090_impact_20260608
EVIDENCE summaries_or_metrics_or_returncodes=16 analysis_dirs=6
DELETE_CANDIDATE files=72 bytes=11147170908 gib=10.382 root=/mnt/8A0E24070E23EAC1/runs/tclb_q27_geometric_stage4_li_re600_we1156_theta090_impact_20260608
REMAIN_RAW files=0 root=/mnt/8A0E24070E23EAC1/runs/tclb_q27_geometric_stage4_li_re600_we1156_theta090_impact_20260608
