{
  "cases": [
    {
      "bc_theta_deg": 30.0,
      "case": "diag_wall_t30",
      "claim_limit": "morphology/diagnostic plot only; not validation_passed",
      "decoupled": false,
      "figures": {
        "pdf": "/mnt/usb1t/RUNS/runs/stage13_flat_wall_diag_20260615/stage13_wall_morphology_figures/diag_wall_t30_stage13_wall_morphology_diag.pdf",
        "png": "/mnt/usb1t/RUNS/runs/stage13_flat_wall_diag_20260615/stage13_wall_morphology_figures/diag_wall_t30_stage13_wall_morphology_diag.png"
      },
      "force_iter_residual_stats": {
        "count": 7680,
        "finite": 7680,
        "max": 0.0,
        "mean": 0.0,
        "min": 0.0
      },
      "init_theta_deg": 30.0,
      "morphology": {
        "area_cells": 354,
        "aspect_width_over_height": 6.888888888888889,
        "footprint_cells": 62,
        "height_cells": 9,
        "y_max": 8,
        "z_max": 78,
        "z_min": 17
      },
      "phase_stats": {
        "count": 7680,
        "finite": 7332,
        "max": 0.9999625908740224,
        "mean": 0.049106280255626564,
        "min": 0.0
      },
      "step": 0,
      "vti": "/mnt/usb1t/RUNS/runs/stage13_flat_wall_diag_20260615/diag_wall_t30/output/case_VTK_P00_00000000.vti",
      "wall_ghost_clamp_fraction": 0.1724137931034483,
      "wall_local_angle_deg_stats": {
        "count": 348,
        "finite": 348,
        "max": 90.0,
        "mean": 73.79310344827586,
        "min": 29.999999999999996
      },
      "wall_path_histogram": {
        "-20.0": 2,
        "11.0": 252,
        "2.0": 94
      }
    },
    {
      "bc_theta_deg": 90.0,
      "case": "diag_wall_t90",
      "claim_limit": "morphology/diagnostic plot only; not validation_passed",
      "decoupled": false,
      "figures": {
        "pdf": "/mnt/usb1t/RUNS/runs/stage13_flat_wall_diag_20260615/stage13_wall_morphology_figures/diag_wall_t90_stage13_wall_morphology_diag.pdf",
        "png": "/mnt/usb1t/RUNS/runs/stage13_flat_wall_diag_20260615/stage13_wall_morphology_figures/diag_wall_t90_stage13_wall_morphology_diag.png"
      },
      "force_iter_residual_stats": {
        "count": 7680,
        "finite": 7680,
        "max": 7.411246308073944e-09,
        "mean": 1.1033947669773478e-10,
        "min": 6.3173936707536e-310
      },
      "init_theta_deg": 90.0,
      "morphology": {
        "area_cells": 600,
        "aspect_width_over_height": 2.0,
        "footprint_cells": 40,
        "height_cells": 20,
        "y_max": 19,
        "z_max": 67,
        "z_min": 28
      },
      "phase_stats": {
        "count": 7680,
        "finite": 7332,
        "max": 1.0000007470643326,
        "mean": 0.0820370560843106,
        "min": -3.0290999438933995e-07
      },
      "step": 6000,
      "vti": "/mnt/usb1t/RUNS/runs/stage13_flat_wall_diag_20260615/diag_wall_t90/output/case_VTK_P00_00006000.vti",
      "wall_ghost_clamp_fraction": 0.7241379310344828,
      "wall_local_angle_deg_stats": {
        "count": 348,
        "finite": 348,
        "max": 90.0,
        "mean": 90.0,
        "min": 90.0
      },
      "wall_path_histogram": {
        "1.0": 96,
        "11.0": 252
      }
    },
    {
      "bc_theta_deg": 150.0,
      "case": "diag_wall_t150",
      "claim_limit": "morphology/diagnostic plot only; not validation_passed",
      "decoupled": false,
      "figures": {
        "pdf": "/mnt/usb1t/RUNS/runs/stage13_flat_wall_diag_20260615/stage13_wall_morphology_figures/diag_wall_t150_stage13_wall_morphology_diag.pdf",
        "png": "/mnt/usb1t/RUNS/runs/stage13_flat_wall_diag_20260615/stage13_wall_morphology_figures/diag_wall_t150_stage13_wall_morphology_diag.png"
      },
      "force_iter_residual_stats": {
        "count": 7680,
        "finite": 7680,
        "max": 3.923639157142374e-06,
        "mean": 2.3938795534006778e-08,
        "min": 6.27474155534526e-310
      },
      "init_theta_deg": 150.0,
      "morphology": {
        "area_cells": 756,
        "aspect_width_over_height": 1.0666666666666667,
        "footprint_cells": 32,
        "height_cells": 30,
        "y_max": 29,
        "z_max": 63,
        "z_min": 32
      },
      "phase_stats": {
        "count": 7680,
        "finite": 7332,
        "max": 1.0000009812590682,
        "mean": 0.10413477505062575,
        "min": -2.6969035586474297e-07
      },
      "step": 6000,
      "vti": "/mnt/usb1t/RUNS/runs/stage13_flat_wall_diag_20260615/diag_wall_t150/output/case_VTK_P00_00006000.vti",
      "wall_ghost_clamp_fraction": 0.8218390804597702,
      "wall_local_angle_deg_stats": {
        "count": 348,
        "finite": 348,
        "max": 150.00000000000003,
        "mean": 106.20689655172414,
        "min": 90.0
      },
      "wall_path_histogram": {
        "1.0": 2,
        "11.0": 252,
        "2.0": 94
      }
    }
  ],
  "claim_limit": "exploratory_not_validation morphology diagnostics only",
  "comparison": {
    "pdf": "/mnt/usb1t/RUNS/runs/stage13_flat_wall_diag_20260615/stage13_wall_morphology_figures/stage13_flat_wall_morphology_comparison.pdf",
    "png": "/mnt/usb1t/RUNS/runs/stage13_flat_wall_diag_20260615/stage13_wall_morphology_figures/stage13_flat_wall_morphology_comparison.png"
  },
  "errors": [],
  "out_dir": "/mnt/usb1t/RUNS/runs/stage13_flat_wall_diag_20260615/stage13_wall_morphology_figures",
  "run_root": "/mnt/usb1t/RUNS/runs/stage13_flat_wall_diag_20260615",
  "stage": "stage13_flat_wall_morphology_panels"
}
