{
  "claim_limit": "exploratory_not_validation only",
  "matrix": "equilibrium",
  "results": [
    {
      "case": "diag_wall_t30",
      "case_dir": "/mnt/usb1t/RUNS/runs/stage13_flat_wall_diag_20260615/diag_wall_t30",
      "run_rc": 70,
      "written": true
    },
    {
      "case": "diag_wall_t90",
      "case_dir": "/mnt/usb1t/RUNS/runs/stage13_flat_wall_diag_20260615/diag_wall_t90",
      "run_rc": 0,
      "written": true
    },
    {
      "case": "diag_wall_t150",
      "case_dir": "/mnt/usb1t/RUNS/runs/stage13_flat_wall_diag_20260615/diag_wall_t150",
      "run_rc": 0,
      "written": true
    }
  ],
  "root": "/mnt/usb1t/RUNS/runs/stage13_flat_wall_diag_20260615",
  "run_requested": true,
  "stage": "stage13_flat_wall_diagnostic"
}
